Iso-E2 clinical QC  device=cuda:0  arches=['encoder', 'decoder', 'both']  norms=['minmax', 'mu']
loaded encoder crb_enc_mse_iso_e2_full_generator.pth
  [encoder|CV_P1_V_01|minmax] 25/100
  [encoder|CV_P1_V_01|minmax] 50/100
  [encoder|CV_P1_V_01|minmax] 75/100
  [encoder|CV_P1_V_01|minmax] 100/100
[encoder|CV_P1_V_01|minmax] cos=0.390 beat=43% → /home/abhishek/Voxel_GAN/PopulationStudy/IsoExperiments/Experiment2/EncoderCRB/plots/qc_clinical_varian/minmax/P1/CV_P1_V_01
  [encoder|CV_P2_V_01|minmax] 25/100
  [encoder|CV_P2_V_01|minmax] 50/100
  [encoder|CV_P2_V_01|minmax] 75/100
  [encoder|CV_P2_V_01|minmax] 100/100
[encoder|CV_P2_V_01|minmax] cos=0.611 beat=98% → /home/abhishek/Voxel_GAN/PopulationStudy/IsoExperiments/Experiment2/EncoderCRB/plots/qc_clinical_varian/minmax/P2/CV_P2_V_01
  [encoder|CV_P3_V_01|minmax] 25/100
  [encoder|CV_P3_V_01|minmax] 50/100
  [encoder|CV_P3_V_01|minmax] 75/100
  [encoder|CV_P3_V_01|minmax] 100/100
[encoder|CV_P3_V_01|minmax] cos=0.612 beat=82% → /home/abhishek/Voxel_GAN/PopulationStudy/IsoExperiments/Experiment2/EncoderCRB/plots/qc_clinical_varian/minmax/P3/CV_P3_V_01
  [encoder|CV_P4_V_01|minmax] 25/100
  [encoder|CV_P4_V_01|minmax] 50/100
  [encoder|CV_P4_V_01|minmax] 75/100
  [encoder|CV_P4_V_01|minmax] 100/100
[encoder|CV_P4_V_01|minmax] cos=0.666 beat=97% → /home/abhishek/Voxel_GAN/PopulationStudy/IsoExperiments/Experiment2/EncoderCRB/plots/qc_clinical_varian/minmax/P4/CV_P4_V_01
  [encoder|CV_P5_V_01|minmax] 25/100
  [encoder|CV_P5_V_01|minmax] 50/100
  [encoder|CV_P5_V_01|minmax] 75/100
  [encoder|CV_P5_V_01|minmax] 100/100
[encoder|CV_P5_V_01|minmax] cos=0.557 beat=98% → /home/abhishek/Voxel_GAN/PopulationStudy/IsoExperiments/Experiment2/EncoderCRB/plots/qc_clinical_varian/minmax/P5/CV_P5_V_01
  [encoder|CE_P1_V_01|minmax] 25/100
  [encoder|CE_P1_V_01|minmax] 50/100
  [encoder|CE_P1_V_01|minmax] 75/100
  [encoder|CE_P1_V_01|minmax] 100/100
[encoder|CE_P1_V_01|minmax] cos=0.427 beat=63% → /home/abhishek/Voxel_GAN/PopulationStudy/IsoExperiments/Experiment2/EncoderCRB/plots/qc_clinical_elekta/minmax/P1/CE_P1_V_01
  [encoder|CE_P2_V_01|minmax] 25/100
  [encoder|CE_P2_V_01|minmax] 50/100
  [encoder|CE_P2_V_01|minmax] 75/100
  [encoder|CE_P2_V_01|minmax] 100/100
[encoder|CE_P2_V_01|minmax] cos=0.254 beat=32% → /home/abhishek/Voxel_GAN/PopulationStudy/IsoExperiments/Experiment2/EncoderCRB/plots/qc_clinical_elekta/minmax/P2/CE_P2_V_01
  [encoder|CE_P3_V_01|minmax] 25/100
  [encoder|CE_P3_V_01|minmax] 50/100
  [encoder|CE_P3_V_01|minmax] 75/100
  [encoder|CE_P3_V_01|minmax] 100/100
[encoder|CE_P3_V_01|minmax] cos=0.358 beat=70% → /home/abhishek/Voxel_GAN/PopulationStudy/IsoExperiments/Experiment2/EncoderCRB/plots/qc_clinical_elekta/minmax/P3/CE_P3_V_01
  [encoder|CE_P4_V_01|minmax] 25/100
  [encoder|CE_P4_V_01|minmax] 50/100
  [encoder|CE_P4_V_01|minmax] 75/100
  [encoder|CE_P4_V_01|minmax] 100/100
[encoder|CE_P4_V_01|minmax] cos=0.423 beat=82% → /home/abhishek/Voxel_GAN/PopulationStudy/IsoExperiments/Experiment2/EncoderCRB/plots/qc_clinical_elekta/minmax/P4/CE_P4_V_01
  [encoder|CE_P5_V_01|minmax] 25/100
  [encoder|CE_P5_V_01|minmax] 50/100
  [encoder|CE_P5_V_01|minmax] 75/100
  [encoder|CE_P5_V_01|minmax] 100/100
[encoder|CE_P5_V_01|minmax] cos=0.489 beat=89% → /home/abhishek/Voxel_GAN/PopulationStudy/IsoExperiments/Experiment2/EncoderCRB/plots/qc_clinical_elekta/minmax/P5/CE_P5_V_01
  [encoder|CV_P1_V_01|mu] 25/100
  [encoder|CV_P1_V_01|mu] 50/100
  [encoder|CV_P1_V_01|mu] 75/100
  [encoder|CV_P1_V_01|mu] 100/100
[encoder|CV_P1_V_01|mu] cos=0.253 beat=59% → /home/abhishek/Voxel_GAN/PopulationStudy/IsoExperiments/Experiment2/EncoderCRB/plots/qc_clinical_varian/mu/P1/CV_P1_V_01
  [encoder|CV_P2_V_01|mu] 25/100
  [encoder|CV_P2_V_01|mu] 50/100
  [encoder|CV_P2_V_01|mu] 75/100
  [encoder|CV_P2_V_01|mu] 100/100
[encoder|CV_P2_V_01|mu] cos=0.410 beat=82% → /home/abhishek/Voxel_GAN/PopulationStudy/IsoExperiments/Experiment2/EncoderCRB/plots/qc_clinical_varian/mu/P2/CV_P2_V_01
  [encoder|CV_P3_V_01|mu] 25/100
  [encoder|CV_P3_V_01|mu] 50/100
  [encoder|CV_P3_V_01|mu] 75/100
  [encoder|CV_P3_V_01|mu] 100/100
[encoder|CV_P3_V_01|mu] cos=0.568 beat=87% → /home/abhishek/Voxel_GAN/PopulationStudy/IsoExperiments/Experiment2/EncoderCRB/plots/qc_clinical_varian/mu/P3/CV_P3_V_01
  [encoder|CV_P4_V_01|mu] 25/100
  [encoder|CV_P4_V_01|mu] 50/100
  [encoder|CV_P4_V_01|mu] 75/100
  [encoder|CV_P4_V_01|mu] 100/100
[encoder|CV_P4_V_01|mu] cos=0.584 beat=94% → /home/abhishek/Voxel_GAN/PopulationStudy/IsoExperiments/Experiment2/EncoderCRB/plots/qc_clinical_varian/mu/P4/CV_P4_V_01
  [encoder|CV_P5_V_01|mu] 25/100
  [encoder|CV_P5_V_01|mu] 50/100
  [encoder|CV_P5_V_01|mu] 75/100
  [encoder|CV_P5_V_01|mu] 100/100
[encoder|CV_P5_V_01|mu] cos=0.609 beat=99% → /home/abhishek/Voxel_GAN/PopulationStudy/IsoExperiments/Experiment2/EncoderCRB/plots/qc_clinical_varian/mu/P5/CV_P5_V_01
  [encoder|CE_P1_V_01|mu] 25/100
  [encoder|CE_P1_V_01|mu] 50/100
  [encoder|CE_P1_V_01|mu] 75/100
  [encoder|CE_P1_V_01|mu] 100/100
[encoder|CE_P1_V_01|mu] cos=0.610 beat=100% → /home/abhishek/Voxel_GAN/PopulationStudy/IsoExperiments/Experiment2/EncoderCRB/plots/qc_clinical_elekta/mu/P1/CE_P1_V_01
  [encoder|CE_P2_V_01|mu] 25/100
  [encoder|CE_P2_V_01|mu] 50/100
  [encoder|CE_P2_V_01|mu] 75/100
  [encoder|CE_P2_V_01|mu] 100/100
[encoder|CE_P2_V_01|mu] cos=0.387 beat=77% → /home/abhishek/Voxel_GAN/PopulationStudy/IsoExperiments/Experiment2/EncoderCRB/plots/qc_clinical_elekta/mu/P2/CE_P2_V_01
  [encoder|CE_P3_V_01|mu] 25/100
  [encoder|CE_P3_V_01|mu] 50/100
  [encoder|CE_P3_V_01|mu] 75/100
  [encoder|CE_P3_V_01|mu] 100/100
[encoder|CE_P3_V_01|mu] cos=0.469 beat=83% → /home/abhishek/Voxel_GAN/PopulationStudy/IsoExperiments/Experiment2/EncoderCRB/plots/qc_clinical_elekta/mu/P3/CE_P3_V_01
  [encoder|CE_P4_V_01|mu] 25/100
  [encoder|CE_P4_V_01|mu] 50/100
  [encoder|CE_P4_V_01|mu] 75/100
  [encoder|CE_P4_V_01|mu] 100/100
[encoder|CE_P4_V_01|mu] cos=0.444 beat=82% → /home/abhishek/Voxel_GAN/PopulationStudy/IsoExperiments/Experiment2/EncoderCRB/plots/qc_clinical_elekta/mu/P4/CE_P4_V_01
  [encoder|CE_P5_V_01|mu] 25/100
  [encoder|CE_P5_V_01|mu] 50/100
  [encoder|CE_P5_V_01|mu] 75/100
  [encoder|CE_P5_V_01|mu] 100/100
[encoder|CE_P5_V_01|mu] cos=0.583 beat=88% → /home/abhishek/Voxel_GAN/PopulationStudy/IsoExperiments/Experiment2/EncoderCRB/plots/qc_clinical_elekta/mu/P5/CE_P5_V_01
loaded decoder crb_dec_mse_iso_e2_full_generator.pth
  [decoder|CV_P1_V_01|minmax] 25/100
  [decoder|CV_P1_V_01|minmax] 50/100
  [decoder|CV_P1_V_01|minmax] 75/100
  [decoder|CV_P1_V_01|minmax] 100/100
[decoder|CV_P1_V_01|minmax] cos=0.366 beat=40% → /home/abhishek/Voxel_GAN/PopulationStudy/IsoExperiments/Experiment2/DecoderCRB/plots/qc_clinical_varian/minmax/P1/CV_P1_V_01
  [decoder|CV_P2_V_01|minmax] 25/100
  [decoder|CV_P2_V_01|minmax] 50/100
  [decoder|CV_P2_V_01|minmax] 75/100
  [decoder|CV_P2_V_01|minmax] 100/100
[decoder|CV_P2_V_01|minmax] cos=0.603 beat=98% → /home/abhishek/Voxel_GAN/PopulationStudy/IsoExperiments/Experiment2/DecoderCRB/plots/qc_clinical_varian/minmax/P2/CV_P2_V_01
  [decoder|CV_P3_V_01|minmax] 25/100
  [decoder|CV_P3_V_01|minmax] 50/100
  [decoder|CV_P3_V_01|minmax] 75/100
  [decoder|CV_P3_V_01|minmax] 100/100
[decoder|CV_P3_V_01|minmax] cos=0.581 beat=72% → /home/abhishek/Voxel_GAN/PopulationStudy/IsoExperiments/Experiment2/DecoderCRB/plots/qc_clinical_varian/minmax/P3/CV_P3_V_01
  [decoder|CV_P4_V_01|minmax] 25/100
  [decoder|CV_P4_V_01|minmax] 50/100
  [decoder|CV_P4_V_01|minmax] 75/100
  [decoder|CV_P4_V_01|minmax] 100/100
[decoder|CV_P4_V_01|minmax] cos=0.646 beat=98% → /home/abhishek/Voxel_GAN/PopulationStudy/IsoExperiments/Experiment2/DecoderCRB/plots/qc_clinical_varian/minmax/P4/CV_P4_V_01
  [decoder|CV_P5_V_01|minmax] 25/100
  [decoder|CV_P5_V_01|minmax] 50/100
  [decoder|CV_P5_V_01|minmax] 75/100
  [decoder|CV_P5_V_01|minmax] 100/100
[decoder|CV_P5_V_01|minmax] cos=0.558 beat=100% → /home/abhishek/Voxel_GAN/PopulationStudy/IsoExperiments/Experiment2/DecoderCRB/plots/qc_clinical_varian/minmax/P5/CV_P5_V_01
  [decoder|CE_P1_V_01|minmax] 25/100
  [decoder|CE_P1_V_01|minmax] 50/100
  [decoder|CE_P1_V_01|minmax] 75/100
  [decoder|CE_P1_V_01|minmax] 100/100
[decoder|CE_P1_V_01|minmax] cos=0.004 beat=36% → /home/abhishek/Voxel_GAN/PopulationStudy/IsoExperiments/Experiment2/DecoderCRB/plots/qc_clinical_elekta/minmax/P1/CE_P1_V_01
  [decoder|CE_P2_V_01|minmax] 25/100
  [decoder|CE_P2_V_01|minmax] 50/100
  [decoder|CE_P2_V_01|minmax] 75/100
  [decoder|CE_P2_V_01|minmax] 100/100
[decoder|CE_P2_V_01|minmax] cos=-0.068 beat=19% → /home/abhishek/Voxel_GAN/PopulationStudy/IsoExperiments/Experiment2/DecoderCRB/plots/qc_clinical_elekta/minmax/P2/CE_P2_V_01
  [decoder|CE_P3_V_01|minmax] 25/100
  [decoder|CE_P3_V_01|minmax] 50/100
  [decoder|CE_P3_V_01|minmax] 75/100
  [decoder|CE_P3_V_01|minmax] 100/100
[decoder|CE_P3_V_01|minmax] cos=0.123 beat=53% → /home/abhishek/Voxel_GAN/PopulationStudy/IsoExperiments/Experiment2/DecoderCRB/plots/qc_clinical_elekta/minmax/P3/CE_P3_V_01
  [decoder|CE_P4_V_01|minmax] 25/100
  [decoder|CE_P4_V_01|minmax] 50/100
  [decoder|CE_P4_V_01|minmax] 75/100
  [decoder|CE_P4_V_01|minmax] 100/100
[decoder|CE_P4_V_01|minmax] cos=0.210 beat=58% → /home/abhishek/Voxel_GAN/PopulationStudy/IsoExperiments/Experiment2/DecoderCRB/plots/qc_clinical_elekta/minmax/P4/CE_P4_V_01
  [decoder|CE_P5_V_01|minmax] 25/100
  [decoder|CE_P5_V_01|minmax] 50/100
  [decoder|CE_P5_V_01|minmax] 75/100
  [decoder|CE_P5_V_01|minmax] 100/100
[decoder|CE_P5_V_01|minmax] cos=0.488 beat=86% → /home/abhishek/Voxel_GAN/PopulationStudy/IsoExperiments/Experiment2/DecoderCRB/plots/qc_clinical_elekta/minmax/P5/CE_P5_V_01
  [decoder|CV_P1_V_01|mu] 25/100
  [decoder|CV_P1_V_01|mu] 50/100
  [decoder|CV_P1_V_01|mu] 75/100
  [decoder|CV_P1_V_01|mu] 100/100
[decoder|CV_P1_V_01|mu] cos=0.246 beat=24% → /home/abhishek/Voxel_GAN/PopulationStudy/IsoExperiments/Experiment2/DecoderCRB/plots/qc_clinical_varian/mu/P1/CV_P1_V_01
  [decoder|CV_P2_V_01|mu] 25/100
  [decoder|CV_P2_V_01|mu] 50/100
  [decoder|CV_P2_V_01|mu] 75/100
  [decoder|CV_P2_V_01|mu] 100/100
[decoder|CV_P2_V_01|mu] cos=0.257 beat=21% → /home/abhishek/Voxel_GAN/PopulationStudy/IsoExperiments/Experiment2/DecoderCRB/plots/qc_clinical_varian/mu/P2/CV_P2_V_01
  [decoder|CV_P3_V_01|mu] 25/100
  [decoder|CV_P3_V_01|mu] 50/100
  [decoder|CV_P3_V_01|mu] 75/100
  [decoder|CV_P3_V_01|mu] 100/100
[decoder|CV_P3_V_01|mu] cos=0.583 beat=79% → /home/abhishek/Voxel_GAN/PopulationStudy/IsoExperiments/Experiment2/DecoderCRB/plots/qc_clinical_varian/mu/P3/CV_P3_V_01
  [decoder|CV_P4_V_01|mu] 25/100
  [decoder|CV_P4_V_01|mu] 50/100
  [decoder|CV_P4_V_01|mu] 75/100
  [decoder|CV_P4_V_01|mu] 100/100
[decoder|CV_P4_V_01|mu] cos=0.567 beat=90% → /home/abhishek/Voxel_GAN/PopulationStudy/IsoExperiments/Experiment2/DecoderCRB/plots/qc_clinical_varian/mu/P4/CV_P4_V_01
  [decoder|CV_P5_V_01|mu] 25/100
  [decoder|CV_P5_V_01|mu] 50/100
  [decoder|CV_P5_V_01|mu] 75/100
  [decoder|CV_P5_V_01|mu] 100/100
[decoder|CV_P5_V_01|mu] cos=0.645 beat=100% → /home/abhishek/Voxel_GAN/PopulationStudy/IsoExperiments/Experiment2/DecoderCRB/plots/qc_clinical_varian/mu/P5/CV_P5_V_01
  [decoder|CE_P1_V_01|mu] 25/100
  [decoder|CE_P1_V_01|mu] 50/100
  [decoder|CE_P1_V_01|mu] 75/100
  [decoder|CE_P1_V_01|mu] 100/100
[decoder|CE_P1_V_01|mu] cos=0.569 beat=97% → /home/abhishek/Voxel_GAN/PopulationStudy/IsoExperiments/Experiment2/DecoderCRB/plots/qc_clinical_elekta/mu/P1/CE_P1_V_01
  [decoder|CE_P2_V_01|mu] 25/100
  [decoder|CE_P2_V_01|mu] 50/100
  [decoder|CE_P2_V_01|mu] 75/100
  [decoder|CE_P2_V_01|mu] 100/100
[decoder|CE_P2_V_01|mu] cos=0.406 beat=77% → /home/abhishek/Voxel_GAN/PopulationStudy/IsoExperiments/Experiment2/DecoderCRB/plots/qc_clinical_elekta/mu/P2/CE_P2_V_01
  [decoder|CE_P3_V_01|mu] 25/100
  [decoder|CE_P3_V_01|mu] 50/100
  [decoder|CE_P3_V_01|mu] 75/100
  [decoder|CE_P3_V_01|mu] 100/100
[decoder|CE_P3_V_01|mu] cos=0.372 beat=83% → /home/abhishek/Voxel_GAN/PopulationStudy/IsoExperiments/Experiment2/DecoderCRB/plots/qc_clinical_elekta/mu/P3/CE_P3_V_01
  [decoder|CE_P4_V_01|mu] 25/100
  [decoder|CE_P4_V_01|mu] 50/100
  [decoder|CE_P4_V_01|mu] 75/100
  [decoder|CE_P4_V_01|mu] 100/100
[decoder|CE_P4_V_01|mu] cos=0.476 beat=78% → /home/abhishek/Voxel_GAN/PopulationStudy/IsoExperiments/Experiment2/DecoderCRB/plots/qc_clinical_elekta/mu/P4/CE_P4_V_01
  [decoder|CE_P5_V_01|mu] 25/100
  [decoder|CE_P5_V_01|mu] 50/100
  [decoder|CE_P5_V_01|mu] 75/100
  [decoder|CE_P5_V_01|mu] 100/100
[decoder|CE_P5_V_01|mu] cos=0.573 beat=87% → /home/abhishek/Voxel_GAN/PopulationStudy/IsoExperiments/Experiment2/DecoderCRB/plots/qc_clinical_elekta/mu/P5/CE_P5_V_01
loaded both crb_both_mse_iso_e2_full_generator.pth
  [both|CV_P1_V_01|minmax] 25/100
  [both|CV_P1_V_01|minmax] 50/100
  [both|CV_P1_V_01|minmax] 75/100
  [both|CV_P1_V_01|minmax] 100/100
[both|CV_P1_V_01|minmax] cos=0.374 beat=38% → /home/abhishek/Voxel_GAN/PopulationStudy/IsoExperiments/Experiment2/BothCRB/plots/qc_clinical_varian/minmax/P1/CV_P1_V_01
  [both|CV_P2_V_01|minmax] 25/100
  [both|CV_P2_V_01|minmax] 50/100
  [both|CV_P2_V_01|minmax] 75/100
  [both|CV_P2_V_01|minmax] 100/100
[both|CV_P2_V_01|minmax] cos=0.569 beat=100% → /home/abhishek/Voxel_GAN/PopulationStudy/IsoExperiments/Experiment2/BothCRB/plots/qc_clinical_varian/minmax/P2/CV_P2_V_01
  [both|CV_P3_V_01|minmax] 25/100
  [both|CV_P3_V_01|minmax] 50/100
  [both|CV_P3_V_01|minmax] 75/100
  [both|CV_P3_V_01|minmax] 100/100
[both|CV_P3_V_01|minmax] cos=0.592 beat=77% → /home/abhishek/Voxel_GAN/PopulationStudy/IsoExperiments/Experiment2/BothCRB/plots/qc_clinical_varian/minmax/P3/CV_P3_V_01
  [both|CV_P4_V_01|minmax] 25/100
  [both|CV_P4_V_01|minmax] 50/100
  [both|CV_P4_V_01|minmax] 75/100
  [both|CV_P4_V_01|minmax] 100/100
[both|CV_P4_V_01|minmax] cos=0.685 beat=96% → /home/abhishek/Voxel_GAN/PopulationStudy/IsoExperiments/Experiment2/BothCRB/plots/qc_clinical_varian/minmax/P4/CV_P4_V_01
  [both|CV_P5_V_01|minmax] 25/100
  [both|CV_P5_V_01|minmax] 50/100
  [both|CV_P5_V_01|minmax] 75/100
  [both|CV_P5_V_01|minmax] 100/100
[both|CV_P5_V_01|minmax] cos=0.568 beat=96% → /home/abhishek/Voxel_GAN/PopulationStudy/IsoExperiments/Experiment2/BothCRB/plots/qc_clinical_varian/minmax/P5/CV_P5_V_01
  [both|CE_P1_V_01|minmax] 25/100
  [both|CE_P1_V_01|minmax] 50/100
  [both|CE_P1_V_01|minmax] 75/100
  [both|CE_P1_V_01|minmax] 100/100
[both|CE_P1_V_01|minmax] cos=0.411 beat=60% → /home/abhishek/Voxel_GAN/PopulationStudy/IsoExperiments/Experiment2/BothCRB/plots/qc_clinical_elekta/minmax/P1/CE_P1_V_01
  [both|CE_P2_V_01|minmax] 25/100
  [both|CE_P2_V_01|minmax] 50/100
  [both|CE_P2_V_01|minmax] 75/100
  [both|CE_P2_V_01|minmax] 100/100
[both|CE_P2_V_01|minmax] cos=0.245 beat=63% → /home/abhishek/Voxel_GAN/PopulationStudy/IsoExperiments/Experiment2/BothCRB/plots/qc_clinical_elekta/minmax/P2/CE_P2_V_01
  [both|CE_P3_V_01|minmax] 25/100
  [both|CE_P3_V_01|minmax] 50/100
  [both|CE_P3_V_01|minmax] 75/100
  [both|CE_P3_V_01|minmax] 100/100
[both|CE_P3_V_01|minmax] cos=-0.126 beat=18% → /home/abhishek/Voxel_GAN/PopulationStudy/IsoExperiments/Experiment2/BothCRB/plots/qc_clinical_elekta/minmax/P3/CE_P3_V_01
  [both|CE_P4_V_01|minmax] 25/100
  [both|CE_P4_V_01|minmax] 50/100
  [both|CE_P4_V_01|minmax] 75/100
  [both|CE_P4_V_01|minmax] 100/100
[both|CE_P4_V_01|minmax] cos=0.386 beat=72% → /home/abhishek/Voxel_GAN/PopulationStudy/IsoExperiments/Experiment2/BothCRB/plots/qc_clinical_elekta/minmax/P4/CE_P4_V_01
  [both|CE_P5_V_01|minmax] 25/100
  [both|CE_P5_V_01|minmax] 50/100
  [both|CE_P5_V_01|minmax] 75/100
  [both|CE_P5_V_01|minmax] 100/100
[both|CE_P5_V_01|minmax] cos=0.263 beat=69% → /home/abhishek/Voxel_GAN/PopulationStudy/IsoExperiments/Experiment2/BothCRB/plots/qc_clinical_elekta/minmax/P5/CE_P5_V_01
  [both|CV_P1_V_01|mu] 25/100
  [both|CV_P1_V_01|mu] 50/100
  [both|CV_P1_V_01|mu] 75/100
  [both|CV_P1_V_01|mu] 100/100
[both|CV_P1_V_01|mu] cos=0.385 beat=51% → /home/abhishek/Voxel_GAN/PopulationStudy/IsoExperiments/Experiment2/BothCRB/plots/qc_clinical_varian/mu/P1/CV_P1_V_01
  [both|CV_P2_V_01|mu] 25/100
  [both|CV_P2_V_01|mu] 50/100
  [both|CV_P2_V_01|mu] 75/100
  [both|CV_P2_V_01|mu] 100/100
[both|CV_P2_V_01|mu] cos=0.530 beat=82% → /home/abhishek/Voxel_GAN/PopulationStudy/IsoExperiments/Experiment2/BothCRB/plots/qc_clinical_varian/mu/P2/CV_P2_V_01
  [both|CV_P3_V_01|mu] 25/100
  [both|CV_P3_V_01|mu] 50/100
  [both|CV_P3_V_01|mu] 75/100
  [both|CV_P3_V_01|mu] 100/100
[both|CV_P3_V_01|mu] cos=0.645 beat=84% → /home/abhishek/Voxel_GAN/PopulationStudy/IsoExperiments/Experiment2/BothCRB/plots/qc_clinical_varian/mu/P3/CV_P3_V_01
  [both|CV_P4_V_01|mu] 25/100
  [both|CV_P4_V_01|mu] 50/100
  [both|CV_P4_V_01|mu] 75/100
  [both|CV_P4_V_01|mu] 100/100
[both|CV_P4_V_01|mu] cos=0.699 beat=98% → /home/abhishek/Voxel_GAN/PopulationStudy/IsoExperiments/Experiment2/BothCRB/plots/qc_clinical_varian/mu/P4/CV_P4_V_01
  [both|CV_P5_V_01|mu] 25/100
  [both|CV_P5_V_01|mu] 50/100
  [both|CV_P5_V_01|mu] 75/100
  [both|CV_P5_V_01|mu] 100/100
[both|CV_P5_V_01|mu] cos=0.702 beat=100% → /home/abhishek/Voxel_GAN/PopulationStudy/IsoExperiments/Experiment2/BothCRB/plots/qc_clinical_varian/mu/P5/CV_P5_V_01
  [both|CE_P1_V_01|mu] 25/100
  [both|CE_P1_V_01|mu] 50/100
  [both|CE_P1_V_01|mu] 75/100
  [both|CE_P1_V_01|mu] 100/100
[both|CE_P1_V_01|mu] cos=0.539 beat=99% → /home/abhishek/Voxel_GAN/PopulationStudy/IsoExperiments/Experiment2/BothCRB/plots/qc_clinical_elekta/mu/P1/CE_P1_V_01
  [both|CE_P2_V_01|mu] 25/100
  [both|CE_P2_V_01|mu] 50/100
  [both|CE_P2_V_01|mu] 75/100
  [both|CE_P2_V_01|mu] 100/100
[both|CE_P2_V_01|mu] cos=0.364 beat=74% → /home/abhishek/Voxel_GAN/PopulationStudy/IsoExperiments/Experiment2/BothCRB/plots/qc_clinical_elekta/mu/P2/CE_P2_V_01
  [both|CE_P3_V_01|mu] 25/100
  [both|CE_P3_V_01|mu] 50/100
  [both|CE_P3_V_01|mu] 75/100
  [both|CE_P3_V_01|mu] 100/100
[both|CE_P3_V_01|mu] cos=0.443 beat=83% → /home/abhishek/Voxel_GAN/PopulationStudy/IsoExperiments/Experiment2/BothCRB/plots/qc_clinical_elekta/mu/P3/CE_P3_V_01
  [both|CE_P4_V_01|mu] 25/100
  [both|CE_P4_V_01|mu] 50/100
  [both|CE_P4_V_01|mu] 75/100
  [both|CE_P4_V_01|mu] 100/100
[both|CE_P4_V_01|mu] cos=0.472 beat=81% → /home/abhishek/Voxel_GAN/PopulationStudy/IsoExperiments/Experiment2/BothCRB/plots/qc_clinical_elekta/mu/P4/CE_P4_V_01
  [both|CE_P5_V_01|mu] 25/100
  [both|CE_P5_V_01|mu] 50/100
  [both|CE_P5_V_01|mu] 75/100
  [both|CE_P5_V_01|mu] 100/100
[both|CE_P5_V_01|mu] cos=0.602 beat=88% → /home/abhishek/Voxel_GAN/PopulationStudy/IsoExperiments/Experiment2/BothCRB/plots/qc_clinical_elekta/mu/P5/CE_P5_V_01

======== ISO-E2 CLINICAL SUMMARY ========
encoder  minmax varian   cos=0.567  L1/z=0.884  beat=84%
encoder  minmax elekta   cos=0.390  L1/z=0.978  beat=67%
encoder  mu     varian   cos=0.485  L1/z=0.896  beat=84%
encoder  mu     elekta   cos=0.499  L1/z=0.889  beat=86%
decoder  minmax varian   cos=0.551  L1/z=0.900  beat=82%
decoder  minmax elekta   cos=0.152  L1/z=0.992  beat=50%
decoder  mu     varian   cos=0.460  L1/z=1.016  beat=63%
decoder  mu     elekta   cos=0.479  L1/z=0.900  beat=84%
both     minmax varian   cos=0.558  L1/z=0.900  beat=81%
both     minmax elekta   cos=0.236  L1/z=0.998  beat=56%
both     mu     varian   cos=0.592  L1/z=0.862  beat=83%
both     mu     elekta   cos=0.484  L1/z=0.896  beat=85%
wrote /home/abhishek/Voxel_GAN/PopulationStudy/IsoExperiments/Experiment2/plots/qc_summary/summary_encoder_decoder_both_clinical_minmax_mu.json
DONE
