=== wait pack 2026-09-01T12:16:31+10:00 ===
=== prepare_dir_dvf_library_iso 2026-09-01T12:16:31+10:00 ===
[P1_DIR] iso CT (160, 160, 160) mask_vox=520004
[P1_DIR] [2/100] Elastix iso 01_to_02_pair.npy …
[P1_DIR]     20s
[P1_DIR] [3/100] Elastix iso 01_to_03_pair.npy …
[P1_DIR]     12s
[P1_DIR] [4/100] Elastix iso 01_to_04_pair.npy …
[P1_DIR]     12s
[P1_DIR] [5/100] Elastix iso 01_to_05_pair.npy …
[P1_DIR]     12s
[P1_DIR] [6/100] Elastix iso 01_to_06_pair.npy …
[P1_DIR]     12s
[P1_DIR] [7/100] Elastix iso 01_to_07_pair.npy …
[P1_DIR]     12s
[P1_DIR] [8/100] Elastix iso 01_to_08_pair.npy …
[P1_DIR]     12s
[P1_DIR] [9/100] Elastix iso 01_to_09_pair.npy …
[P1_DIR]     12s
[P1_DIR] [10/100] Elastix iso 01_to_10_pair.npy …
[P1_DIR]     12s
[P1_DIR] [11/100] Elastix iso 02_to_01_pair.npy …
[P1_DIR]     12s
[P1_DIR] [13/100] Elastix iso 02_to_03_pair.npy …
[P1_DIR]     12s
[P1_DIR] [14/100] Elastix iso 02_to_04_pair.npy …
[P1_DIR]     12s
[P1_DIR] [15/100] Elastix iso 02_to_05_pair.npy …
[P1_DIR]     11s
[P1_DIR] [16/100] Elastix iso 02_to_06_pair.npy …
[P1_DIR]     12s
[P1_DIR] [17/100] Elastix iso 02_to_07_pair.npy …
[P1_DIR]     12s
[P1_DIR] [18/100] Elastix iso 02_to_08_pair.npy …
[P1_DIR]     12s
[P1_DIR] [19/100] Elastix iso 02_to_09_pair.npy …
[P1_DIR]     12s
[P1_DIR] [20/100] Elastix iso 02_to_10_pair.npy …
[P1_DIR]     12s
[P1_DIR] [21/100] Elastix iso 03_to_01_pair.npy …
[P1_DIR]     12s
[P1_DIR] [22/100] Elastix iso 03_to_02_pair.npy …
[P1_DIR]     12s
[P1_DIR] [24/100] Elastix iso 03_to_04_pair.npy …
[P1_DIR]     12s
[P1_DIR] [25/100] Elastix iso 03_to_05_pair.npy …
[P1_DIR]     12s
[P1_DIR] [26/100] Elastix iso 03_to_06_pair.npy …
[P1_DIR]     12s
[P1_DIR] [27/100] Elastix iso 03_to_07_pair.npy …
[P1_DIR]     12s
[P1_DIR] [28/100] Elastix iso 03_to_08_pair.npy …
[P1_DIR]     12s
[P1_DIR] [29/100] Elastix iso 03_to_09_pair.npy …
[P1_DIR]     12s
[P1_DIR] [30/100] Elastix iso 03_to_10_pair.npy …
[P1_DIR]     12s
[P1_DIR] [31/100] Elastix iso 04_to_01_pair.npy …
[P1_DIR]     12s
[P1_DIR] [32/100] Elastix iso 04_to_02_pair.npy …
[P1_DIR]     12s
[P1_DIR] [33/100] Elastix iso 04_to_03_pair.npy …
[P1_DIR]     12s
[P1_DIR] [35/100] Elastix iso 04_to_05_pair.npy …
[P1_DIR]     12s
[P1_DIR] [36/100] Elastix iso 04_to_06_pair.npy …
[P1_DIR]     12s
[P1_DIR] [37/100] Elastix iso 04_to_07_pair.npy …
[P1_DIR]     12s
[P1_DIR] [38/100] Elastix iso 04_to_08_pair.npy …
[P1_DIR]     12s
[P1_DIR] [39/100] Elastix iso 04_to_09_pair.npy …
[P1_DIR]     12s
[P1_DIR] [40/100] Elastix iso 04_to_10_pair.npy …
[P1_DIR]     12s
[P1_DIR] [41/100] Elastix iso 05_to_01_pair.npy …
[P1_DIR]     12s
[P1_DIR] [42/100] Elastix iso 05_to_02_pair.npy …
[P1_DIR]     12s
[P1_DIR] [43/100] Elastix iso 05_to_03_pair.npy …
[P1_DIR]     12s
[P1_DIR] [44/100] Elastix iso 05_to_04_pair.npy …
[P1_DIR]     12s
[P1_DIR] [46/100] Elastix iso 05_to_06_pair.npy …
[P1_DIR]     12s
[P1_DIR] [47/100] Elastix iso 05_to_07_pair.npy …
[P1_DIR]     12s
[P1_DIR] [48/100] Elastix iso 05_to_08_pair.npy …
[P1_DIR]     13s
[P1_DIR] [49/100] Elastix iso 05_to_09_pair.npy …
[P1_DIR]     12s
[P1_DIR] [50/100] Elastix iso 05_to_10_pair.npy …
[P1_DIR]     12s
[P1_DIR] [51/100] Elastix iso 06_to_01_pair.npy …
[P1_DIR]     12s
[P1_DIR] [52/100] Elastix iso 06_to_02_pair.npy …
[P1_DIR]     12s
[P1_DIR] [53/100] Elastix iso 06_to_03_pair.npy …
[P1_DIR]     12s
[P1_DIR] [54/100] Elastix iso 06_to_04_pair.npy …
[P1_DIR]     12s
[P1_DIR] [55/100] Elastix iso 06_to_05_pair.npy …
[P1_DIR]     12s
[P1_DIR] [57/100] Elastix iso 06_to_07_pair.npy …
[P1_DIR]     12s
[P1_DIR] [58/100] Elastix iso 06_to_08_pair.npy …
[P1_DIR]     12s
[P1_DIR] [59/100] Elastix iso 06_to_09_pair.npy …
[P1_DIR]     12s
[P1_DIR] [60/100] Elastix iso 06_to_10_pair.npy …
[P1_DIR]     12s
[P1_DIR] [61/100] Elastix iso 07_to_01_pair.npy …
[P1_DIR]     12s
[P1_DIR] [62/100] Elastix iso 07_to_02_pair.npy …
[P1_DIR]     12s
[P1_DIR] [63/100] Elastix iso 07_to_03_pair.npy …
[P1_DIR]     12s
[P1_DIR] [64/100] Elastix iso 07_to_04_pair.npy …
[P1_DIR]     12s
[P1_DIR] [65/100] Elastix iso 07_to_05_pair.npy …
[P1_DIR]     12s
[P1_DIR] [66/100] Elastix iso 07_to_06_pair.npy …
[P1_DIR]     12s
[P1_DIR] [68/100] Elastix iso 07_to_08_pair.npy …
[P1_DIR]     12s
[P1_DIR] [69/100] Elastix iso 07_to_09_pair.npy …
[P1_DIR]     12s
[P1_DIR] [70/100] Elastix iso 07_to_10_pair.npy …
[P1_DIR]     12s
[P1_DIR] [71/100] Elastix iso 08_to_01_pair.npy …
[P1_DIR]     12s
[P1_DIR] [72/100] Elastix iso 08_to_02_pair.npy …
[P1_DIR]     12s
[P1_DIR] [73/100] Elastix iso 08_to_03_pair.npy …
[P1_DIR]     12s
[P1_DIR] [74/100] Elastix iso 08_to_04_pair.npy …
[P1_DIR]     12s
[P1_DIR] [75/100] Elastix iso 08_to_05_pair.npy …
[P1_DIR]     12s
[P1_DIR] [76/100] Elastix iso 08_to_06_pair.npy …
[P1_DIR]     12s
[P1_DIR] [77/100] Elastix iso 08_to_07_pair.npy …
[P1_DIR]     12s
[P1_DIR] [79/100] Elastix iso 08_to_09_pair.npy …
[P1_DIR]     12s
[P1_DIR] [80/100] Elastix iso 08_to_10_pair.npy …
[P1_DIR]     12s
[P1_DIR] [81/100] Elastix iso 09_to_01_pair.npy …
[P1_DIR]     12s
[P1_DIR] [82/100] Elastix iso 09_to_02_pair.npy …
[P1_DIR]     12s
[P1_DIR] [83/100] Elastix iso 09_to_03_pair.npy …
[P1_DIR]     12s
[P1_DIR] [84/100] Elastix iso 09_to_04_pair.npy …
[P1_DIR]     12s
[P1_DIR] [85/100] Elastix iso 09_to_05_pair.npy …
[P1_DIR]     12s
[P1_DIR] [86/100] Elastix iso 09_to_06_pair.npy …
[P1_DIR]     12s
[P1_DIR] [87/100] Elastix iso 09_to_07_pair.npy …
[P1_DIR]     12s
[P1_DIR] [88/100] Elastix iso 09_to_08_pair.npy …
[P1_DIR]     12s
[P1_DIR] [90/100] Elastix iso 09_to_10_pair.npy …
[P1_DIR]     12s
[P1_DIR] [91/100] Elastix iso 10_to_01_pair.npy …
[P1_DIR]     12s
[P1_DIR] [92/100] Elastix iso 10_to_02_pair.npy …
[P1_DIR]     12s
[P1_DIR] [93/100] Elastix iso 10_to_03_pair.npy …
[P1_DIR]     12s
[P1_DIR] [94/100] Elastix iso 10_to_04_pair.npy …
[P1_DIR]     12s
[P1_DIR] [95/100] Elastix iso 10_to_05_pair.npy …
[P1_DIR]     12s
[P1_DIR] [96/100] Elastix iso 10_to_06_pair.npy …
[P1_DIR]     12s
[P1_DIR] [97/100] Elastix iso 10_to_07_pair.npy …
[P1_DIR]     12s
[P1_DIR] [98/100] Elastix iso 10_to_08_pair.npy …
[P1_DIR]     12s
[P1_DIR] [99/100] Elastix iso 10_to_09_pair.npy …
[P1_DIR]     12s
[P1_DIR] DONE 1093s reg=90 id=10 skip=0
[P2_DIR] iso CT (160, 160, 160) mask_vox=1101696
[P2_DIR] [2/100] Elastix iso 01_to_02_pair.npy …
[P2_DIR]     12s
[P2_DIR] [3/100] Elastix iso 01_to_03_pair.npy …
[P2_DIR]     12s
[P2_DIR] [4/100] Elastix iso 01_to_04_pair.npy …
[P2_DIR]     12s
[P2_DIR] [5/100] Elastix iso 01_to_05_pair.npy …
[P2_DIR]     12s
[P2_DIR] [6/100] Elastix iso 01_to_06_pair.npy …
[P2_DIR]     12s
[P2_DIR] [7/100] Elastix iso 01_to_07_pair.npy …
[P2_DIR]     12s
[P2_DIR] [8/100] Elastix iso 01_to_08_pair.npy …
[P2_DIR]     12s
[P2_DIR] [9/100] Elastix iso 01_to_09_pair.npy …
[P2_DIR]     12s
[P2_DIR] [10/100] Elastix iso 01_to_10_pair.npy …
[P2_DIR]     12s
[P2_DIR] [11/100] Elastix iso 02_to_01_pair.npy …
[P2_DIR]     12s
[P2_DIR] [13/100] Elastix iso 02_to_03_pair.npy …
[P2_DIR]     12s
[P2_DIR] [14/100] Elastix iso 02_to_04_pair.npy …
[P2_DIR]     12s
[P2_DIR] [15/100] Elastix iso 02_to_05_pair.npy …
[P2_DIR]     12s
[P2_DIR] [16/100] Elastix iso 02_to_06_pair.npy …
[P2_DIR]     12s
[P2_DIR] [17/100] Elastix iso 02_to_07_pair.npy …
[P2_DIR]     12s
[P2_DIR] [18/100] Elastix iso 02_to_08_pair.npy …
[P2_DIR]     12s
[P2_DIR] [19/100] Elastix iso 02_to_09_pair.npy …
[P2_DIR]     12s
[P2_DIR] [20/100] Elastix iso 02_to_10_pair.npy …
[P2_DIR]     12s
[P2_DIR] [21/100] Elastix iso 03_to_01_pair.npy …
[P2_DIR]     12s
[P2_DIR] [22/100] Elastix iso 03_to_02_pair.npy …
[P2_DIR]     12s
[P2_DIR] [24/100] Elastix iso 03_to_04_pair.npy …
[P2_DIR]     12s
[P2_DIR] [25/100] Elastix iso 03_to_05_pair.npy …
[P2_DIR]     12s
[P2_DIR] [26/100] Elastix iso 03_to_06_pair.npy …
[P2_DIR]     12s
[P2_DIR] [27/100] Elastix iso 03_to_07_pair.npy …
[P2_DIR]     12s
[P2_DIR] [28/100] Elastix iso 03_to_08_pair.npy …
[P2_DIR]     12s
[P2_DIR] [29/100] Elastix iso 03_to_09_pair.npy …
[P2_DIR]     12s
[P2_DIR] [30/100] Elastix iso 03_to_10_pair.npy …
[P2_DIR]     12s
[P2_DIR] [31/100] Elastix iso 04_to_01_pair.npy …
[P2_DIR]     12s
[P2_DIR] [32/100] Elastix iso 04_to_02_pair.npy …
[P2_DIR]     13s
[P2_DIR] [33/100] Elastix iso 04_to_03_pair.npy …
[P2_DIR]     12s
[P2_DIR] [35/100] Elastix iso 04_to_05_pair.npy …
[P2_DIR]     12s
[P2_DIR] [36/100] Elastix iso 04_to_06_pair.npy …
[P2_DIR]     12s
[P2_DIR] [37/100] Elastix iso 04_to_07_pair.npy …
[P2_DIR]     12s
[P2_DIR] [38/100] Elastix iso 04_to_08_pair.npy …
[P2_DIR]     12s
[P2_DIR] [39/100] Elastix iso 04_to_09_pair.npy …
[P2_DIR]     12s
[P2_DIR] [40/100] Elastix iso 04_to_10_pair.npy …
[P2_DIR]     12s
[P2_DIR] [41/100] Elastix iso 05_to_01_pair.npy …
[P2_DIR]     12s
[P2_DIR] [42/100] Elastix iso 05_to_02_pair.npy …
[P2_DIR]     13s
[P2_DIR] [43/100] Elastix iso 05_to_03_pair.npy …
[P2_DIR]     12s
[P2_DIR] [44/100] Elastix iso 05_to_04_pair.npy …
[P2_DIR]     12s
[P2_DIR] [46/100] Elastix iso 05_to_06_pair.npy …
[P2_DIR]     12s
[P2_DIR] [47/100] Elastix iso 05_to_07_pair.npy …
[P2_DIR]     12s
[P2_DIR] [48/100] Elastix iso 05_to_08_pair.npy …
[P2_DIR]     12s
[P2_DIR] [49/100] Elastix iso 05_to_09_pair.npy …
[P2_DIR]     13s
[P2_DIR] [50/100] Elastix iso 05_to_10_pair.npy …
[P2_DIR]     12s
[P2_DIR] [51/100] Elastix iso 06_to_01_pair.npy …
[P2_DIR]     12s
[P2_DIR] [52/100] Elastix iso 06_to_02_pair.npy …
[P2_DIR]     13s
[P2_DIR] [53/100] Elastix iso 06_to_03_pair.npy …
[P2_DIR]     12s
[P2_DIR] [54/100] Elastix iso 06_to_04_pair.npy …
[P2_DIR]     12s
[P2_DIR] [55/100] Elastix iso 06_to_05_pair.npy …
[P2_DIR]     12s
[P2_DIR] [57/100] Elastix iso 06_to_07_pair.npy …
[P2_DIR]     12s
[P2_DIR] [58/100] Elastix iso 06_to_08_pair.npy …
[P2_DIR]     12s
[P2_DIR] [59/100] Elastix iso 06_to_09_pair.npy …
[P2_DIR]     12s
[P2_DIR] [60/100] Elastix iso 06_to_10_pair.npy …
[P2_DIR]     13s
[P2_DIR] [61/100] Elastix iso 07_to_01_pair.npy …
[P2_DIR]     12s
[P2_DIR] [62/100] Elastix iso 07_to_02_pair.npy …
[P2_DIR]     12s
[P2_DIR] [63/100] Elastix iso 07_to_03_pair.npy …
[P2_DIR]     12s
[P2_DIR] [64/100] Elastix iso 07_to_04_pair.npy …
[P2_DIR]     12s
[P2_DIR] [65/100] Elastix iso 07_to_05_pair.npy …
[P2_DIR]     12s
[P2_DIR] [66/100] Elastix iso 07_to_06_pair.npy …
[P2_DIR]     12s
[P2_DIR] [68/100] Elastix iso 07_to_08_pair.npy …
[P2_DIR]     12s
[P2_DIR] [69/100] Elastix iso 07_to_09_pair.npy …
[P2_DIR]     12s
[P2_DIR] [70/100] Elastix iso 07_to_10_pair.npy …
[P2_DIR]     12s
[P2_DIR] [71/100] Elastix iso 08_to_01_pair.npy …
[P2_DIR]     12s
[P2_DIR] [72/100] Elastix iso 08_to_02_pair.npy …
[P2_DIR]     12s
[P2_DIR] [73/100] Elastix iso 08_to_03_pair.npy …
[P2_DIR]     12s
[P2_DIR] [74/100] Elastix iso 08_to_04_pair.npy …
[P2_DIR]     12s
[P2_DIR] [75/100] Elastix iso 08_to_05_pair.npy …
[P2_DIR]     12s
[P2_DIR] [76/100] Elastix iso 08_to_06_pair.npy …
[P2_DIR]     12s
[P2_DIR] [77/100] Elastix iso 08_to_07_pair.npy …
[P2_DIR]     12s
[P2_DIR] [79/100] Elastix iso 08_to_09_pair.npy …
[P2_DIR]     12s
[P2_DIR] [80/100] Elastix iso 08_to_10_pair.npy …
[P2_DIR]     12s
[P2_DIR] [81/100] Elastix iso 09_to_01_pair.npy …
[P2_DIR]     12s
[P2_DIR] [82/100] Elastix iso 09_to_02_pair.npy …
[P2_DIR]     12s
[P2_DIR] [83/100] Elastix iso 09_to_03_pair.npy …
[P2_DIR]     12s
[P2_DIR] [84/100] Elastix iso 09_to_04_pair.npy …
[P2_DIR]     12s
[P2_DIR] [85/100] Elastix iso 09_to_05_pair.npy …
[P2_DIR]     12s
[P2_DIR] [86/100] Elastix iso 09_to_06_pair.npy …
[P2_DIR]     12s
[P2_DIR] [87/100] Elastix iso 09_to_07_pair.npy …
[P2_DIR]     12s
[P2_DIR] [88/100] Elastix iso 09_to_08_pair.npy …
[P2_DIR]     12s
[P2_DIR] [90/100] Elastix iso 09_to_10_pair.npy …
[P2_DIR]     12s
[P2_DIR] [91/100] Elastix iso 10_to_01_pair.npy …
[P2_DIR]     12s
[P2_DIR] [92/100] Elastix iso 10_to_02_pair.npy …
[P2_DIR]     12s
[P2_DIR] [93/100] Elastix iso 10_to_03_pair.npy …
[P2_DIR]     12s
[P2_DIR] [94/100] Elastix iso 10_to_04_pair.npy …
[P2_DIR]     12s
[P2_DIR] [95/100] Elastix iso 10_to_05_pair.npy …
[P2_DIR]     12s
[P2_DIR] [96/100] Elastix iso 10_to_06_pair.npy …
[P2_DIR]     12s
[P2_DIR] [97/100] Elastix iso 10_to_07_pair.npy …
[P2_DIR]     12s
[P2_DIR] [98/100] Elastix iso 10_to_08_pair.npy …
[P2_DIR]     12s
[P2_DIR] [99/100] Elastix iso 10_to_09_pair.npy …
[P2_DIR]     12s
[P2_DIR] DONE 1096s reg=90 id=10 skip=0
[P3_DIR] iso CT (160, 160, 160) mask_vox=885108
[P3_DIR] [2/100] Elastix iso 01_to_02_pair.npy …
[P3_DIR]     12s
[P3_DIR] [3/100] Elastix iso 01_to_03_pair.npy …
[P3_DIR]     12s
[P3_DIR] [4/100] Elastix iso 01_to_04_pair.npy …
[P3_DIR]     12s
[P3_DIR] [5/100] Elastix iso 01_to_05_pair.npy …
[P3_DIR]     12s
[P3_DIR] [6/100] Elastix iso 01_to_06_pair.npy …
[P3_DIR]     12s
[P3_DIR] [7/100] Elastix iso 01_to_07_pair.npy …
[P3_DIR]     12s
[P3_DIR] [8/100] Elastix iso 01_to_08_pair.npy …
[P3_DIR]     12s
[P3_DIR] [9/100] Elastix iso 01_to_09_pair.npy …
[P3_DIR]     12s
[P3_DIR] [10/100] Elastix iso 01_to_10_pair.npy …
[P3_DIR]     12s
[P3_DIR] [11/100] Elastix iso 02_to_01_pair.npy …
[P3_DIR]     12s
[P3_DIR] [13/100] Elastix iso 02_to_03_pair.npy …
[P3_DIR]     12s
[P3_DIR] [14/100] Elastix iso 02_to_04_pair.npy …
[P3_DIR]     12s
[P3_DIR] [15/100] Elastix iso 02_to_05_pair.npy …
[P3_DIR]     12s
[P3_DIR] [16/100] Elastix iso 02_to_06_pair.npy …
[P3_DIR]     12s
[P3_DIR] [17/100] Elastix iso 02_to_07_pair.npy …
[P3_DIR]     12s
[P3_DIR] [18/100] Elastix iso 02_to_08_pair.npy …
[P3_DIR]     12s
[P3_DIR] [19/100] Elastix iso 02_to_09_pair.npy …
[P3_DIR]     12s
[P3_DIR] [20/100] Elastix iso 02_to_10_pair.npy …
[P3_DIR]     12s
[P3_DIR] [21/100] Elastix iso 03_to_01_pair.npy …
[P3_DIR]     12s
[P3_DIR] [22/100] Elastix iso 03_to_02_pair.npy …
[P3_DIR]     12s
[P3_DIR] [24/100] Elastix iso 03_to_04_pair.npy …
[P3_DIR]     12s
[P3_DIR] [25/100] Elastix iso 03_to_05_pair.npy …
[P3_DIR]     12s
[P3_DIR] [26/100] Elastix iso 03_to_06_pair.npy …
[P3_DIR]     12s
[P3_DIR] [27/100] Elastix iso 03_to_07_pair.npy …
[P3_DIR]     12s
[P3_DIR] [28/100] Elastix iso 03_to_08_pair.npy …
[P3_DIR]     12s
[P3_DIR] [29/100] Elastix iso 03_to_09_pair.npy …
[P3_DIR]     12s
[P3_DIR] [30/100] Elastix iso 03_to_10_pair.npy …
[P3_DIR]     12s
[P3_DIR] [31/100] Elastix iso 04_to_01_pair.npy …
[P3_DIR]     12s
[P3_DIR] [32/100] Elastix iso 04_to_02_pair.npy …
[P3_DIR]     12s
[P3_DIR] [33/100] Elastix iso 04_to_03_pair.npy …
[P3_DIR]     12s
[P3_DIR] [35/100] Elastix iso 04_to_05_pair.npy …
[P3_DIR]     12s
[P3_DIR] [36/100] Elastix iso 04_to_06_pair.npy …
[P3_DIR]     12s
[P3_DIR] [37/100] Elastix iso 04_to_07_pair.npy …
[P3_DIR]     12s
[P3_DIR] [38/100] Elastix iso 04_to_08_pair.npy …
[P3_DIR]     12s
[P3_DIR] [39/100] Elastix iso 04_to_09_pair.npy …
[P3_DIR]     12s
[P3_DIR] [40/100] Elastix iso 04_to_10_pair.npy …
[P3_DIR]     12s
[P3_DIR] [41/100] Elastix iso 05_to_01_pair.npy …
[P3_DIR]     12s
[P3_DIR] [42/100] Elastix iso 05_to_02_pair.npy …
[P3_DIR]     12s
[P3_DIR] [43/100] Elastix iso 05_to_03_pair.npy …
[P3_DIR]     12s
[P3_DIR] [44/100] Elastix iso 05_to_04_pair.npy …
[P3_DIR]     12s
[P3_DIR] [46/100] Elastix iso 05_to_06_pair.npy …
[P3_DIR]     12s
[P3_DIR] [47/100] Elastix iso 05_to_07_pair.npy …
[P3_DIR]     12s
[P3_DIR] [48/100] Elastix iso 05_to_08_pair.npy …
[P3_DIR]     12s
[P3_DIR] [49/100] Elastix iso 05_to_09_pair.npy …
[P3_DIR]     12s
[P3_DIR] [50/100] Elastix iso 05_to_10_pair.npy …
[P3_DIR]     12s
[P3_DIR] [51/100] Elastix iso 06_to_01_pair.npy …
[P3_DIR]     12s
[P3_DIR] [52/100] Elastix iso 06_to_02_pair.npy …
[P3_DIR]     12s
[P3_DIR] [53/100] Elastix iso 06_to_03_pair.npy …
[P3_DIR]     12s
[P3_DIR] [54/100] Elastix iso 06_to_04_pair.npy …
[P3_DIR]     12s
[P3_DIR] [55/100] Elastix iso 06_to_05_pair.npy …
[P3_DIR]     13s
[P3_DIR] [57/100] Elastix iso 06_to_07_pair.npy …
[P3_DIR]     12s
[P3_DIR] [58/100] Elastix iso 06_to_08_pair.npy …
[P3_DIR]     12s
[P3_DIR] [59/100] Elastix iso 06_to_09_pair.npy …
[P3_DIR]     12s
[P3_DIR] [60/100] Elastix iso 06_to_10_pair.npy …
[P3_DIR]     12s
[P3_DIR] [61/100] Elastix iso 07_to_01_pair.npy …
[P3_DIR]     12s
[P3_DIR] [62/100] Elastix iso 07_to_02_pair.npy …
[P3_DIR]     12s
[P3_DIR] [63/100] Elastix iso 07_to_03_pair.npy …
[P3_DIR]     12s
[P3_DIR] [64/100] Elastix iso 07_to_04_pair.npy …
[P3_DIR]     12s
[P3_DIR] [65/100] Elastix iso 07_to_05_pair.npy …
[P3_DIR]     12s
[P3_DIR] [66/100] Elastix iso 07_to_06_pair.npy …
[P3_DIR]     12s
[P3_DIR] [68/100] Elastix iso 07_to_08_pair.npy …
[P3_DIR]     12s
[P3_DIR] [69/100] Elastix iso 07_to_09_pair.npy …
[P3_DIR]     12s
[P3_DIR] [70/100] Elastix iso 07_to_10_pair.npy …
[P3_DIR]     12s
[P3_DIR] [71/100] Elastix iso 08_to_01_pair.npy …
[P3_DIR]     12s
[P3_DIR] [72/100] Elastix iso 08_to_02_pair.npy …
[P3_DIR]     12s
[P3_DIR] [73/100] Elastix iso 08_to_03_pair.npy …
[P3_DIR]     12s
[P3_DIR] [74/100] Elastix iso 08_to_04_pair.npy …
[P3_DIR]     12s
[P3_DIR] [75/100] Elastix iso 08_to_05_pair.npy …
[P3_DIR]     12s
[P3_DIR] [76/100] Elastix iso 08_to_06_pair.npy …
[P3_DIR]     12s
[P3_DIR] [77/100] Elastix iso 08_to_07_pair.npy …
[P3_DIR]     12s
[P3_DIR] [79/100] Elastix iso 08_to_09_pair.npy …
[P3_DIR]     12s
[P3_DIR] [80/100] Elastix iso 08_to_10_pair.npy …
[P3_DIR]     12s
[P3_DIR] [81/100] Elastix iso 09_to_01_pair.npy …
[P3_DIR]     12s
[P3_DIR] [82/100] Elastix iso 09_to_02_pair.npy …
[P3_DIR]     12s
[P3_DIR] [83/100] Elastix iso 09_to_03_pair.npy …
[P3_DIR]     12s
[P3_DIR] [84/100] Elastix iso 09_to_04_pair.npy …
[P3_DIR]     12s
[P3_DIR] [85/100] Elastix iso 09_to_05_pair.npy …
[P3_DIR]     12s
[P3_DIR] [86/100] Elastix iso 09_to_06_pair.npy …
[P3_DIR]     12s
[P3_DIR] [87/100] Elastix iso 09_to_07_pair.npy …
[P3_DIR]     12s
[P3_DIR] [88/100] Elastix iso 09_to_08_pair.npy …
[P3_DIR]     12s
[P3_DIR] [90/100] Elastix iso 09_to_10_pair.npy …
[P3_DIR]     12s
[P3_DIR] [91/100] Elastix iso 10_to_01_pair.npy …
[P3_DIR]     12s
[P3_DIR] [92/100] Elastix iso 10_to_02_pair.npy …
[P3_DIR]     12s
[P3_DIR] [93/100] Elastix iso 10_to_03_pair.npy …
[P3_DIR]     12s
[P3_DIR] [94/100] Elastix iso 10_to_04_pair.npy …
[P3_DIR]     12s
[P3_DIR] [95/100] Elastix iso 10_to_05_pair.npy …
[P3_DIR]     12s
[P3_DIR] [96/100] Elastix iso 10_to_06_pair.npy …
[P3_DIR]     12s
[P3_DIR] [97/100] Elastix iso 10_to_07_pair.npy …
[P3_DIR]     12s
[P3_DIR] [98/100] Elastix iso 10_to_08_pair.npy …
[P3_DIR]     12s
[P3_DIR] [99/100] Elastix iso 10_to_09_pair.npy …
[P3_DIR]     12s
[P3_DIR] DONE 1089s reg=90 id=10 skip=0
[P4_DIR] iso CT (160, 160, 160) mask_vox=680763
[P4_DIR] [2/100] Elastix iso 01_to_02_pair.npy …
[P4_DIR]     11s
[P4_DIR] [3/100] Elastix iso 01_to_03_pair.npy …
[P4_DIR]     11s
[P4_DIR] [4/100] Elastix iso 01_to_04_pair.npy …
[P4_DIR]     12s
[P4_DIR] [5/100] Elastix iso 01_to_05_pair.npy …
[P4_DIR]     12s
[P4_DIR] [6/100] Elastix iso 01_to_06_pair.npy …
[P4_DIR]     12s
[P4_DIR] [7/100] Elastix iso 01_to_07_pair.npy …
[P4_DIR]     12s
[P4_DIR] [8/100] Elastix iso 01_to_08_pair.npy …
[P4_DIR]     12s
[P4_DIR] [9/100] Elastix iso 01_to_09_pair.npy …
[P4_DIR]     11s
[P4_DIR] [10/100] Elastix iso 01_to_10_pair.npy …
[P4_DIR]     12s
[P4_DIR] [11/100] Elastix iso 02_to_01_pair.npy …
[P4_DIR]     12s
[P4_DIR] [13/100] Elastix iso 02_to_03_pair.npy …
[P4_DIR]     12s
[P4_DIR] [14/100] Elastix iso 02_to_04_pair.npy …
[P4_DIR]     12s
[P4_DIR] [15/100] Elastix iso 02_to_05_pair.npy …
[P4_DIR]     12s
[P4_DIR] [16/100] Elastix iso 02_to_06_pair.npy …
[P4_DIR]     11s
[P4_DIR] [17/100] Elastix iso 02_to_07_pair.npy …
[P4_DIR]     12s
[P4_DIR] [18/100] Elastix iso 02_to_08_pair.npy …
[P4_DIR]     11s
[P4_DIR] [19/100] Elastix iso 02_to_09_pair.npy …
[P4_DIR]     12s
[P4_DIR] [20/100] Elastix iso 02_to_10_pair.npy …
[P4_DIR]     12s
[P4_DIR] [21/100] Elastix iso 03_to_01_pair.npy …
[P4_DIR]     12s
[P4_DIR] [22/100] Elastix iso 03_to_02_pair.npy …
[P4_DIR]     12s
[P4_DIR] [24/100] Elastix iso 03_to_04_pair.npy …
[P4_DIR]     12s
[P4_DIR] [25/100] Elastix iso 03_to_05_pair.npy …
[P4_DIR]     12s
[P4_DIR] [26/100] Elastix iso 03_to_06_pair.npy …
[P4_DIR]     12s
[P4_DIR] [27/100] Elastix iso 03_to_07_pair.npy …
[P4_DIR]     12s
[P4_DIR] [28/100] Elastix iso 03_to_08_pair.npy …
[P4_DIR]     12s
[P4_DIR] [29/100] Elastix iso 03_to_09_pair.npy …
[P4_DIR]     12s
[P4_DIR] [30/100] Elastix iso 03_to_10_pair.npy …
[P4_DIR]     12s
[P4_DIR] [31/100] Elastix iso 04_to_01_pair.npy …
[P4_DIR]     12s
[P4_DIR] [32/100] Elastix iso 04_to_02_pair.npy …
[P4_DIR]     12s
[P4_DIR] [33/100] Elastix iso 04_to_03_pair.npy …
[P4_DIR]     12s
[P4_DIR] [35/100] Elastix iso 04_to_05_pair.npy …
[P4_DIR]     12s
[P4_DIR] [36/100] Elastix iso 04_to_06_pair.npy …
[P4_DIR]     12s
[P4_DIR] [37/100] Elastix iso 04_to_07_pair.npy …
[P4_DIR]     11s
[P4_DIR] [38/100] Elastix iso 04_to_08_pair.npy …
[P4_DIR]     12s
[P4_DIR] [39/100] Elastix iso 04_to_09_pair.npy …
[P4_DIR]     12s
[P4_DIR] [40/100] Elastix iso 04_to_10_pair.npy …
[P4_DIR]     12s
[P4_DIR] [41/100] Elastix iso 05_to_01_pair.npy …
[P4_DIR]     12s
[P4_DIR] [42/100] Elastix iso 05_to_02_pair.npy …
[P4_DIR]     12s
[P4_DIR] [43/100] Elastix iso 05_to_03_pair.npy …
[P4_DIR]     12s
[P4_DIR] [44/100] Elastix iso 05_to_04_pair.npy …
[P4_DIR]     11s
[P4_DIR] [46/100] Elastix iso 05_to_06_pair.npy …
[P4_DIR]     12s
[P4_DIR] [47/100] Elastix iso 05_to_07_pair.npy …
[P4_DIR]     12s
[P4_DIR] [48/100] Elastix iso 05_to_08_pair.npy …
[P4_DIR]     12s
[P4_DIR] [49/100] Elastix iso 05_to_09_pair.npy …
[P4_DIR]     12s
[P4_DIR] [50/100] Elastix iso 05_to_10_pair.npy …
[P4_DIR]     11s
[P4_DIR] [51/100] Elastix iso 06_to_01_pair.npy …
[P4_DIR]     11s
[P4_DIR] [52/100] Elastix iso 06_to_02_pair.npy …
[P4_DIR]     12s
[P4_DIR] [53/100] Elastix iso 06_to_03_pair.npy …
[P4_DIR]     11s
[P4_DIR] [54/100] Elastix iso 06_to_04_pair.npy …
[P4_DIR]     12s
[P4_DIR] [55/100] Elastix iso 06_to_05_pair.npy …
[P4_DIR]     11s
[P4_DIR] [57/100] Elastix iso 06_to_07_pair.npy …
[P4_DIR]     12s
[P4_DIR] [58/100] Elastix iso 06_to_08_pair.npy …
[P4_DIR]     12s
[P4_DIR] [59/100] Elastix iso 06_to_09_pair.npy …
[P4_DIR]     12s
[P4_DIR] [60/100] Elastix iso 06_to_10_pair.npy …
[P4_DIR]     12s
[P4_DIR] [61/100] Elastix iso 07_to_01_pair.npy …
[P4_DIR]     12s
[P4_DIR] [62/100] Elastix iso 07_to_02_pair.npy …
[P4_DIR]     12s
[P4_DIR] [63/100] Elastix iso 07_to_03_pair.npy …
[P4_DIR]     12s
[P4_DIR] [64/100] Elastix iso 07_to_04_pair.npy …
[P4_DIR]     12s
[P4_DIR] [65/100] Elastix iso 07_to_05_pair.npy …
[P4_DIR]     12s
[P4_DIR] [66/100] Elastix iso 07_to_06_pair.npy …
[P4_DIR]     12s
[P4_DIR] [68/100] Elastix iso 07_to_08_pair.npy …
[P4_DIR]     12s
[P4_DIR] [69/100] Elastix iso 07_to_09_pair.npy …
[P4_DIR]     11s
[P4_DIR] [70/100] Elastix iso 07_to_10_pair.npy …
[P4_DIR]     12s
[P4_DIR] [71/100] Elastix iso 08_to_01_pair.npy …
[P4_DIR]     12s
[P4_DIR] [72/100] Elastix iso 08_to_02_pair.npy …
[P4_DIR]     12s
[P4_DIR] [73/100] Elastix iso 08_to_03_pair.npy …
[P4_DIR]     12s
[P4_DIR] [74/100] Elastix iso 08_to_04_pair.npy …
[P4_DIR]     12s
[P4_DIR] [75/100] Elastix iso 08_to_05_pair.npy …
[P4_DIR]     11s
[P4_DIR] [76/100] Elastix iso 08_to_06_pair.npy …
[P4_DIR]     12s
[P4_DIR] [77/100] Elastix iso 08_to_07_pair.npy …
[P4_DIR]     12s
[P4_DIR] [79/100] Elastix iso 08_to_09_pair.npy …
[P4_DIR]     11s
[P4_DIR] [80/100] Elastix iso 08_to_10_pair.npy …
[P4_DIR]     12s
[P4_DIR] [81/100] Elastix iso 09_to_01_pair.npy …
[P4_DIR]     12s
[P4_DIR] [82/100] Elastix iso 09_to_02_pair.npy …
[P4_DIR]     12s
[P4_DIR] [83/100] Elastix iso 09_to_03_pair.npy …
[P4_DIR]     12s
[P4_DIR] [84/100] Elastix iso 09_to_04_pair.npy …
[P4_DIR]     12s
[P4_DIR] [85/100] Elastix iso 09_to_05_pair.npy …
[P4_DIR]     12s
[P4_DIR] [86/100] Elastix iso 09_to_06_pair.npy …
[P4_DIR]     12s
[P4_DIR] [87/100] Elastix iso 09_to_07_pair.npy …
[P4_DIR]     11s
[P4_DIR] [88/100] Elastix iso 09_to_08_pair.npy …
[P4_DIR]     12s
[P4_DIR] [90/100] Elastix iso 09_to_10_pair.npy …
[P4_DIR]     12s
[P4_DIR] [91/100] Elastix iso 10_to_01_pair.npy …
[P4_DIR]     11s
[P4_DIR] [92/100] Elastix iso 10_to_02_pair.npy …
[P4_DIR]     12s
[P4_DIR] [93/100] Elastix iso 10_to_03_pair.npy …
[P4_DIR]     12s
[P4_DIR] [94/100] Elastix iso 10_to_04_pair.npy …
[P4_DIR]     12s
[P4_DIR] [95/100] Elastix iso 10_to_05_pair.npy …
[P4_DIR]     12s
[P4_DIR] [96/100] Elastix iso 10_to_06_pair.npy …
[P4_DIR]     12s
[P4_DIR] [97/100] Elastix iso 10_to_07_pair.npy …
[P4_DIR]     12s
[P4_DIR] [98/100] Elastix iso 10_to_08_pair.npy …
[P4_DIR]     12s
[P4_DIR] [99/100] Elastix iso 10_to_09_pair.npy …
[P4_DIR]     11s
[P4_DIR] DONE 1058s reg=90 id=10 skip=0
[P5_DIR] iso CT (160, 160, 160) mask_vox=722381
[P5_DIR] [2/100] Elastix iso 01_to_02_pair.npy …
[P5_DIR]     12s
[P5_DIR] [3/100] Elastix iso 01_to_03_pair.npy …
[P5_DIR]     12s
[P5_DIR] [4/100] Elastix iso 01_to_04_pair.npy …
[P5_DIR]     12s
[P5_DIR] [5/100] Elastix iso 01_to_05_pair.npy …
[P5_DIR]     12s
[P5_DIR] [6/100] Elastix iso 01_to_06_pair.npy …
[P5_DIR]     12s
[P5_DIR] [7/100] Elastix iso 01_to_07_pair.npy …
[P5_DIR]     12s
[P5_DIR] [8/100] Elastix iso 01_to_08_pair.npy …
[P5_DIR]     11s
[P5_DIR] [9/100] Elastix iso 01_to_09_pair.npy …
[P5_DIR]     12s
[P5_DIR] [10/100] Elastix iso 01_to_10_pair.npy …
[P5_DIR]     12s
[P5_DIR] [11/100] Elastix iso 02_to_01_pair.npy …
[P5_DIR]     12s
[P5_DIR] [13/100] Elastix iso 02_to_03_pair.npy …
[P5_DIR]     12s
[P5_DIR] [14/100] Elastix iso 02_to_04_pair.npy …
[P5_DIR]     12s
[P5_DIR] [15/100] Elastix iso 02_to_05_pair.npy …
[P5_DIR]     12s
[P5_DIR] [16/100] Elastix iso 02_to_06_pair.npy …
[P5_DIR]     11s
[P5_DIR] [17/100] Elastix iso 02_to_07_pair.npy …
[P5_DIR]     11s
[P5_DIR] [18/100] Elastix iso 02_to_08_pair.npy …
[P5_DIR]     12s
[P5_DIR] [19/100] Elastix iso 02_to_09_pair.npy …
[P5_DIR]     12s
[P5_DIR] [20/100] Elastix iso 02_to_10_pair.npy …
[P5_DIR]     12s
[P5_DIR] [21/100] Elastix iso 03_to_01_pair.npy …
[P5_DIR]     11s
[P5_DIR] [22/100] Elastix iso 03_to_02_pair.npy …
[P5_DIR]     12s
[P5_DIR] [24/100] Elastix iso 03_to_04_pair.npy …
[P5_DIR]     12s
[P5_DIR] [25/100] Elastix iso 03_to_05_pair.npy …
[P5_DIR]     12s
[P5_DIR] [26/100] Elastix iso 03_to_06_pair.npy …
[P5_DIR]     12s
[P5_DIR] [27/100] Elastix iso 03_to_07_pair.npy …
[P5_DIR]     12s
[P5_DIR] [28/100] Elastix iso 03_to_08_pair.npy …
[P5_DIR]     11s
[P5_DIR] [29/100] Elastix iso 03_to_09_pair.npy …
[P5_DIR]     12s
[P5_DIR] [30/100] Elastix iso 03_to_10_pair.npy …
[P5_DIR]     11s
[P5_DIR] [31/100] Elastix iso 04_to_01_pair.npy …
[P5_DIR]     12s
[P5_DIR] [32/100] Elastix iso 04_to_02_pair.npy …
[P5_DIR]     12s
[P5_DIR] [33/100] Elastix iso 04_to_03_pair.npy …
[P5_DIR]     12s
[P5_DIR] [35/100] Elastix iso 04_to_05_pair.npy …
[P5_DIR]     12s
[P5_DIR] [36/100] Elastix iso 04_to_06_pair.npy …
[P5_DIR]     12s
[P5_DIR] [37/100] Elastix iso 04_to_07_pair.npy …
[P5_DIR]     12s
[P5_DIR] [38/100] Elastix iso 04_to_08_pair.npy …
[P5_DIR]     12s
[P5_DIR] [39/100] Elastix iso 04_to_09_pair.npy …
[P5_DIR]     12s
[P5_DIR] [40/100] Elastix iso 04_to_10_pair.npy …
[P5_DIR]     12s
[P5_DIR] [41/100] Elastix iso 05_to_01_pair.npy …
[P5_DIR]     12s
[P5_DIR] [42/100] Elastix iso 05_to_02_pair.npy …
[P5_DIR]     12s
[P5_DIR] [43/100] Elastix iso 05_to_03_pair.npy …
[P5_DIR]     12s
[P5_DIR] [44/100] Elastix iso 05_to_04_pair.npy …
[P5_DIR]     12s
[P5_DIR] [46/100] Elastix iso 05_to_06_pair.npy …
[P5_DIR]     12s
[P5_DIR] [47/100] Elastix iso 05_to_07_pair.npy …
[P5_DIR]     12s
[P5_DIR] [48/100] Elastix iso 05_to_08_pair.npy …
[P5_DIR]     12s
[P5_DIR] [49/100] Elastix iso 05_to_09_pair.npy …
[P5_DIR]     12s
[P5_DIR] [50/100] Elastix iso 05_to_10_pair.npy …
[P5_DIR]     12s
[P5_DIR] [51/100] Elastix iso 06_to_01_pair.npy …
[P5_DIR]     12s
[P5_DIR] [52/100] Elastix iso 06_to_02_pair.npy …
[P5_DIR]     12s
[P5_DIR] [53/100] Elastix iso 06_to_03_pair.npy …
[P5_DIR]     12s
[P5_DIR] [54/100] Elastix iso 06_to_04_pair.npy …
[P5_DIR]     11s
[P5_DIR] [55/100] Elastix iso 06_to_05_pair.npy …
[P5_DIR]     12s
[P5_DIR] [57/100] Elastix iso 06_to_07_pair.npy …
[P5_DIR]     12s
[P5_DIR] [58/100] Elastix iso 06_to_08_pair.npy …
[P5_DIR]     11s
[P5_DIR] [59/100] Elastix iso 06_to_09_pair.npy …
[P5_DIR]     11s
[P5_DIR] [60/100] Elastix iso 06_to_10_pair.npy …
[P5_DIR]     12s
[P5_DIR] [61/100] Elastix iso 07_to_01_pair.npy …
[P5_DIR]     11s
[P5_DIR] [62/100] Elastix iso 07_to_02_pair.npy …
[P5_DIR]     12s
[P5_DIR] [63/100] Elastix iso 07_to_03_pair.npy …
[P5_DIR]     12s
[P5_DIR] [64/100] Elastix iso 07_to_04_pair.npy …
[P5_DIR]     12s
[P5_DIR] [65/100] Elastix iso 07_to_05_pair.npy …
[P5_DIR]     12s
[P5_DIR] [66/100] Elastix iso 07_to_06_pair.npy …
[P5_DIR]     12s
[P5_DIR] [68/100] Elastix iso 07_to_08_pair.npy …
[P5_DIR]     12s
[P5_DIR] [69/100] Elastix iso 07_to_09_pair.npy …
[P5_DIR]     12s
[P5_DIR] [70/100] Elastix iso 07_to_10_pair.npy …
[P5_DIR]     12s
[P5_DIR] [71/100] Elastix iso 08_to_01_pair.npy …
[P5_DIR]     12s
[P5_DIR] [72/100] Elastix iso 08_to_02_pair.npy …
[P5_DIR]     12s
[P5_DIR] [73/100] Elastix iso 08_to_03_pair.npy …
[P5_DIR]     12s
[P5_DIR] [74/100] Elastix iso 08_to_04_pair.npy …
[P5_DIR]     12s
[P5_DIR] [75/100] Elastix iso 08_to_05_pair.npy …
[P5_DIR]     12s
[P5_DIR] [76/100] Elastix iso 08_to_06_pair.npy …
[P5_DIR]     12s
[P5_DIR] [77/100] Elastix iso 08_to_07_pair.npy …
[P5_DIR]     11s
[P5_DIR] [79/100] Elastix iso 08_to_09_pair.npy …
[P5_DIR]     12s
[P5_DIR] [80/100] Elastix iso 08_to_10_pair.npy …
[P5_DIR]     12s
[P5_DIR] [81/100] Elastix iso 09_to_01_pair.npy …
[P5_DIR]     12s
[P5_DIR] [82/100] Elastix iso 09_to_02_pair.npy …
[P5_DIR]     12s
[P5_DIR] [83/100] Elastix iso 09_to_03_pair.npy …
[P5_DIR]     12s
[P5_DIR] [84/100] Elastix iso 09_to_04_pair.npy …
[P5_DIR]     12s
[P5_DIR] [85/100] Elastix iso 09_to_05_pair.npy …
[P5_DIR]     12s
[P5_DIR] [86/100] Elastix iso 09_to_06_pair.npy …
[P5_DIR]     12s
[P5_DIR] [87/100] Elastix iso 09_to_07_pair.npy …
[P5_DIR]     12s
[P5_DIR] [88/100] Elastix iso 09_to_08_pair.npy …
[P5_DIR]     12s
[P5_DIR] [90/100] Elastix iso 09_to_10_pair.npy …
[P5_DIR]     12s
[P5_DIR] [91/100] Elastix iso 10_to_01_pair.npy …
[P5_DIR]     12s
[P5_DIR] [92/100] Elastix iso 10_to_02_pair.npy …
[P5_DIR]     12s
[P5_DIR] [93/100] Elastix iso 10_to_03_pair.npy …
[P5_DIR]     12s
[P5_DIR] [94/100] Elastix iso 10_to_04_pair.npy …
[P5_DIR]     12s
[P5_DIR] [95/100] Elastix iso 10_to_05_pair.npy …
[P5_DIR]     12s
[P5_DIR] [96/100] Elastix iso 10_to_06_pair.npy …
[P5_DIR]     12s
[P5_DIR] [97/100] Elastix iso 10_to_07_pair.npy …
[P5_DIR]     12s
[P5_DIR] [98/100] Elastix iso 10_to_08_pair.npy …
[P5_DIR]     11s
[P5_DIR] [99/100] Elastix iso 10_to_09_pair.npy …
[P5_DIR]     12s
[P5_DIR] DONE 1064s reg=90 id=10 skip=0
[P6_DIR] iso CT (160, 160, 160) mask_vox=669288
[P6_DIR] [2/100] Elastix iso 01_to_02_pair.npy …
[P6_DIR]     12s
[P6_DIR] [3/100] Elastix iso 01_to_03_pair.npy …
[P6_DIR]     12s
[P6_DIR] [4/100] Elastix iso 01_to_04_pair.npy …
[P6_DIR]     12s
[P6_DIR] [5/100] Elastix iso 01_to_05_pair.npy …
[P6_DIR]     12s
[P6_DIR] [6/100] Elastix iso 01_to_06_pair.npy …
[P6_DIR]     12s
[P6_DIR] [7/100] Elastix iso 01_to_07_pair.npy …
[P6_DIR]     12s
[P6_DIR] [8/100] Elastix iso 01_to_08_pair.npy …
[P6_DIR]     12s
[P6_DIR] [9/100] Elastix iso 01_to_09_pair.npy …
[P6_DIR]     12s
[P6_DIR] [10/100] Elastix iso 01_to_10_pair.npy …
[P6_DIR]     12s
[P6_DIR] [11/100] Elastix iso 02_to_01_pair.npy …
[P6_DIR]     12s
[P6_DIR] [13/100] Elastix iso 02_to_03_pair.npy …
[P6_DIR]     12s
[P6_DIR] [14/100] Elastix iso 02_to_04_pair.npy …
[P6_DIR]     12s
[P6_DIR] [15/100] Elastix iso 02_to_05_pair.npy …
[P6_DIR]     12s
[P6_DIR] [16/100] Elastix iso 02_to_06_pair.npy …
[P6_DIR]     11s
[P6_DIR] [17/100] Elastix iso 02_to_07_pair.npy …
[P6_DIR]     12s
[P6_DIR] [18/100] Elastix iso 02_to_08_pair.npy …
[P6_DIR]     12s
[P6_DIR] [19/100] Elastix iso 02_to_09_pair.npy …
[P6_DIR]     12s
[P6_DIR] [20/100] Elastix iso 02_to_10_pair.npy …
[P6_DIR]     12s
[P6_DIR] [21/100] Elastix iso 03_to_01_pair.npy …
[P6_DIR]     12s
[P6_DIR] [22/100] Elastix iso 03_to_02_pair.npy …
[P6_DIR]     12s
[P6_DIR] [24/100] Elastix iso 03_to_04_pair.npy …
[P6_DIR]     12s
[P6_DIR] [25/100] Elastix iso 03_to_05_pair.npy …
[P6_DIR]     12s
[P6_DIR] [26/100] Elastix iso 03_to_06_pair.npy …
[P6_DIR]     12s
[P6_DIR] [27/100] Elastix iso 03_to_07_pair.npy …
[P6_DIR]     11s
[P6_DIR] [28/100] Elastix iso 03_to_08_pair.npy …
[P6_DIR]     12s
[P6_DIR] [29/100] Elastix iso 03_to_09_pair.npy …
[P6_DIR]     12s
[P6_DIR] [30/100] Elastix iso 03_to_10_pair.npy …
[P6_DIR]     12s
[P6_DIR] [31/100] Elastix iso 04_to_01_pair.npy …
[P6_DIR]     12s
[P6_DIR] [32/100] Elastix iso 04_to_02_pair.npy …
[P6_DIR]     12s
[P6_DIR] [33/100] Elastix iso 04_to_03_pair.npy …
[P6_DIR]     12s
[P6_DIR] [35/100] Elastix iso 04_to_05_pair.npy …
[P6_DIR]     12s
[P6_DIR] [36/100] Elastix iso 04_to_06_pair.npy …
[P6_DIR]     12s
[P6_DIR] [37/100] Elastix iso 04_to_07_pair.npy …
[P6_DIR]     12s
[P6_DIR] [38/100] Elastix iso 04_to_08_pair.npy …
[P6_DIR]     12s
[P6_DIR] [39/100] Elastix iso 04_to_09_pair.npy …
[P6_DIR]     12s
[P6_DIR] [40/100] Elastix iso 04_to_10_pair.npy …
[P6_DIR]     12s
[P6_DIR] [41/100] Elastix iso 05_to_01_pair.npy …
[P6_DIR]     12s
[P6_DIR] [42/100] Elastix iso 05_to_02_pair.npy …
[P6_DIR]     11s
[P6_DIR] [43/100] Elastix iso 05_to_03_pair.npy …
[P6_DIR]     11s
[P6_DIR] [44/100] Elastix iso 05_to_04_pair.npy …
[P6_DIR]     12s
[P6_DIR] [46/100] Elastix iso 05_to_06_pair.npy …
[P6_DIR]     12s
[P6_DIR] [47/100] Elastix iso 05_to_07_pair.npy …
[P6_DIR]     12s
[P6_DIR] [48/100] Elastix iso 05_to_08_pair.npy …
[P6_DIR]     12s
[P6_DIR] [49/100] Elastix iso 05_to_09_pair.npy …
[P6_DIR]     12s
[P6_DIR] [50/100] Elastix iso 05_to_10_pair.npy …
[P6_DIR]     12s
[P6_DIR] [51/100] Elastix iso 06_to_01_pair.npy …
[P6_DIR]     12s
[P6_DIR] [52/100] Elastix iso 06_to_02_pair.npy …
[P6_DIR]     12s
[P6_DIR] [53/100] Elastix iso 06_to_03_pair.npy …
[P6_DIR]     12s
[P6_DIR] [54/100] Elastix iso 06_to_04_pair.npy …
[P6_DIR]     12s
[P6_DIR] [55/100] Elastix iso 06_to_05_pair.npy …
[P6_DIR]     12s
[P6_DIR] [57/100] Elastix iso 06_to_07_pair.npy …
[P6_DIR]     12s
[P6_DIR] [58/100] Elastix iso 06_to_08_pair.npy …
[P6_DIR]     12s
[P6_DIR] [59/100] Elastix iso 06_to_09_pair.npy …
[P6_DIR]     11s
[P6_DIR] [60/100] Elastix iso 06_to_10_pair.npy …
[P6_DIR]     12s
[P6_DIR] [61/100] Elastix iso 07_to_01_pair.npy …
[P6_DIR]     12s
[P6_DIR] [62/100] Elastix iso 07_to_02_pair.npy …
[P6_DIR]     12s
[P6_DIR] [63/100] Elastix iso 07_to_03_pair.npy …
[P6_DIR]     12s
[P6_DIR] [64/100] Elastix iso 07_to_04_pair.npy …
[P6_DIR]     12s
[P6_DIR] [65/100] Elastix iso 07_to_05_pair.npy …
[P6_DIR]     12s
[P6_DIR] [66/100] Elastix iso 07_to_06_pair.npy …
[P6_DIR]     12s
[P6_DIR] [68/100] Elastix iso 07_to_08_pair.npy …
[P6_DIR]     12s
[P6_DIR] [69/100] Elastix iso 07_to_09_pair.npy …
[P6_DIR]     12s
[P6_DIR] [70/100] Elastix iso 07_to_10_pair.npy …
[P6_DIR]     11s
[P6_DIR] [71/100] Elastix iso 08_to_01_pair.npy …
[P6_DIR]     12s
[P6_DIR] [72/100] Elastix iso 08_to_02_pair.npy …
[P6_DIR]     12s
[P6_DIR] [73/100] Elastix iso 08_to_03_pair.npy …
[P6_DIR]     12s
[P6_DIR] [74/100] Elastix iso 08_to_04_pair.npy …
[P6_DIR]     12s
[P6_DIR] [75/100] Elastix iso 08_to_05_pair.npy …
[P6_DIR]     12s
[P6_DIR] [76/100] Elastix iso 08_to_06_pair.npy …
[P6_DIR]     12s
[P6_DIR] [77/100] Elastix iso 08_to_07_pair.npy …
[P6_DIR]     12s
[P6_DIR] [79/100] Elastix iso 08_to_09_pair.npy …
[P6_DIR]     12s
[P6_DIR] [80/100] Elastix iso 08_to_10_pair.npy …
[P6_DIR]     12s
[P6_DIR] [81/100] Elastix iso 09_to_01_pair.npy …
[P6_DIR]     12s
[P6_DIR] [82/100] Elastix iso 09_to_02_pair.npy …
[P6_DIR]     12s
[P6_DIR] [83/100] Elastix iso 09_to_03_pair.npy …
[P6_DIR]     12s
[P6_DIR] [84/100] Elastix iso 09_to_04_pair.npy …
[P6_DIR]     12s
[P6_DIR] [85/100] Elastix iso 09_to_05_pair.npy …
[P6_DIR]     12s
[P6_DIR] [86/100] Elastix iso 09_to_06_pair.npy …
[P6_DIR]     12s
[P6_DIR] [87/100] Elastix iso 09_to_07_pair.npy …
[P6_DIR]     12s
[P6_DIR] [88/100] Elastix iso 09_to_08_pair.npy …
[P6_DIR]     11s
[P6_DIR] [90/100] Elastix iso 09_to_10_pair.npy …
[P6_DIR]     12s
[P6_DIR] [91/100] Elastix iso 10_to_01_pair.npy …
[P6_DIR]     12s
[P6_DIR] [92/100] Elastix iso 10_to_02_pair.npy …
[P6_DIR]     12s
[P6_DIR] [93/100] Elastix iso 10_to_03_pair.npy …
[P6_DIR]     12s
[P6_DIR] [94/100] Elastix iso 10_to_04_pair.npy …
[P6_DIR]     12s
[P6_DIR] [95/100] Elastix iso 10_to_05_pair.npy …
[P6_DIR]     12s
[P6_DIR] [96/100] Elastix iso 10_to_06_pair.npy …
[P6_DIR]     12s
[P6_DIR] [97/100] Elastix iso 10_to_07_pair.npy …
[P6_DIR]     12s
[P6_DIR] [98/100] Elastix iso 10_to_08_pair.npy …
[P6_DIR]     12s
[P6_DIR] [99/100] Elastix iso 10_to_09_pair.npy …
[P6_DIR]     12s
[P6_DIR] DONE 1063s reg=90 id=10 skip=0
[P7_DIR] iso CT (160, 160, 160) mask_vox=805888
[P7_DIR] [2/100] Elastix iso 01_to_02_pair.npy …
[P7_DIR]     12s
[P7_DIR] [3/100] Elastix iso 01_to_03_pair.npy …
[P7_DIR]     12s
[P7_DIR] [4/100] Elastix iso 01_to_04_pair.npy …
[P7_DIR]     12s
[P7_DIR] [5/100] Elastix iso 01_to_05_pair.npy …
[P7_DIR]     12s
[P7_DIR] [6/100] Elastix iso 01_to_06_pair.npy …
[P7_DIR]     12s
[P7_DIR] [7/100] Elastix iso 01_to_07_pair.npy …
[P7_DIR]     12s
[P7_DIR] [8/100] Elastix iso 01_to_08_pair.npy …
[P7_DIR]     12s
[P7_DIR] [9/100] Elastix iso 01_to_09_pair.npy …
[P7_DIR]     12s
[P7_DIR] [10/100] Elastix iso 01_to_10_pair.npy …
[P7_DIR]     12s
[P7_DIR] [11/100] Elastix iso 02_to_01_pair.npy …
[P7_DIR]     12s
[P7_DIR] [13/100] Elastix iso 02_to_03_pair.npy …
[P7_DIR]     12s
[P7_DIR] [14/100] Elastix iso 02_to_04_pair.npy …
[P7_DIR]     12s
[P7_DIR] [15/100] Elastix iso 02_to_05_pair.npy …
[P7_DIR]     12s
[P7_DIR] [16/100] Elastix iso 02_to_06_pair.npy …
[P7_DIR]     12s
[P7_DIR] [17/100] Elastix iso 02_to_07_pair.npy …
[P7_DIR]     12s
[P7_DIR] [18/100] Elastix iso 02_to_08_pair.npy …
[P7_DIR]     12s
[P7_DIR] [19/100] Elastix iso 02_to_09_pair.npy …
[P7_DIR]     12s
[P7_DIR] [20/100] Elastix iso 02_to_10_pair.npy …
[P7_DIR]     12s
Traceback (most recent call last):
  File "/home/abhishek/Voxel_GAN/PopulationStudy/DIR-Experiments/Experiment2/scripts/prepare_dir_dvf_library_iso.py", line 137, in <module>
    main()
  File "/home/abhishek/Voxel_GAN/PopulationStudy/DIR-Experiments/Experiment2/scripts/prepare_dir_dvf_library_iso.py", line 132, in main
    process_patient(pid, args.packed_root, args.param_file, args.skip_existing, args.max_pairs)
  File "/home/abhishek/Voxel_GAN/PopulationStudy/DIR-Experiments/Experiment2/scripts/prepare_dir_dvf_library_iso.py", line 105, in process_patient
    np.save(out_path, dvf.astype(np.float32))
  File "/home/abhishek/Documents/LEARN-GUI/LEARN-GUI-Python/.venv/lib/python3.12/site-packages/numpy/lib/_npyio_impl.py", line 572, in save
    format.write_array(fid, arr, allow_pickle=allow_pickle)
  File "/home/abhishek/Documents/LEARN-GUI/LEARN-GUI-Python/.venv/lib/python3.12/site-packages/numpy/lib/_format_impl.py", line 772, in write_array
    array.tofile(fp)
OSError: Not enough free space to write 49152000 bytes after offset 128
=== wait pack 2026-09-02T11:24:58+10:00 ===
=== prepare_dir_dvf_library_iso 2026-09-02T11:24:58+10:00 ===
[P1_DIR] iso CT (160, 160, 160) mask_vox=520004
[P1_DIR] DONE 0s reg=0 id=0 skip=100
[P2_DIR] iso CT (160, 160, 160) mask_vox=1101696
[P2_DIR] DONE 0s reg=0 id=0 skip=100
[P3_DIR] iso CT (160, 160, 160) mask_vox=885108
[P3_DIR] DONE 0s reg=0 id=0 skip=100
[P4_DIR] iso CT (160, 160, 160) mask_vox=680763
[P4_DIR] DONE 0s reg=0 id=0 skip=100
[P5_DIR] iso CT (160, 160, 160) mask_vox=722381
[P5_DIR] DONE 0s reg=0 id=0 skip=100
[P6_DIR] iso CT (160, 160, 160) mask_vox=669288
[P6_DIR] DONE 0s reg=0 id=0 skip=100
[P7_DIR] iso CT (160, 160, 160) mask_vox=805888
[P7_DIR] [21/100] Elastix iso 03_to_01_pair.npy …
[P7_DIR]     21s
[P7_DIR] [22/100] Elastix iso 03_to_02_pair.npy …
[P7_DIR]     12s
[P7_DIR] [24/100] Elastix iso 03_to_04_pair.npy …
[P7_DIR]     12s
[P7_DIR] [25/100] Elastix iso 03_to_05_pair.npy …
[P7_DIR]     12s
[P7_DIR] [26/100] Elastix iso 03_to_06_pair.npy …
[P7_DIR]     12s
[P7_DIR] [27/100] Elastix iso 03_to_07_pair.npy …
[P7_DIR]     12s
[P7_DIR] [28/100] Elastix iso 03_to_08_pair.npy …
[P7_DIR]     12s
[P7_DIR] [29/100] Elastix iso 03_to_09_pair.npy …
[P7_DIR]     12s
[P7_DIR] [30/100] Elastix iso 03_to_10_pair.npy …
[P7_DIR]     12s
[P7_DIR] [31/100] Elastix iso 04_to_01_pair.npy …
[P7_DIR]     12s
[P7_DIR] [32/100] Elastix iso 04_to_02_pair.npy …
[P7_DIR]     12s
[P7_DIR] [33/100] Elastix iso 04_to_03_pair.npy …
[P7_DIR]     12s
[P7_DIR] [35/100] Elastix iso 04_to_05_pair.npy …
[P7_DIR]     12s
[P7_DIR] [36/100] Elastix iso 04_to_06_pair.npy …
[P7_DIR]     11s
[P7_DIR] [37/100] Elastix iso 04_to_07_pair.npy …
[P7_DIR]     12s
[P7_DIR] [38/100] Elastix iso 04_to_08_pair.npy …
[P7_DIR]     12s
[P7_DIR] [39/100] Elastix iso 04_to_09_pair.npy …
[P7_DIR]     12s
[P7_DIR] [40/100] Elastix iso 04_to_10_pair.npy …
[P7_DIR]     12s
[P7_DIR] [41/100] Elastix iso 05_to_01_pair.npy …
[P7_DIR]     12s
[P7_DIR] [42/100] Elastix iso 05_to_02_pair.npy …
[P7_DIR]     12s
[P7_DIR] [43/100] Elastix iso 05_to_03_pair.npy …
[P7_DIR]     11s
[P7_DIR] [44/100] Elastix iso 05_to_04_pair.npy …
[P7_DIR]     12s
[P7_DIR] [46/100] Elastix iso 05_to_06_pair.npy …
[P7_DIR]     12s
[P7_DIR] [47/100] Elastix iso 05_to_07_pair.npy …
[P7_DIR]     12s
[P7_DIR] [48/100] Elastix iso 05_to_08_pair.npy …
[P7_DIR]     11s
[P7_DIR] [49/100] Elastix iso 05_to_09_pair.npy …
[P7_DIR]     11s
[P7_DIR] [50/100] Elastix iso 05_to_10_pair.npy …
[P7_DIR]     12s
[P7_DIR] [51/100] Elastix iso 06_to_01_pair.npy …
[P7_DIR]     12s
[P7_DIR] [52/100] Elastix iso 06_to_02_pair.npy …
[P7_DIR]     12s
[P7_DIR] [53/100] Elastix iso 06_to_03_pair.npy …
[P7_DIR]     12s
[P7_DIR] [54/100] Elastix iso 06_to_04_pair.npy …
[P7_DIR]     12s
[P7_DIR] [55/100] Elastix iso 06_to_05_pair.npy …
[P7_DIR]     12s
[P7_DIR] [57/100] Elastix iso 06_to_07_pair.npy …
[P7_DIR]     12s
[P7_DIR] [58/100] Elastix iso 06_to_08_pair.npy …
[P7_DIR]     12s
[P7_DIR] [59/100] Elastix iso 06_to_09_pair.npy …
[P7_DIR]     12s
[P7_DIR] [60/100] Elastix iso 06_to_10_pair.npy …
[P7_DIR]     12s
[P7_DIR] [61/100] Elastix iso 07_to_01_pair.npy …
[P7_DIR]     12s
[P7_DIR] [62/100] Elastix iso 07_to_02_pair.npy …
[P7_DIR]     12s
[P7_DIR] [63/100] Elastix iso 07_to_03_pair.npy …
[P7_DIR]     12s
[P7_DIR] [64/100] Elastix iso 07_to_04_pair.npy …
[P7_DIR]     12s
[P7_DIR] [65/100] Elastix iso 07_to_05_pair.npy …
[P7_DIR]     12s
[P7_DIR] [66/100] Elastix iso 07_to_06_pair.npy …
[P7_DIR]     12s
[P7_DIR] [68/100] Elastix iso 07_to_08_pair.npy …
[P7_DIR]     12s
[P7_DIR] [69/100] Elastix iso 07_to_09_pair.npy …
[P7_DIR]     12s
[P7_DIR] [70/100] Elastix iso 07_to_10_pair.npy …
[P7_DIR]     11s
[P7_DIR] [71/100] Elastix iso 08_to_01_pair.npy …
[P7_DIR]     12s
[P7_DIR] [72/100] Elastix iso 08_to_02_pair.npy …
[P7_DIR]     12s
[P7_DIR] [73/100] Elastix iso 08_to_03_pair.npy …
[P7_DIR]     12s
[P7_DIR] [74/100] Elastix iso 08_to_04_pair.npy …
[P7_DIR]     12s
[P7_DIR] [75/100] Elastix iso 08_to_05_pair.npy …
[P7_DIR]     12s
[P7_DIR] [76/100] Elastix iso 08_to_06_pair.npy …
[P7_DIR]     12s
[P7_DIR] [77/100] Elastix iso 08_to_07_pair.npy …
[P7_DIR]     11s
[P7_DIR] [79/100] Elastix iso 08_to_09_pair.npy …
[P7_DIR]     12s
[P7_DIR] [80/100] Elastix iso 08_to_10_pair.npy …
[P7_DIR]     12s
[P7_DIR] [81/100] Elastix iso 09_to_01_pair.npy …
[P7_DIR]     12s
[P7_DIR] [82/100] Elastix iso 09_to_02_pair.npy …
[P7_DIR]     12s
[P7_DIR] [83/100] Elastix iso 09_to_03_pair.npy …
[P7_DIR]     12s
[P7_DIR] [84/100] Elastix iso 09_to_04_pair.npy …
[P7_DIR]     12s
[P7_DIR] [85/100] Elastix iso 09_to_05_pair.npy …
[P7_DIR]     12s
[P7_DIR] [86/100] Elastix iso 09_to_06_pair.npy …
[P7_DIR]     12s
[P7_DIR] [87/100] Elastix iso 09_to_07_pair.npy …
[P7_DIR]     12s
[P7_DIR] [88/100] Elastix iso 09_to_08_pair.npy …
[P7_DIR]     12s
[P7_DIR] [90/100] Elastix iso 09_to_10_pair.npy …
[P7_DIR]     12s
[P7_DIR] [91/100] Elastix iso 10_to_01_pair.npy …
[P7_DIR]     12s
[P7_DIR] [92/100] Elastix iso 10_to_02_pair.npy …
[P7_DIR]     12s
[P7_DIR] [93/100] Elastix iso 10_to_03_pair.npy …
[P7_DIR]     12s
[P7_DIR] [94/100] Elastix iso 10_to_04_pair.npy …
[P7_DIR]     12s
[P7_DIR] [95/100] Elastix iso 10_to_05_pair.npy …
[P7_DIR]     12s
[P7_DIR] [96/100] Elastix iso 10_to_06_pair.npy …
[P7_DIR]     12s
[P7_DIR] [97/100] Elastix iso 10_to_07_pair.npy …
[P7_DIR]     11s
[P7_DIR] [98/100] Elastix iso 10_to_08_pair.npy …
[P7_DIR]     12s
[P7_DIR] [99/100] Elastix iso 10_to_09_pair.npy …
[P7_DIR]     12s
[P7_DIR] DONE 866s reg=72 id=8 skip=20
[P8_DIR] iso CT (160, 160, 160) mask_vox=1074499
[P8_DIR] [2/100] Elastix iso 01_to_02_pair.npy …
[P8_DIR]     12s
[P8_DIR] [3/100] Elastix iso 01_to_03_pair.npy …
[P8_DIR]     12s
[P8_DIR] [4/100] Elastix iso 01_to_04_pair.npy …
[P8_DIR]     12s
[P8_DIR] [5/100] Elastix iso 01_to_05_pair.npy …
[P8_DIR]     12s
[P8_DIR] [6/100] Elastix iso 01_to_06_pair.npy …
[P8_DIR]     12s
[P8_DIR] [7/100] Elastix iso 01_to_07_pair.npy …
[P8_DIR]     12s
[P8_DIR] [8/100] Elastix iso 01_to_08_pair.npy …
[P8_DIR]     12s
[P8_DIR] [9/100] Elastix iso 01_to_09_pair.npy …
[P8_DIR]     12s
[P8_DIR] [10/100] Elastix iso 01_to_10_pair.npy …
[P8_DIR]     12s
[P8_DIR] [11/100] Elastix iso 02_to_01_pair.npy …
[P8_DIR]     12s
[P8_DIR] [13/100] Elastix iso 02_to_03_pair.npy …
[P8_DIR]     12s
[P8_DIR] [14/100] Elastix iso 02_to_04_pair.npy …
[P8_DIR]     12s
[P8_DIR] [15/100] Elastix iso 02_to_05_pair.npy …
[P8_DIR]     12s
[P8_DIR] [16/100] Elastix iso 02_to_06_pair.npy …
[P8_DIR]     12s
[P8_DIR] [17/100] Elastix iso 02_to_07_pair.npy …
[P8_DIR]     12s
[P8_DIR] [18/100] Elastix iso 02_to_08_pair.npy …
[P8_DIR]     13s
[P8_DIR] [19/100] Elastix iso 02_to_09_pair.npy …
[P8_DIR]     12s
[P8_DIR] [20/100] Elastix iso 02_to_10_pair.npy …
[P8_DIR]     12s
[P8_DIR] [21/100] Elastix iso 03_to_01_pair.npy …
[P8_DIR]     13s
[P8_DIR] [22/100] Elastix iso 03_to_02_pair.npy …
[P8_DIR]     12s
[P8_DIR] [24/100] Elastix iso 03_to_04_pair.npy …
[P8_DIR]     12s
[P8_DIR] [25/100] Elastix iso 03_to_05_pair.npy …
[P8_DIR]     12s
[P8_DIR] [26/100] Elastix iso 03_to_06_pair.npy …
[P8_DIR]     12s
[P8_DIR] [27/100] Elastix iso 03_to_07_pair.npy …
[P8_DIR]     12s
[P8_DIR] [28/100] Elastix iso 03_to_08_pair.npy …
[P8_DIR]     12s
[P8_DIR] [29/100] Elastix iso 03_to_09_pair.npy …
[P8_DIR]     13s
[P8_DIR] [30/100] Elastix iso 03_to_10_pair.npy …
[P8_DIR]     12s
[P8_DIR] [31/100] Elastix iso 04_to_01_pair.npy …
[P8_DIR]     12s
[P8_DIR] [32/100] Elastix iso 04_to_02_pair.npy …
[P8_DIR]     12s
[P8_DIR] [33/100] Elastix iso 04_to_03_pair.npy …
[P8_DIR]     12s
[P8_DIR] [35/100] Elastix iso 04_to_05_pair.npy …
[P8_DIR]     12s
[P8_DIR] [36/100] Elastix iso 04_to_06_pair.npy …
[P8_DIR]     12s
[P8_DIR] [37/100] Elastix iso 04_to_07_pair.npy …
[P8_DIR]     12s
[P8_DIR] [38/100] Elastix iso 04_to_08_pair.npy …
[P8_DIR]     12s
[P8_DIR] [39/100] Elastix iso 04_to_09_pair.npy …
[P8_DIR]     12s
[P8_DIR] [40/100] Elastix iso 04_to_10_pair.npy …
[P8_DIR]     12s
[P8_DIR] [41/100] Elastix iso 05_to_01_pair.npy …
[P8_DIR]     12s
[P8_DIR] [42/100] Elastix iso 05_to_02_pair.npy …
[P8_DIR]     12s
[P8_DIR] [43/100] Elastix iso 05_to_03_pair.npy …
[P8_DIR]     13s
[P8_DIR] [44/100] Elastix iso 05_to_04_pair.npy …
[P8_DIR]     13s
[P8_DIR] [46/100] Elastix iso 05_to_06_pair.npy …
[P8_DIR]     12s
[P8_DIR] [47/100] Elastix iso 05_to_07_pair.npy …
[P8_DIR]     12s
[P8_DIR] [48/100] Elastix iso 05_to_08_pair.npy …
[P8_DIR]     12s
[P8_DIR] [49/100] Elastix iso 05_to_09_pair.npy …
[P8_DIR]     12s
[P8_DIR] [50/100] Elastix iso 05_to_10_pair.npy …
[P8_DIR]     13s
[P8_DIR] [51/100] Elastix iso 06_to_01_pair.npy …
[P8_DIR]     12s
[P8_DIR] [52/100] Elastix iso 06_to_02_pair.npy …
[P8_DIR]     12s
[P8_DIR] [53/100] Elastix iso 06_to_03_pair.npy …
[P8_DIR]     12s
[P8_DIR] [54/100] Elastix iso 06_to_04_pair.npy …
[P8_DIR]     13s
[P8_DIR] [55/100] Elastix iso 06_to_05_pair.npy …
[P8_DIR]     12s
[P8_DIR] [57/100] Elastix iso 06_to_07_pair.npy …
[P8_DIR]     12s
[P8_DIR] [58/100] Elastix iso 06_to_08_pair.npy …
[P8_DIR]     12s
[P8_DIR] [59/100] Elastix iso 06_to_09_pair.npy …
[P8_DIR]     12s
[P8_DIR] [60/100] Elastix iso 06_to_10_pair.npy …
[P8_DIR]     12s
[P8_DIR] [61/100] Elastix iso 07_to_01_pair.npy …
[P8_DIR]     12s
[P8_DIR] [62/100] Elastix iso 07_to_02_pair.npy …
[P8_DIR]     12s
[P8_DIR] [63/100] Elastix iso 07_to_03_pair.npy …
[P8_DIR]     12s
[P8_DIR] [64/100] Elastix iso 07_to_04_pair.npy …
[P8_DIR]     12s
[P8_DIR] [65/100] Elastix iso 07_to_05_pair.npy …
[P8_DIR]     12s
[P8_DIR] [66/100] Elastix iso 07_to_06_pair.npy …
[P8_DIR]     13s
[P8_DIR] [68/100] Elastix iso 07_to_08_pair.npy …
[P8_DIR]     12s
[P8_DIR] [69/100] Elastix iso 07_to_09_pair.npy …
[P8_DIR]     12s
[P8_DIR] [70/100] Elastix iso 07_to_10_pair.npy …
[P8_DIR]     12s
[P8_DIR] [71/100] Elastix iso 08_to_01_pair.npy …
[P8_DIR]     13s
[P8_DIR] [72/100] Elastix iso 08_to_02_pair.npy …
[P8_DIR]     12s
[P8_DIR] [73/100] Elastix iso 08_to_03_pair.npy …
[P8_DIR]     12s
[P8_DIR] [74/100] Elastix iso 08_to_04_pair.npy …
[P8_DIR]     13s
[P8_DIR] [75/100] Elastix iso 08_to_05_pair.npy …
[P8_DIR]     12s
[P8_DIR] [76/100] Elastix iso 08_to_06_pair.npy …
[P8_DIR]     12s
[P8_DIR] [77/100] Elastix iso 08_to_07_pair.npy …
[P8_DIR]     13s
[P8_DIR] [79/100] Elastix iso 08_to_09_pair.npy …
[P8_DIR]     12s
[P8_DIR] [80/100] Elastix iso 08_to_10_pair.npy …
[P8_DIR]     13s
[P8_DIR] [81/100] Elastix iso 09_to_01_pair.npy …
[P8_DIR]     12s
[P8_DIR] [82/100] Elastix iso 09_to_02_pair.npy …
[P8_DIR]     12s
[P8_DIR] [83/100] Elastix iso 09_to_03_pair.npy …
[P8_DIR]     12s
[P8_DIR] [84/100] Elastix iso 09_to_04_pair.npy …
[P8_DIR]     12s
[P8_DIR] [85/100] Elastix iso 09_to_05_pair.npy …
[P8_DIR]     12s
[P8_DIR] [86/100] Elastix iso 09_to_06_pair.npy …
[P8_DIR]     12s
[P8_DIR] [87/100] Elastix iso 09_to_07_pair.npy …
[P8_DIR]     12s
[P8_DIR] [88/100] Elastix iso 09_to_08_pair.npy …
[P8_DIR]     12s
[P8_DIR] [90/100] Elastix iso 09_to_10_pair.npy …
[P8_DIR]     12s
[P8_DIR] [91/100] Elastix iso 10_to_01_pair.npy …
[P8_DIR]     12s
[P8_DIR] [92/100] Elastix iso 10_to_02_pair.npy …
[P8_DIR]     12s
[P8_DIR] [93/100] Elastix iso 10_to_03_pair.npy …
[P8_DIR]     12s
[P8_DIR] [94/100] Elastix iso 10_to_04_pair.npy …
[P8_DIR]     12s
[P8_DIR] [95/100] Elastix iso 10_to_05_pair.npy …
[P8_DIR]     12s
[P8_DIR] [96/100] Elastix iso 10_to_06_pair.npy …
[P8_DIR]     12s
[P8_DIR] [97/100] Elastix iso 10_to_07_pair.npy …
[P8_DIR]     12s
[P8_DIR] [98/100] Elastix iso 10_to_08_pair.npy …
[P8_DIR]     13s
[P8_DIR] [99/100] Elastix iso 10_to_09_pair.npy …
[P8_DIR]     12s
[P8_DIR] DONE 1106s reg=90 id=10 skip=0
[P9_DIR] iso CT (160, 160, 160) mask_vox=484878
[P9_DIR] [2/100] Elastix iso 01_to_02_pair.npy …
[P9_DIR]     12s
[P9_DIR] [3/100] Elastix iso 01_to_03_pair.npy …
[P9_DIR]     12s
[P9_DIR] [4/100] Elastix iso 01_to_04_pair.npy …
[P9_DIR]     12s
[P9_DIR] [5/100] Elastix iso 01_to_05_pair.npy …
[P9_DIR]     12s
[P9_DIR] [6/100] Elastix iso 01_to_06_pair.npy …
[P9_DIR]     12s
[P9_DIR] [7/100] Elastix iso 01_to_07_pair.npy …
[P9_DIR]     12s
[P9_DIR] [8/100] Elastix iso 01_to_08_pair.npy …
[P9_DIR]     12s
[P9_DIR] [9/100] Elastix iso 01_to_09_pair.npy …
[P9_DIR]     13s
[P9_DIR] [10/100] Elastix iso 01_to_10_pair.npy …
[P9_DIR]     12s
[P9_DIR] [11/100] Elastix iso 02_to_01_pair.npy …
[P9_DIR]     12s
[P9_DIR] [13/100] Elastix iso 02_to_03_pair.npy …
[P9_DIR]     12s
[P9_DIR] [14/100] Elastix iso 02_to_04_pair.npy …
[P9_DIR]     12s
[P9_DIR] [15/100] Elastix iso 02_to_05_pair.npy …
[P9_DIR]     12s
[P9_DIR] [16/100] Elastix iso 02_to_06_pair.npy …
[P9_DIR]     12s
[P9_DIR] [17/100] Elastix iso 02_to_07_pair.npy …
[P9_DIR]     12s
[P9_DIR] [18/100] Elastix iso 02_to_08_pair.npy …
[P9_DIR]     12s
[P9_DIR] [19/100] Elastix iso 02_to_09_pair.npy …
[P9_DIR]     12s
[P9_DIR] [20/100] Elastix iso 02_to_10_pair.npy …
[P9_DIR]     12s
[P9_DIR] [21/100] Elastix iso 03_to_01_pair.npy …
[P9_DIR]     12s
[P9_DIR] [22/100] Elastix iso 03_to_02_pair.npy …
[P9_DIR]     12s
[P9_DIR] [24/100] Elastix iso 03_to_04_pair.npy …
[P9_DIR]     12s
[P9_DIR] [25/100] Elastix iso 03_to_05_pair.npy …
[P9_DIR]     12s
[P9_DIR] [26/100] Elastix iso 03_to_06_pair.npy …
[P9_DIR]     12s
[P9_DIR] [27/100] Elastix iso 03_to_07_pair.npy …
[P9_DIR]     12s
[P9_DIR] [28/100] Elastix iso 03_to_08_pair.npy …
[P9_DIR]     12s
[P9_DIR] [29/100] Elastix iso 03_to_09_pair.npy …
[P9_DIR]     12s
[P9_DIR] [30/100] Elastix iso 03_to_10_pair.npy …
[P9_DIR]     12s
[P9_DIR] [31/100] Elastix iso 04_to_01_pair.npy …
[P9_DIR]     12s
[P9_DIR] [32/100] Elastix iso 04_to_02_pair.npy …
[P9_DIR]     12s
[P9_DIR] [33/100] Elastix iso 04_to_03_pair.npy …
[P9_DIR]     12s
[P9_DIR] [35/100] Elastix iso 04_to_05_pair.npy …
[P9_DIR]     12s
[P9_DIR] [36/100] Elastix iso 04_to_06_pair.npy …
[P9_DIR]     12s
[P9_DIR] [37/100] Elastix iso 04_to_07_pair.npy …
[P9_DIR]     13s
[P9_DIR] [38/100] Elastix iso 04_to_08_pair.npy …
[P9_DIR]     12s
[P9_DIR] [39/100] Elastix iso 04_to_09_pair.npy …
[P9_DIR]     12s
[P9_DIR] [40/100] Elastix iso 04_to_10_pair.npy …
[P9_DIR]     12s
[P9_DIR] [41/100] Elastix iso 05_to_01_pair.npy …
[P9_DIR]     12s
[P9_DIR] [42/100] Elastix iso 05_to_02_pair.npy …
[P9_DIR]     13s
[P9_DIR] [43/100] Elastix iso 05_to_03_pair.npy …
[P9_DIR]     12s
[P9_DIR] [44/100] Elastix iso 05_to_04_pair.npy …
[P9_DIR]     13s
[P9_DIR] [46/100] Elastix iso 05_to_06_pair.npy …
[P9_DIR]     12s
[P9_DIR] [47/100] Elastix iso 05_to_07_pair.npy …
[P9_DIR]     12s
[P9_DIR] [48/100] Elastix iso 05_to_08_pair.npy …
[P9_DIR]     12s
[P9_DIR] [49/100] Elastix iso 05_to_09_pair.npy …
[P9_DIR]     12s
[P9_DIR] [50/100] Elastix iso 05_to_10_pair.npy …
[P9_DIR]     12s
[P9_DIR] [51/100] Elastix iso 06_to_01_pair.npy …
[P9_DIR]     12s
[P9_DIR] [52/100] Elastix iso 06_to_02_pair.npy …
[P9_DIR]     12s
[P9_DIR] [53/100] Elastix iso 06_to_03_pair.npy …
[P9_DIR]     12s
[P9_DIR] [54/100] Elastix iso 06_to_04_pair.npy …
[P9_DIR]     12s
[P9_DIR] [55/100] Elastix iso 06_to_05_pair.npy …
[P9_DIR]     12s
[P9_DIR] [57/100] Elastix iso 06_to_07_pair.npy …
[P9_DIR]     12s
[P9_DIR] [58/100] Elastix iso 06_to_08_pair.npy …
[P9_DIR]     12s
[P9_DIR] [59/100] Elastix iso 06_to_09_pair.npy …
[P9_DIR]     12s
[P9_DIR] [60/100] Elastix iso 06_to_10_pair.npy …
[P9_DIR]     12s
[P9_DIR] [61/100] Elastix iso 07_to_01_pair.npy …
[P9_DIR]     12s
[P9_DIR] [62/100] Elastix iso 07_to_02_pair.npy …
[P9_DIR]     12s
[P9_DIR] [63/100] Elastix iso 07_to_03_pair.npy …
[P9_DIR]     12s
[P9_DIR] [64/100] Elastix iso 07_to_04_pair.npy …
[P9_DIR]     12s
[P9_DIR] [65/100] Elastix iso 07_to_05_pair.npy …
[P9_DIR]     12s
[P9_DIR] [66/100] Elastix iso 07_to_06_pair.npy …
[P9_DIR]     12s
[P9_DIR] [68/100] Elastix iso 07_to_08_pair.npy …
[P9_DIR]     12s
[P9_DIR] [69/100] Elastix iso 07_to_09_pair.npy …
[P9_DIR]     12s
[P9_DIR] [70/100] Elastix iso 07_to_10_pair.npy …
[P9_DIR]     12s
[P9_DIR] [71/100] Elastix iso 08_to_01_pair.npy …
[P9_DIR]     12s
[P9_DIR] [72/100] Elastix iso 08_to_02_pair.npy …
[P9_DIR]     12s
[P9_DIR] [73/100] Elastix iso 08_to_03_pair.npy …
[P9_DIR]     12s
[P9_DIR] [74/100] Elastix iso 08_to_04_pair.npy …
[P9_DIR]     12s
[P9_DIR] [75/100] Elastix iso 08_to_05_pair.npy …
[P9_DIR]     12s
[P9_DIR] [76/100] Elastix iso 08_to_06_pair.npy …
[P9_DIR]     12s
[P9_DIR] [77/100] Elastix iso 08_to_07_pair.npy …
[P9_DIR]     12s
[P9_DIR] [79/100] Elastix iso 08_to_09_pair.npy …
[P9_DIR]     12s
[P9_DIR] [80/100] Elastix iso 08_to_10_pair.npy …
[P9_DIR]     12s
[P9_DIR] [81/100] Elastix iso 09_to_01_pair.npy …
[P9_DIR]     12s
[P9_DIR] [82/100] Elastix iso 09_to_02_pair.npy …
[P9_DIR]     12s
[P9_DIR] [83/100] Elastix iso 09_to_03_pair.npy …
[P9_DIR]     12s
[P9_DIR] [84/100] Elastix iso 09_to_04_pair.npy …
[P9_DIR]     12s
[P9_DIR] [85/100] Elastix iso 09_to_05_pair.npy …
[P9_DIR]     12s
[P9_DIR] [86/100] Elastix iso 09_to_06_pair.npy …
[P9_DIR]     12s
[P9_DIR] [87/100] Elastix iso 09_to_07_pair.npy …
[P9_DIR]     12s
[P9_DIR] [88/100] Elastix iso 09_to_08_pair.npy …
[P9_DIR]     12s
[P9_DIR] [90/100] Elastix iso 09_to_10_pair.npy …
[P9_DIR]     12s
[P9_DIR] [91/100] Elastix iso 10_to_01_pair.npy …
[P9_DIR]     12s
[P9_DIR] [92/100] Elastix iso 10_to_02_pair.npy …
[P9_DIR]     12s
[P9_DIR] [93/100] Elastix iso 10_to_03_pair.npy …
[P9_DIR]     12s
[P9_DIR] [94/100] Elastix iso 10_to_04_pair.npy …
[P9_DIR]     12s
[P9_DIR] [95/100] Elastix iso 10_to_05_pair.npy …
[P9_DIR]     12s
[P9_DIR] [96/100] Elastix iso 10_to_06_pair.npy …
[P9_DIR]     12s
[P9_DIR] [97/100] Elastix iso 10_to_07_pair.npy …
[P9_DIR]     12s
[P9_DIR] [98/100] Elastix iso 10_to_08_pair.npy …
[P9_DIR]     12s
[P9_DIR] [99/100] Elastix iso 10_to_09_pair.npy …
[P9_DIR]     12s
[P9_DIR] DONE 1100s reg=90 id=10 skip=0
[P10_DIR] iso CT (160, 160, 160) mask_vox=722380
[P10_DIR] [2/100] Elastix iso 01_to_02_pair.npy …
[P10_DIR]     12s
[P10_DIR] [3/100] Elastix iso 01_to_03_pair.npy …
[P10_DIR]     12s
[P10_DIR] [4/100] Elastix iso 01_to_04_pair.npy …
[P10_DIR]     12s
[P10_DIR] [5/100] Elastix iso 01_to_05_pair.npy …
[P10_DIR]     12s
[P10_DIR] [6/100] Elastix iso 01_to_06_pair.npy …
[P10_DIR]     12s
[P10_DIR] [7/100] Elastix iso 01_to_07_pair.npy …
[P10_DIR]     12s
[P10_DIR] [8/100] Elastix iso 01_to_08_pair.npy …
[P10_DIR]     12s
[P10_DIR] [9/100] Elastix iso 01_to_09_pair.npy …
[P10_DIR]     12s
[P10_DIR] [10/100] Elastix iso 01_to_10_pair.npy …
[P10_DIR]     12s
[P10_DIR] [11/100] Elastix iso 02_to_01_pair.npy …
[P10_DIR]     12s
[P10_DIR] [13/100] Elastix iso 02_to_03_pair.npy …
[P10_DIR]     12s
[P10_DIR] [14/100] Elastix iso 02_to_04_pair.npy …
[P10_DIR]     11s
[P10_DIR] [15/100] Elastix iso 02_to_05_pair.npy …
[P10_DIR]     12s
[P10_DIR] [16/100] Elastix iso 02_to_06_pair.npy …
[P10_DIR]     12s
[P10_DIR] [17/100] Elastix iso 02_to_07_pair.npy …
[P10_DIR]     12s
[P10_DIR] [18/100] Elastix iso 02_to_08_pair.npy …
[P10_DIR]     12s
[P10_DIR] [19/100] Elastix iso 02_to_09_pair.npy …
[P10_DIR]     12s
[P10_DIR] [20/100] Elastix iso 02_to_10_pair.npy …
[P10_DIR]     12s
[P10_DIR] [21/100] Elastix iso 03_to_01_pair.npy …
[P10_DIR]     12s
[P10_DIR] [22/100] Elastix iso 03_to_02_pair.npy …
[P10_DIR]     12s
[P10_DIR] [24/100] Elastix iso 03_to_04_pair.npy …
[P10_DIR]     11s
[P10_DIR] [25/100] Elastix iso 03_to_05_pair.npy …
[P10_DIR]     12s
[P10_DIR] [26/100] Elastix iso 03_to_06_pair.npy …
[P10_DIR]     12s
[P10_DIR] [27/100] Elastix iso 03_to_07_pair.npy …
[P10_DIR]     12s
[P10_DIR] [28/100] Elastix iso 03_to_08_pair.npy …
[P10_DIR]     12s
[P10_DIR] [29/100] Elastix iso 03_to_09_pair.npy …
[P10_DIR]     12s
[P10_DIR] [30/100] Elastix iso 03_to_10_pair.npy …
[P10_DIR]     12s
[P10_DIR] [31/100] Elastix iso 04_to_01_pair.npy …
[P10_DIR]     12s
[P10_DIR] [32/100] Elastix iso 04_to_02_pair.npy …
[P10_DIR]     12s
[P10_DIR] [33/100] Elastix iso 04_to_03_pair.npy …
[P10_DIR]     12s
[P10_DIR] [35/100] Elastix iso 04_to_05_pair.npy …
[P10_DIR]     12s
[P10_DIR] [36/100] Elastix iso 04_to_06_pair.npy …
[P10_DIR]     12s
[P10_DIR] [37/100] Elastix iso 04_to_07_pair.npy …
[P10_DIR]     12s
[P10_DIR] [38/100] Elastix iso 04_to_08_pair.npy …
[P10_DIR]     12s
[P10_DIR] [39/100] Elastix iso 04_to_09_pair.npy …
[P10_DIR]     12s
[P10_DIR] [40/100] Elastix iso 04_to_10_pair.npy …
[P10_DIR]     12s
[P10_DIR] [41/100] Elastix iso 05_to_01_pair.npy …
[P10_DIR]     12s
[P10_DIR] [42/100] Elastix iso 05_to_02_pair.npy …
[P10_DIR]     12s
[P10_DIR] [43/100] Elastix iso 05_to_03_pair.npy …
[P10_DIR]     12s
[P10_DIR] [44/100] Elastix iso 05_to_04_pair.npy …
[P10_DIR]     12s
[P10_DIR] [46/100] Elastix iso 05_to_06_pair.npy …
[P10_DIR]     12s
[P10_DIR] [47/100] Elastix iso 05_to_07_pair.npy …
[P10_DIR]     12s
[P10_DIR] [48/100] Elastix iso 05_to_08_pair.npy …
[P10_DIR]     12s
[P10_DIR] [49/100] Elastix iso 05_to_09_pair.npy …
[P10_DIR]     12s
[P10_DIR] [50/100] Elastix iso 05_to_10_pair.npy …
[P10_DIR]     12s
[P10_DIR] [51/100] Elastix iso 06_to_01_pair.npy …
[P10_DIR]     11s
[P10_DIR] [52/100] Elastix iso 06_to_02_pair.npy …
[P10_DIR]     12s
[P10_DIR] [53/100] Elastix iso 06_to_03_pair.npy …
[P10_DIR]     12s
[P10_DIR] [54/100] Elastix iso 06_to_04_pair.npy …
[P10_DIR]     12s
[P10_DIR] [55/100] Elastix iso 06_to_05_pair.npy …
[P10_DIR]     12s
[P10_DIR] [57/100] Elastix iso 06_to_07_pair.npy …
[P10_DIR]     12s
[P10_DIR] [58/100] Elastix iso 06_to_08_pair.npy …
[P10_DIR]     12s
[P10_DIR] [59/100] Elastix iso 06_to_09_pair.npy …
[P10_DIR]     12s
[P10_DIR] [60/100] Elastix iso 06_to_10_pair.npy …
[P10_DIR]     12s
[P10_DIR] [61/100] Elastix iso 07_to_01_pair.npy …
[P10_DIR]     12s
[P10_DIR] [62/100] Elastix iso 07_to_02_pair.npy …
[P10_DIR]     12s
[P10_DIR] [63/100] Elastix iso 07_to_03_pair.npy …
[P10_DIR]     12s
[P10_DIR] [64/100] Elastix iso 07_to_04_pair.npy …
[P10_DIR]     12s
[P10_DIR] [65/100] Elastix iso 07_to_05_pair.npy …
[P10_DIR]     12s
[P10_DIR] [66/100] Elastix iso 07_to_06_pair.npy …
[P10_DIR]     12s
[P10_DIR] [68/100] Elastix iso 07_to_08_pair.npy …
[P10_DIR]     12s
[P10_DIR] [69/100] Elastix iso 07_to_09_pair.npy …
[P10_DIR]     12s
[P10_DIR] [70/100] Elastix iso 07_to_10_pair.npy …
[P10_DIR]     12s
[P10_DIR] [71/100] Elastix iso 08_to_01_pair.npy …
[P10_DIR]     12s
[P10_DIR] [72/100] Elastix iso 08_to_02_pair.npy …
[P10_DIR]     12s
[P10_DIR] [73/100] Elastix iso 08_to_03_pair.npy …
[P10_DIR]     12s
[P10_DIR] [74/100] Elastix iso 08_to_04_pair.npy …
[P10_DIR]     12s
[P10_DIR] [75/100] Elastix iso 08_to_05_pair.npy …
[P10_DIR]     12s
[P10_DIR] [76/100] Elastix iso 08_to_06_pair.npy …
[P10_DIR]     12s
[P10_DIR] [77/100] Elastix iso 08_to_07_pair.npy …
[P10_DIR]     12s
[P10_DIR] [79/100] Elastix iso 08_to_09_pair.npy …
[P10_DIR]     12s
[P10_DIR] [80/100] Elastix iso 08_to_10_pair.npy …
[P10_DIR]     12s
[P10_DIR] [81/100] Elastix iso 09_to_01_pair.npy …
[P10_DIR]     12s
[P10_DIR] [82/100] Elastix iso 09_to_02_pair.npy …
[P10_DIR]     12s
[P10_DIR] [83/100] Elastix iso 09_to_03_pair.npy …
[P10_DIR]     12s
[P10_DIR] [84/100] Elastix iso 09_to_04_pair.npy …
[P10_DIR]     12s
[P10_DIR] [85/100] Elastix iso 09_to_05_pair.npy …
[P10_DIR]     12s
[P10_DIR] [86/100] Elastix iso 09_to_06_pair.npy …
[P10_DIR]     12s
[P10_DIR] [87/100] Elastix iso 09_to_07_pair.npy …
[P10_DIR]     12s
[P10_DIR] [88/100] Elastix iso 09_to_08_pair.npy …
[P10_DIR]     12s
[P10_DIR] [90/100] Elastix iso 09_to_10_pair.npy …
[P10_DIR]     12s
[P10_DIR] [91/100] Elastix iso 10_to_01_pair.npy …
[P10_DIR]     12s
[P10_DIR] [92/100] Elastix iso 10_to_02_pair.npy …
[P10_DIR]     12s
[P10_DIR] [93/100] Elastix iso 10_to_03_pair.npy …
[P10_DIR]     12s
[P10_DIR] [94/100] Elastix iso 10_to_04_pair.npy …
[P10_DIR]     12s
[P10_DIR] [95/100] Elastix iso 10_to_05_pair.npy …
[P10_DIR]     12s
[P10_DIR] [96/100] Elastix iso 10_to_06_pair.npy …
[P10_DIR]     12s
[P10_DIR] [97/100] Elastix iso 10_to_07_pair.npy …
[P10_DIR]     12s
[P10_DIR] [98/100] Elastix iso 10_to_08_pair.npy …
[P10_DIR]     12s
[P10_DIR] [99/100] Elastix iso 10_to_09_pair.npy …
[P10_DIR]     12s
[P10_DIR] DONE 1075s reg=90 id=10 skip=0
All requested patients finished.
=== qc_dirlab 2026-09-02T12:34:06+10:00 ===
Iso-E2 DIR QC  device=cuda:0  packed=/home/abhishek/Voxel_GAN/PopulationStudy/DIR-Experiments/Experiment2/packed_iso  arches=['encoder', 'decoder', 'both']
loaded encoder crb_enc_mse_iso_e2_full_generator.pth
  [encoder|P1_DIR|minmax] 25/100
  [encoder|P1_DIR|minmax] 50/100
  [encoder|P1_DIR|minmax] 75/100
  [encoder|P1_DIR|minmax] 100/100
[encoder|P1_DIR|minmax] L1=1.162mm cos=-0.171 beat=0% → /home/abhishek/Voxel_GAN/PopulationStudy/IsoExperiments/Experiment2/EncoderCRB/plots/qc_dir_minmax/P1_DIR
  [encoder|P2_DIR|minmax] 25/100
  [encoder|P2_DIR|minmax] 50/100
  [encoder|P2_DIR|minmax] 75/100
  [encoder|P2_DIR|minmax] 100/100
[encoder|P2_DIR|minmax] L1=1.352mm cos=-0.047 beat=2% → /home/abhishek/Voxel_GAN/PopulationStudy/IsoExperiments/Experiment2/EncoderCRB/plots/qc_dir_minmax/P2_DIR
  [encoder|P3_DIR|minmax] 25/100
  [encoder|P3_DIR|minmax] 50/100
  [encoder|P3_DIR|minmax] 75/100
  [encoder|P3_DIR|minmax] 100/100
[encoder|P3_DIR|minmax] L1=1.548mm cos=-0.189 beat=0% → /home/abhishek/Voxel_GAN/PopulationStudy/IsoExperiments/Experiment2/EncoderCRB/plots/qc_dir_minmax/P3_DIR
  [encoder|P4_DIR|minmax] 25/100
  [encoder|P4_DIR|minmax] 50/100
  [encoder|P4_DIR|minmax] 75/100
  [encoder|P4_DIR|minmax] 100/100
[encoder|P4_DIR|minmax] L1=1.985mm cos=-0.236 beat=0% → /home/abhishek/Voxel_GAN/PopulationStudy/IsoExperiments/Experiment2/EncoderCRB/plots/qc_dir_minmax/P4_DIR
  [encoder|P5_DIR|minmax] 25/100
  [encoder|P5_DIR|minmax] 50/100
  [encoder|P5_DIR|minmax] 75/100
  [encoder|P5_DIR|minmax] 100/100
[encoder|P5_DIR|minmax] L1=1.639mm cos=-0.147 beat=0% → /home/abhishek/Voxel_GAN/PopulationStudy/IsoExperiments/Experiment2/EncoderCRB/plots/qc_dir_minmax/P5_DIR
  [encoder|P6_DIR|minmax] 25/100
  [encoder|P6_DIR|minmax] 50/100
  [encoder|P6_DIR|minmax] 75/100
  [encoder|P6_DIR|minmax] 100/100
[encoder|P6_DIR|minmax] L1=3.042mm cos=-0.358 beat=0% → /home/abhishek/Voxel_GAN/PopulationStudy/IsoExperiments/Experiment2/EncoderCRB/plots/qc_dir_minmax/P6_DIR
Traceback (most recent call last):
  File "/home/abhishek/Voxel_GAN/PopulationStudy/IsoExperiments/Experiment2/scripts/qc_dirlab.py", line 278, in <module>
    main()
  File "/home/abhishek/Voxel_GAN/PopulationStudy/IsoExperiments/Experiment2/scripts/qc_dirlab.py", line 241, in main
    s = run_one(
        ^^^^^^^^
  File "/home/abhishek/Voxel_GAN/PopulationStudy/IsoExperiments/Experiment2/scripts/qc_dirlab.py", line 147, in run_one
    gt = to_cdhw(np.load(data_dir / f"{stem}_pair.npy").astype(np.float32))
                 ^^^^^^^^^^^^^^^^^^^^^^^^^^^^^^^^^^^^^^
  File "/home/abhishek/Documents/LEARN-GUI/LEARN-GUI-Python/.venv/lib/python3.12/site-packages/numpy/lib/_npyio_impl.py", line 483, in load
    return format.read_array(fid, allow_pickle=allow_pickle,
           ^^^^^^^^^^^^^^^^^^^^^^^^^^^^^^^^^^^^^^^^^^^^^^^^^
  File "/home/abhishek/Documents/LEARN-GUI/LEARN-GUI-Python/.venv/lib/python3.12/site-packages/numpy/lib/_format_impl.py", line 874, in read_array
    raise ValueError(
ValueError: Failed to read all data for array. Expected (160, 160, 160, 3) = 12288000 elements, could only read 0 elements. (file seems not fully written?)
