=== both full P1–P9 gpu=1 ===
[crb_both_mse_iso_e2_full] device=cuda:1 | UNetCRBBoth params=1.08M | loss=lung-masked MSE (iso-vox, 1vx=2mm) | no amp | CRB=encoder+decoder · iso 2 mm · full P1–P9 | seed=20260824
[crb_both_mse_iso_e2_full] grid=data_iso 2mm 160³ | train 12960 (810 pairs × 16) | val 720 (90 pairs × 8) | train patients=['P1', 'P2', 'P3', 'P4', 'P5', 'P6', 'P7', 'P8', 'P9'] hold-out=[]
Epoch: 1 | train MSE: 0.407923 | val MSE: 0.293072 | total time: 0 hours 4 minutes
Epoch: 2 | train MSE: 0.269312 | val MSE: 0.220867 | total time: 0 hours 9 minutes
Epoch: 3 | train MSE: 0.224032 | val MSE: 0.203225 | total time: 0 hours 13 minutes
Epoch: 4 | train MSE: 0.188687 | val MSE: 0.186008 | total time: 0 hours 18 minutes
Epoch: 5 | train MSE: 0.160201 | val MSE: 0.180844 | total time: 0 hours 22 minutes
Epoch: 6 | train MSE: 0.134301 | val MSE: 0.176577 | total time: 0 hours 27 minutes
Epoch: 7 | train MSE: 0.116376 | val MSE: 0.175505 | total time: 0 hours 31 minutes
Epoch: 8 | train MSE: 0.100209 | val MSE: 0.135441 | total time: 0 hours 36 minutes
Epoch: 9 | train MSE: 0.090577 | val MSE: 0.148761 | total time: 0 hours 40 minutes
Epoch: 10 | train MSE: 0.083003 | val MSE: 0.130046 | total time: 0 hours 45 minutes
Epoch: 11 | train MSE: 0.074883 | val MSE: 0.116511 | total time: 0 hours 49 minutes
Epoch: 12 | train MSE: 0.069766 | val MSE: 0.127585 | total time: 0 hours 54 minutes
Epoch: 13 | train MSE: 0.064992 | val MSE: 0.121571 | total time: 0 hours 58 minutes
Epoch: 14 | train MSE: 0.061011 | val MSE: 0.112807 | total time: 1 hours 3 minutes
Epoch: 15 | train MSE: 0.058056 | val MSE: 0.118957 | total time: 1 hours 7 minutes
Epoch: 16 | train MSE: 0.055111 | val MSE: 0.112591 | total time: 1 hours 12 minutes
Epoch: 17 | train MSE: 0.052376 | val MSE: 0.124067 | total time: 1 hours 16 minutes
Epoch: 18 | train MSE: 0.051389 | val MSE: 0.109911 | total time: 1 hours 21 minutes
Epoch: 19 | train MSE: 0.048511 | val MSE: 0.106330 | total time: 1 hours 25 minutes
Epoch: 20 | train MSE: 0.046241 | val MSE: 0.114577 | total time: 1 hours 30 minutes
Epoch: 21 | train MSE: 0.045442 | val MSE: 0.103194 | total time: 1 hours 34 minutes
Epoch: 22 | train MSE: 0.044333 | val MSE: 0.113698 | total time: 1 hours 39 minutes
Epoch: 23 | train MSE: 0.043332 | val MSE: 0.106316 | total time: 1 hours 43 minutes
Epoch: 24 | train MSE: 0.042083 | val MSE: 0.105263 | total time: 1 hours 48 minutes
Epoch: 25 | train MSE: 0.040639 | val MSE: 0.098469 | total time: 1 hours 52 minutes
Epoch: 26 | train MSE: 0.039853 | val MSE: 0.098571 | total time: 1 hours 57 minutes
Epoch: 27 | train MSE: 0.039090 | val MSE: 0.108394 | total time: 2 hours 1 minutes
Epoch: 28 | train MSE: 0.038056 | val MSE: 0.099230 | total time: 2 hours 6 minutes
Epoch: 29 | train MSE: 0.037223 | val MSE: 0.102865 | total time: 2 hours 10 minutes
Epoch: 30 | train MSE: 0.036583 | val MSE: 0.105116 | total time: 2 hours 15 minutes
Epoch: 31 | train MSE: 0.036160 | val MSE: 0.100506 | total time: 2 hours 19 minutes
Epoch: 32 | train MSE: 0.034855 | val MSE: 0.101941 | total time: 2 hours 24 minutes
Epoch: 33 | train MSE: 0.034900 | val MSE: 0.107646 | total time: 2 hours 28 minutes
Epoch: 34 | train MSE: 0.034455 | val MSE: 0.107238 | total time: 2 hours 33 minutes
Epoch: 35 | train MSE: 0.033441 | val MSE: 0.101537 | total time: 2 hours 37 minutes
Epoch: 36 | train MSE: 0.033028 | val MSE: 0.100103 | total time: 2 hours 42 minutes
Epoch: 37 | train MSE: 0.032770 | val MSE: 0.088594 | total time: 2 hours 46 minutes
Epoch: 38 | train MSE: 0.032517 | val MSE: 0.095164 | total time: 2 hours 51 minutes
Epoch: 39 | train MSE: 0.031956 | val MSE: 0.093571 | total time: 2 hours 55 minutes
Epoch: 40 | train MSE: 0.031514 | val MSE: 0.094179 | total time: 3 hours 0 minutes
Epoch: 41 | train MSE: 0.030258 | val MSE: 0.100156 | total time: 3 hours 4 minutes
Epoch: 42 | train MSE: 0.030385 | val MSE: 0.105748 | total time: 3 hours 9 minutes
Epoch: 43 | train MSE: 0.030511 | val MSE: 0.102295 | total time: 3 hours 13 minutes
Epoch: 44 | train MSE: 0.030010 | val MSE: 0.110855 | total time: 3 hours 18 minutes
Epoch: 45 | train MSE: 0.029208 | val MSE: 0.105176 | total time: 3 hours 22 minutes
Epoch: 46 | train MSE: 0.028958 | val MSE: 0.101619 | total time: 3 hours 27 minutes
Epoch: 47 | train MSE: 0.028298 | val MSE: 0.101952 | total time: 3 hours 31 minutes
Epoch: 48 | train MSE: 0.028838 | val MSE: 0.102456 | total time: 3 hours 36 minutes
Epoch: 49 | train MSE: 0.028129 | val MSE: 0.086989 | total time: 3 hours 40 minutes
Epoch: 50 | train MSE: 0.027695 | val MSE: 0.097315 | total time: 3 hours 45 minutes
Epoch: 51 | train MSE: 0.027331 | val MSE: 0.107202 | total time: 3 hours 49 minutes
Epoch: 52 | train MSE: 0.027326 | val MSE: 0.099975 | total time: 3 hours 54 minutes
Epoch: 53 | train MSE: 0.027256 | val MSE: 0.105844 | total time: 3 hours 58 minutes
Epoch: 54 | train MSE: 0.026765 | val MSE: 0.095633 | total time: 4 hours 3 minutes
Epoch: 55 | train MSE: 0.026628 | val MSE: 0.100889 | total time: 4 hours 7 minutes
Epoch: 56 | train MSE: 0.026450 | val MSE: 0.100345 | total time: 4 hours 12 minutes
Epoch: 57 | train MSE: 0.026169 | val MSE: 0.090807 | total time: 4 hours 16 minutes
Epoch: 58 | train MSE: 0.026002 | val MSE: 0.087559 | total time: 4 hours 21 minutes
Epoch: 59 | train MSE: 0.025929 | val MSE: 0.098242 | total time: 4 hours 25 minutes
Epoch: 60 | train MSE: 0.025725 | val MSE: 0.108872 | total time: 4 hours 30 minutes
Epoch: 61 | train MSE: 0.025523 | val MSE: 0.088673 | total time: 4 hours 34 minutes
Epoch: 62 | train MSE: 0.025182 | val MSE: 0.100018 | total time: 4 hours 39 minutes
Epoch: 63 | train MSE: 0.025276 | val MSE: 0.098206 | total time: 4 hours 43 minutes
Epoch: 64 | train MSE: 0.024682 | val MSE: 0.091486 | total time: 4 hours 48 minutes
Epoch: 65 | train MSE: 0.024601 | val MSE: 0.100562 | total time: 4 hours 52 minutes
Epoch: 66 | train MSE: 0.024276 | val MSE: 0.113941 | total time: 4 hours 57 minutes
Epoch: 67 | train MSE: 0.024066 | val MSE: 0.101694 | total time: 5 hours 1 minutes
Epoch: 68 | train MSE: 0.024125 | val MSE: 0.096125 | total time: 5 hours 6 minutes
Epoch: 69 | train MSE: 0.023944 | val MSE: 0.096500 | total time: 5 hours 10 minutes
Epoch: 70 | train MSE: 0.023852 | val MSE: 0.098612 | total time: 5 hours 15 minutes
Epoch: 71 | train MSE: 0.023672 | val MSE: 0.099231 | total time: 5 hours 19 minutes
Epoch: 72 | train MSE: 0.023274 | val MSE: 0.104767 | total time: 5 hours 24 minutes
Epoch: 73 | train MSE: 0.023330 | val MSE: 0.106080 | total time: 5 hours 28 minutes
Epoch: 74 | train MSE: 0.023003 | val MSE: 0.095753 | total time: 5 hours 33 minutes
Epoch: 75 | train MSE: 0.022878 | val MSE: 0.101468 | total time: 5 hours 37 minutes
Epoch: 76 | train MSE: 0.023038 | val MSE: 0.096526 | total time: 5 hours 42 minutes
Epoch: 77 | train MSE: 0.022651 | val MSE: 0.102821 | total time: 5 hours 46 minutes
Epoch: 78 | train MSE: 0.022491 | val MSE: 0.092894 | total time: 5 hours 51 minutes
Epoch: 79 | train MSE: 0.022195 | val MSE: 0.091433 | total time: 5 hours 55 minutes
Epoch: 80 | train MSE: 0.022359 | val MSE: 0.104392 | total time: 6 hours 0 minutes
Epoch: 81 | train MSE: 0.021912 | val MSE: 0.101513 | total time: 6 hours 4 minutes
Epoch: 82 | train MSE: 0.021742 | val MSE: 0.098206 | total time: 6 hours 9 minutes
Epoch: 83 | train MSE: 0.021847 | val MSE: 0.093433 | total time: 6 hours 13 minutes
Epoch: 84 | train MSE: 0.021597 | val MSE: 0.096341 | total time: 6 hours 18 minutes
Epoch: 85 | train MSE: 0.021593 | val MSE: 0.095448 | total time: 6 hours 22 minutes
Epoch: 86 | train MSE: 0.021581 | val MSE: 0.097237 | total time: 6 hours 27 minutes
Epoch: 87 | train MSE: 0.021202 | val MSE: 0.105662 | total time: 6 hours 31 minutes
Epoch: 88 | train MSE: 0.021092 | val MSE: 0.099662 | total time: 6 hours 36 minutes
Epoch: 89 | train MSE: 0.021039 | val MSE: 0.103360 | total time: 6 hours 40 minutes
Epoch: 90 | train MSE: 0.020989 | val MSE: 0.104302 | total time: 6 hours 45 minutes
Epoch: 91 | train MSE: 0.021072 | val MSE: 0.100066 | total time: 6 hours 49 minutes
Epoch: 92 | train MSE: 0.020679 | val MSE: 0.100456 | total time: 6 hours 54 minutes
Epoch: 93 | train MSE: 0.020611 | val MSE: 0.103226 | total time: 6 hours 58 minutes
Epoch: 94 | train MSE: 0.020219 | val MSE: 0.100241 | total time: 7 hours 3 minutes
Epoch: 95 | train MSE: 0.020462 | val MSE: 0.104609 | total time: 7 hours 7 minutes
Epoch: 96 | train MSE: 0.020181 | val MSE: 0.106237 | total time: 7 hours 12 minutes
Epoch: 97 | train MSE: 0.020220 | val MSE: 0.109876 | total time: 7 hours 16 minutes
Epoch: 98 | train MSE: 0.020158 | val MSE: 0.099535 | total time: 7 hours 21 minutes
Epoch: 99 | train MSE: 0.019884 | val MSE: 0.093590 | total time: 7 hours 25 minutes
Epoch: 100 | train MSE: 0.019980 | val MSE: 0.107390 | total time: 7 hours 29 minutes
finished best_val_mse=0.086989
