E5 clinical QC  device=cuda:1  norm=mu_air_water
loaded encoder crb_enc_mse_cyclic_fov_aug_generator.pth
  [encoder|CV_P1_V_01] 25/100
  [encoder|CV_P1_V_01] 50/100
  [encoder|CV_P1_V_01] 75/100
  [encoder|CV_P1_V_01] 100/100
[encoder|CV_P1_V_01] cos=0.370 beat=63% → /home/abhishek/Voxel_GAN/PopulationStudy/ClinicalExperiments/Experiment5/EncoderCRB/plots/qc_varian/P1/CV_P1_V_01
  [encoder|CV_P2_V_01] 25/100
  [encoder|CV_P2_V_01] 50/100
  [encoder|CV_P2_V_01] 75/100
  [encoder|CV_P2_V_01] 100/100
[encoder|CV_P2_V_01] cos=0.598 beat=99% → /home/abhishek/Voxel_GAN/PopulationStudy/ClinicalExperiments/Experiment5/EncoderCRB/plots/qc_varian/P2/CV_P2_V_01
  [encoder|CV_P3_V_01] 25/100
  [encoder|CV_P3_V_01] 50/100
  [encoder|CV_P3_V_01] 75/100
  [encoder|CV_P3_V_01] 100/100
[encoder|CV_P3_V_01] cos=0.619 beat=97% → /home/abhishek/Voxel_GAN/PopulationStudy/ClinicalExperiments/Experiment5/EncoderCRB/plots/qc_varian/P3/CV_P3_V_01
  [encoder|CV_P4_V_01] 25/100
  [encoder|CV_P4_V_01] 50/100
  [encoder|CV_P4_V_01] 75/100
  [encoder|CV_P4_V_01] 100/100
[encoder|CV_P4_V_01] cos=0.682 beat=97% → /home/abhishek/Voxel_GAN/PopulationStudy/ClinicalExperiments/Experiment5/EncoderCRB/plots/qc_varian/P4/CV_P4_V_01
  [encoder|CV_P5_V_01] 25/100
  [encoder|CV_P5_V_01] 50/100
  [encoder|CV_P5_V_01] 75/100
  [encoder|CV_P5_V_01] 100/100
[encoder|CV_P5_V_01] cos=0.607 beat=91% → /home/abhishek/Voxel_GAN/PopulationStudy/ClinicalExperiments/Experiment5/EncoderCRB/plots/qc_varian/P5/CV_P5_V_01
  [encoder|CE_P1_V_01] 25/100
  [encoder|CE_P1_V_01] 50/100
  [encoder|CE_P1_V_01] 75/100
  [encoder|CE_P1_V_01] 100/100
[encoder|CE_P1_V_01] cos=0.580 beat=96% → /home/abhishek/Voxel_GAN/PopulationStudy/ClinicalExperiments/Experiment5/EncoderCRB/plots/qc_elekta/P1/CE_P1_V_01
  [encoder|CE_P2_V_01] 25/100
  [encoder|CE_P2_V_01] 50/100
  [encoder|CE_P2_V_01] 75/100
  [encoder|CE_P2_V_01] 100/100
[encoder|CE_P2_V_01] cos=0.411 beat=74% → /home/abhishek/Voxel_GAN/PopulationStudy/ClinicalExperiments/Experiment5/EncoderCRB/plots/qc_elekta/P2/CE_P2_V_01
  [encoder|CE_P3_V_01] 25/100
  [encoder|CE_P3_V_01] 50/100
  [encoder|CE_P3_V_01] 75/100
  [encoder|CE_P3_V_01] 100/100
[encoder|CE_P3_V_01] cos=0.527 beat=84% → /home/abhishek/Voxel_GAN/PopulationStudy/ClinicalExperiments/Experiment5/EncoderCRB/plots/qc_elekta/P3/CE_P3_V_01
  [encoder|CE_P4_V_01] 25/100
  [encoder|CE_P4_V_01] 50/100
  [encoder|CE_P4_V_01] 75/100
  [encoder|CE_P4_V_01] 100/100
[encoder|CE_P4_V_01] cos=0.458 beat=71% → /home/abhishek/Voxel_GAN/PopulationStudy/ClinicalExperiments/Experiment5/EncoderCRB/plots/qc_elekta/P4/CE_P4_V_01
  [encoder|CE_P5_V_01] 25/100
  [encoder|CE_P5_V_01] 50/100
  [encoder|CE_P5_V_01] 75/100
  [encoder|CE_P5_V_01] 100/100
[encoder|CE_P5_V_01] cos=0.515 beat=80% → /home/abhishek/Voxel_GAN/PopulationStudy/ClinicalExperiments/Experiment5/EncoderCRB/plots/qc_elekta/P5/CE_P5_V_01
loaded decoder crb_dec_mse_cyclic_fov_aug_generator.pth
  [decoder|CV_P1_V_01] 25/100
  [decoder|CV_P1_V_01] 50/100
  [decoder|CV_P1_V_01] 75/100
  [decoder|CV_P1_V_01] 100/100
[decoder|CV_P1_V_01] cos=0.398 beat=66% → /home/abhishek/Voxel_GAN/PopulationStudy/ClinicalExperiments/Experiment5/DecoderCRB/plots/qc_varian/P1/CV_P1_V_01
  [decoder|CV_P2_V_01] 25/100
  [decoder|CV_P2_V_01] 50/100
  [decoder|CV_P2_V_01] 75/100
  [decoder|CV_P2_V_01] 100/100
[decoder|CV_P2_V_01] cos=0.651 beat=100% → /home/abhishek/Voxel_GAN/PopulationStudy/ClinicalExperiments/Experiment5/DecoderCRB/plots/qc_varian/P2/CV_P2_V_01
  [decoder|CV_P3_V_01] 25/100
  [decoder|CV_P3_V_01] 50/100
  [decoder|CV_P3_V_01] 75/100
  [decoder|CV_P3_V_01] 100/100
[decoder|CV_P3_V_01] cos=0.590 beat=84% → /home/abhishek/Voxel_GAN/PopulationStudy/ClinicalExperiments/Experiment5/DecoderCRB/plots/qc_varian/P3/CV_P3_V_01
  [decoder|CV_P4_V_01] 25/100
  [decoder|CV_P4_V_01] 50/100
  [decoder|CV_P4_V_01] 75/100
  [decoder|CV_P4_V_01] 100/100
[decoder|CV_P4_V_01] cos=0.687 beat=97% → /home/abhishek/Voxel_GAN/PopulationStudy/ClinicalExperiments/Experiment5/DecoderCRB/plots/qc_varian/P4/CV_P4_V_01
  [decoder|CV_P5_V_01] 25/100
  [decoder|CV_P5_V_01] 50/100
  [decoder|CV_P5_V_01] 75/100
  [decoder|CV_P5_V_01] 100/100
[decoder|CV_P5_V_01] cos=0.642 beat=97% → /home/abhishek/Voxel_GAN/PopulationStudy/ClinicalExperiments/Experiment5/DecoderCRB/plots/qc_varian/P5/CV_P5_V_01
  [decoder|CE_P1_V_01] 25/100
  [decoder|CE_P1_V_01] 50/100
  [decoder|CE_P1_V_01] 75/100
  [decoder|CE_P1_V_01] 100/100
[decoder|CE_P1_V_01] cos=0.603 beat=99% → /home/abhishek/Voxel_GAN/PopulationStudy/ClinicalExperiments/Experiment5/DecoderCRB/plots/qc_elekta/P1/CE_P1_V_01
  [decoder|CE_P2_V_01] 25/100
  [decoder|CE_P2_V_01] 50/100
  [decoder|CE_P2_V_01] 75/100
  [decoder|CE_P2_V_01] 100/100
[decoder|CE_P2_V_01] cos=0.481 beat=77% → /home/abhishek/Voxel_GAN/PopulationStudy/ClinicalExperiments/Experiment5/DecoderCRB/plots/qc_elekta/P2/CE_P2_V_01
  [decoder|CE_P3_V_01] 25/100
  [decoder|CE_P3_V_01] 50/100
  [decoder|CE_P3_V_01] 75/100
  [decoder|CE_P3_V_01] 100/100
[decoder|CE_P3_V_01] cos=0.476 beat=86% → /home/abhishek/Voxel_GAN/PopulationStudy/ClinicalExperiments/Experiment5/DecoderCRB/plots/qc_elekta/P3/CE_P3_V_01
  [decoder|CE_P4_V_01] 25/100
  [decoder|CE_P4_V_01] 50/100
  [decoder|CE_P4_V_01] 75/100
  [decoder|CE_P4_V_01] 100/100
[decoder|CE_P4_V_01] cos=0.434 beat=69% → /home/abhishek/Voxel_GAN/PopulationStudy/ClinicalExperiments/Experiment5/DecoderCRB/plots/qc_elekta/P4/CE_P4_V_01
  [decoder|CE_P5_V_01] 25/100
  [decoder|CE_P5_V_01] 50/100
  [decoder|CE_P5_V_01] 75/100
  [decoder|CE_P5_V_01] 100/100
[decoder|CE_P5_V_01] cos=0.528 beat=82% → /home/abhishek/Voxel_GAN/PopulationStudy/ClinicalExperiments/Experiment5/DecoderCRB/plots/qc_elekta/P5/CE_P5_V_01

======== COHORT SUMMARY (µ air/water) ========
encoder  varian   cos=0.575  L1/z=0.857  beat=89%
encoder  elekta   cos=0.498  L1/z=0.895  beat=81%
decoder  varian   cos=0.594  L1/z=0.852  beat=89%
decoder  elekta   cos=0.504  L1/z=0.891  beat=82%

wrote /home/abhishek/Voxel_GAN/PopulationStudy/ClinicalExperiments/Experiment5/logs/e5_clinical_summary.json
wrote /home/abhishek/Voxel_GAN/PopulationStudy/ClinicalExperiments/Experiment5/logs/e5_clinical_metrics.tsv
DONE
