Checking all cases against published identity TRE  [/home/abhishek/Voxel_GAN/DIR EXPERIMENTS/data/dirlab_packs]

Case 1: 256x256x94 voxels at 0.97x0.97x2.5 mm

Identity TRE (no registration), mm
  set             n     mean      std      p50      p95      max
  300pt T00-T50   300    3.892    2.779    2.852   10.047   10.900   published  3.89  OK
  75pt T00-T00    75    0.000    0.000    0.000    0.000    0.000  (reference)
  75pt T00-T10    75    0.059    0.324    0.000    0.000    2.500
  75pt T00-T20    75    1.291    1.528    0.970    5.028    5.093
  75pt T00-T30    75    2.452    2.143    2.500    7.519    7.624
  75pt T00-T40    75    3.208    2.801    2.682   10.047   10.460
  75pt T00-T50    75    3.913    2.801    2.682   10.047   10.370

Case 2: 256x256x112 voxels at 1.16x1.16x2.5 mm

Identity TRE (no registration), mm
  set             n     mean      std      p50      p95      max
  300pt T00-T50   300    4.338    3.895    2.873   12.554   17.691   published  4.34  OK
  75pt T00-T00    75    0.000    0.000    0.000    0.000    0.000  (reference)
  75pt T00-T10    75    1.753    1.883    1.160    5.133    7.677
  75pt T00-T20    75    3.566    3.122    2.756   10.127   12.607
  75pt T00-T30    75    4.352    3.936    2.756   10.998   17.577
  75pt T00-T40    75    4.559    4.085    2.990   12.554   17.577
  75pt T00-T50    75    4.649    4.090    3.411   12.554   17.538

Case 3: 256x256x104 voxels at 1.15x1.15x2.5 mm

Identity TRE (no registration), mm
  set             n     mean      std      p50      p95      max
  300pt T00-T50   300    6.943    4.045    5.381   13.391   16.551   published  6.94  OK
  75pt T00-T00    75    0.000    0.000    0.000    0.000    0.000  (reference)
  75pt T00-T10    75    1.456    1.398    1.150    3.002    5.360
  75pt T00-T20    75    4.105    2.736    2.982    8.999   10.578
  75pt T00-T30    75    5.755    3.353    5.131   12.605   12.967
  75pt T00-T40    75    6.696    3.787    5.258   12.967   15.175
  75pt T00-T50    75    7.246    3.981    5.622   14.165   15.219

Case 4: 256x256x99 voxels at 1.13x1.13x2.5 mm

Identity TRE (no registration), mm
  set             n     mean      std      p50      p95      max
  300pt T00-T50   300    9.830    4.852   10.127   17.573   20.254   published  9.83  OK
  75pt T00-T00    75    0.000    0.000    0.000    0.000    0.000  (reference)
  75pt T00-T10    75    2.245    1.902    2.500    5.234    7.585
  75pt T00-T20    75    5.342    3.447    4.361   11.001   12.703
  75pt T00-T30    75    7.544    4.194    7.914   14.128   15.707
  75pt T00-T40    75    8.621    4.500   10.000   15.171   15.748
  75pt T00-T50    75    9.689    4.786   10.314   17.547   18.215

Case 5: 256x256x106 voxels at 1.1x1.1x2.5 mm

Identity TRE (no registration), mm
  set             n     mean      std      p50      p95      max
  300pt T00-T50   300    7.477    5.502    5.463   17.672   24.778   published  7.48  OK
  75pt T00-T00    75    0.000    0.000    0.000    0.000    0.000  (reference)
  75pt T00-T10    75    1.706    1.902    1.100    5.155    7.043
  75pt T00-T20    75    4.490    2.828    3.507   10.257   12.740
  75pt T00-T30    75    5.462    3.955    3.991   13.430   15.398
  75pt T00-T40    75    7.014    5.161    5.236   16.049   17.842
  75pt T00-T50    75    7.406    5.608    5.236   17.651   24.778

Case 6: 512x512x128 voxels at 0.97x0.97x2.5 mm

Identity TRE (no registration), mm
  set             n     mean      std      p50      p95      max
  300pt T00-T50   300   10.891    6.955    8.582   23.741   27.594   published 10.89  OK
  75pt T00-T00    75    0.000    0.000    0.000    0.000    0.000  (reference)
  75pt T00-T10    75    2.050    2.114    2.500    6.023    8.500
  75pt T00-T20    75    5.266    4.635    2.852   13.919   17.846
  75pt T00-T30    75    7.751    5.940    5.703   20.607   22.313
  75pt T00-T40    75   10.283    6.528    8.103   23.060   24.290
  75pt T00-T50    75   11.775    7.069   10.094   24.044   27.112

Case 7: 512x512x136 voxels at 0.97x0.97x2.5 mm

Identity TRE (no registration), mm
  set             n     mean      std      p50      p95      max
  300pt T00-T50   300   11.026    7.415    8.103   25.094   30.636   published 11.03  OK
  75pt T00-T00    75    0.000    0.000    0.000    0.000    0.000  (reference)
  75pt T00-T10    75    1.743    1.815    0.970    5.185    7.562
  75pt T00-T20    75    4.980    4.219    2.852   12.871   15.125
  75pt T00-T30    75    7.251    6.309    5.093   18.186   22.604
  75pt T00-T40    75    8.623    6.983    5.450   21.203   25.094
  75pt T00-T50    75   10.713    7.141    8.275   23.023   27.654

Case 8: 512x512x128 voxels at 0.97x0.97x2.5 mm

Identity TRE (no registration), mm
  set             n     mean      std      p50      p95      max
  300pt T00-T50   300   14.995    8.996   12.988   28.022   30.575   published 14.99  OK
  75pt T00-T00    75    0.000    0.000    0.000    0.000    0.000  (reference)
  75pt T00-T10    75    1.300    1.501    0.970    5.000    5.450
  75pt T00-T20    75    6.618    3.610    7.500   12.742   15.249
  75pt T00-T30    75   11.117    6.623    9.689   20.526   23.017
  75pt T00-T40    75   14.092    7.726   12.687   25.412   28.574
  75pt T00-T50    75   16.000    9.216   14.713   29.831   30.575

Case 9: 512x512x128 voxels at 0.97x0.97x2.5 mm

Identity TRE (no registration), mm
  set             n     mean      std      p50      p95      max
  300pt T00-T50   300    7.918    3.973    8.074   14.092   15.765   published  7.92  OK
  75pt T00-T00    75    0.000    0.000    0.000    0.000    0.000  (reference)
  75pt T00-T10    75    1.106    1.054    0.970    2.852    3.164
  75pt T00-T20    75    4.374    2.638    4.616    8.461   11.282
  75pt T00-T30    75    5.696    3.222    5.785   10.647   11.282
  75pt T00-T40    75    6.825    3.743    7.300   12.511   14.520
  75pt T00-T50    75    7.157    3.912    7.500   12.871   15.524

Case 10: 512x512x120 voxels at 0.97x0.97x2.5 mm

Identity TRE (no registration), mm
  set             n     mean      std      p50      p95      max
  300pt T00-T50   300    7.301    6.341    5.093   20.922   27.789   published  7.30  OK
  75pt T00-T00    75    0.000    0.000    0.000    0.000    0.000  (reference)
  75pt T00-T10    75    1.415    1.891    0.970    5.238    8.275
  75pt T00-T20    75    3.630    3.956    2.682   12.829   16.206
  75pt T00-T30    75    6.154    5.427    3.712   15.946   23.098
  75pt T00-T40    75    7.582    6.427    5.450   20.829   24.579
  75pt T00-T50    75    8.331    6.854    7.624   20.891   26.069

all cases match the published identity TRE
