DVF library patients=['P1']  held_out=[5, 9]  param=/home/abhishek/Voxel_GAN/My v1.0/configs/elastix_bspline_masked.txt
Padded masks dir: /home/abhishek/Voxel_GAN/PopulationStudy/PaddedLungMasks
[P1] padded mask: Mask_Lung_padp20_P1.mha (pad=20)
[P1] lung bbox (zyx): [112:382, 0:220, 79:439]
[P1]   CT_01: (450, 220, 450) → (270, 220, 360) → (128, 128, 128)
[P1]   CT_02: (450, 220, 450) → (270, 220, 360) → (128, 128, 128)
[P1]   CT_03: (450, 220, 450) → (270, 220, 360) → (128, 128, 128)
[P1]   CT_04: (450, 220, 450) → (270, 220, 360) → (128, 128, 128)
[P1]   CT_05: (450, 220, 450) → (270, 220, 360) → (128, 128, 128)
[P1]   CT_06: (450, 220, 450) → (270, 220, 360) → (128, 128, 128)
[P1]   CT_07: (450, 220, 450) → (270, 220, 360) → (128, 128, 128)
[P1]   CT_08: (450, 220, 450) → (270, 220, 360) → (128, 128, 128)
[P1]   CT_09: (450, 220, 450) → (270, 220, 360) → (128, 128, 128)
[P1]   CT_10: (450, 220, 450) → (270, 220, 360) → (128, 128, 128)
[P1]   Mask_Lung → (128, 128, 128), voxels=881639
[P1] [1/100] identity 01_to_01_pair.npy
[P1] [2/100] Elastix 01_to_02_pair.npy (train) …
[P1]     7.1s  DVF range -0.56:0.49, -1.95:2.72, -0.84:1.28
[P1] [3/100] Elastix 01_to_03_pair.npy (train) …
[P1]     6.9s  DVF range -0.98:2.18, -3.82:5.66, -1.85:3.14
[P1] [4/100] Elastix 01_to_04_pair.npy (train) …
[P1]     6.9s  DVF range -1.56:2.32, -4.76:7.02, -2.12:4.59
[P1] [5/100] Elastix 01_to_05_pair.npy (val) …
[P1]     6.7s  DVF range -1.72:2.97, -5.24:8.34, -2.09:4.76
[P1] [6/100] Elastix 01_to_06_pair.npy (train) …
[P1]     6.8s  DVF range -2.06:2.94, -5.57:9.36, -2.22:5.10
[P1] [7/100] Elastix 01_to_07_pair.npy (train) …
[P1]     6.8s  DVF range -1.64:1.80, -4.89:6.25, -1.76:3.04
[P1] [8/100] Elastix 01_to_08_pair.npy (train) …
[P1]     6.9s  DVF range -1.31:1.61, -3.46:3.55, -1.06:2.10
[P1] [9/100] Elastix 01_to_09_pair.npy (val) …
[P1]     6.9s  DVF range -0.99:1.15, -1.99:2.02, -0.99:1.42
[P1] [10/100] Elastix 01_to_10_pair.npy (train) …
[P1]     6.8s  DVF range -0.40:0.55, -1.28:0.71, -0.73:0.69
[P1] [11/100] Elastix 02_to_01_pair.npy (train) …
[P1]     6.8s  DVF range -0.43:0.48, -2.67:1.92, -1.13:0.90
[P1] [12/100] identity 02_to_02_pair.npy
[P1] [13/100] Elastix 02_to_03_pair.npy (train) …
[P1]     6.9s  DVF range -0.55:0.53, -2.15:2.89, -0.82:0.89
[P1] [14/100] Elastix 02_to_04_pair.npy (train) …
[P1]     6.8s  DVF range -1.08:1.17, -3.35:5.13, -1.35:2.33
[P1] [15/100] Elastix 02_to_05_pair.npy (val) …
[P1]     6.9s  DVF range -1.22:2.15, -4.04:6.80, -1.49:3.53
[P1] [16/100] Elastix 02_to_06_pair.npy (train) …
[P1]     6.9s  DVF range -1.59:2.36, -4.27:7.54, -1.40:4.46
[P1] [17/100] Elastix 02_to_07_pair.npy (train) …
[P1]     6.9s  DVF range -1.64:1.70, -3.72:4.35, -1.47:2.93
[P1] [18/100] Elastix 02_to_08_pair.npy (train) …
[P1]     6.8s  DVF range -1.55:1.64, -3.05:3.12, -1.61:2.71
[P1] [19/100] Elastix 02_to_09_pair.npy (val) …
[P1]     6.8s  DVF range -1.21:1.30, -3.24:2.65, -2.06:2.19
[P1] [20/100] Elastix 02_to_10_pair.npy (train) …
[P1]     6.9s  DVF range -1.41:0.83, -4.17:2.70, -2.40:1.67
[P1] [21/100] Elastix 03_to_01_pair.npy (train) …
[P1]     6.9s  DVF range -2.19:0.91, -5.65:3.76, -3.46:1.83
[P1] [22/100] Elastix 03_to_02_pair.npy (train) …
[P1]     6.9s  DVF range -0.51:0.54, -3.06:2.06, -0.93:0.76
[P1] [23/100] identity 03_to_03_pair.npy
[P1] [24/100] Elastix 03_to_04_pair.npy (train) …
[P1]     6.9s  DVF range -0.52:0.32, -1.81:2.20, -0.56:0.77
[P1] [25/100] Elastix 03_to_05_pair.npy (val) …
[P1]     6.9s  DVF range -0.88:1.12, -2.67:4.72, -0.96:1.96
[P1] [26/100] Elastix 03_to_06_pair.npy (train) …
[P1]     6.9s  DVF range -1.17:1.48, -2.88:5.36, -1.14:2.90
[P1] [27/100] Elastix 03_to_07_pair.npy (train) …
[P1]     6.9s  DVF range -1.32:1.32, -2.80:3.15, -1.59:2.24
[P1] [28/100] Elastix 03_to_08_pair.npy (train) …
[P1]     6.9s  DVF range -1.97:1.49, -4.42:2.92, -2.33:2.56
[P1] [29/100] Elastix 03_to_09_pair.npy (val) …
[P1]     6.8s  DVF range -2.50:1.23, -5.59:3.34, -3.27:2.59
[P1] [30/100] Elastix 03_to_10_pair.npy (train) …
[P1]     7.0s  DVF range -3.13:0.98, -6.62:4.25, -4.20:2.39
[P1] [31/100] Elastix 04_to_01_pair.npy (train) …
[P1]     6.9s  DVF range -3.05:1.37, -7.14:4.68, -4.17:2.31
[P1] [32/100] Elastix 04_to_02_pair.npy (train) …
[P1]     6.9s  DVF range -1.57:0.99, -5.11:3.36, -3.14:1.35
[P1] [33/100] Elastix 04_to_03_pair.npy (train) …
[P1]     6.9s  DVF range -0.49:0.74, -2.47:1.80, -1.05:0.61
[P1] [34/100] identity 04_to_04_pair.npy
[P1] [35/100] Elastix 04_to_05_pair.npy (val) …
[P1]     7.0s  DVF range -0.41:0.36, -1.23:2.25, -0.60:0.80
[P1] [36/100] Elastix 04_to_06_pair.npy (train) …
[P1]     6.9s  DVF range -0.83:0.68, -1.89:3.08, -1.20:1.83
[P1] [37/100] Elastix 04_to_07_pair.npy (train) …
[P1]     7.0s  DVF range -1.25:1.10, -3.49:2.49, -1.29:1.82
[P1] [38/100] Elastix 04_to_08_pair.npy (train) …
[P1]     6.9s  DVF range -2.33:1.22, -5.53:2.77, -3.05:2.44
[P1] [39/100] Elastix 04_to_09_pair.npy (val) …
[P1]     6.9s  DVF range -3.30:1.16, -7.41:4.02, -4.19:2.71
[P1] [40/100] Elastix 04_to_10_pair.npy (train) …
[P1]     6.9s  DVF range -3.32:1.27, -8.17:4.89, -4.43:2.84
[P1] [41/100] Elastix 05_to_01_pair.npy (val) …
[P1]     7.0s  DVF range -3.21:1.59, -8.39:5.28, -4.97:2.19
[P1] [42/100] Elastix 05_to_02_pair.npy (val) …
[P1]     6.8s  DVF range -2.74:1.54, -7.01:4.01, -4.63:1.48
[P1] [43/100] Elastix 05_to_03_pair.npy (val) …
[P1]     6.9s  DVF range -1.17:1.09, -4.95:2.74, -2.28:1.01
[P1] [44/100] Elastix 05_to_04_pair.npy (val) …
[P1]     6.9s  DVF range -0.37:0.44, -2.48:1.23, -0.90:0.51
[P1] [45/100] identity 05_to_05_pair.npy
[P1] [46/100] Elastix 05_to_06_pair.npy (val) …
[P1]     7.0s  DVF range -0.77:0.45, -1.16:1.27, -0.71:1.09
[P1] [47/100] Elastix 05_to_07_pair.npy (val) …
[P1]     6.9s  DVF range -1.03:1.11, -3.89:2.15, -2.09:1.98
[P1] [48/100] Elastix 05_to_08_pair.npy (val) …
[P1]     6.9s  DVF range -3.08:1.15, -7.58:3.21, -3.92:2.45
[P1] [49/100] Elastix 05_to_09_pair.npy (val) …
[P1]     6.9s  DVF range -3.89:1.27, -9.65:4.46, -5.24:2.81
[P1] [50/100] Elastix 05_to_10_pair.npy (val) …
[P1]     7.0s  DVF range -4.31:1.53, -10.23:5.26, -5.94:3.20
[P1] [51/100] Elastix 06_to_01_pair.npy (train) …
[P1]     7.0s  DVF range -3.23:2.14, -9.98:5.31, -5.11:2.18
[P1] [52/100] Elastix 06_to_02_pair.npy (train) …
[P1]     6.9s  DVF range -2.91:1.92, -8.45:4.14, -4.86:1.38
[P1] [53/100] Elastix 06_to_03_pair.npy (train) …
[P1]     6.9s  DVF range -1.81:1.07, -6.11:2.69, -2.93:0.95
[P1] [54/100] Elastix 06_to_04_pair.npy (train) …
[P1]     6.9s  DVF range -0.70:0.77, -3.69:1.71, -1.84:1.15
[P1] [55/100] Elastix 06_to_05_pair.npy (val) …
[P1]     6.9s  DVF range -0.59:0.72, -1.66:1.06, -0.78:0.86
[P1] [56/100] identity 06_to_06_pair.npy
[P1] [57/100] Elastix 06_to_07_pair.npy (train) …
[P1]     6.9s  DVF range -0.87:0.73, -3.20:1.45, -2.00:0.87
[P1] [58/100] Elastix 06_to_08_pair.npy (train) …
[P1]     6.9s  DVF range -3.16:1.14, -8.47:3.21, -4.10:2.50
[P1] [59/100] Elastix 06_to_09_pair.npy (val) …
[P1]     6.9s  DVF range -3.82:1.78, -10.21:4.43, -5.14:2.59
[P1] [60/100] Elastix 06_to_10_pair.npy (train) …
[P1]     6.9s  DVF range -4.06:2.02, -11.00:5.29, -5.68:2.42
[P1] [61/100] Elastix 07_to_01_pair.npy (train) …
[P1]     6.8s  DVF range -2.76:1.69, -6.49:4.81, -4.61:1.78
[P1] [62/100] Elastix 07_to_02_pair.npy (train) …
[P1]     6.8s  DVF range -1.25:1.52, -5.00:3.67, -2.98:1.33
[P1] [63/100] Elastix 07_to_03_pair.npy (train) …
[P1]     6.9s  DVF range -1.09:1.32, -3.21:2.49, -2.03:1.59
[P1] [64/100] Elastix 07_to_04_pair.npy (train) …
[P1]     6.9s  DVF range -0.95:1.21, -2.62:3.62, -1.76:1.42
[P1] [65/100] Elastix 07_to_05_pair.npy (val) …
[P1]     6.9s  DVF range -0.93:1.04, -2.23:3.86, -1.90:1.95
[P1] [66/100] Elastix 07_to_06_pair.npy (train) …
[P1]     6.9s  DVF range -0.57:0.76, -1.54:3.12, -0.99:1.89
[P1] [67/100] identity 07_to_07_pair.npy
[P1] [68/100] Elastix 07_to_08_pair.npy (train) …
[P1]     6.9s  DVF range -1.38:0.56, -4.08:2.04, -1.97:0.91
[P1] [69/100] Elastix 07_to_09_pair.npy (val) …
[P1]     6.9s  DVF range -2.24:1.23, -6.25:3.57, -3.61:2.06
[P1] [70/100] Elastix 07_to_10_pair.npy (train) …
[P1]     6.8s  DVF range -3.22:1.57, -6.97:4.57, -4.73:2.23
[P1] [71/100] Elastix 08_to_01_pair.npy (train) …
[P1]     7.0s  DVF range -0.99:1.40, -3.53:3.38, -2.25:1.02
[P1] [72/100] Elastix 08_to_02_pair.npy (train) …
[P1]     7.1s  DVF range -1.06:1.52, -3.11:2.74, -2.87:1.74
[P1] [73/100] Elastix 08_to_03_pair.npy (train) …
[P1]     6.9s  DVF range -0.90:1.72, -2.87:4.63, -2.77:2.19
[P1] [74/100] Elastix 08_to_04_pair.npy (train) …
[P1]     6.8s  DVF range -1.13:2.39, -2.86:5.83, -2.41:3.32
[P1] [75/100] Elastix 08_to_05_pair.npy (val) …
[P1]     6.8s  DVF range -1.14:2.29, -3.07:7.12, -2.58:4.12
[P1] [76/100] Elastix 08_to_06_pair.npy (train) …
[P1]     6.9s  DVF range -1.06:2.72, -3.10:7.66, -2.47:4.47
[P1] [77/100] Elastix 08_to_07_pair.npy (train) …
[P1]     6.9s  DVF range -0.60:1.30, -1.76:3.63, -0.88:2.10
[P1] [78/100] identity 08_to_08_pair.npy
[P1] [79/100] Elastix 08_to_09_pair.npy (val) …
[P1]     7.0s  DVF range -0.42:0.63, -2.59:1.91, -1.06:0.57
[P1] [80/100] Elastix 08_to_10_pair.npy (train) …
[P1]     6.9s  DVF range -1.55:0.99, -3.91:3.24, -2.97:0.83
[P1] [81/100] Elastix 09_to_01_pair.npy (val) …
[P1]     7.0s  DVF range -0.66:1.09, -2.08:1.73, -1.57:1.12
[P1] [82/100] Elastix 09_to_02_pair.npy (val) …
[P1]     7.0s  DVF range -0.81:1.41, -2.48:3.49, -2.36:2.19
[P1] [83/100] Elastix 09_to_03_pair.npy (val) …
[P1]     6.8s  DVF range -0.88:2.53, -3.33:5.85, -2.60:3.57
[P1] [84/100] Elastix 09_to_04_pair.npy (val) …
[P1]     7.0s  DVF range -1.22:3.13, -3.85:7.04, -2.74:4.31
[P1] [85/100] Elastix 09_to_05_pair.npy (val) …
[P1]     6.9s  DVF range -1.38:3.18, -4.50:9.09, -2.69:5.37
[P1] [86/100] Elastix 09_to_06_pair.npy (val) …
[P1]     6.8s  DVF range -1.51:3.40, -4.57:10.02, -2.66:5.69
[P1] [87/100] Elastix 09_to_07_pair.npy (val) …
[P1]     7.0s  DVF range -1.23:2.13, -3.49:5.83, -1.98:3.55
[P1] [88/100] Elastix 09_to_08_pair.npy (val) …
[P1]     6.9s  DVF range -0.62:0.52, -1.94:2.65, -0.70:1.32
[P1] [89/100] identity 09_to_09_pair.npy
[P1] [90/100] Elastix 09_to_10_pair.npy (val) …
[P1]     6.9s  DVF range -0.40:0.55, -1.74:1.47, -0.88:0.60
[P1] [91/100] Elastix 10_to_01_pair.npy (train) …
[P1]     6.9s  DVF range -0.33:0.46, -0.74:0.91, -0.62:0.98
[P1] [92/100] Elastix 10_to_02_pair.npy (train) …
[P1]     6.9s  DVF range -0.74:1.51, -2.60:4.15, -1.75:2.54
[P1] [93/100] Elastix 10_to_03_pair.npy (train) …
[P1]     6.9s  DVF range -0.87:2.55, -4.22:6.87, -2.32:3.49
[P1] [94/100] Elastix 10_to_04_pair.npy (train) …
[P1]     6.8s  DVF range -1.34:2.97, -4.72:8.21, -2.81:4.71
[P1] [95/100] Elastix 10_to_05_pair.npy (val) …
[P1]     6.9s  DVF range -1.52:3.47, -5.27:9.59, -2.61:5.57
[P1] [96/100] Elastix 10_to_06_pair.npy (train) …
[P1]     6.9s  DVF range -2.01:3.71, -5.31:10.72, -2.50:5.83
[P1] [97/100] Elastix 10_to_07_pair.npy (train) …
[P1]     6.8s  DVF range -1.61:2.44, -4.72:6.54, -2.03:4.53
[P1] [98/100] Elastix 10_to_08_pair.npy (train) …
[P1]     6.8s  DVF range -1.01:1.17, -3.34:3.72, -0.83:1.79
[P1] [99/100] Elastix 10_to_09_pair.npy (val) …
[P1]     6.6s  DVF range -0.57:0.67, -1.58:1.58, -0.60:0.87
[P1] [100/100] identity 10_to_10_pair.npy
[P1] DONE in 10.5 min  registered=90 identity=10 skipped=0  → /home/abhishek/Voxel_GAN/PopulationStudy/data/P1/all
All requested patients finished.
