DVF library patients=['P2']  held_out=[5, 9]  param=/home/abhishek/Voxel_GAN/My v1.0/configs/elastix_bspline_masked.txt
Padded masks dir: /home/abhishek/Voxel_GAN/PopulationStudy/PaddedLungMasks
[P2] padded mask: Mask_Lung_padp08_P2.mha (pad=8)
[P2] lung bbox (zyx): [138:346, 0:220, 84:380]
[P2]   CT_01: (450, 220, 450) → (208, 220, 296) → (128, 128, 128)
[P2]   CT_02: (450, 220, 450) → (208, 220, 296) → (128, 128, 128)
[P2]   CT_03: (450, 220, 450) → (208, 220, 296) → (128, 128, 128)
[P2]   CT_04: (450, 220, 450) → (208, 220, 296) → (128, 128, 128)
[P2]   CT_05: (450, 220, 450) → (208, 220, 296) → (128, 128, 128)
[P2]   CT_06: (450, 220, 450) → (208, 220, 296) → (128, 128, 128)
[P2]   CT_07: (450, 220, 450) → (208, 220, 296) → (128, 128, 128)
[P2]   CT_08: (450, 220, 450) → (208, 220, 296) → (128, 128, 128)
[P2]   CT_09: (450, 220, 450) → (208, 220, 296) → (128, 128, 128)
[P2]   CT_10: (450, 220, 450) → (208, 220, 296) → (128, 128, 128)
[P2]   Mask_Lung → (128, 128, 128), voxels=774880
[P2] [1/100] identity 01_to_01_pair.npy
[P2] [2/100] Elastix 01_to_02_pair.npy (train) …
[P2]     7.1s  DVF range -0.43:0.42, -0.84:1.10, -0.89:0.85
[P2] [3/100] Elastix 01_to_03_pair.npy (train) …
[P2]     6.8s  DVF range -1.60:0.98, -2.03:3.26, -1.41:1.49
[P2] [4/100] Elastix 01_to_04_pair.npy (train) …
[P2]     6.9s  DVF range -2.11:1.27, -3.44:4.80, -1.80:1.62
[P2] [5/100] Elastix 01_to_05_pair.npy (val) …
[P2]     6.7s  DVF range -2.97:1.83, -5.05:5.85, -2.01:1.90
[P2] [6/100] Elastix 01_to_06_pair.npy (train) …
[P2]     6.7s  DVF range -3.77:2.10, -5.82:6.56, -1.89:2.40
[P2] [7/100] Elastix 01_to_07_pair.npy (train) …
[P2]     6.8s  DVF range -3.70:2.15, -6.02:6.91, -2.13:2.62
[P2] [8/100] Elastix 01_to_08_pair.npy (train) …
[P2]     7.0s  DVF range -3.71:1.71, -5.37:6.77, -1.84:2.29
[P2] [9/100] Elastix 01_to_09_pair.npy (val) …
[P2]     6.9s  DVF range -2.80:1.20, -2.58:5.38, -0.88:2.00
[P2] [10/100] Elastix 01_to_10_pair.npy (train) …
[P2]     6.8s  DVF range -1.14:0.44, -1.01:1.84, -0.34:1.22
[P2] [11/100] Elastix 02_to_01_pair.npy (train) …
[P2]     6.8s  DVF range -0.46:0.38, -1.07:0.95, -0.84:0.91
[P2] [12/100] identity 02_to_02_pair.npy
[P2] [13/100] Elastix 02_to_03_pair.npy (train) …
[P2]     6.9s  DVF range -1.35:0.61, -2.01:2.38, -0.73:0.84
[P2] [14/100] Elastix 02_to_04_pair.npy (train) …
[P2]     6.8s  DVF range -1.87:0.97, -3.02:3.94, -1.12:1.31
[P2] [15/100] Elastix 02_to_05_pair.npy (val) …
[P2]     7.0s  DVF range -2.63:1.54, -4.43:5.04, -1.28:1.99
[P2] [16/100] Elastix 02_to_06_pair.npy (train) …
[P2]     6.8s  DVF range -3.24:1.76, -5.28:5.73, -1.25:2.25
[P2] [17/100] Elastix 02_to_07_pair.npy (train) …
[P2]     6.9s  DVF range -3.59:1.85, -5.49:6.25, -1.42:2.52
[P2] [18/100] Elastix 02_to_08_pair.npy (train) …
[P2]     6.9s  DVF range -3.52:1.48, -4.78:6.20, -1.34:2.25
[P2] [19/100] Elastix 02_to_09_pair.npy (val) …
[P2]     6.9s  DVF range -2.54:1.15, -2.24:4.42, -0.62:1.98
[P2] [20/100] Elastix 02_to_10_pair.npy (train) …
[P2]     6.9s  DVF range -0.89:0.62, -1.06:1.14, -0.75:1.57
[P2] [21/100] Elastix 03_to_01_pair.npy (train) …
[P2]     7.0s  DVF range -1.09:1.47, -3.23:2.55, -1.54:1.68
[P2] [22/100] Elastix 03_to_02_pair.npy (train) …
[P2]     6.9s  DVF range -0.71:1.21, -2.36:2.27, -1.03:0.80
[P2] [23/100] identity 03_to_03_pair.npy
[P2] [24/100] Elastix 03_to_04_pair.npy (train) …
[P2]     6.9s  DVF range -0.99:0.55, -1.84:1.71, -0.55:0.75
[P2] [25/100] Elastix 03_to_05_pair.npy (val) …
[P2]     6.9s  DVF range -1.80:1.03, -3.46:2.92, -0.76:1.40
[P2] [26/100] Elastix 03_to_06_pair.npy (train) …
[P2]     6.9s  DVF range -2.63:1.29, -4.19:3.67, -0.85:1.86
[P2] [27/100] Elastix 03_to_07_pair.npy (train) …
[P2]     6.9s  DVF range -2.72:1.35, -4.52:4.36, -1.08:1.99
[P2] [28/100] Elastix 03_to_08_pair.npy (train) …
[P2]     6.9s  DVF range -2.85:1.02, -3.72:4.61, -0.87:1.91
[P2] [29/100] Elastix 03_to_09_pair.npy (val) …
[P2]     7.0s  DVF range -1.31:0.71, -1.77:2.75, -0.75:2.14
[P2] [30/100] Elastix 03_to_10_pair.npy (train) …
[P2]     7.0s  DVF range -0.95:0.99, -1.87:1.76, -1.49:2.17
[P2] [31/100] Elastix 04_to_01_pair.npy (train) …
[P2]     6.9s  DVF range -1.17:2.23, -4.89:3.36, -1.81:1.89
[P2] [32/100] Elastix 04_to_02_pair.npy (train) …
[P2]     6.8s  DVF range -0.87:2.06, -3.91:3.22, -1.52:1.25
[P2] [33/100] Elastix 04_to_03_pair.npy (train) …
[P2]     6.9s  DVF range -0.47:0.84, -1.78:1.85, -1.04:0.54
[P2] [34/100] identity 04_to_04_pair.npy
[P2] [35/100] Elastix 04_to_05_pair.npy (val) …
[P2]     6.9s  DVF range -0.85:0.47, -2.10:1.28, -0.38:0.75
[P2] [36/100] Elastix 04_to_06_pair.npy (train) …
[P2]     7.0s  DVF range -1.74:0.67, -3.15:2.06, -0.53:1.32
[P2] [37/100] Elastix 04_to_07_pair.npy (train) …
[P2]     7.0s  DVF range -1.99:0.76, -3.33:2.61, -0.71:1.63
[P2] [38/100] Elastix 04_to_08_pair.npy (train) …
[P2]     7.0s  DVF range -1.91:0.76, -2.54:3.18, -0.55:1.66
[P2] [39/100] Elastix 04_to_09_pair.npy (val) …
[P2]     7.0s  DVF range -0.69:1.04, -2.13:1.52, -1.29:2.33
[P2] [40/100] Elastix 04_to_10_pair.npy (train) …
[P2]     7.0s  DVF range -1.17:1.45, -3.37:2.93, -1.89:2.36
[P2] [41/100] Elastix 05_to_01_pair.npy (val) …
[P2]     6.9s  DVF range -1.36:3.05, -5.73:4.53, -2.15:1.93
[P2] [42/100] Elastix 05_to_02_pair.npy (val) …
[P2]     6.9s  DVF range -1.19:2.94, -4.90:4.17, -2.17:1.41
[P2] [43/100] Elastix 05_to_03_pair.npy (val) …
[P2]     7.0s  DVF range -0.82:1.65, -2.97:3.32, -1.71:0.75
[P2] [44/100] Elastix 05_to_04_pair.npy (val) …
[P2]     7.1s  DVF range -0.43:0.79, -1.32:1.83, -0.98:0.40
[P2] [45/100] identity 05_to_05_pair.npy
[P2] [46/100] Elastix 05_to_06_pair.npy (val) …
[P2]     6.9s  DVF range -0.92:0.29, -1.33:0.83, -0.27:1.00
[P2] [47/100] Elastix 05_to_07_pair.npy (val) …
[P2]     6.9s  DVF range -1.20:0.41, -1.74:1.62, -0.52:0.97
[P2] [48/100] Elastix 05_to_08_pair.npy (val) …
[P2]     6.9s  DVF range -1.07:0.68, -1.81:2.38, -0.53:1.56
[P2] [49/100] Elastix 05_to_09_pair.npy (val) …
[P2]     7.0s  DVF range -1.07:1.13, -2.27:2.62, -1.60:2.50
[P2] [50/100] Elastix 05_to_10_pair.npy (val) …
[P2]     6.9s  DVF range -1.30:2.43, -4.46:4.27, -2.03:2.47
[P2] [51/100] Elastix 06_to_01_pair.npy (train) …
[P2]     7.0s  DVF range -1.36:3.34, -5.75:5.19, -2.30:1.83
[P2] [52/100] Elastix 06_to_02_pair.npy (train) …
[P2]     6.9s  DVF range -1.22:3.43, -5.47:4.89, -2.27:1.31
[P2] [53/100] Elastix 06_to_03_pair.npy (train) …
[P2]     6.9s  DVF range -0.95:2.57, -3.74:3.87, -2.12:0.84
[P2] [54/100] Elastix 06_to_04_pair.npy (train) …
[P2]     6.9s  DVF range -0.56:1.55, -2.09:2.68, -1.61:0.49
[P2] [55/100] Elastix 06_to_05_pair.npy (val) …
[P2]     6.9s  DVF range -0.31:0.89, -0.85:1.09, -0.92:0.23
[P2] [56/100] identity 06_to_06_pair.npy
[P2] [57/100] Elastix 06_to_07_pair.npy (train) …
[P2]     7.0s  DVF range -0.54:0.55, -0.79:0.80, -0.42:0.51
[P2] [58/100] Elastix 06_to_08_pair.npy (train) …
[P2]     7.0s  DVF range -0.79:0.89, -1.51:1.61, -0.68:1.15
[P2] [59/100] Elastix 06_to_09_pair.npy (val) …
[P2]     6.9s  DVF range -1.02:1.26, -2.20:3.07, -1.69:2.13
[P2] [60/100] Elastix 06_to_10_pair.npy (train) …
[P2]     7.0s  DVF range -1.22:2.86, -4.75:4.79, -2.20:2.10
[P2] [61/100] Elastix 07_to_01_pair.npy (train) …
[P2]     7.0s  DVF range -1.42:3.45, -6.00:5.51, -2.61:1.92
[P2] [62/100] Elastix 07_to_02_pair.npy (train) …
[P2]     7.0s  DVF range -1.33:3.66, -5.92:5.23, -2.55:1.45
[P2] [63/100] Elastix 07_to_03_pair.npy (train) …
[P2]     6.9s  DVF range -1.10:2.76, -4.31:4.18, -2.34:1.04
[P2] [64/100] Elastix 07_to_04_pair.npy (train) …
[P2]     7.0s  DVF range -0.76:1.94, -2.66:2.98, -1.80:0.74
[P2] [65/100] Elastix 07_to_05_pair.npy (val) …
[P2]     6.9s  DVF range -0.32:1.08, -1.62:1.47, -1.17:0.59
[P2] [66/100] Elastix 07_to_06_pair.npy (train) …
[P2]     6.9s  DVF range -0.45:0.53, -0.67:0.70, -0.51:0.54
[P2] [67/100] identity 07_to_07_pair.npy
[P2] [68/100] Elastix 07_to_08_pair.npy (train) …
[P2]     7.0s  DVF range -0.61:0.64, -1.08:1.15, -0.84:0.80
[P2] [69/100] Elastix 07_to_09_pair.npy (val) …
[P2]     6.9s  DVF range -1.00:1.44, -2.22:3.35, -1.86:1.86
[P2] [70/100] Elastix 07_to_10_pair.npy (train) …
[P2]     6.9s  DVF range -1.22:3.05, -5.16:5.19, -2.45:2.04
[P2] [71/100] Elastix 08_to_01_pair.npy (train) …
[P2]     7.0s  DVF range -1.58:3.47, -5.89:4.89, -2.38:1.73
[P2] [72/100] Elastix 08_to_02_pair.npy (train) …
[P2]     7.0s  DVF range -1.43:3.41, -5.91:4.43, -2.45:1.25
[P2] [73/100] Elastix 08_to_03_pair.npy (train) …
[P2]     7.0s  DVF range -1.05:2.70, -4.58:3.59, -2.13:0.77
[P2] [74/100] Elastix 08_to_04_pair.npy (train) …
[P2]     7.0s  DVF range -0.68:1.64, -3.05:2.18, -1.65:0.54
[P2] [75/100] Elastix 08_to_05_pair.npy (val) …
[P2]     7.0s  DVF range -0.75:0.98, -2.33:1.73, -1.39:0.56
[P2] [76/100] Elastix 08_to_06_pair.npy (train) …
[P2]     6.9s  DVF range -0.69:0.93, -1.62:1.65, -1.16:0.67
[P2] [77/100] Elastix 08_to_07_pair.npy (train) …
[P2]     6.9s  DVF range -0.64:0.93, -1.73:1.23, -0.84:0.72
[P2] [78/100] identity 08_to_08_pair.npy
[P2] [79/100] Elastix 08_to_09_pair.npy (val) …
[P2]     7.0s  DVF range -0.69:1.31, -1.80:2.88, -1.48:1.01
[P2] [80/100] Elastix 08_to_10_pair.npy (train) …
[P2]     7.1s  DVF range -1.32:3.03, -5.21:4.40, -2.16:1.72
[P2] [81/100] Elastix 09_to_01_pair.npy (val) …
[P2]     7.0s  DVF range -1.30:2.56, -5.09:2.59, -1.89:0.91
[P2] [82/100] Elastix 09_to_02_pair.npy (val) …
[P2]     6.9s  DVF range -1.16:2.63, -4.31:2.72, -2.07:0.69
[P2] [83/100] Elastix 09_to_03_pair.npy (val) …
[P2]     6.9s  DVF range -0.79:1.27, -2.62:1.85, -2.17:0.91
[P2] [84/100] Elastix 09_to_04_pair.npy (val) …
[P2]     6.9s  DVF range -1.02:0.93, -1.47:2.17, -2.29:1.31
[P2] [85/100] Elastix 09_to_05_pair.npy (val) …
[P2]     6.9s  DVF range -1.15:1.36, -2.54:2.33, -2.37:1.46
[P2] [86/100] Elastix 09_to_06_pair.npy (val) …
[P2]     7.0s  DVF range -1.34:1.58, -3.59:2.26, -2.22:1.50
[P2] [87/100] Elastix 09_to_07_pair.npy (val) …
[P2]     7.0s  DVF range -1.59:1.62, -3.76:2.18, -1.97:1.70
[P2] [88/100] Elastix 09_to_08_pair.npy (val) …
[P2]     6.9s  DVF range -1.38:0.77, -3.19:1.89, -1.07:1.36
[P2] [89/100] identity 09_to_09_pair.npy
[P2] [90/100] Elastix 09_to_10_pair.npy (val) …
[P2]     7.0s  DVF range -1.02:1.87, -3.53:2.40, -1.33:0.92
[P2] [91/100] Elastix 10_to_01_pair.npy (train) …
[P2]     7.0s  DVF range -0.42:0.91, -1.64:1.08, -1.22:0.44
[P2] [92/100] Elastix 10_to_02_pair.npy (train) …
[P2]     6.9s  DVF range -0.61:0.64, -1.18:1.10, -1.62:0.77
[P2] [93/100] Elastix 10_to_03_pair.npy (train) …
[P2]     7.0s  DVF range -0.90:0.89, -1.42:1.86, -2.14:1.55
[P2] [94/100] Elastix 10_to_04_pair.npy (train) …
[P2]     6.9s  DVF range -1.45:1.24, -2.99:3.55, -2.30:1.84
[P2] [95/100] Elastix 10_to_05_pair.npy (val) …
[P2]     7.0s  DVF range -2.29:1.85, -4.31:4.52, -2.36:1.83
[P2] [96/100] Elastix 10_to_06_pair.npy (train) …
[P2]     6.9s  DVF range -2.80:2.11, -5.35:5.22, -2.12:2.15
[P2] [97/100] Elastix 10_to_07_pair.npy (train) …
[P2]     7.0s  DVF range -3.20:2.18, -5.59:5.68, -2.27:2.53
[P2] [98/100] Elastix 10_to_08_pair.npy (train) …
[P2]     6.8s  DVF range -3.12:1.31, -4.81:5.62, -1.97:2.24
[P2] [99/100] Elastix 10_to_09_pair.npy (val) …
[P2]     6.3s  DVF range -2.00:1.01, -2.13:3.74, -0.97:1.11
[P2] [100/100] identity 10_to_10_pair.npy
[P2] DONE in 10.6 min  registered=90 identity=10 skipped=0  → /home/abhishek/Voxel_GAN/PopulationStudy/data/P2/all
All requested patients finished.
