DVF library patients=['P3']  held_out=[5, 9]  param=/home/abhishek/Voxel_GAN/My v1.0/configs/elastix_bspline_masked.txt
Padded masks dir: /home/abhishek/Voxel_GAN/PopulationStudy/PaddedLungMasks
[P3] padded mask: Mask_Lung_padp20_P3.mha (pad=20)
[P3] lung bbox (zyx): [92:368, 0:220, 61:392]
[P3]   CT_01: (450, 220, 450) → (276, 220, 331) → (128, 128, 128)
[P3]   CT_02: (450, 220, 450) → (276, 220, 331) → (128, 128, 128)
[P3]   CT_03: (450, 220, 450) → (276, 220, 331) → (128, 128, 128)
[P3]   CT_04: (450, 220, 450) → (276, 220, 331) → (128, 128, 128)
[P3]   CT_05: (450, 220, 450) → (276, 220, 331) → (128, 128, 128)
[P3]   CT_06: (450, 220, 450) → (276, 220, 331) → (128, 128, 128)
[P3]   CT_07: (450, 220, 450) → (276, 220, 331) → (128, 128, 128)
[P3]   CT_08: (450, 220, 450) → (276, 220, 331) → (128, 128, 128)
[P3]   CT_09: (450, 220, 450) → (276, 220, 331) → (128, 128, 128)
[P3]   CT_10: (450, 220, 450) → (276, 220, 331) → (128, 128, 128)
[P3]   Mask_Lung → (128, 128, 128), voxels=1012097
[P3] [1/100] identity 01_to_01_pair.npy
[P3] [2/100] Elastix 01_to_02_pair.npy (train) …
[P3]     7.2s  DVF range -1.54:0.97, -1.48:2.28, -1.71:1.54
[P3] [3/100] Elastix 01_to_03_pair.npy (train) …
[P3]     6.9s  DVF range -2.20:1.71, -3.45:4.64, -1.33:3.00
[P3] [4/100] Elastix 01_to_04_pair.npy (train) …
[P3]     6.8s  DVF range -2.66:2.09, -4.09:6.26, -1.59:3.87
[P3] [5/100] Elastix 01_to_05_pair.npy (val) …
[P3]     6.8s  DVF range -3.29:2.44, -4.93:7.41, -1.95:4.80
[P3] [6/100] Elastix 01_to_06_pair.npy (train) …
[P3]     6.8s  DVF range -4.01:2.49, -4.99:7.62, -1.81:4.91
[P3] [7/100] Elastix 01_to_07_pair.npy (train) …
[P3]     6.9s  DVF range -3.17:2.10, -4.01:6.56, -1.53:3.36
[P3] [8/100] Elastix 01_to_08_pair.npy (train) …
[P3]     6.9s  DVF range -1.51:1.26, -3.27:4.68, -1.07:2.50
[P3] [9/100] Elastix 01_to_09_pair.npy (val) …
[P3]     6.8s  DVF range -1.02:0.93, -2.09:3.46, -0.92:1.54
[P3] [10/100] Elastix 01_to_10_pair.npy (train) …
[P3]     6.9s  DVF range -0.76:0.94, -0.99:1.40, -0.73:0.95
[P3] [11/100] Elastix 02_to_01_pair.npy (train) …
[P3]     6.9s  DVF range -0.78:1.40, -2.32:1.42, -1.24:1.74
[P3] [12/100] identity 02_to_02_pair.npy
[P3] [13/100] Elastix 02_to_03_pair.npy (train) …
[P3]     6.9s  DVF range -2.64:1.28, -2.25:2.86, -1.29:1.92
[P3] [14/100] Elastix 02_to_04_pair.npy (train) …
[P3]     6.9s  DVF range -3.14:1.46, -3.05:4.84, -1.19:3.58
[P3] [15/100] Elastix 02_to_05_pair.npy (val) …
[P3]     7.0s  DVF range -3.65:2.00, -4.12:5.91, -1.59:4.07
[P3] [16/100] Elastix 02_to_06_pair.npy (train) …
[P3]     7.0s  DVF range -4.40:2.15, -4.27:6.77, -1.57:4.35
[P3] [17/100] Elastix 02_to_07_pair.npy (train) …
[P3]     7.0s  DVF range -2.92:1.42, -3.09:5.23, -1.22:2.55
[P3] [18/100] Elastix 02_to_08_pair.npy (train) …
[P3]     6.9s  DVF range -2.28:1.32, -1.99:3.26, -1.11:3.15
[P3] [19/100] Elastix 02_to_09_pair.npy (val) …
[P3]     6.9s  DVF range -0.89:1.08, -1.68:1.77, -1.17:1.72
[P3] [20/100] Elastix 02_to_10_pair.npy (train) …
[P3]     7.0s  DVF range -0.96:1.91, -2.20:1.11, -1.68:1.45
[P3] [21/100] Elastix 03_to_01_pair.npy (train) …
[P3]     7.1s  DVF range -1.43:2.18, -4.79:3.45, -2.13:1.33
[P3] [22/100] Elastix 03_to_02_pair.npy (train) …
[P3]     7.0s  DVF range -0.99:2.70, -3.10:2.37, -1.98:1.47
[P3] [23/100] identity 03_to_03_pair.npy
[P3] [24/100] Elastix 03_to_04_pair.npy (train) …
[P3]     7.0s  DVF range -1.77:0.67, -1.69:2.46, -0.73:1.65
[P3] [25/100] Elastix 03_to_05_pair.npy (val) …
[P3]     6.9s  DVF range -2.45:1.19, -2.83:3.85, -0.83:1.75
[P3] [26/100] Elastix 03_to_06_pair.npy (train) …
[P3]     6.9s  DVF range -2.82:1.21, -3.18:5.31, -1.00:2.31
[P3] [27/100] Elastix 03_to_07_pair.npy (train) …
[P3]     7.0s  DVF range -2.48:1.68, -2.47:3.76, -1.28:2.44
[P3] [28/100] Elastix 03_to_08_pair.npy (train) …
[P3]     7.0s  DVF range -1.00:1.41, -1.94:2.81, -1.97:1.99
[P3] [29/100] Elastix 03_to_09_pair.npy (val) …
[P3]     7.0s  DVF range -1.43:2.93, -3.32:2.15, -1.86:2.19
[P3] [30/100] Elastix 03_to_10_pair.npy (train) …
[P3]     7.0s  DVF range -1.48:2.54, -4.40:3.00, -2.95:1.78
[P3] [31/100] Elastix 04_to_01_pair.npy (train) …
[P3]     7.0s  DVF range -2.42:2.43, -6.10:3.92, -3.89:1.59
[P3] [32/100] Elastix 04_to_02_pair.npy (train) …
[P3]     6.9s  DVF range -1.51:2.99, -4.79:3.18, -3.47:1.32
[P3] [33/100] Elastix 04_to_03_pair.npy (train) …
[P3]     7.0s  DVF range -0.58:1.92, -2.45:1.80, -1.48:0.62
[P3] [34/100] identity 04_to_04_pair.npy
[P3] [35/100] Elastix 04_to_05_pair.npy (val) …
[P3]     7.0s  DVF range -1.15:0.88, -1.90:1.86, -1.32:1.10
[P3] [36/100] Elastix 04_to_06_pair.npy (train) …
[P3]     7.1s  DVF range -1.29:0.83, -2.31:3.06, -0.67:1.75
[P3] [37/100] Elastix 04_to_07_pair.npy (train) …
[P3]     6.9s  DVF range -0.86:1.79, -2.09:3.04, -1.33:1.87
[P3] [38/100] Elastix 04_to_08_pair.npy (train) …
[P3]     7.1s  DVF range -1.16:1.71, -3.48:2.21, -2.28:2.13
[P3] [39/100] Elastix 04_to_09_pair.npy (val) …
[P3]     6.9s  DVF range -1.52:2.79, -5.08:3.14, -2.92:2.18
[P3] [40/100] Elastix 04_to_10_pair.npy (train) …
[P3]     7.0s  DVF range -2.19:3.28, -5.89:3.88, -3.55:1.93
[P3] [41/100] Elastix 05_to_01_pair.npy (val) …
[P3]     7.1s  DVF range -2.40:2.91, -7.72:4.61, -4.68:1.83
[P3] [42/100] Elastix 05_to_02_pair.npy (val) …
[P3]     6.9s  DVF range -1.86:3.30, -5.88:3.73, -4.11:1.38
[P3] [43/100] Elastix 05_to_03_pair.npy (val) …
[P3]     7.0s  DVF range -0.95:2.25, -3.66:2.88, -1.72:1.02
[P3] [44/100] Elastix 05_to_04_pair.npy (val) …
[P3]     7.0s  DVF range -0.71:1.19, -1.83:1.95, -0.91:1.24
[P3] [45/100] identity 05_to_05_pair.npy
[P3] [46/100] Elastix 05_to_06_pair.npy (val) …
[P3]     7.0s  DVF range -1.27:0.72, -0.83:1.65, -0.78:2.08
[P3] [47/100] Elastix 05_to_07_pair.npy (val) …
[P3]     7.0s  DVF range -0.94:1.89, -3.01:2.21, -1.46:2.06
[P3] [48/100] Elastix 05_to_08_pair.npy (val) …
[P3]     7.0s  DVF range -1.59:2.17, -4.81:3.20, -2.66:2.32
[P3] [49/100] Elastix 05_to_09_pair.npy (val) …
[P3]     7.1s  DVF range -2.00:3.15, -6.31:4.18, -3.54:2.34
[P3] [50/100] Elastix 05_to_10_pair.npy (val) …
[P3]     7.0s  DVF range -2.41:3.75, -7.47:4.56, -4.21:2.25
[P3] [51/100] Elastix 06_to_01_pair.npy (train) …
[P3]     7.0s  DVF range -2.58:3.55, -8.03:4.62, -4.89:1.86
[P3] [52/100] Elastix 06_to_02_pair.npy (train) …
[P3]     7.0s  DVF range -2.10:3.91, -6.46:4.19, -4.34:1.56
[P3] [53/100] Elastix 06_to_03_pair.npy (train) …
[P3]     7.1s  DVF range -1.11:2.93, -5.04:3.02, -2.00:0.97
[P3] [54/100] Elastix 06_to_04_pair.npy (train) …
[P3]     7.0s  DVF range -0.71:1.20, -2.94:2.27, -1.87:0.72
[P3] [55/100] Elastix 06_to_05_pair.npy (val) …
[P3]     7.0s  DVF range -0.68:1.30, -1.56:0.85, -2.15:0.90
[P3] [56/100] identity 06_to_06_pair.npy
[P3] [57/100] Elastix 06_to_07_pair.npy (train) …
[P3]     7.1s  DVF range -1.03:2.01, -3.09:2.16, -1.79:1.65
[P3] [58/100] Elastix 06_to_08_pair.npy (train) …
[P3]     7.0s  DVF range -1.68:2.51, -5.36:3.39, -2.75:2.15
[P3] [59/100] Elastix 06_to_09_pair.npy (val) …
[P3]     6.9s  DVF range -1.92:3.69, -6.70:4.27, -3.43:2.16
[P3] [60/100] Elastix 06_to_10_pair.npy (train) …
[P3]     7.1s  DVF range -2.23:4.36, -7.72:4.55, -4.29:1.92
[P3] [61/100] Elastix 07_to_01_pair.npy (train) …
[P3]     7.0s  DVF range -2.15:3.06, -6.57:3.66, -4.41:1.39
[P3] [62/100] Elastix 07_to_02_pair.npy (train) …
[P3]     6.9s  DVF range -1.28:2.88, -5.32:2.99, -2.96:1.18
[P3] [63/100] Elastix 07_to_03_pair.npy (train) …
[P3]     6.9s  DVF range -1.19:2.42, -4.10:2.11, -2.56:1.40
[P3] [64/100] Elastix 07_to_04_pair.npy (train) …
[P3]     7.0s  DVF range -1.66:1.00, -3.22:1.90, -1.76:1.50
[P3] [65/100] Elastix 07_to_05_pair.npy (val) …
[P3]     7.1s  DVF range -1.79:0.90, -2.65:2.94, -2.04:1.74
[P3] [66/100] Elastix 07_to_06_pair.npy (train) …
[P3]     6.9s  DVF range -1.99:0.97, -2.45:3.24, -1.54:1.88
[P3] [67/100] identity 07_to_07_pair.npy
[P3] [68/100] Elastix 07_to_08_pair.npy (train) …
[P3]     7.1s  DVF range -1.11:2.16, -3.09:1.86, -2.06:1.12
[P3] [69/100] Elastix 07_to_09_pair.npy (val) …
[P3]     7.0s  DVF range -1.55:2.44, -4.61:3.29, -1.78:1.13
[P3] [70/100] Elastix 07_to_10_pair.npy (train) …
[P3]     7.0s  DVF range -1.76:3.97, -5.98:3.66, -3.03:1.39
[P3] [71/100] Elastix 08_to_01_pair.npy (train) …
[P3]     7.1s  DVF range -1.31:1.66, -5.04:2.96, -2.77:0.91
[P3] [72/100] Elastix 08_to_02_pair.npy (train) …
[P3]     7.0s  DVF range -1.30:1.99, -3.35:1.92, -3.24:1.14
[P3] [73/100] Elastix 08_to_03_pair.npy (train) …
[P3]     7.0s  DVF range -1.24:0.98, -2.91:2.04, -2.13:1.74
[P3] [74/100] Elastix 08_to_04_pair.npy (train) …
[P3]     7.0s  DVF range -1.70:1.13, -2.41:3.51, -2.16:2.40
[P3] [75/100] Elastix 08_to_05_pair.npy (val) …
[P3]     7.0s  DVF range -2.16:1.58, -3.18:4.89, -2.30:2.65
[P3] [76/100] Elastix 08_to_06_pair.npy (train) …
[P3]     6.9s  DVF range -2.44:1.60, -3.40:5.43, -2.06:2.99
[P3] [77/100] Elastix 08_to_07_pair.npy (train) …
[P3]     7.0s  DVF range -1.93:0.93, -2.06:3.20, -0.96:2.41
[P3] [78/100] identity 08_to_08_pair.npy
[P3] [79/100] Elastix 08_to_09_pair.npy (val) …
[P3]     7.0s  DVF range -0.88:1.82, -2.79:1.94, -1.61:1.24
[P3] [80/100] Elastix 08_to_10_pair.npy (train) …
[P3]     7.1s  DVF range -1.17:2.01, -4.02:2.97, -1.91:0.88
[P3] [81/100] Elastix 09_to_01_pair.npy (val) …
[P3]     7.0s  DVF range -0.66:0.97, -3.56:1.94, -1.37:0.94
[P3] [82/100] Elastix 09_to_02_pair.npy (val) …
[P3]     7.1s  DVF range -0.88:0.72, -1.75:1.50, -1.82:1.30
[P3] [83/100] Elastix 09_to_03_pair.npy (val) …
[P3]     7.1s  DVF range -2.58:1.49, -2.08:3.23, -2.21:1.84
[P3] [84/100] Elastix 09_to_04_pair.npy (val) …
[P3]     7.1s  DVF range -2.71:1.50, -3.01:4.86, -2.25:2.95
[P3] [85/100] Elastix 09_to_05_pair.npy (val) …
[P3]     7.0s  DVF range -3.15:1.92, -4.13:6.22, -2.39:3.72
[P3] [86/100] Elastix 09_to_06_pair.npy (val) …
[P3]     7.0s  DVF range -3.72:2.18, -4.39:7.03, -2.21:3.42
[P3] [87/100] Elastix 09_to_07_pair.npy (val) …
[P3]     6.9s  DVF range -2.68:1.95, -3.13:4.60, -1.08:2.09
[P3] [88/100] Elastix 09_to_08_pair.npy (val) …
[P3]     7.0s  DVF range -1.64:0.99, -1.86:2.57, -1.02:1.49
[P3] [89/100] identity 09_to_09_pair.npy
[P3] [90/100] Elastix 09_to_10_pair.npy (val) …
[P3]     7.0s  DVF range -0.92:1.90, -2.27:1.57, -1.23:0.74
[P3] [91/100] Elastix 10_to_01_pair.npy (train) …
[P3]     7.0s  DVF range -1.00:0.75, -1.40:1.08, -0.93:0.94
[P3] [92/100] Elastix 10_to_02_pair.npy (train) …
[P3]     6.9s  DVF range -2.06:1.07, -1.16:2.12, -1.52:1.54
[P3] [93/100] Elastix 10_to_03_pair.npy (train) …
[P3]     7.0s  DVF range -2.51:1.80, -3.02:4.40, -1.80:3.42
[P3] [94/100] Elastix 10_to_04_pair.npy (train) …
[P3]     7.0s  DVF range -3.49:2.16, -3.82:5.66, -2.03:3.89
[P3] [95/100] Elastix 10_to_05_pair.npy (val) …
[P3]     7.0s  DVF range -4.26:2.53, -4.86:7.15, -2.16:4.71
[P3] [96/100] Elastix 10_to_06_pair.npy (train) …
[P3]     7.0s  DVF range -4.86:2.95, -4.99:7.74, -1.93:4.56
[P3] [97/100] Elastix 10_to_07_pair.npy (train) …
[P3]     6.9s  DVF range -3.96:2.28, -3.89:6.16, -1.29:3.50
[P3] [98/100] Elastix 10_to_08_pair.npy (train) …
[P3]     6.5s  DVF range -2.09:1.56, -3.09:3.93, -0.95:2.02
[P3] [99/100] Elastix 10_to_09_pair.npy (val) …
[P3]     5.7s  DVF range -1.91:1.13, -1.67:2.24, -0.71:1.50
[P3] [100/100] identity 10_to_10_pair.npy
[P3] DONE in 10.7 min  registered=90 identity=10 skipped=0  → /home/abhishek/Voxel_GAN/PopulationStudy/data/P3/all
All requested patients finished.
