DVF library patients=['P4']  held_out=[5, 9]  param=/home/abhishek/Voxel_GAN/My v1.0/configs/elastix_bspline_masked.txt
Padded masks dir: /home/abhishek/Voxel_GAN/PopulationStudy/PaddedLungMasks
[P4] padded mask: Mask_Lung_padp20_P4.mha (pad=20)
[P4] lung bbox (zyx): [112:389, 0:220, 64:395]
[P4]   CT_01: (450, 220, 450) → (277, 220, 331) → (128, 128, 128)
[P4]   CT_02: (450, 220, 450) → (277, 220, 331) → (128, 128, 128)
[P4]   CT_03: (450, 220, 450) → (277, 220, 331) → (128, 128, 128)
[P4]   CT_04: (450, 220, 450) → (277, 220, 331) → (128, 128, 128)
[P4]   CT_05: (450, 220, 450) → (277, 220, 331) → (128, 128, 128)
[P4]   CT_06: (450, 220, 450) → (277, 220, 331) → (128, 128, 128)
[P4]   CT_07: (450, 220, 450) → (277, 220, 331) → (128, 128, 128)
[P4]   CT_08: (450, 220, 450) → (277, 220, 331) → (128, 128, 128)
[P4]   CT_09: (450, 220, 450) → (277, 220, 331) → (128, 128, 128)
[P4]   CT_10: (450, 220, 450) → (277, 220, 331) → (128, 128, 128)
[P4]   Mask_Lung → (128, 128, 128), voxels=827322
[P4] [1/100] identity 01_to_01_pair.npy
[P4] [2/100] Elastix 01_to_02_pair.npy (train) …
[P4]     7.2s  DVF range -1.02:1.20, -3.24:4.51, -1.81:1.99
[P4] [3/100] Elastix 01_to_03_pair.npy (train) …
[P4]     6.8s  DVF range -1.68:2.16, -4.85:7.53, -1.74:3.77
[P4] [4/100] Elastix 01_to_04_pair.npy (train) …
[P4]     6.8s  DVF range -2.31:3.03, -5.39:9.39, -2.22:5.94
[P4] [5/100] Elastix 01_to_05_pair.npy (val) …
[P4]     6.8s  DVF range -2.47:2.94, -5.41:9.95, -2.37:6.01
[P4] [6/100] Elastix 01_to_06_pair.npy (train) …
[P4]     6.7s  DVF range -2.63:3.20, -5.88:11.08, -2.42:6.17
[P4] [7/100] Elastix 01_to_07_pair.npy (train) …
[P4]     6.8s  DVF range -2.22:2.71, -5.62:10.49, -1.90:5.61
[P4] [8/100] Elastix 01_to_08_pair.npy (train) …
[P4]     6.9s  DVF range -1.42:2.06, -4.21:8.39, -1.43:4.61
[P4] [9/100] Elastix 01_to_09_pair.npy (val) …
[P4]     7.0s  DVF range -0.96:0.93, -2.97:5.23, -1.25:2.43
[P4] [10/100] Elastix 01_to_10_pair.npy (train) …
[P4]     7.2s  DVF range -0.81:0.95, -1.03:2.41, -1.52:1.22
[P4] [11/100] Elastix 02_to_01_pair.npy (train) …
[P4]     6.9s  DVF range -0.98:1.12, -4.74:3.12, -2.05:1.50
[P4] [12/100] identity 02_to_02_pair.npy
[P4] [13/100] Elastix 02_to_03_pair.npy (train) …
[P4]     6.9s  DVF range -1.37:1.15, -2.93:3.99, -1.00:2.64
[P4] [14/100] Elastix 02_to_04_pair.npy (train) …
[P4]     6.8s  DVF range -1.14:1.70, -3.59:5.58, -1.13:3.71
[P4] [15/100] Elastix 02_to_05_pair.npy (val) …
[P4]     7.0s  DVF range -2.08:2.30, -3.87:6.58, -1.35:4.29
[P4] [16/100] Elastix 02_to_06_pair.npy (train) …
[P4]     6.8s  DVF range -1.60:2.52, -4.22:7.28, -1.33:3.89
[P4] [17/100] Elastix 02_to_07_pair.npy (train) …
[P4]     6.9s  DVF range -2.31:1.74, -4.32:6.97, -1.44:4.11
[P4] [18/100] Elastix 02_to_08_pair.npy (train) …
[P4]     7.0s  DVF range -1.08:1.27, -2.92:5.04, -1.40:2.43
[P4] [19/100] Elastix 02_to_09_pair.npy (val) …
[P4]     7.0s  DVF range -1.05:0.89, -2.58:2.83, -1.60:3.04
[P4] [20/100] Elastix 02_to_10_pair.npy (train) …
[P4]     6.9s  DVF range -1.34:1.28, -5.22:3.47, -1.88:1.41
[P4] [21/100] Elastix 03_to_01_pair.npy (train) …
[P4]     6.9s  DVF range -2.31:2.25, -7.71:4.12, -3.97:1.53
[P4] [22/100] Elastix 03_to_02_pair.npy (train) …
[P4]     7.0s  DVF range -1.18:1.65, -3.97:2.99, -2.22:0.88
[P4] [23/100] identity 03_to_03_pair.npy
[P4] [24/100] Elastix 03_to_04_pair.npy (train) …
[P4]     6.9s  DVF range -0.90:0.79, -1.64:2.11, -1.24:1.36
[P4] [25/100] Elastix 03_to_05_pair.npy (val) …
[P4]     6.9s  DVF range -1.03:1.06, -2.28:3.08, -0.87:1.23
[P4] [26/100] Elastix 03_to_06_pair.npy (train) …
[P4]     6.9s  DVF range -0.96:1.37, -2.69:3.98, -1.07:1.70
[P4] [27/100] Elastix 03_to_07_pair.npy (train) …
[P4]     6.9s  DVF range -0.97:1.11, -2.83:3.64, -1.12:1.95
[P4] [28/100] Elastix 03_to_08_pair.npy (train) …
[P4]     7.0s  DVF range -0.86:1.14, -2.42:2.17, -1.57:2.56
[P4] [29/100] Elastix 03_to_09_pair.npy (val) …
[P4]     7.0s  DVF range -0.97:1.41, -5.73:3.43, -2.02:2.34
[P4] [30/100] Elastix 03_to_10_pair.npy (train) …
[P4]     7.0s  DVF range -1.99:2.15, -7.56:4.15, -3.85:2.02
[P4] [31/100] Elastix 04_to_01_pair.npy (train) …
[P4]     7.0s  DVF range -2.90:2.77, -9.07:4.40, -5.67:1.92
[P4] [32/100] Elastix 04_to_02_pair.npy (train) …
[P4]     6.9s  DVF range -2.23:1.23, -5.91:3.13, -3.88:1.05
[P4] [33/100] Elastix 04_to_03_pair.npy (train) …
[P4]     7.1s  DVF range -0.85:0.77, -2.14:1.67, -1.17:1.45
[P4] [34/100] identity 04_to_04_pair.npy
[P4] [35/100] Elastix 04_to_05_pair.npy (val) …
[P4]     7.0s  DVF range -1.07:0.62, -1.17:1.27, -0.79:2.12
[P4] [36/100] Elastix 04_to_06_pair.npy (train) …
[P4]     7.0s  DVF range -0.92:0.78, -1.80:2.24, -0.81:0.95
[P4] [37/100] Elastix 04_to_07_pair.npy (train) …
[P4]     7.0s  DVF range -1.03:0.98, -2.03:2.28, -0.99:2.60
[P4] [38/100] Elastix 04_to_08_pair.npy (train) …
[P4]     7.1s  DVF range -0.99:0.90, -3.99:2.74, -1.65:2.33
[P4] [39/100] Elastix 04_to_09_pair.npy (val) …
[P4]     6.9s  DVF range -1.54:1.75, -6.91:4.26, -2.89:2.46
[P4] [40/100] Elastix 04_to_10_pair.npy (train) …
[P4]     7.0s  DVF range -2.40:2.81, -8.71:4.56, -5.00:2.18
[P4] [41/100] Elastix 05_to_01_pair.npy (val) …
[P4]     6.9s  DVF range -2.95:2.78, -9.93:4.55, -5.86:2.14
[P4] [42/100] Elastix 05_to_02_pair.npy (val) …
[P4]     6.9s  DVF range -2.30:2.19, -6.57:3.20, -4.52:1.22
[P4] [43/100] Elastix 05_to_03_pair.npy (val) …
[P4]     7.0s  DVF range -0.72:0.93, -3.02:2.27, -1.16:0.94
[P4] [44/100] Elastix 05_to_04_pair.npy (val) …
[P4]     7.0s  DVF range -0.93:1.04, -1.48:1.03, -1.93:0.90
[P4] [45/100] identity 05_to_05_pair.npy
[P4] [46/100] Elastix 05_to_06_pair.npy (val) …
[P4]     7.0s  DVF range -0.83:0.96, -0.84:0.79, -1.34:1.18
[P4] [47/100] Elastix 05_to_07_pair.npy (val) …
[P4]     6.9s  DVF range -0.67:0.81, -1.81:1.03, -0.98:1.32
[P4] [48/100] Elastix 05_to_08_pair.npy (val) …
[P4]     6.9s  DVF range -1.13:1.88, -4.70:3.12, -1.76:2.01
[P4] [49/100] Elastix 05_to_09_pair.npy (val) …
[P4]     7.1s  DVF range -1.69:1.95, -7.22:4.10, -3.26:2.25
[P4] [50/100] Elastix 05_to_10_pair.npy (val) …
[P4]     7.0s  DVF range -2.90:2.81, -9.20:4.38, -5.55:2.03
[P4] [51/100] Elastix 06_to_01_pair.npy (train) …
[P4]     7.0s  DVF range -3.16:2.79, -10.66:4.69, -5.92:2.20
[P4] [52/100] Elastix 06_to_02_pair.npy (train) …
[P4]     7.0s  DVF range -2.49:1.70, -7.56:3.43, -5.12:1.26
[P4] [53/100] Elastix 06_to_03_pair.npy (train) …
[P4]     7.1s  DVF range -1.02:1.09, -4.38:2.55, -1.65:1.08
[P4] [54/100] Elastix 06_to_04_pair.npy (train) …
[P4]     7.1s  DVF range -0.66:0.87, -2.20:1.63, -1.06:1.03
[P4] [55/100] Elastix 06_to_05_pair.npy (val) …
[P4]     6.9s  DVF range -0.67:0.64, -0.90:0.75, -1.03:1.43
[P4] [56/100] identity 06_to_06_pair.npy
[P4] [57/100] Elastix 06_to_07_pair.npy (train) …
[P4]     7.0s  DVF range -0.79:0.82, -2.27:1.33, -0.95:1.99
[P4] [58/100] Elastix 06_to_08_pair.npy (train) …
[P4]     7.0s  DVF range -1.15:1.25, -4.96:3.48, -1.74:1.64
[P4] [59/100] Elastix 06_to_09_pair.npy (val) …
[P4]     7.0s  DVF range -2.31:2.07, -7.51:4.34, -3.80:2.08
[P4] [60/100] Elastix 06_to_10_pair.npy (train) …
[P4]     7.0s  DVF range -3.14:2.89, -9.54:4.50, -5.70:2.06
[P4] [61/100] Elastix 07_to_01_pair.npy (train) …
[P4]     7.0s  DVF range -2.47:2.35, -9.64:4.61, -5.99:1.80
[P4] [62/100] Elastix 07_to_02_pair.npy (train) …
[P4]     6.9s  DVF range -2.26:2.04, -7.00:3.50, -4.03:1.32
[P4] [63/100] Elastix 07_to_03_pair.npy (train) …
[P4]     7.1s  DVF range -0.88:0.90, -3.89:2.37, -1.95:1.06
[P4] [64/100] Elastix 07_to_04_pair.npy (train) …
[P4]     7.1s  DVF range -0.86:0.95, -2.31:1.84, -2.76:1.06
[P4] [65/100] Elastix 07_to_05_pair.npy (val) …
[P4]     7.1s  DVF range -0.90:0.65, -1.25:1.55, -1.26:1.10
[P4] [66/100] Elastix 07_to_06_pair.npy (train) …
[P4]     7.0s  DVF range -0.85:0.88, -1.29:2.08, -1.84:1.09
[P4] [67/100] identity 07_to_07_pair.npy
[P4] [68/100] Elastix 07_to_08_pair.npy (train) …
[P4]     7.1s  DVF range -0.88:1.54, -2.99:2.40, -2.31:1.21
[P4] [69/100] Elastix 07_to_09_pair.npy (val) …
[P4]     6.9s  DVF range -1.24:1.63, -6.13:3.90, -2.69:1.30
[P4] [70/100] Elastix 07_to_10_pair.npy (train) …
[P4]     7.0s  DVF range -2.51:2.59, -8.25:4.24, -4.82:1.52
[P4] [71/100] Elastix 08_to_01_pair.npy (train) …
[P4]     7.1s  DVF range -1.76:1.37, -8.62:3.53, -4.31:1.80
[P4] [72/100] Elastix 08_to_02_pair.npy (train) …
[P4]     7.0s  DVF range -1.22:0.99, -5.21:2.61, -2.87:1.52
[P4] [73/100] Elastix 08_to_03_pair.npy (train) …
[P4]     7.0s  DVF range -1.03:0.93, -2.39:2.07, -2.64:1.56
[P4] [74/100] Elastix 08_to_04_pair.npy (train) …
[P4]     7.0s  DVF range -0.97:0.86, -2.66:3.81, -2.40:1.76
[P4] [75/100] Elastix 08_to_05_pair.npy (val) …
[P4]     7.1s  DVF range -1.70:0.92, -3.22:4.22, -1.99:1.96
[P4] [76/100] Elastix 08_to_06_pair.npy (train) …
[P4]     7.0s  DVF range -1.25:0.98, -3.66:4.79, -1.76:2.17
[P4] [77/100] Elastix 08_to_07_pair.npy (train) …
[P4]     6.9s  DVF range -1.28:0.94, -2.44:2.74, -1.15:2.48
[P4] [78/100] identity 08_to_08_pair.npy
[P4] [79/100] Elastix 08_to_09_pair.npy (val) …
[P4]     7.0s  DVF range -0.80:0.89, -3.79:2.44, -0.95:1.77
[P4] [80/100] Elastix 08_to_10_pair.npy (train) …
[P4]     7.0s  DVF range -1.69:1.88, -6.95:3.39, -3.83:1.50
[P4] [81/100] Elastix 09_to_01_pair.npy (val) …
[P4]     7.0s  DVF range -0.85:1.04, -5.48:2.71, -2.38:1.06
[P4] [82/100] Elastix 09_to_02_pair.npy (val) …
[P4]     7.0s  DVF range -1.08:1.10, -3.10:2.15, -2.92:1.75
[P4] [83/100] Elastix 09_to_03_pair.npy (val) …
[P4]     7.0s  DVF range -1.24:0.97, -3.51:5.43, -2.48:2.33
[P4] [84/100] Elastix 09_to_04_pair.npy (val) …
[P4]     7.0s  DVF range -1.62:1.58, -4.68:6.84, -2.56:2.84
[P4] [85/100] Elastix 09_to_05_pair.npy (val) …
[P4]     6.9s  DVF range -2.00:1.76, -5.00:7.34, -2.37:3.20
[P4] [86/100] Elastix 09_to_06_pair.npy (val) …
[P4]     6.9s  DVF range -1.95:1.95, -5.33:7.70, -2.25:3.25
[P4] [87/100] Elastix 09_to_07_pair.npy (val) …
[P4]     7.0s  DVF range -1.56:1.83, -4.67:6.37, -1.20:2.32
[P4] [88/100] Elastix 09_to_08_pair.npy (val) …
[P4]     6.9s  DVF range -0.85:1.07, -2.55:3.84, -1.25:1.42
[P4] [89/100] identity 09_to_09_pair.npy
[P4] [90/100] Elastix 09_to_10_pair.npy (val) …
[P4]     7.0s  DVF range -0.92:1.52, -4.24:2.37, -2.92:0.95
[P4] [91/100] Elastix 10_to_01_pair.npy (train) …
[P4]     7.1s  DVF range -1.04:0.84, -2.41:1.02, -1.04:1.74
[P4] [92/100] Elastix 10_to_02_pair.npy (train) …
[P4]     7.0s  DVF range -1.13:1.26, -3.91:5.07, -1.47:1.86
[P4] [93/100] Elastix 10_to_03_pair.npy (train) …
[P4]     6.9s  DVF range -1.94:1.92, -5.06:7.80, -2.03:3.08
[P4] [94/100] Elastix 10_to_04_pair.npy (train) …
[P4]     7.1s  DVF range -2.42:2.47, -5.47:9.22, -2.19:4.76
[P4] [95/100] Elastix 10_to_05_pair.npy (val) …
[P4]     6.9s  DVF range -2.47:2.91, -5.75:9.75, -2.40:4.97
[P4] [96/100] Elastix 10_to_06_pair.npy (train) …
[P4]     7.0s  DVF range -2.79:2.79, -5.83:10.32, -2.40:5.35
[P4] [97/100] Elastix 10_to_07_pair.npy (train) …
[P4]     6.9s  DVF range -2.52:2.56, -5.49:8.93, -2.07:4.86
[P4] [98/100] Elastix 10_to_08_pair.npy (train) …
[P4]     6.6s  DVF range -1.91:1.93, -3.81:7.03, -1.20:3.73
[P4] [99/100] Elastix 10_to_09_pair.npy (val) …
[P4]     5.9s  DVF range -1.43:0.92, -2.42:3.81, -1.11:2.96
[P4] [100/100] identity 10_to_10_pair.npy
[P4] DONE in 10.6 min  registered=90 identity=10 skipped=0  → /home/abhishek/Voxel_GAN/PopulationStudy/data/P4/all
All requested patients finished.
