DVF library patients=['P5']  held_out=[5, 9]  param=/home/abhishek/Voxel_GAN/My v1.0/configs/elastix_bspline_masked.txt
Padded masks dir: /home/abhishek/Voxel_GAN/PopulationStudy/PaddedLungMasks
[P5] padded mask: Mask_Lung_padp24_P5.mha (pad=24)
[P5] lung bbox (zyx): [29:299, 0:202, 63:377]
[P5]   CT_01: (450, 220, 450) → (270, 202, 314) → (128, 128, 128)
[P5]   CT_02: (450, 220, 450) → (270, 202, 314) → (128, 128, 128)
[P5]   CT_03: (450, 220, 450) → (270, 202, 314) → (128, 128, 128)
[P5]   CT_04: (450, 220, 450) → (270, 202, 314) → (128, 128, 128)
[P5]   CT_05: (450, 220, 450) → (270, 202, 314) → (128, 128, 128)
[P5]   CT_06: (450, 220, 450) → (270, 202, 314) → (128, 128, 128)
[P5]   CT_07: (450, 220, 450) → (270, 202, 314) → (128, 128, 128)
[P5]   CT_08: (450, 220, 450) → (270, 202, 314) → (128, 128, 128)
[P5]   CT_09: (450, 220, 450) → (270, 202, 314) → (128, 128, 128)
[P5]   CT_10: (450, 220, 450) → (270, 202, 314) → (128, 128, 128)
[P5]   Mask_Lung → (128, 128, 128), voxels=925301
[P5] [1/100] identity 01_to_01_pair.npy
[P5] [2/100] Elastix 01_to_02_pair.npy (train) …
[P5]     7.2s  DVF range -0.46:0.60, -0.99:1.92, -0.49:0.59
[P5] [3/100] Elastix 01_to_03_pair.npy (train) …
[P5]     6.9s  DVF range -1.13:1.91, -2.28:4.51, -0.89:1.27
[P5] [4/100] Elastix 01_to_04_pair.npy (train) …
[P5]     7.0s  DVF range -1.54:2.19, -3.07:5.87, -1.36:3.11
[P5] [5/100] Elastix 01_to_05_pair.npy (val) …
[P5]     6.9s  DVF range -1.91:2.08, -3.37:6.28, -1.39:3.34
[P5] [6/100] Elastix 01_to_06_pair.npy (train) …
[P5]     6.9s  DVF range -2.39:2.66, -3.51:5.77, -1.04:3.26
[P5] [7/100] Elastix 01_to_07_pair.npy (train) …
[P5]     6.8s  DVF range -2.53:2.55, -3.16:4.81, -0.93:2.93
[P5] [8/100] Elastix 01_to_08_pair.npy (train) …
[P5]     6.9s  DVF range -1.84:2.01, -2.39:3.39, -1.14:2.58
[P5] [9/100] Elastix 01_to_09_pair.npy (val) …
[P5]     6.9s  DVF range -0.85:1.24, -1.46:2.81, -0.92:1.55
[P5] [10/100] Elastix 01_to_10_pair.npy (train) …
[P5]     7.0s  DVF range -0.51:0.69, -0.63:1.01, -0.61:0.58
[P5] [11/100] Elastix 02_to_01_pair.npy (train) …
[P5]     6.9s  DVF range -0.48:0.46, -1.92:1.20, -0.63:0.52
[P5] [12/100] identity 02_to_02_pair.npy
[P5] [13/100] Elastix 02_to_03_pair.npy (train) …
[P5]     6.9s  DVF range -0.71:1.32, -1.45:2.78, -0.51:1.04
[P5] [14/100] Elastix 02_to_04_pair.npy (train) …
[P5]     7.0s  DVF range -1.01:1.70, -2.27:4.17, -1.00:1.62
[P5] [15/100] Elastix 02_to_05_pair.npy (val) …
[P5]     7.0s  DVF range -1.51:1.98, -2.92:4.67, -0.86:3.26
[P5] [16/100] Elastix 02_to_06_pair.npy (train) …
[P5]     7.0s  DVF range -1.96:2.20, -2.95:4.79, -0.97:3.21
[P5] [17/100] Elastix 02_to_07_pair.npy (train) …
[P5]     7.0s  DVF range -2.00:2.14, -2.64:4.13, -1.05:2.64
[P5] [18/100] Elastix 02_to_08_pair.npy (train) …
[P5]     6.9s  DVF range -1.38:1.61, -2.19:2.88, -1.25:2.50
[P5] [19/100] Elastix 02_to_09_pair.npy (val) …
[P5]     7.0s  DVF range -0.74:1.14, -1.83:2.55, -0.93:1.10
[P5] [20/100] Elastix 02_to_10_pair.npy (train) …
[P5]     6.9s  DVF range -0.70:0.64, -2.31:1.19, -0.77:0.87
[P5] [21/100] Elastix 03_to_01_pair.npy (train) …
[P5]     6.9s  DVF range -1.60:0.71, -4.63:2.05, -1.48:0.87
[P5] [22/100] Elastix 03_to_02_pair.npy (train) …
[P5]     7.0s  DVF range -1.27:0.43, -3.04:1.37, -0.90:0.56
[P5] [23/100] identity 03_to_03_pair.npy
[P5] [24/100] Elastix 03_to_04_pair.npy (train) …
[P5]     7.1s  DVF range -0.60:0.94, -1.11:1.77, -1.19:0.76
[P5] [25/100] Elastix 03_to_05_pair.npy (val) …
[P5]     7.0s  DVF range -0.82:1.16, -2.03:2.45, -1.30:1.36
[P5] [26/100] Elastix 03_to_06_pair.npy (train) …
[P5]     6.9s  DVF range -1.31:1.60, -2.21:2.40, -0.98:1.76
[P5] [27/100] Elastix 03_to_07_pair.npy (train) …
[P5]     7.1s  DVF range -1.30:1.45, -2.11:2.19, -1.12:2.26
[P5] [28/100] Elastix 03_to_08_pair.npy (train) …
[P5]     7.0s  DVF range -0.97:0.99, -2.99:2.12, -1.33:2.11
[P5] [29/100] Elastix 03_to_09_pair.npy (val) …
[P5]     6.9s  DVF range -0.99:0.87, -4.62:1.80, -1.72:1.25
[P5] [30/100] Elastix 03_to_10_pair.npy (train) …
[P5]     7.0s  DVF range -1.05:0.69, -4.58:2.09, -1.52:1.16
[P5] [31/100] Elastix 04_to_01_pair.npy (train) …
[P5]     6.9s  DVF range -2.28:1.36, -5.97:2.87, -2.91:1.21
[P5] [32/100] Elastix 04_to_02_pair.npy (train) …
[P5]     7.0s  DVF range -1.83:1.20, -4.46:2.23, -2.94:0.95
[P5] [33/100] Elastix 04_to_03_pair.npy (train) …
[P5]     6.9s  DVF range -0.62:0.70, -1.62:1.02, -0.79:1.19
[P5] [34/100] identity 04_to_04_pair.npy
[P5] [35/100] Elastix 04_to_05_pair.npy (val) …
[P5]     6.9s  DVF range -0.81:0.55, -1.08:1.04, -0.55:0.83
[P5] [36/100] Elastix 04_to_06_pair.npy (train) …
[P5]     7.0s  DVF range -0.92:1.02, -1.47:1.46, -0.83:1.48
[P5] [37/100] Elastix 04_to_07_pair.npy (train) …
[P5]     7.0s  DVF range -1.00:1.02, -2.20:1.87, -0.98:1.66
[P5] [38/100] Elastix 04_to_08_pair.npy (train) …
[P5]     6.9s  DVF range -1.18:0.78, -4.13:1.66, -1.41:1.77
[P5] [39/100] Elastix 04_to_09_pair.npy (val) …
[P5]     7.0s  DVF range -1.45:1.42, -5.93:2.11, -2.78:1.30
[P5] [40/100] Elastix 04_to_10_pair.npy (train) …
[P5]     7.0s  DVF range -1.80:1.41, -5.84:2.73, -2.89:1.29
[P5] [41/100] Elastix 05_to_01_pair.npy (val) …
[P5]     6.9s  DVF range -1.96:1.41, -6.19:3.26, -3.48:1.61
[P5] [42/100] Elastix 05_to_02_pair.npy (val) …
[P5]     7.1s  DVF range -1.98:1.35, -5.31:2.75, -3.09:1.08
[P5] [43/100] Elastix 05_to_03_pair.npy (val) …
[P5]     6.9s  DVF range -1.14:0.84, -2.73:1.96, -1.31:1.63
[P5] [44/100] Elastix 05_to_04_pair.npy (val) …
[P5]     7.0s  DVF range -0.54:0.91, -1.26:1.09, -0.86:0.93
[P5] [45/100] identity 05_to_05_pair.npy
[P5] [46/100] Elastix 05_to_06_pair.npy (val) …
[P5]     7.0s  DVF range -0.86:0.61, -0.57:0.68, -0.62:0.92
[P5] [47/100] Elastix 05_to_07_pair.npy (val) …
[P5]     6.9s  DVF range -1.22:0.99, -2.58:1.17, -0.91:1.53
[P5] [48/100] Elastix 05_to_08_pair.npy (val) …
[P5]     6.9s  DVF range -1.24:1.02, -4.49:1.59, -1.81:1.30
[P5] [49/100] Elastix 05_to_09_pair.npy (val) …
[P5]     7.1s  DVF range -1.26:1.38, -6.29:2.61, -3.12:1.35
[P5] [50/100] Elastix 05_to_10_pair.npy (val) …
[P5]     7.0s  DVF range -2.14:1.36, -6.20:2.93, -3.13:1.58
[P5] [51/100] Elastix 06_to_01_pair.npy (train) …
[P5]     7.0s  DVF range -2.11:1.59, -5.78:3.37, -3.49:1.08
[P5] [52/100] Elastix 06_to_02_pair.npy (train) …
[P5]     7.0s  DVF range -2.07:1.35, -5.01:2.83, -3.06:1.04
[P5] [53/100] Elastix 06_to_03_pair.npy (train) …
[P5]     7.1s  DVF range -1.42:1.03, -2.75:2.30, -1.84:1.10
[P5] [54/100] Elastix 06_to_04_pair.npy (train) …
[P5]     6.9s  DVF range -0.66:0.95, -1.82:1.49, -1.17:0.88
[P5] [55/100] Elastix 06_to_05_pair.npy (val) …
[P5]     7.0s  DVF range -0.67:0.86, -0.78:0.48, -0.89:0.49
[P5] [56/100] identity 06_to_06_pair.npy
[P5] [57/100] Elastix 06_to_07_pair.npy (train) …
[P5]     7.0s  DVF range -0.65:0.71, -2.07:0.77, -0.86:1.19
[P5] [58/100] Elastix 06_to_08_pair.npy (train) …
[P5]     7.0s  DVF range -0.96:0.90, -4.31:1.77, -1.43:1.24
[P5] [59/100] Elastix 06_to_09_pair.npy (val) …
[P5]     6.9s  DVF range -1.48:1.35, -5.96:2.67, -3.04:0.98
[P5] [60/100] Elastix 06_to_10_pair.npy (train) …
[P5]     7.1s  DVF range -2.22:1.40, -6.00:3.19, -3.23:1.00
[P5] [61/100] Elastix 07_to_01_pair.npy (train) …
[P5]     7.0s  DVF range -2.38:1.40, -4.87:2.98, -2.96:1.11
[P5] [62/100] Elastix 07_to_02_pair.npy (train) …
[P5]     7.0s  DVF range -1.77:1.07, -4.22:2.54, -2.51:1.23
[P5] [63/100] Elastix 07_to_03_pair.npy (train) …
[P5]     6.9s  DVF range -0.95:1.28, -2.25:2.10, -2.15:1.27
[P5] [64/100] Elastix 07_to_04_pair.npy (train) …
[P5]     7.0s  DVF range -0.63:1.15, -1.91:1.75, -1.71:1.10
[P5] [65/100] Elastix 07_to_05_pair.npy (val) …
[P5]     7.0s  DVF range -1.01:0.98, -1.23:1.89, -1.38:0.75
[P5] [66/100] Elastix 07_to_06_pair.npy (train) …
[P5]     7.1s  DVF range -0.59:0.72, -0.72:1.66, -0.94:0.76
[P5] [67/100] identity 07_to_07_pair.npy
[P5] [68/100] Elastix 07_to_08_pair.npy (train) …
[P5]     7.0s  DVF range -0.84:0.46, -2.14:1.18, -0.75:0.62
[P5] [69/100] Elastix 07_to_09_pair.npy (val) …
[P5]     7.0s  DVF range -1.60:1.15, -4.13:2.11, -2.91:0.82
[P5] [70/100] Elastix 07_to_10_pair.npy (train) …
[P5]     7.0s  DVF range -1.82:1.41, -4.26:2.73, -2.82:0.97
[P5] [71/100] Elastix 08_to_01_pair.npy (train) …
[P5]     7.1s  DVF range -1.56:1.15, -3.43:2.34, -2.58:1.35
[P5] [72/100] Elastix 08_to_02_pair.npy (train) …
[P5]     7.1s  DVF range -1.28:0.99, -3.26:2.16, -2.48:1.34
[P5] [73/100] Elastix 08_to_03_pair.npy (train) …
[P5]     7.0s  DVF range -0.96:1.17, -2.17:2.31, -2.15:1.34
[P5] [74/100] Elastix 08_to_04_pair.npy (train) …
[P5]     7.0s  DVF range -0.64:1.13, -1.68:3.73, -1.68:1.22
[P5] [75/100] Elastix 08_to_05_pair.npy (val) …
[P5]     7.0s  DVF range -0.62:1.38, -1.60:3.98, -1.16:1.76
[P5] [76/100] Elastix 08_to_06_pair.npy (train) …
[P5]     7.0s  DVF range -0.78:1.14, -1.76:3.72, -1.34:1.54
[P5] [77/100] Elastix 08_to_07_pair.npy (train) …
[P5]     6.8s  DVF range -0.72:0.95, -1.13:1.73, -0.75:0.82
[P5] [78/100] identity 08_to_08_pair.npy
[P5] [79/100] Elastix 08_to_09_pair.npy (val) …
[P5]     7.1s  DVF range -0.79:0.96, -2.25:1.21, -1.13:0.63
[P5] [80/100] Elastix 08_to_10_pair.npy (train) …
[P5]     7.1s  DVF range -1.47:0.84, -2.94:1.94, -2.17:1.03
[P5] [81/100] Elastix 09_to_01_pair.npy (val) …
[P5]     6.9s  DVF range -1.04:0.81, -2.85:1.47, -1.45:0.92
[P5] [82/100] Elastix 09_to_02_pair.npy (val) …
[P5]     7.0s  DVF range -0.94:0.53, -2.69:1.58, -1.12:1.07
[P5] [83/100] Elastix 09_to_03_pair.npy (val) …
[P5]     7.0s  DVF range -0.74:0.92, -1.77:4.54, -1.27:1.81
[P5] [84/100] Elastix 09_to_04_pair.npy (val) …
[P5]     7.0s  DVF range -0.89:1.68, -2.19:5.75, -1.37:2.22
[P5] [85/100] Elastix 09_to_05_pair.npy (val) …
[P5]     6.9s  DVF range -1.18:1.55, -2.46:6.07, -1.33:3.21
[P5] [86/100] Elastix 09_to_06_pair.npy (val) …
[P5]     7.0s  DVF range -1.42:1.52, -2.54:5.81, -1.06:3.21
[P5] [87/100] Elastix 09_to_07_pair.npy (val) …
[P5]     6.9s  DVF range -1.42:1.77, -2.09:3.83, -0.81:1.49
[P5] [88/100] Elastix 09_to_08_pair.npy (val) …
[P5]     6.9s  DVF range -0.83:0.88, -1.07:1.93, -0.58:1.14
[P5] [89/100] identity 09_to_09_pair.npy
[P5] [90/100] Elastix 09_to_10_pair.npy (val) …
[P5]     7.0s  DVF range -0.88:0.37, -1.56:1.06, -0.94:0.64
[P5] [91/100] Elastix 10_to_01_pair.npy (train) …
[P5]     7.0s  DVF range -0.58:0.71, -1.23:0.60, -0.57:0.60
[P5] [92/100] Elastix 10_to_02_pair.npy (train) …
[P5]     7.0s  DVF range -0.64:0.77, -1.28:2.29, -0.86:0.85
[P5] [93/100] Elastix 10_to_03_pair.npy (train) …
[P5]     6.9s  DVF range -0.99:1.25, -2.13:4.51, -1.17:1.76
[P5] [94/100] Elastix 10_to_04_pair.npy (train) …
[P5]     7.0s  DVF range -1.25:1.84, -3.04:5.97, -1.42:3.05
[P5] [95/100] Elastix 10_to_05_pair.npy (val) …
[P5]     7.1s  DVF range -1.68:2.02, -3.12:6.20, -1.32:3.08
[P5] [96/100] Elastix 10_to_06_pair.npy (train) …
[P5]     7.1s  DVF range -2.13:2.21, -3.28:5.86, -1.01:3.11
[P5] [97/100] Elastix 10_to_07_pair.npy (train) …
[P5]     7.0s  DVF range -2.25:2.15, -2.88:4.10, -0.83:2.12
[P5] [98/100] Elastix 10_to_08_pair.npy (train) …
[P5]     6.6s  DVF range -1.55:1.66, -1.95:2.67, -0.80:2.18
[P5] [99/100] Elastix 10_to_09_pair.npy (val) …
[P5]     5.8s  DVF range -0.66:0.86, -1.03:1.50, -0.62:0.92
[P5] [100/100] identity 10_to_10_pair.npy
[P5] DONE in 10.7 min  registered=90 identity=10 skipped=0  → /home/abhishek/Voxel_GAN/PopulationStudy/data/P5/all
All requested patients finished.
