DVF library patients=['P6']  held_out=[5, 9]  param=/home/abhishek/Voxel_GAN/My v1.0/configs/elastix_bspline_masked.txt
Padded masks dir: /home/abhishek/Voxel_GAN/PopulationStudy/PaddedLungMasks
[P6] padded mask: Mask_Lung_padp11_P6.mha (pad=11)
[P6] lung bbox (zyx): [155:354, 0:220, 95:368]
[P6]   CT_01: (450, 220, 450) → (199, 220, 273) → (128, 128, 128)
[P6]   CT_02: (450, 220, 450) → (199, 220, 273) → (128, 128, 128)
[P6]   CT_03: (450, 220, 450) → (199, 220, 273) → (128, 128, 128)
[P6]   CT_04: (450, 220, 450) → (199, 220, 273) → (128, 128, 128)
[P6]   CT_05: (450, 220, 450) → (199, 220, 273) → (128, 128, 128)
[P6]   CT_06: (450, 220, 450) → (199, 220, 273) → (128, 128, 128)
[P6]   CT_07: (450, 220, 450) → (199, 220, 273) → (128, 128, 128)
[P6]   CT_08: (450, 220, 450) → (199, 220, 273) → (128, 128, 128)
[P6]   CT_09: (450, 220, 450) → (199, 220, 273) → (128, 128, 128)
[P6]   CT_10: (450, 220, 450) → (199, 220, 273) → (128, 128, 128)
[P6]   Mask_Lung → (128, 128, 128), voxels=704286
[P6] [1/100] identity 01_to_01_pair.npy
[P6] [2/100] Elastix 01_to_02_pair.npy (train) …
[P6]     7.4s  DVF range -0.73:0.38, -0.97:0.73, -0.30:1.08
[P6] [3/100] Elastix 01_to_03_pair.npy (train) …
[P6]     6.9s  DVF range -1.01:0.58, -2.25:1.82, -0.52:2.53
[P6] [4/100] Elastix 01_to_04_pair.npy (train) …
[P6]     6.8s  DVF range -1.91:0.78, -3.37:3.09, -0.67:3.13
[P6] [5/100] Elastix 01_to_05_pair.npy (val) …
[P6]     6.8s  DVF range -2.22:1.08, -3.92:4.12, -0.75:3.52
[P6] [6/100] Elastix 01_to_06_pair.npy (train) …
[P6]     6.8s  DVF range -2.91:1.16, -4.11:4.98, -0.92:3.95
[P6] [7/100] Elastix 01_to_07_pair.npy (train) …
[P6]     6.8s  DVF range -2.94:1.21, -3.75:5.02, -0.94:3.88
[P6] [8/100] Elastix 01_to_08_pair.npy (train) …
[P6]     6.9s  DVF range -2.89:1.03, -2.72:4.01, -0.98:3.43
[P6] [9/100] Elastix 01_to_09_pair.npy (val) …
[P6]     6.8s  DVF range -1.90:0.74, -1.59:2.43, -0.71:1.94
[P6] [10/100] Elastix 01_to_10_pair.npy (train) …
[P6]     6.8s  DVF range -1.30:0.50, -0.61:0.71, -0.35:1.12
[P6] [11/100] Elastix 02_to_01_pair.npy (train) …
[P6]     6.9s  DVF range -0.56:0.61, -0.55:0.94, -1.44:0.49
[P6] [12/100] identity 02_to_02_pair.npy
[P6] [13/100] Elastix 02_to_03_pair.npy (train) …
[P6]     6.8s  DVF range -0.48:0.40, -1.35:1.12, -0.26:1.54
[P6] [14/100] Elastix 02_to_04_pair.npy (train) …
[P6]     6.9s  DVF range -1.53:0.71, -2.75:2.35, -0.64:2.37
[P6] [15/100] Elastix 02_to_05_pair.npy (val) …
[P6]     6.8s  DVF range -1.63:0.85, -3.39:3.44, -0.81:2.95
[P6] [16/100] Elastix 02_to_06_pair.npy (train) …
[P6]     6.8s  DVF range -2.50:1.01, -3.62:4.54, -0.88:3.36
[P6] [17/100] Elastix 02_to_07_pair.npy (train) …
[P6]     6.9s  DVF range -2.61:1.15, -3.30:4.68, -0.77:3.43
[P6] [18/100] Elastix 02_to_08_pair.npy (train) …
[P6]     6.9s  DVF range -2.64:1.01, -2.58:3.59, -0.84:2.76
[P6] [19/100] Elastix 02_to_09_pair.npy (val) …
[P6]     6.9s  DVF range -1.64:0.81, -1.47:1.92, -0.72:1.38
[P6] [20/100] Elastix 02_to_10_pair.npy (train) …
[P6]     6.8s  DVF range -0.82:0.57, -0.50:0.72, -0.80:0.79
[P6] [21/100] Elastix 03_to_01_pair.npy (train) …
[P6]     6.9s  DVF range -0.96:0.84, -1.85:2.02, -2.69:0.47
[P6] [22/100] Elastix 03_to_02_pair.npy (train) …
[P6]     6.9s  DVF range -0.35:0.44, -1.12:1.50, -1.55:0.50
[P6] [23/100] identity 03_to_03_pair.npy
[P6] [24/100] Elastix 03_to_04_pair.npy (train) …
[P6]     6.9s  DVF range -1.27:0.61, -1.42:1.08, -0.40:1.05
[P6] [25/100] Elastix 03_to_05_pair.npy (val) …
[P6]     6.9s  DVF range -1.28:0.65, -2.27:2.34, -0.67:1.82
[P6] [26/100] Elastix 03_to_06_pair.npy (train) …
[P6]     6.8s  DVF range -2.30:0.88, -2.54:3.46, -1.04:2.39
[P6] [27/100] Elastix 03_to_07_pair.npy (train) …
[P6]     7.0s  DVF range -2.13:0.89, -2.61:3.57, -1.01:2.22
[P6] [28/100] Elastix 03_to_08_pair.npy (train) …
[P6]     7.0s  DVF range -2.15:0.88, -1.83:2.52, -1.05:1.77
[P6] [29/100] Elastix 03_to_09_pair.npy (val) …
[P6]     6.9s  DVF range -1.21:0.73, -0.73:1.00, -1.16:0.87
[P6] [30/100] Elastix 03_to_10_pair.npy (train) …
[P6]     6.9s  DVF range -0.94:0.65, -1.42:1.85, -2.20:0.55
[P6] [31/100] Elastix 04_to_01_pair.npy (train) …
[P6]     7.0s  DVF range -0.88:1.82, -3.11:3.11, -3.35:0.68
[P6] [32/100] Elastix 04_to_02_pair.npy (train) …
[P6]     6.9s  DVF range -0.65:1.38, -2.45:2.68, -2.24:0.68
[P6] [33/100] Elastix 04_to_03_pair.npy (train) …
[P6]     6.9s  DVF range -0.53:1.18, -1.15:1.48, -0.94:0.83
[P6] [34/100] identity 04_to_04_pair.npy
[P6] [35/100] Elastix 04_to_05_pair.npy (val) …
[P6]     6.9s  DVF range -0.46:0.31, -1.12:0.98, -0.26:0.77
[P6] [36/100] Elastix 04_to_06_pair.npy (train) …
[P6]     6.9s  DVF range -1.17:0.53, -1.60:2.29, -0.53:1.14
[P6] [37/100] Elastix 04_to_07_pair.npy (train) …
[P6]     6.9s  DVF range -1.24:0.63, -1.63:2.57, -0.67:1.25
[P6] [38/100] Elastix 04_to_08_pair.npy (train) …
[P6]     7.1s  DVF range -1.33:0.57, -1.02:1.52, -0.82:1.07
[P6] [39/100] Elastix 04_to_09_pair.npy (val) …
[P6]     6.9s  DVF range -0.59:0.66, -1.13:2.12, -2.00:0.66
[P6] [40/100] Elastix 04_to_10_pair.npy (train) …
[P6]     7.0s  DVF range -0.82:0.99, -2.32:2.85, -2.98:0.55
[P6] [41/100] Elastix 05_to_01_pair.npy (val) …
[P6]     7.0s  DVF range -0.82:2.00, -4.15:3.37, -3.77:0.68
[P6] [42/100] Elastix 05_to_02_pair.npy (val) …
[P6]     6.8s  DVF range -0.79:1.51, -3.56:3.27, -2.56:0.91
[P6] [43/100] Elastix 05_to_03_pair.npy (val) …
[P6]     7.0s  DVF range -0.72:1.14, -2.34:2.30, -1.54:0.96
[P6] [44/100] Elastix 05_to_04_pair.npy (val) …
[P6]     7.0s  DVF range -0.35:0.37, -0.95:1.10, -0.70:0.47
[P6] [45/100] identity 05_to_05_pair.npy
[P6] [46/100] Elastix 05_to_06_pair.npy (val) …
[P6]     7.0s  DVF range -1.38:0.65, -0.71:1.26, -0.48:0.47
[P6] [47/100] Elastix 05_to_07_pair.npy (val) …
[P6]     6.9s  DVF range -1.17:0.52, -0.90:1.60, -0.50:0.74
[P6] [48/100] Elastix 05_to_08_pair.npy (val) …
[P6]     7.0s  DVF range -1.36:0.53, -0.60:1.64, -1.33:0.87
[P6] [49/100] Elastix 05_to_09_pair.npy (val) …
[P6]     7.0s  DVF range -0.64:0.73, -1.98:2.85, -2.46:0.61
[P6] [50/100] Elastix 05_to_10_pair.npy (val) …
[P6]     7.0s  DVF range -0.88:1.16, -3.31:3.37, -3.49:0.66
[P6] [51/100] Elastix 06_to_01_pair.npy (train) …
[P6]     6.9s  DVF range -1.39:2.72, -4.99:3.51, -3.99:0.93
[P6] [52/100] Elastix 06_to_02_pair.npy (train) …
[P6]     6.9s  DVF range -0.99:2.34, -4.57:3.43, -2.89:0.88
[P6] [53/100] Elastix 06_to_03_pair.npy (train) …
[P6]     7.0s  DVF range -0.88:2.25, -3.55:2.64, -1.87:1.40
[P6] [54/100] Elastix 06_to_04_pair.npy (train) …
[P6]     6.9s  DVF range -0.51:1.13, -2.30:1.52, -1.10:0.82
[P6] [55/100] Elastix 06_to_05_pair.npy (val) …
[P6]     6.9s  DVF range -0.59:1.25, -1.27:0.82, -0.49:0.69
[P6] [56/100] identity 06_to_06_pair.npy
[P6] [57/100] Elastix 06_to_07_pair.npy (train) …
[P6]     6.9s  DVF range -0.35:0.52, -0.27:0.53, -0.48:0.36
[P6] [58/100] Elastix 06_to_08_pair.npy (train) …
[P6]     6.9s  DVF range -0.43:0.65, -1.03:1.92, -1.51:0.46
[P6] [59/100] Elastix 06_to_09_pair.npy (val) …
[P6]     7.0s  DVF range -0.72:1.51, -2.88:3.17, -2.77:0.59
[P6] [60/100] Elastix 06_to_10_pair.npy (train) …
[P6]     6.9s  DVF range -0.88:1.99, -4.43:3.48, -3.78:0.62
[P6] [61/100] Elastix 07_to_01_pair.npy (train) …
[P6]     7.0s  DVF range -1.14:2.77, -5.03:3.29, -3.74:0.87
[P6] [62/100] Elastix 07_to_02_pair.npy (train) …
[P6]     6.9s  DVF range -1.01:2.29, -4.63:3.08, -2.80:0.85
[P6] [63/100] Elastix 07_to_03_pair.npy (train) …
[P6]     7.0s  DVF range -0.84:1.96, -3.69:2.45, -1.79:1.31
[P6] [64/100] Elastix 07_to_04_pair.npy (train) …
[P6]     7.0s  DVF range -0.66:1.08, -2.60:1.54, -1.32:0.80
[P6] [65/100] Elastix 07_to_05_pair.npy (val) …
[P6]     6.9s  DVF range -0.47:1.01, -1.63:1.06, -0.84:0.68
[P6] [66/100] Elastix 07_to_06_pair.npy (train) …
[P6]     6.9s  DVF range -0.45:0.37, -0.58:0.34, -0.36:0.49
[P6] [67/100] identity 07_to_07_pair.npy
[P6] [68/100] Elastix 07_to_08_pair.npy (train) …
[P6]     7.0s  DVF range -0.36:0.45, -1.07:1.56, -1.21:0.47
[P6] [69/100] Elastix 07_to_09_pair.npy (val) …
[P6]     6.9s  DVF range -0.68:1.19, -2.97:2.75, -2.49:0.61
[P6] [70/100] Elastix 07_to_10_pair.npy (train) …
[P6]     6.9s  DVF range -0.88:1.96, -4.47:3.21, -3.62:0.62
[P6] [71/100] Elastix 08_to_01_pair.npy (train) …
[P6]     7.0s  DVF range -1.04:2.83, -4.05:2.54, -2.84:0.87
[P6] [72/100] Elastix 08_to_02_pair.npy (train) …
[P6]     7.0s  DVF range -0.96:2.34, -3.63:2.38, -2.08:0.91
[P6] [73/100] Elastix 08_to_03_pair.npy (train) …
[P6]     6.9s  DVF range -0.90:1.98, -2.55:1.59, -1.67:1.28
[P6] [74/100] Elastix 08_to_04_pair.npy (train) …
[P6]     7.1s  DVF range -0.58:1.10, -1.59:1.07, -1.08:0.86
[P6] [75/100] Elastix 08_to_05_pair.npy (val) …
[P6]     7.0s  DVF range -0.48:0.98, -1.54:0.79, -0.95:1.55
[P6] [76/100] Elastix 08_to_06_pair.npy (train) …
[P6]     7.0s  DVF range -0.87:0.91, -1.83:1.11, -0.54:1.60
[P6] [77/100] Elastix 08_to_07_pair.npy (train) …
[P6]     7.0s  DVF range -0.48:0.54, -1.40:1.13, -0.31:1.27
[P6] [78/100] identity 08_to_08_pair.npy
[P6] [79/100] Elastix 08_to_09_pair.npy (val) …
[P6]     7.0s  DVF range -0.57:0.94, -1.89:1.57, -1.52:0.57
[P6] [80/100] Elastix 08_to_10_pair.npy (train) …
[P6]     7.0s  DVF range -0.84:1.83, -3.43:2.40, -2.65:0.75
[P6] [81/100] Elastix 09_to_01_pair.npy (val) …
[P6]     6.9s  DVF range -0.82:1.89, -2.40:1.46, -1.72:0.81
[P6] [82/100] Elastix 09_to_02_pair.npy (val) …
[P6]     6.9s  DVF range -0.65:1.44, -1.91:1.31, -1.29:0.86
[P6] [83/100] Elastix 09_to_03_pair.npy (val) …
[P6]     7.1s  DVF range -0.69:1.11, -1.16:0.79, -0.93:1.03
[P6] [84/100] Elastix 09_to_04_pair.npy (val) …
[P6]     7.0s  DVF range -0.67:0.85, -2.13:1.23, -0.64:2.00
[P6] [85/100] Elastix 09_to_05_pair.npy (val) …
[P6]     6.9s  DVF range -0.71:1.01, -2.85:1.96, -0.61:2.77
[P6] [86/100] Elastix 09_to_06_pair.npy (val) …
[P6]     6.9s  DVF range -1.61:0.95, -3.20:2.78, -0.59:3.00
[P6] [87/100] Elastix 09_to_07_pair.npy (val) …
[P6]     6.9s  DVF range -1.09:0.62, -2.79:3.00, -0.62:2.69
[P6] [88/100] Elastix 09_to_08_pair.npy (val) …
[P6]     6.9s  DVF range -1.10:0.57, -1.56:1.92, -0.41:1.51
[P6] [89/100] identity 09_to_09_pair.npy
[P6] [90/100] Elastix 09_to_10_pair.npy (val) …
[P6]     6.9s  DVF range -0.41:0.87, -1.56:1.17, -1.39:0.46
[P6] [91/100] Elastix 10_to_01_pair.npy (train) …
[P6]     7.0s  DVF range -0.51:1.09, -0.75:0.55, -0.86:0.78
[P6] [92/100] Elastix 10_to_02_pair.npy (train) …
[P6]     6.9s  DVF range -0.54:0.69, -0.79:0.40, -0.72:0.72
[P6] [93/100] Elastix 10_to_03_pair.npy (train) …
[P6]     7.0s  DVF range -0.64:0.71, -1.91:1.44, -0.52:1.79
[P6] [94/100] Elastix 10_to_04_pair.npy (train) …
[P6]     6.9s  DVF range -1.02:0.86, -3.09:2.29, -0.57:3.08
[P6] [95/100] Elastix 10_to_05_pair.npy (val) …
[P6]     7.0s  DVF range -1.24:1.13, -3.69:3.24, -0.63:3.38
[P6] [96/100] Elastix 10_to_06_pair.npy (train) …
[P6]     7.0s  DVF range -2.11:1.04, -3.99:4.31, -0.74:3.68
[P6] [97/100] Elastix 10_to_07_pair.npy (train) …
[P6]     7.0s  DVF range -1.89:0.94, -3.58:4.43, -0.74:3.59
[P6] [98/100] Elastix 10_to_08_pair.npy (train) …
[P6]     6.8s  DVF range -2.11:0.86, -2.51:3.38, -0.64:2.93
[P6] [99/100] Elastix 10_to_09_pair.npy (val) …
[P6]     6.3s  DVF range -1.12:0.50, -1.10:1.61, -0.36:1.25
[P6] [100/100] identity 10_to_10_pair.npy
[P6] DONE in 10.6 min  registered=90 identity=10 skipped=0  → /home/abhishek/Voxel_GAN/PopulationStudy/data/P6/all
All requested patients finished.
