DVF library patients=['P7']  held_out=[5, 9]  param=/home/abhishek/Voxel_GAN/My v1.0/configs/elastix_bspline_masked.txt
Padded masks dir: /home/abhishek/Voxel_GAN/PopulationStudy/PaddedLungMasks
[P7] padded mask: Mask_Lung_padp24_P7.mha (pad=24)
[P7] lung bbox (zyx): [133:377, 0:220, 88:371]
[P7]   CT_01: (450, 220, 450) → (244, 220, 283) → (128, 128, 128)
[P7]   CT_02: (450, 220, 450) → (244, 220, 283) → (128, 128, 128)
[P7]   CT_03: (450, 220, 450) → (244, 220, 283) → (128, 128, 128)
[P7]   CT_04: (450, 220, 450) → (244, 220, 283) → (128, 128, 128)
[P7]   CT_05: (450, 220, 450) → (244, 220, 283) → (128, 128, 128)
[P7]   CT_06: (450, 220, 450) → (244, 220, 283) → (128, 128, 128)
[P7]   CT_07: (450, 220, 450) → (244, 220, 283) → (128, 128, 128)
[P7]   CT_08: (450, 220, 450) → (244, 220, 283) → (128, 128, 128)
[P7]   CT_09: (450, 220, 450) → (244, 220, 283) → (128, 128, 128)
[P7]   CT_10: (450, 220, 450) → (244, 220, 283) → (128, 128, 128)
[P7]   Mask_Lung → (128, 128, 128), voxels=876452
[P7] [1/100] identity 01_to_01_pair.npy
[P7] [2/100] Elastix 01_to_02_pair.npy (train) …
[P7]     7.3s  DVF range -0.49:0.76, -0.80:1.50, -0.40:0.86
[P7] [3/100] Elastix 01_to_03_pair.npy (train) …
[P7]     6.9s  DVF range -0.92:0.80, -1.71:3.98, -0.90:1.84
[P7] [4/100] Elastix 01_to_04_pair.npy (train) …
[P7]     6.9s  DVF range -1.34:1.27, -2.22:5.56, -1.23:2.46
[P7] [5/100] Elastix 01_to_05_pair.npy (val) …
[P7]     6.8s  DVF range -1.62:1.46, -2.57:7.09, -1.38:3.60
[P7] [6/100] Elastix 01_to_06_pair.npy (train) …
[P7]     6.8s  DVF range -1.80:1.62, -2.74:7.95, -1.41:3.57
[P7] [7/100] Elastix 01_to_07_pair.npy (train) …
[P7]     6.9s  DVF range -1.01:1.60, -2.58:7.23, -1.28:4.39
[P7] [8/100] Elastix 01_to_08_pair.npy (train) …
[P7]     6.9s  DVF range -0.78:1.09, -2.18:4.96, -0.89:3.04
[P7] [9/100] Elastix 01_to_09_pair.npy (val) …
[P7]     6.9s  DVF range -0.66:1.04, -1.46:2.51, -0.80:1.96
[P7] [10/100] Elastix 01_to_10_pair.npy (train) …
[P7]     6.9s  DVF range -0.44:0.47, -0.49:0.77, -0.36:0.89
[P7] [11/100] Elastix 02_to_01_pair.npy (train) …
[P7]     6.9s  DVF range -0.27:0.57, -1.74:0.75, -0.98:0.41
[P7] [12/100] identity 02_to_02_pair.npy
[P7] [13/100] Elastix 02_to_03_pair.npy (train) …
[P7]     7.0s  DVF range -0.61:0.54, -1.16:2.46, -0.92:1.04
[P7] [14/100] Elastix 02_to_04_pair.npy (train) …
[P7]     6.8s  DVF range -1.09:0.78, -1.94:5.21, -0.80:1.96
[P7] [15/100] Elastix 02_to_05_pair.npy (val) …
[P7]     7.0s  DVF range -1.28:0.98, -2.43:6.98, -1.07:2.87
[P7] [16/100] Elastix 02_to_06_pair.npy (train) …
[P7]     6.8s  DVF range -1.36:1.15, -2.58:7.86, -0.97:3.13
[P7] [17/100] Elastix 02_to_07_pair.npy (train) …
[P7]     6.9s  DVF range -0.90:1.32, -2.22:6.38, -0.84:4.06
[P7] [18/100] Elastix 02_to_08_pair.npy (train) …
[P7]     6.9s  DVF range -0.75:0.92, -1.78:4.08, -0.89:2.21
[P7] [19/100] Elastix 02_to_09_pair.npy (val) …
[P7]     6.9s  DVF range -0.58:0.69, -1.34:2.16, -0.91:1.73
[P7] [20/100] Elastix 02_to_10_pair.npy (train) …
[P7]     6.9s  DVF range -0.33:0.63, -1.30:0.73, -0.90:0.82
[P7] [21/100] Elastix 03_to_01_pair.npy (train) …
[P7]     6.9s  DVF range -0.50:1.01, -4.06:1.78, -1.94:1.00
[P7] [22/100] Elastix 03_to_02_pair.npy (train) …
[P7]     6.9s  DVF range -0.37:0.66, -2.73:1.17, -0.96:0.84
[P7] [23/100] identity 03_to_03_pair.npy
[P7] [24/100] Elastix 03_to_04_pair.npy (train) …
[P7]     6.9s  DVF range -0.63:0.57, -1.05:3.03, -0.46:1.11
[P7] [25/100] Elastix 03_to_05_pair.npy (val) …
[P7]     6.8s  DVF range -0.70:0.87, -1.74:4.97, -0.57:2.45
[P7] [26/100] Elastix 03_to_06_pair.npy (train) …
[P7]     6.9s  DVF range -0.83:0.94, -1.92:5.96, -0.70:2.79
[P7] [27/100] Elastix 03_to_07_pair.npy (train) …
[P7]     7.0s  DVF range -0.95:0.98, -1.83:4.68, -0.88:2.65
[P7] [28/100] Elastix 03_to_08_pair.npy (train) …
[P7]     7.0s  DVF range -0.91:0.94, -1.72:2.90, -0.94:1.89
[P7] [29/100] Elastix 03_to_09_pair.npy (val) …
[P7]     6.9s  DVF range -0.83:0.88, -1.88:1.68, -0.89:1.96
[P7] [30/100] Elastix 03_to_10_pair.npy (train) …
[P7]     6.9s  DVF range -0.64:0.92, -3.68:1.53, -1.42:1.10
[P7] [31/100] Elastix 04_to_01_pair.npy (train) …
[P7]     7.0s  DVF range -0.75:1.39, -5.58:2.30, -2.68:1.22
[P7] [32/100] Elastix 04_to_02_pair.npy (train) …
[P7]     7.0s  DVF range -0.53:0.90, -5.19:1.80, -2.04:0.86
[P7] [33/100] Elastix 04_to_03_pair.npy (train) …
[P7]     7.0s  DVF range -0.34:0.75, -3.44:1.09, -0.93:0.34
[P7] [34/100] identity 04_to_04_pair.npy
[P7] [35/100] Elastix 04_to_05_pair.npy (val) …
[P7]     7.0s  DVF range -0.43:0.39, -1.04:2.16, -0.30:1.20
[P7] [36/100] Elastix 04_to_06_pair.npy (train) …
[P7]     7.0s  DVF range -0.68:0.60, -1.39:3.24, -0.55:1.47
[P7] [37/100] Elastix 04_to_07_pair.npy (train) …
[P7]     7.0s  DVF range -0.91:0.75, -1.30:2.89, -0.81:1.45
[P7] [38/100] Elastix 04_to_08_pair.npy (train) …
[P7]     7.0s  DVF range -0.84:1.02, -2.10:1.78, -0.79:1.49
[P7] [39/100] Elastix 04_to_09_pair.npy (val) …
[P7]     7.0s  DVF range -0.75:1.02, -4.02:1.48, -1.26:1.45
[P7] [40/100] Elastix 04_to_10_pair.npy (train) …
[P7]     6.9s  DVF range -0.91:1.18, -5.23:2.12, -2.25:1.25
[P7] [41/100] Elastix 05_to_01_pair.npy (val) …
[P7]     7.0s  DVF range -1.06:1.65, -6.95:2.64, -3.04:1.39
[P7] [42/100] Elastix 05_to_02_pair.npy (val) …
[P7]     7.0s  DVF range -0.91:1.12, -6.65:2.31, -2.49:1.02
[P7] [43/100] Elastix 05_to_03_pair.npy (val) …
[P7]     7.0s  DVF range -0.73:1.02, -5.04:1.66, -2.27:0.48
[P7] [44/100] Elastix 05_to_04_pair.npy (val) …
[P7]     6.9s  DVF range -0.40:0.70, -2.60:0.93, -1.06:0.32
[P7] [45/100] identity 05_to_05_pair.npy
[P7] [46/100] Elastix 05_to_06_pair.npy (val) …
[P7]     7.1s  DVF range -0.49:0.52, -0.66:1.28, -0.61:0.68
[P7] [47/100] Elastix 05_to_07_pair.npy (val) …
[P7]     7.0s  DVF range -0.63:0.67, -1.12:1.34, -0.75:1.07
[P7] [48/100] Elastix 05_to_08_pair.npy (val) …
[P7]     6.9s  DVF range -0.82:0.93, -3.73:1.24, -1.51:1.18
[P7] [49/100] Elastix 05_to_09_pair.npy (val) …
[P7]     7.0s  DVF range -0.91:1.40, -5.70:2.02, -2.02:1.40
[P7] [50/100] Elastix 05_to_10_pair.npy (val) …
[P7]     7.0s  DVF range -1.08:1.67, -6.68:2.48, -2.83:1.41
[P7] [51/100] Elastix 06_to_01_pair.npy (train) …
[P7]     6.9s  DVF range -1.49:1.63, -7.66:2.63, -3.98:1.37
[P7] [52/100] Elastix 06_to_02_pair.npy (train) …
[P7]     7.0s  DVF range -1.11:1.29, -7.50:2.39, -3.41:0.97
[P7] [53/100] Elastix 06_to_03_pair.npy (train) …
[P7]     7.0s  DVF range -0.84:0.94, -6.05:1.83, -2.61:0.50
[P7] [54/100] Elastix 06_to_04_pair.npy (train) …
[P7]     7.1s  DVF range -0.56:0.61, -3.58:1.29, -1.24:0.55
[P7] [55/100] Elastix 06_to_05_pair.npy (val) …
[P7]     6.9s  DVF range -0.40:0.46, -1.40:0.65, -0.68:0.30
[P7] [56/100] identity 06_to_06_pair.npy
[P7] [57/100] Elastix 06_to_07_pair.npy (train) …
[P7]     7.0s  DVF range -0.44:0.44, -1.85:0.67, -0.73:0.69
[P7] [58/100] Elastix 06_to_08_pair.npy (train) …
[P7]     6.9s  DVF range -0.96:0.96, -4.68:1.55, -1.55:0.87
[P7] [59/100] Elastix 06_to_09_pair.npy (val) …
[P7]     7.0s  DVF range -0.99:1.26, -6.53:2.24, -2.27:1.23
[P7] [60/100] Elastix 06_to_10_pair.npy (train) …
[P7]     7.0s  DVF range -1.26:1.81, -7.50:2.54, -3.27:1.40
[P7] [61/100] Elastix 07_to_01_pair.npy (train) …
[P7]     7.0s  DVF range -1.46:1.26, -6.67:2.36, -3.98:1.25
[P7] [62/100] Elastix 07_to_02_pair.npy (train) …
[P7]     7.0s  DVF range -1.30:1.10, -6.19:2.02, -4.01:0.80
[P7] [63/100] Elastix 07_to_03_pair.npy (train) …
[P7]     7.0s  DVF range -1.10:1.05, -4.69:1.69, -3.81:0.68
[P7] [64/100] Elastix 07_to_04_pair.npy (train) …
[P7]     7.1s  DVF range -0.66:0.85, -2.94:1.25, -1.69:0.80
[P7] [65/100] Elastix 07_to_05_pair.npy (val) …
[P7]     7.0s  DVF range -0.50:0.64, -1.38:0.69, -0.98:0.72
[P7] [66/100] Elastix 07_to_06_pair.npy (train) …
[P7]     6.9s  DVF range -0.43:0.41, -0.63:1.36, -0.74:0.64
[P7] [67/100] identity 07_to_07_pair.npy
[P7] [68/100] Elastix 07_to_08_pair.npy (train) …
[P7]     7.0s  DVF range -0.65:0.68, -3.22:1.12, -1.62:0.56
[P7] [69/100] Elastix 07_to_09_pair.npy (val) …
[P7]     6.9s  DVF range -0.89:1.09, -5.20:1.87, -2.37:1.19
[P7] [70/100] Elastix 07_to_10_pair.npy (train) …
[P7]     6.9s  DVF range -1.16:1.32, -6.73:2.34, -3.46:1.36
[P7] [71/100] Elastix 08_to_01_pair.npy (train) …
[P7]     7.0s  DVF range -0.83:0.93, -4.58:1.93, -3.50:0.69
[P7] [72/100] Elastix 08_to_02_pair.npy (train) …
[P7]     7.0s  DVF range -1.22:0.66, -3.94:1.55, -3.62:0.64
[P7] [73/100] Elastix 08_to_03_pair.npy (train) …
[P7]     7.1s  DVF range -0.61:0.87, -3.06:1.50, -1.81:0.88
[P7] [74/100] Elastix 08_to_04_pair.npy (train) …
[P7]     6.9s  DVF range -0.77:0.82, -1.92:1.60, -1.50:0.97
[P7] [75/100] Elastix 08_to_05_pair.npy (val) …
[P7]     6.9s  DVF range -0.87:0.68, -1.22:2.99, -1.22:1.90
[P7] [76/100] Elastix 08_to_06_pair.npy (train) …
[P7]     7.0s  DVF range -1.21:0.72, -1.45:4.01, -0.99:2.09
[P7] [77/100] Elastix 08_to_07_pair.npy (train) …
[P7]     6.9s  DVF range -0.68:0.81, -1.12:2.70, -0.53:1.72
[P7] [78/100] identity 08_to_08_pair.npy
[P7] [79/100] Elastix 08_to_09_pair.npy (val) …
[P7]     7.0s  DVF range -0.44:0.76, -2.81:1.32, -1.25:0.63
[P7] [80/100] Elastix 08_to_10_pair.npy (train) …
[P7]     7.0s  DVF range -0.79:0.88, -4.56:1.95, -2.40:0.73
[P7] [81/100] Elastix 09_to_01_pair.npy (val) …
[P7]     6.9s  DVF range -0.51:0.60, -2.57:1.37, -1.96:0.79
[P7] [82/100] Elastix 09_to_02_pair.npy (val) …
[P7]     7.0s  DVF range -0.46:0.58, -2.35:1.15, -1.67:0.83
[P7] [83/100] Elastix 09_to_03_pair.npy (val) …
[P7]     7.0s  DVF range -0.65:0.84, -1.78:1.40, -1.82:1.00
[P7] [84/100] Elastix 09_to_04_pair.npy (val) …
[P7]     7.0s  DVF range -0.95:0.78, -1.47:3.54, -1.40:1.54
[P7] [85/100] Elastix 09_to_05_pair.npy (val) …
[P7]     7.0s  DVF range -1.36:0.75, -2.09:5.56, -1.50:2.49
[P7] [86/100] Elastix 09_to_06_pair.npy (val) …
[P7]     7.0s  DVF range -1.39:0.82, -2.10:6.48, -1.23:2.68
[P7] [87/100] Elastix 09_to_07_pair.npy (val) …
[P7]     7.0s  DVF range -0.85:0.87, -1.97:5.20, -1.25:2.80
[P7] [88/100] Elastix 09_to_08_pair.npy (val) …
[P7]     7.0s  DVF range -0.57:0.63, -1.41:2.81, -0.80:1.32
[P7] [89/100] identity 09_to_09_pair.npy
[P7] [90/100] Elastix 09_to_10_pair.npy (val) …
[P7]     7.0s  DVF range -0.47:0.85, -2.34:1.08, -1.25:0.46
[P7] [91/100] Elastix 10_to_01_pair.npy (train) …
[P7]     6.9s  DVF range -0.30:0.41, -0.99:0.46, -0.97:0.37
[P7] [92/100] Elastix 10_to_02_pair.npy (train) …
[P7]     7.0s  DVF range -0.52:0.55, -0.97:1.33, -0.94:0.78
[P7] [93/100] Elastix 10_to_03_pair.npy (train) …
[P7]     7.0s  DVF range -0.85:0.72, -1.53:3.66, -1.19:1.33
[P7] [94/100] Elastix 10_to_04_pair.npy (train) …
[P7]     7.1s  DVF range -1.34:1.12, -2.11:5.33, -1.21:2.12
[P7] [95/100] Elastix 10_to_05_pair.npy (val) …
[P7]     7.0s  DVF range -1.51:1.27, -2.46:7.01, -1.45:2.80
[P7] [96/100] Elastix 10_to_06_pair.npy (train) …
[P7]     6.9s  DVF range -1.83:1.29, -2.64:8.02, -1.48:3.30
[P7] [97/100] Elastix 10_to_07_pair.npy (train) …
[P7]     7.0s  DVF range -1.15:1.28, -2.48:7.25, -1.40:3.64
[P7] [98/100] Elastix 10_to_08_pair.npy (train) …
[P7]     6.6s  DVF range -0.86:0.96, -1.95:4.92, -0.79:2.34
[P7] [99/100] Elastix 10_to_09_pair.npy (val) …
[P7]     6.1s  DVF range -0.74:0.85, -1.12:2.01, -0.46:1.28
[P7] [100/100] identity 10_to_10_pair.npy
[P7] DONE in 10.6 min  registered=90 identity=10 skipped=0  → /home/abhishek/Voxel_GAN/PopulationStudy/data/P7/all
All requested patients finished.
