DVF library patients=['P8']  held_out=[5, 9]  param=/home/abhishek/Voxel_GAN/My v1.0/configs/elastix_bspline_masked.txt
Padded masks dir: /home/abhishek/Voxel_GAN/PopulationStudy/PaddedLungMasks
[P8] padded mask: Mask_Lung_padp04_P8.mha (pad=4)
[P8] lung bbox (zyx): [138:359, 12:207, 88:340]
[P8]   CT_01: (450, 220, 450) → (221, 195, 252) → (128, 128, 128)
[P8]   CT_02: (450, 220, 450) → (221, 195, 252) → (128, 128, 128)
[P8]   CT_03: (450, 220, 450) → (221, 195, 252) → (128, 128, 128)
[P8]   CT_04: (450, 220, 450) → (221, 195, 252) → (128, 128, 128)
[P8]   CT_05: (450, 220, 450) → (221, 195, 252) → (128, 128, 128)
[P8]   CT_06: (450, 220, 450) → (221, 195, 252) → (128, 128, 128)
[P8]   CT_07: (450, 220, 450) → (221, 195, 252) → (128, 128, 128)
[P8]   CT_08: (450, 220, 450) → (221, 195, 252) → (128, 128, 128)
[P8]   CT_09: (450, 220, 450) → (221, 195, 252) → (128, 128, 128)
[P8]   CT_10: (450, 220, 450) → (221, 195, 252) → (128, 128, 128)
[P8]   Mask_Lung → (128, 128, 128), voxels=793986
[P8] [1/100] skip 01_to_01_pair.npy
[P8] [2/100] skip 01_to_02_pair.npy
[P8] [3/100] Elastix 01_to_03_pair.npy (train) …
[P8]     7.0s  DVF range -1.27:0.88, -2.88:6.58, -1.63:1.75
[P8] [4/100] Elastix 01_to_04_pair.npy (train) …
[P8]     6.8s  DVF range -1.70:1.43, -3.40:9.08, -2.11:2.86
[P8] [5/100] Elastix 01_to_05_pair.npy (val) …
[P8]     6.7s  DVF range -1.82:2.38, -3.93:10.11, -2.27:3.76
[P8] [6/100] Elastix 01_to_06_pair.npy (train) …
[P8]     6.8s  DVF range -2.03:2.65, -3.91:10.06, -2.21:4.59
[P8] [7/100] Elastix 01_to_07_pair.npy (train) …
[P8]     6.8s  DVF range -1.91:2.53, -3.70:9.65, -1.97:5.23
[P8] [8/100] Elastix 01_to_08_pair.npy (train) …
[P8]     6.9s  DVF range -1.65:2.40, -2.97:7.77, -1.39:4.73
[P8] [9/100] Elastix 01_to_09_pair.npy (val) …
[P8]     6.9s  DVF range -1.07:1.22, -1.89:4.09, -1.09:2.96
[P8] [10/100] Elastix 01_to_10_pair.npy (train) …
[P8]     6.8s  DVF range -0.52:0.68, -0.58:0.97, -0.54:0.76
[P8] [11/100] Elastix 02_to_01_pair.npy (train) …
[P8]     7.0s  DVF range -0.38:0.64, -1.59:1.14, -0.88:0.69
[P8] [12/100] identity 02_to_02_pair.npy
[P8] [13/100] Elastix 02_to_03_pair.npy (train) …
[P8]     6.8s  DVF range -0.85:0.65, -1.64:3.88, -0.80:1.29
[P8] [14/100] Elastix 02_to_04_pair.npy (train) …
[P8]     6.7s  DVF range -1.15:1.29, -2.93:7.04, -1.52:2.40
[P8] [15/100] Elastix 02_to_05_pair.npy (val) …
[P8]     6.8s  DVF range -1.73:2.29, -3.17:8.42, -1.82:3.12
[P8] [16/100] Elastix 02_to_06_pair.npy (train) …
[P8]     6.9s  DVF range -1.89:2.65, -3.33:8.93, -2.05:4.20
[P8] [17/100] Elastix 02_to_07_pair.npy (train) …
[P8]     6.9s  DVF range -1.94:2.43, -3.29:8.07, -1.67:4.85
[P8] [18/100] Elastix 02_to_08_pair.npy (train) …
[P8]     6.9s  DVF range -1.75:2.18, -2.79:5.68, -1.28:4.48
[P8] [19/100] Elastix 02_to_09_pair.npy (val) …
[P8]     6.9s  DVF range -1.01:1.47, -1.55:2.97, -1.42:2.56
[P8] [20/100] Elastix 02_to_10_pair.npy (train) …
[P8]     6.9s  DVF range -0.66:0.94, -1.09:0.93, -1.08:1.01
[P8] [21/100] Elastix 03_to_01_pair.npy (train) …
[P8]     6.9s  DVF range -0.77:1.25, -6.22:3.14, -1.66:1.63
[P8] [22/100] Elastix 03_to_02_pair.npy (train) …
[P8]     6.9s  DVF range -0.59:0.82, -3.10:2.00, -1.13:0.88
[P8] [23/100] identity 03_to_03_pair.npy
[P8] [24/100] Elastix 03_to_04_pair.npy (train) …
[P8]     7.0s  DVF range -0.85:0.94, -1.60:2.53, -0.79:1.04
[P8] [25/100] Elastix 03_to_05_pair.npy (val) …
[P8]     6.9s  DVF range -1.57:1.86, -2.39:4.96, -1.28:2.26
[P8] [26/100] Elastix 03_to_06_pair.npy (train) …
[P8]     6.9s  DVF range -1.58:2.29, -2.65:5.82, -1.44:2.94
[P8] [27/100] Elastix 03_to_07_pair.npy (train) …
[P8]     6.9s  DVF range -1.49:2.15, -2.63:5.76, -1.28:3.74
[P8] [28/100] Elastix 03_to_08_pair.npy (train) …
[P8]     6.9s  DVF range -0.95:2.06, -2.16:4.47, -1.73:3.06
[P8] [29/100] Elastix 03_to_09_pair.npy (val) …
[P8]     6.9s  DVF range -0.90:1.45, -2.11:2.14, -1.52:2.20
[P8] [30/100] Elastix 03_to_10_pair.npy (train) …
[P8]     7.0s  DVF range -1.03:1.22, -4.98:2.51, -1.51:2.07
[P8] [31/100] Elastix 04_to_01_pair.npy (train) …
[P8]     6.9s  DVF range -1.40:1.82, -8.36:4.42, -2.79:2.19
[P8] [32/100] Elastix 04_to_02_pair.npy (train) …
[P8]     6.9s  DVF range -1.35:1.18, -6.73:3.29, -2.26:1.48
[P8] [33/100] Elastix 04_to_03_pair.npy (train) …
[P8]     6.9s  DVF range -0.87:0.67, -2.56:1.38, -1.08:0.78
[P8] [34/100] identity 04_to_04_pair.npy
[P8] [35/100] Elastix 04_to_05_pair.npy (val) …
[P8]     6.9s  DVF range -0.91:0.92, -1.02:1.82, -0.42:1.27
[P8] [36/100] Elastix 04_to_06_pair.npy (train) …
[P8]     6.9s  DVF range -1.26:1.37, -1.58:3.39, -0.84:1.87
[P8] [37/100] Elastix 04_to_07_pair.npy (train) …
[P8]     6.9s  DVF range -1.19:1.61, -1.86:3.89, -1.04:2.52
[P8] [38/100] Elastix 04_to_08_pair.npy (train) …
[P8]     7.0s  DVF range -0.91:1.74, -2.25:2.80, -1.78:2.34
[P8] [39/100] Elastix 04_to_09_pair.npy (val) …
[P8]     7.0s  DVF range -1.08:1.27, -4.72:2.79, -1.51:2.62
[P8] [40/100] Elastix 04_to_10_pair.npy (train) …
[P8]     6.9s  DVF range -1.28:1.55, -7.24:3.57, -2.26:2.68
[P8] [41/100] Elastix 05_to_01_pair.npy (val) …
[P8]     6.9s  DVF range -2.29:1.93, -9.01:5.04, -3.49:2.49
[P8] [42/100] Elastix 05_to_02_pair.npy (val) …
[P8]     6.9s  DVF range -2.23:1.72, -8.12:4.19, -3.04:1.90
[P8] [43/100] Elastix 05_to_03_pair.npy (val) …
[P8]     7.0s  DVF range -1.62:1.44, -4.76:2.89, -2.10:1.24
[P8] [44/100] Elastix 05_to_04_pair.npy (val) …
[P8]     6.9s  DVF range -0.76:0.86, -1.75:1.08, -1.10:0.47
[P8] [45/100] identity 05_to_05_pair.npy
[P8] [46/100] Elastix 05_to_06_pair.npy (val) …
[P8]     6.9s  DVF range -0.42:0.74, -0.86:1.32, -0.35:0.87
[P8] [47/100] Elastix 05_to_07_pair.npy (val) …
[P8]     6.9s  DVF range -0.99:1.29, -1.18:2.00, -0.94:1.63
[P8] [48/100] Elastix 05_to_08_pair.npy (val) …
[P8]     6.9s  DVF range -1.14:1.24, -2.79:1.65, -1.69:2.45
[P8] [49/100] Elastix 05_to_09_pair.npy (val) …
[P8]     6.9s  DVF range -1.49:1.34, -6.20:3.33, -1.74:2.85
[P8] [50/100] Elastix 05_to_10_pair.npy (val) …
[P8]     6.9s  DVF range -2.00:2.17, -8.46:4.71, -3.22:2.95
[P8] [51/100] Elastix 06_to_01_pair.npy (train) …
[P8]     7.0s  DVF range -2.56:2.22, -9.02:4.59, -4.04:2.46
[P8] [52/100] Elastix 06_to_02_pair.npy (train) …
[P8]     6.9s  DVF range -2.73:2.04, -8.25:4.27, -3.89:2.13
[P8] [53/100] Elastix 06_to_03_pair.npy (train) …
[P8]     6.9s  DVF range -2.21:1.76, -5.54:3.43, -2.91:1.44
[P8] [54/100] Elastix 06_to_04_pair.npy (train) …
[P8]     7.0s  DVF range -1.24:1.15, -3.42:1.91, -1.79:0.79
[P8] [55/100] Elastix 06_to_05_pair.npy (val) …
[P8]     6.9s  DVF range -0.64:0.36, -1.36:1.24, -0.84:0.34
[P8] [56/100] identity 06_to_06_pair.npy
[P8] [57/100] Elastix 06_to_07_pair.npy (train) …
[P8]     7.0s  DVF range -0.73:0.70, -0.87:0.71, -1.12:0.76
[P8] [58/100] Elastix 06_to_08_pair.npy (train) …
[P8]     6.9s  DVF range -1.60:1.04, -3.32:1.71, -1.63:2.18
[P8] [59/100] Elastix 06_to_09_pair.npy (val) …
[P8]     6.9s  DVF range -1.89:1.49, -6.71:3.64, -2.00:2.25
[P8] [60/100] Elastix 06_to_10_pair.npy (train) …
[P8]     6.9s  DVF range -2.31:2.31, -8.53:4.63, -3.28:2.33
[P8] [61/100] Elastix 07_to_01_pair.npy (train) …
[P8]     6.9s  DVF range -2.71:2.10, -8.66:4.75, -4.89:2.07
[P8] [62/100] Elastix 07_to_02_pair.npy (train) …
[P8]     7.2s  DVF range -2.47:2.13, -7.52:4.15, -4.66:1.72
[P8] [63/100] Elastix 07_to_03_pair.npy (train) …
[P8]     6.9s  DVF range -2.13:1.61, -5.53:3.18, -3.57:1.25
[P8] [64/100] Elastix 07_to_04_pair.npy (train) …
[P8]     6.9s  DVF range -1.49:0.95, -3.98:2.38, -2.54:1.19
[P8] [65/100] Elastix 07_to_05_pair.npy (val) …
[P8]     6.9s  DVF range -1.11:1.09, -2.10:1.85, -1.59:1.12
[P8] [66/100] Elastix 07_to_06_pair.npy (train) …
[P8]     6.9s  DVF range -0.58:0.77, -0.69:1.02, -0.86:0.99
[P8] [67/100] identity 07_to_07_pair.npy
[P8] [68/100] Elastix 07_to_08_pair.npy (train) …
[P8]     7.0s  DVF range -1.43:0.95, -2.69:1.22, -2.09:1.14
[P8] [69/100] Elastix 07_to_09_pair.npy (val) …
[P8]     7.0s  DVF range -1.72:1.46, -6.14:3.64, -2.27:1.56
[P8] [70/100] Elastix 07_to_10_pair.npy (train) …
[P8]     6.9s  DVF range -2.26:2.30, -8.01:3.99, -3.79:1.94
[P8] [71/100] Elastix 08_to_01_pair.npy (train) …
[P8]     6.8s  DVF range -2.04:1.90, -7.22:3.59, -4.43:1.40
[P8] [72/100] Elastix 08_to_02_pair.npy (train) …
[P8]     6.9s  DVF range -1.99:1.64, -5.41:3.25, -4.22:1.26
[P8] [73/100] Elastix 08_to_03_pair.npy (train) …
[P8]     6.9s  DVF range -1.75:1.03, -4.45:2.54, -3.05:1.62
[P8] [74/100] Elastix 08_to_04_pair.npy (train) …
[P8]     6.9s  DVF range -1.49:1.11, -2.71:2.07, -2.46:1.52
[P8] [75/100] Elastix 08_to_05_pair.npy (val) …
[P8]     6.9s  DVF range -1.27:1.29, -1.71:2.56, -2.57:1.51
[P8] [76/100] Elastix 08_to_06_pair.npy (train) …
[P8]     7.0s  DVF range -1.04:1.77, -1.78:3.31, -2.17:2.10
[P8] [77/100] Elastix 08_to_07_pair.npy (train) …
[P8]     6.8s  DVF range -0.96:1.38, -1.35:2.55, -1.02:2.17
[P8] [78/100] identity 08_to_08_pair.npy
[P8] [79/100] Elastix 08_to_09_pair.npy (val) …
[P8]     6.9s  DVF range -0.77:0.98, -3.33:2.21, -1.79:0.66
[P8] [80/100] Elastix 08_to_10_pair.npy (train) …
[P8]     6.9s  DVF range -1.61:2.02, -6.18:3.13, -3.57:1.31
[P8] [81/100] Elastix 09_to_01_pair.npy (val) …
[P8]     6.9s  DVF range -1.34:1.38, -4.16:2.30, -2.71:1.02
[P8] [82/100] Elastix 09_to_02_pair.npy (val) …
[P8]     7.0s  DVF range -1.44:1.06, -3.07:1.84, -2.44:1.28
[P8] [83/100] Elastix 09_to_03_pair.npy (val) …
[P8]     6.9s  DVF range -1.39:0.94, -2.23:1.99, -2.07:1.26
[P8] [84/100] Elastix 09_to_04_pair.npy (val) …
[P8]     6.9s  DVF range -1.22:1.11, -2.69:4.78, -2.72:1.66
[P8] [85/100] Elastix 09_to_05_pair.npy (val) …
[P8]     6.9s  DVF range -1.72:1.85, -3.08:6.35, -2.91:1.70
[P8] [86/100] Elastix 09_to_06_pair.npy (val) …
[P8]     7.1s  DVF range -2.06:2.27, -3.33:7.05, -2.32:2.58
[P8] [87/100] Elastix 09_to_07_pair.npy (val) …
[P8]     6.9s  DVF range -1.86:1.93, -2.69:6.53, -1.57:2.88
[P8] [88/100] Elastix 09_to_08_pair.npy (val) …
[P8]     6.9s  DVF range -1.05:0.75, -1.61:3.16, -0.74:1.96
[P8] [89/100] identity 09_to_09_pair.npy
[P8] [90/100] Elastix 09_to_10_pair.npy (val) …
[P8]     7.0s  DVF range -0.85:1.06, -2.66:1.65, -1.73:0.78
[P8] [91/100] Elastix 10_to_01_pair.npy (train) …
[P8]     6.9s  DVF range -0.53:0.29, -1.10:0.72, -0.85:0.46
[P8] [92/100] Elastix 10_to_02_pair.npy (train) …
[P8]     6.9s  DVF range -0.82:0.56, -1.05:0.94, -0.91:0.92
[P8] [93/100] Elastix 10_to_03_pair.npy (train) …
[P8]     7.0s  DVF range -1.18:0.92, -2.56:4.98, -2.09:1.27
[P8] [94/100] Elastix 10_to_04_pair.npy (train) …
[P8]     6.9s  DVF range -1.87:1.28, -3.43:7.87, -2.52:2.12
[P8] [95/100] Elastix 10_to_05_pair.npy (val) …
[P8]     6.9s  DVF range -2.37:2.12, -3.70:9.24, -2.53:2.93
[P8] [96/100] Elastix 10_to_06_pair.npy (train) …
[P8]     6.9s  DVF range -2.70:2.63, -3.80:9.48, -2.40:3.70
[P8] [97/100] Elastix 10_to_07_pair.npy (train) …
[P8]     6.9s  DVF range -2.63:2.19, -3.46:8.73, -1.90:4.42
[P8] [98/100] Elastix 10_to_08_pair.npy (train) …
[P8]     6.9s  DVF range -1.96:1.83, -2.60:6.27, -1.34:3.71
[P8] [99/100] Elastix 10_to_09_pair.npy (val) …
[P8]     6.9s  DVF range -1.41:0.90, -1.45:2.81, -0.58:1.86
[P8] [100/100] identity 10_to_10_pair.npy
[P8] DONE in 10.4 min  registered=89 identity=9 skipped=2  → /home/abhishek/Voxel_GAN/PopulationStudy/data/P8/all
All requested patients finished.
