DVF library patients=['P9']  held_out=[5, 9]  param=/home/abhishek/Voxel_GAN/My v1.0/configs/elastix_bspline_masked.txt
Padded masks dir: /home/abhishek/Voxel_GAN/PopulationStudy/PaddedLungMasks
[P9] padded mask: Mask_Lung_padp30_P9.mha (pad=30)
[P9] lung bbox (zyx): [130:400, 0:220, 59:394]
[P9]   CT_01: (450, 220, 450) → (270, 220, 335) → (128, 128, 128)
[P9]   CT_02: (450, 220, 450) → (270, 220, 335) → (128, 128, 128)
[P9]   CT_03: (450, 220, 450) → (270, 220, 335) → (128, 128, 128)
[P9]   CT_04: (450, 220, 450) → (270, 220, 335) → (128, 128, 128)
[P9]   CT_05: (450, 220, 450) → (270, 220, 335) → (128, 128, 128)
[P9]   CT_06: (450, 220, 450) → (270, 220, 335) → (128, 128, 128)
[P9]   CT_07: (450, 220, 450) → (270, 220, 335) → (128, 128, 128)
[P9]   CT_08: (450, 220, 450) → (270, 220, 335) → (128, 128, 128)
[P9]   CT_09: (450, 220, 450) → (270, 220, 335) → (128, 128, 128)
[P9]   CT_10: (450, 220, 450) → (270, 220, 335) → (128, 128, 128)
[P9]   Mask_Lung → (128, 128, 128), voxels=1044398
[P9] [1/100] identity 01_to_01_pair.npy
[P9] [2/100] Elastix 01_to_02_pair.npy (train) …
[P9]     7.2s  DVF range -0.52:0.48, -0.80:1.61, -0.75:0.58
[P9] [3/100] Elastix 01_to_03_pair.npy (train) …
[P9]     6.9s  DVF range -0.85:0.86, -2.07:4.14, -0.80:1.94
[P9] [4/100] Elastix 01_to_04_pair.npy (train) …
[P9]     6.9s  DVF range -1.86:1.02, -2.78:6.06, -0.90:3.32
[P9] [5/100] Elastix 01_to_05_pair.npy (val) …
[P9]     6.9s  DVF range -2.04:1.16, -3.04:7.21, -0.95:4.33
[P9] [6/100] Elastix 01_to_06_pair.npy (train) …
[P9]     6.9s  DVF range -2.54:1.37, -3.12:7.71, -1.00:4.88
[P9] [7/100] Elastix 01_to_07_pair.npy (train) …
[P9]     6.9s  DVF range -2.06:1.40, -2.99:7.18, -0.88:4.74
[P9] [8/100] Elastix 01_to_08_pair.npy (train) …
[P9]     7.0s  DVF range -2.18:1.23, -2.42:5.18, -0.88:3.77
[P9] [9/100] Elastix 01_to_09_pair.npy (val) …
[P9]     6.9s  DVF range -1.00:0.95, -1.54:2.87, -0.52:2.37
[P9] [10/100] Elastix 01_to_10_pair.npy (train) …
[P9]     6.9s  DVF range -1.02:0.53, -0.55:1.01, -0.78:1.08
[P9] [11/100] Elastix 02_to_01_pair.npy (train) …
[P9]     6.8s  DVF range -0.62:0.75, -1.53:0.75, -0.81:0.75
[P9] [12/100] identity 02_to_02_pair.npy
[P9] [13/100] Elastix 02_to_03_pair.npy (train) …
[P9]     6.9s  DVF range -1.06:0.79, -1.46:3.19, -0.48:1.51
[P9] [14/100] Elastix 02_to_04_pair.npy (train) …
[P9]     6.9s  DVF range -1.41:0.98, -2.05:5.32, -0.71:3.10
[P9] [15/100] Elastix 02_to_05_pair.npy (val) …
[P9]     6.9s  DVF range -1.87:1.15, -2.85:6.69, -0.85:4.25
[P9] [16/100] Elastix 02_to_06_pair.npy (train) …
[P9]     6.8s  DVF range -1.94:1.30, -2.87:7.34, -0.96:4.54
[P9] [17/100] Elastix 02_to_07_pair.npy (train) …
[P9]     6.9s  DVF range -1.92:1.33, -2.83:6.75, -0.90:4.73
[P9] [18/100] Elastix 02_to_08_pair.npy (train) …
[P9]     6.9s  DVF range -1.82:1.15, -2.06:5.10, -0.81:3.50
[P9] [19/100] Elastix 02_to_09_pair.npy (val) …
[P9]     6.9s  DVF range -1.09:0.79, -1.26:2.62, -0.55:1.87
[P9] [20/100] Elastix 02_to_10_pair.npy (train) …
[P9]     7.0s  DVF range -0.73:0.37, -0.78:0.65, -0.57:0.88
[P9] [21/100] Elastix 03_to_01_pair.npy (train) …
[P9]     7.0s  DVF range -0.65:0.91, -4.45:2.04, -1.82:0.68
[P9] [22/100] Elastix 03_to_02_pair.npy (train) …
[P9]     7.0s  DVF range -0.82:0.94, -3.53:1.51, -1.61:0.68
[P9] [23/100] identity 03_to_03_pair.npy
[P9] [24/100] Elastix 03_to_04_pair.npy (train) …
[P9]     6.9s  DVF range -0.94:0.70, -1.06:2.76, -0.90:1.82
[P9] [25/100] Elastix 03_to_05_pair.npy (val) …
[P9]     6.8s  DVF range -1.08:0.92, -1.70:4.22, -0.54:3.07
[P9] [26/100] Elastix 03_to_06_pair.npy (train) …
[P9]     7.0s  DVF range -1.82:1.32, -2.12:4.67, -0.69:3.49
[P9] [27/100] Elastix 03_to_07_pair.npy (train) …
[P9]     7.0s  DVF range -1.19:1.32, -1.96:4.28, -0.70:3.29
[P9] [28/100] Elastix 03_to_08_pair.npy (train) …
[P9]     7.0s  DVF range -1.65:1.01, -0.99:2.40, -0.62:2.04
[P9] [29/100] Elastix 03_to_09_pair.npy (val) …
[P9]     6.9s  DVF range -0.98:1.04, -2.37:0.96, -0.69:1.23
[P9] [30/100] Elastix 03_to_10_pair.npy (train) …
[P9]     7.0s  DVF range -0.95:0.97, -3.65:1.66, -1.74:0.83
[P9] [31/100] Elastix 04_to_01_pair.npy (train) …
[P9]     7.0s  DVF range -1.11:1.77, -6.35:2.62, -3.61:0.84
[P9] [32/100] Elastix 04_to_02_pair.npy (train) …
[P9]     6.9s  DVF range -0.80:1.14, -5.70:2.37, -2.91:0.73
[P9] [33/100] Elastix 04_to_03_pair.npy (train) …
[P9]     7.0s  DVF range -0.81:1.00, -3.02:1.04, -1.88:1.03
[P9] [34/100] identity 04_to_04_pair.npy
[P9] [35/100] Elastix 04_to_05_pair.npy (val) …
[P9]     6.9s  DVF range -0.73:0.74, -0.96:2.12, -0.66:1.29
[P9] [36/100] Elastix 04_to_06_pair.npy (train) …
[P9]     7.0s  DVF range -0.74:0.73, -1.07:2.92, -0.42:1.64
[P9] [37/100] Elastix 04_to_07_pair.npy (train) …
[P9]     6.9s  DVF range -0.87:1.05, -1.16:2.31, -0.63:1.47
[P9] [38/100] Elastix 04_to_08_pair.npy (train) …
[P9]     7.0s  DVF range -0.75:0.43, -2.74:1.06, -0.84:1.17
[P9] [39/100] Elastix 04_to_09_pair.npy (val) …
[P9]     7.0s  DVF range -0.95:1.14, -4.28:1.85, -1.70:0.92
[P9] [40/100] Elastix 04_to_10_pair.npy (train) …
[P9]     7.0s  DVF range -0.95:1.02, -5.43:2.25, -3.03:0.82
[P9] [41/100] Elastix 05_to_01_pair.npy (val) …
[P9]     6.9s  DVF range -1.18:1.48, -7.67:3.13, -4.43:0.93
[P9] [42/100] Elastix 05_to_02_pair.npy (val) …
[P9]     6.9s  DVF range -1.07:1.47, -6.79:3.01, -3.90:0.82
[P9] [43/100] Elastix 05_to_03_pair.npy (val) …
[P9]     7.0s  DVF range -1.06:0.93, -4.44:1.82, -2.94:0.58
[P9] [44/100] Elastix 05_to_04_pair.npy (val) …
[P9]     6.9s  DVF range -0.57:0.92, -2.34:1.05, -1.38:0.55
[P9] [45/100] identity 05_to_05_pair.npy
[P9] [46/100] Elastix 05_to_06_pair.npy (val) …
[P9]     7.1s  DVF range -0.79:0.99, -0.40:1.54, -0.44:0.85
[P9] [47/100] Elastix 05_to_07_pair.npy (val) …
[P9]     7.0s  DVF range -0.58:0.90, -0.86:0.66, -0.60:0.91
[P9] [48/100] Elastix 05_to_08_pair.npy (val) …
[P9]     7.0s  DVF range -0.83:0.84, -3.58:1.27, -1.47:0.81
[P9] [49/100] Elastix 05_to_09_pair.npy (val) …
[P9]     7.0s  DVF range -0.84:1.09, -5.70:2.06, -2.96:0.80
[P9] [50/100] Elastix 05_to_10_pair.npy (val) …
[P9]     7.0s  DVF range -1.26:1.20, -6.76:2.93, -3.94:0.93
[P9] [51/100] Elastix 06_to_01_pair.npy (train) …
[P9]     7.0s  DVF range -1.69:2.23, -8.12:3.37, -4.74:1.07
[P9] [52/100] Elastix 06_to_02_pair.npy (train) …
[P9]     7.0s  DVF range -1.27:1.83, -7.50:3.21, -4.43:0.90
[P9] [53/100] Elastix 06_to_03_pair.npy (train) …
[P9]     6.9s  DVF range -1.28:1.70, -4.88:2.10, -3.53:0.68
[P9] [54/100] Elastix 06_to_04_pair.npy (train) …
[P9]     7.1s  DVF range -0.72:0.81, -3.20:1.30, -1.81:0.51
[P9] [55/100] Elastix 06_to_05_pair.npy (val) …
[P9]     7.0s  DVF range -0.90:0.86, -1.59:0.51, -1.18:0.47
[P9] [56/100] identity 06_to_06_pair.npy
[P9] [57/100] Elastix 06_to_07_pair.npy (train) …
[P9]     7.0s  DVF range -0.92:0.95, -1.58:0.73, -0.85:0.89
[P9] [58/100] Elastix 06_to_08_pair.npy (train) …
[P9]     7.0s  DVF range -0.68:0.44, -3.96:1.46, -2.02:0.54
[P9] [59/100] Elastix 06_to_09_pair.npy (val) …
[P9]     7.0s  DVF range -1.09:1.68, -6.23:2.27, -3.31:0.83
[P9] [60/100] Elastix 06_to_10_pair.npy (train) …
[P9]     6.9s  DVF range -1.14:1.53, -7.41:3.17, -4.32:0.91
[P9] [61/100] Elastix 07_to_01_pair.npy (train) …
[P9]     7.1s  DVF range -1.26:1.50, -7.66:3.28, -4.84:0.95
[P9] [62/100] Elastix 07_to_02_pair.npy (train) …
[P9]     7.0s  DVF range -1.18:1.74, -6.99:3.15, -4.46:0.94
[P9] [63/100] Elastix 07_to_03_pair.npy (train) …
[P9]     6.9s  DVF range -1.19:1.14, -4.54:1.98, -3.50:0.87
[P9] [64/100] Elastix 07_to_04_pair.npy (train) …
[P9]     7.0s  DVF range -0.76:1.05, -2.59:1.23, -1.70:0.67
[P9] [65/100] Elastix 07_to_05_pair.npy (val) …
[P9]     7.0s  DVF range -0.50:0.67, -0.63:0.60, -0.92:0.57
[P9] [66/100] Elastix 07_to_06_pair.npy (train) …
[P9]     7.0s  DVF range -0.68:0.99, -0.69:1.44, -0.82:0.75
[P9] [67/100] identity 07_to_07_pair.npy
[P9] [68/100] Elastix 07_to_08_pair.npy (train) …
[P9]     7.0s  DVF range -0.81:0.73, -3.32:1.31, -1.99:0.69
[P9] [69/100] Elastix 07_to_09_pair.npy (val) …
[P9]     7.0s  DVF range -0.94:0.89, -5.70:2.16, -3.31:0.83
[P9] [70/100] Elastix 07_to_10_pair.npy (train) …
[P9]     6.9s  DVF range -1.20:1.59, -6.91:3.03, -4.17:0.83
[P9] [71/100] Elastix 08_to_01_pair.npy (train) …
[P9]     7.1s  DVF range -1.31:2.06, -5.41:2.61, -4.06:0.76
[P9] [72/100] Elastix 08_to_02_pair.npy (train) …
[P9]     7.0s  DVF range -0.95:1.64, -4.97:2.29, -3.65:0.77
[P9] [73/100] Elastix 08_to_03_pair.npy (train) …
[P9]     6.9s  DVF range -0.93:1.66, -2.52:1.20, -2.23:0.68
[P9] [74/100] Elastix 08_to_04_pair.npy (train) …
[P9]     7.0s  DVF range -0.41:0.77, -1.04:2.25, -1.22:0.78
[P9] [75/100] Elastix 08_to_05_pair.npy (val) …
[P9]     6.9s  DVF range -0.86:0.85, -1.29:3.28, -0.81:1.78
[P9] [76/100] Elastix 08_to_06_pair.npy (train) …
[P9]     6.9s  DVF range -0.73:0.62, -1.49:3.40, -0.49:2.35
[P9] [77/100] Elastix 08_to_07_pair.npy (train) …
[P9]     7.0s  DVF range -0.59:0.98, -1.22:2.90, -0.42:2.12
[P9] [78/100] identity 08_to_08_pair.npy
[P9] [79/100] Elastix 08_to_09_pair.npy (val) …
[P9]     7.1s  DVF range -0.80:1.43, -2.82:1.20, -2.25:0.70
[P9] [80/100] Elastix 08_to_10_pair.npy (train) …
[P9]     7.1s  DVF range -0.87:1.03, -4.68:2.28, -3.48:0.70
[P9] [81/100] Elastix 09_to_01_pair.npy (val) …
[P9]     6.9s  DVF range -0.56:0.86, -3.18:1.58, -2.49:0.61
[P9] [82/100] Elastix 09_to_02_pair.npy (val) …
[P9]     7.0s  DVF range -0.54:1.20, -2.93:1.61, -1.82:0.63
[P9] [83/100] Elastix 09_to_03_pair.npy (val) …
[P9]     7.1s  DVF range -0.67:1.00, -1.04:2.12, -1.30:0.90
[P9] [84/100] Elastix 09_to_04_pair.npy (val) …
[P9]     6.9s  DVF range -0.99:0.87, -1.92:3.84, -0.92:1.92
[P9] [85/100] Elastix 09_to_05_pair.npy (val) …
[P9]     6.9s  DVF range -1.03:0.86, -2.09:5.00, -0.76:3.31
[P9] [86/100] Elastix 09_to_06_pair.npy (val) …
[P9]     6.9s  DVF range -1.53:0.98, -2.16:5.27, -0.80:3.61
[P9] [87/100] Elastix 09_to_07_pair.npy (val) …
[P9]     6.9s  DVF range -1.04:0.92, -1.94:4.81, -0.65:3.56
[P9] [88/100] Elastix 09_to_08_pair.npy (val) …
[P9]     7.0s  DVF range -1.47:0.75, -1.19:2.47, -0.42:1.94
[P9] [89/100] identity 09_to_09_pair.npy
[P9] [90/100] Elastix 09_to_10_pair.npy (val) …
[P9]     7.0s  DVF range -0.80:0.86, -2.36:1.28, -1.87:0.69
[P9] [91/100] Elastix 10_to_01_pair.npy (train) …
[P9]     7.0s  DVF range -0.76:1.27, -1.21:0.60, -1.02:0.40
[P9] [92/100] Elastix 10_to_02_pair.npy (train) …
[P9]     7.0s  DVF range -0.32:0.99, -0.88:0.76, -0.86:0.51
[P9] [93/100] Elastix 10_to_03_pair.npy (train) …
[P9]     6.9s  DVF range -1.08:1.19, -1.70:3.30, -0.79:1.58
[P9] [94/100] Elastix 10_to_04_pair.npy (train) …
[P9]     7.0s  DVF range -1.24:1.10, -2.49:5.21, -0.79:3.47
[P9] [95/100] Elastix 10_to_05_pair.npy (val) …
[P9]     7.0s  DVF range -1.71:1.20, -2.77:6.32, -0.89:4.47
[P9] [96/100] Elastix 10_to_06_pair.npy (train) …
[P9]     6.9s  DVF range -1.74:1.39, -2.87:7.03, -0.92:4.72
[P9] [97/100] Elastix 10_to_07_pair.npy (train) …
[P9]     6.9s  DVF range -1.74:1.51, -2.74:6.41, -0.86:4.70
[P9] [98/100] Elastix 10_to_08_pair.npy (train) …
[P9]     6.7s  DVF range -1.34:1.29, -2.19:4.60, -0.72:3.74
[P9] [99/100] Elastix 10_to_09_pair.npy (val) …
[P9]     6.1s  DVF range -0.82:1.02, -1.06:2.01, -0.59:1.70
[P9] [100/100] identity 10_to_10_pair.npy
[P9] DONE in 10.6 min  registered=90 identity=10 skipped=0  → /home/abhishek/Voxel_GAN/PopulationStudy/data/P9/all
All requested patients finished.
