===== E4 Both =====
[crb_both_mse_pop_e4] device=cuda:1 | UNetCRBBoth params=1.59M trainable=1.09M | loss=lung-masked MSE | CRB=encoder+decoder + frozen anatomy side-branch | seed=20260819
[crb_both_mse_pop_e4] anatomy=/home/abhishek/Voxel_GAN/PopulationStudy/Experiment4/AnatomyAE/weights/anatomy_encoder.pth | train 5760 val 320 | train patients=['P1', 'P3', 'P4', 'P5'] hold-out=['P7', 'P9'] (QC only)
Epoch: 1 | train MSE: 0.849713 | val MSE: 0.670986 | total time: 0 hours 1 minutes
Epoch: 2 | train MSE: 0.542025 | val MSE: 0.367274 | total time: 0 hours 3 minutes
Epoch: 3 | train MSE: 0.403720 | val MSE: 0.328903 | total time: 0 hours 5 minutes
Epoch: 4 | train MSE: 0.324296 | val MSE: 0.263493 | total time: 0 hours 7 minutes
Epoch: 5 | train MSE: 0.271281 | val MSE: 0.230366 | total time: 0 hours 9 minutes
Epoch: 6 | train MSE: 0.220056 | val MSE: 0.204568 | total time: 0 hours 11 minutes
Epoch: 7 | train MSE: 0.191017 | val MSE: 0.177546 | total time: 0 hours 13 minutes
Epoch: 8 | train MSE: 0.165265 | val MSE: 0.153071 | total time: 0 hours 14 minutes
Epoch: 9 | train MSE: 0.142055 | val MSE: 0.151112 | total time: 0 hours 16 minutes
Epoch: 10 | train MSE: 0.133806 | val MSE: 0.147977 | total time: 0 hours 18 minutes
Epoch: 11 | train MSE: 0.115136 | val MSE: 0.108045 | total time: 0 hours 20 minutes
Epoch: 12 | train MSE: 0.108650 | val MSE: 0.108148 | total time: 0 hours 22 minutes
Epoch: 13 | train MSE: 0.099554 | val MSE: 0.101656 | total time: 0 hours 24 minutes
Epoch: 14 | train MSE: 0.092758 | val MSE: 0.098908 | total time: 0 hours 25 minutes
Epoch: 15 | train MSE: 0.085834 | val MSE: 0.098543 | total time: 0 hours 27 minutes
Epoch: 16 | train MSE: 0.081184 | val MSE: 0.085785 | total time: 0 hours 29 minutes
Epoch: 17 | train MSE: 0.077918 | val MSE: 0.089389 | total time: 0 hours 31 minutes
Epoch: 18 | train MSE: 0.076346 | val MSE: 0.089432 | total time: 0 hours 33 minutes
Epoch: 19 | train MSE: 0.070963 | val MSE: 0.069538 | total time: 0 hours 35 minutes
Epoch: 20 | train MSE: 0.068291 | val MSE: 0.077038 | total time: 0 hours 36 minutes
Epoch: 21 | train MSE: 0.065600 | val MSE: 0.066849 | total time: 0 hours 38 minutes
Epoch: 22 | train MSE: 0.064130 | val MSE: 0.079642 | total time: 0 hours 40 minutes
Epoch: 23 | train MSE: 0.062304 | val MSE: 0.068468 | total time: 0 hours 42 minutes
Epoch: 24 | train MSE: 0.060548 | val MSE: 0.070529 | total time: 0 hours 44 minutes
Epoch: 25 | train MSE: 0.057412 | val MSE: 0.173449 | total time: 0 hours 46 minutes
Epoch: 26 | train MSE: 0.056372 | val MSE: 0.063757 | total time: 0 hours 47 minutes
Epoch: 27 | train MSE: 0.055744 | val MSE: 0.073483 | total time: 0 hours 49 minutes
Epoch: 28 | train MSE: 0.055383 | val MSE: 0.068719 | total time: 0 hours 51 minutes
Epoch: 29 | train MSE: 0.051653 | val MSE: 0.060573 | total time: 0 hours 53 minutes
Epoch: 30 | train MSE: 0.051638 | val MSE: 0.053418 | total time: 0 hours 55 minutes
Epoch: 31 | train MSE: 0.050848 | val MSE: 0.054345 | total time: 0 hours 57 minutes
Epoch: 32 | train MSE: 0.048113 | val MSE: 0.056051 | total time: 0 hours 58 minutes
Epoch: 33 | train MSE: 0.048577 | val MSE: 0.060304 | total time: 1 hours 0 minutes
Epoch: 34 | train MSE: 0.046965 | val MSE: 0.052610 | total time: 1 hours 2 minutes
Epoch: 35 | train MSE: 0.046176 | val MSE: 0.055991 | total time: 1 hours 4 minutes
Epoch: 36 | train MSE: 0.045699 | val MSE: 0.065768 | total time: 1 hours 6 minutes
Epoch: 37 | train MSE: 0.043966 | val MSE: 0.056077 | total time: 1 hours 8 minutes
Epoch: 38 | train MSE: 0.043801 | val MSE: 0.059929 | total time: 1 hours 10 minutes
Epoch: 39 | train MSE: 0.042718 | val MSE: 0.051447 | total time: 1 hours 11 minutes
Epoch: 40 | train MSE: 0.042766 | val MSE: 0.064032 | total time: 1 hours 13 minutes
Epoch: 41 | train MSE: 0.041662 | val MSE: 0.062846 | total time: 1 hours 15 minutes
Epoch: 42 | train MSE: 0.041857 | val MSE: 0.056036 | total time: 1 hours 17 minutes
Epoch: 43 | train MSE: 0.040809 | val MSE: 0.057910 | total time: 1 hours 18 minutes
Epoch: 44 | train MSE: 0.039855 | val MSE: 0.052206 | total time: 1 hours 20 minutes
Epoch: 45 | train MSE: 0.039466 | val MSE: 0.048155 | total time: 1 hours 22 minutes
Epoch: 46 | train MSE: 0.039058 | val MSE: 0.051010 | total time: 1 hours 24 minutes
Epoch: 47 | train MSE: 0.037617 | val MSE: 0.050999 | total time: 1 hours 25 minutes
Epoch: 48 | train MSE: 0.038183 | val MSE: 0.043891 | total time: 1 hours 27 minutes
Epoch: 49 | train MSE: 0.036425 | val MSE: 0.044737 | total time: 1 hours 29 minutes
Epoch: 50 | train MSE: 0.037032 | val MSE: 0.047863 | total time: 1 hours 31 minutes
Epoch: 51 | train MSE: 0.036528 | val MSE: 0.049204 | total time: 1 hours 33 minutes
Epoch: 52 | train MSE: 0.035693 | val MSE: 0.049871 | total time: 1 hours 34 minutes
Epoch: 53 | train MSE: 0.034840 | val MSE: 0.048645 | total time: 1 hours 36 minutes
Epoch: 54 | train MSE: 0.034721 | val MSE: 0.047168 | total time: 1 hours 38 minutes
Epoch: 55 | train MSE: 0.033935 | val MSE: 0.044297 | total time: 1 hours 40 minutes
Epoch: 56 | train MSE: 0.033967 | val MSE: 0.046933 | total time: 1 hours 41 minutes
Epoch: 57 | train MSE: 0.033989 | val MSE: 0.044505 | total time: 1 hours 43 minutes
Epoch: 58 | train MSE: 0.033410 | val MSE: 0.044309 | total time: 1 hours 45 minutes
Epoch: 59 | train MSE: 0.032802 | val MSE: 0.044297 | total time: 1 hours 47 minutes
Epoch: 60 | train MSE: 0.032418 | val MSE: 0.052517 | total time: 1 hours 49 minutes
Epoch: 61 | train MSE: 0.032400 | val MSE: 0.047548 | total time: 1 hours 50 minutes
Epoch: 62 | train MSE: 0.031749 | val MSE: 0.040634 | total time: 1 hours 52 minutes
Epoch: 63 | train MSE: 0.031461 | val MSE: 0.045904 | total time: 1 hours 54 minutes
Epoch: 64 | train MSE: 0.031411 | val MSE: 0.040226 | total time: 1 hours 56 minutes
Epoch: 65 | train MSE: 0.030182 | val MSE: 0.048820 | total time: 1 hours 57 minutes
Epoch: 66 | train MSE: 0.030579 | val MSE: 0.041621 | total time: 1 hours 59 minutes
Epoch: 67 | train MSE: 0.030320 | val MSE: 0.045694 | total time: 2 hours 1 minutes
Epoch: 68 | train MSE: 0.029675 | val MSE: 0.042351 | total time: 2 hours 3 minutes
Epoch: 69 | train MSE: 0.029406 | val MSE: 0.039543 | total time: 2 hours 5 minutes
Epoch: 70 | train MSE: 0.029031 | val MSE: 0.047885 | total time: 2 hours 6 minutes
Epoch: 71 | train MSE: 0.029892 | val MSE: 0.046313 | total time: 2 hours 8 minutes
Epoch: 72 | train MSE: 0.028642 | val MSE: 0.040099 | total time: 2 hours 10 minutes
Epoch: 73 | train MSE: 0.029069 | val MSE: 0.040218 | total time: 2 hours 12 minutes
Epoch: 74 | train MSE: 0.028501 | val MSE: 0.043588 | total time: 2 hours 13 minutes
Epoch: 75 | train MSE: 0.028142 | val MSE: 0.043011 | total time: 2 hours 15 minutes
Epoch: 76 | train MSE: 0.027510 | val MSE: 0.042743 | total time: 2 hours 17 minutes
Epoch: 77 | train MSE: 0.027764 | val MSE: 0.038037 | total time: 2 hours 18 minutes
Epoch: 78 | train MSE: 0.026799 | val MSE: 0.038121 | total time: 2 hours 20 minutes
Epoch: 79 | train MSE: 0.027041 | val MSE: 0.039745 | total time: 2 hours 22 minutes
Epoch: 80 | train MSE: 0.026710 | val MSE: 0.042142 | total time: 2 hours 24 minutes
Epoch: 81 | train MSE: 0.026392 | val MSE: 0.040458 | total time: 2 hours 25 minutes
Epoch: 82 | train MSE: 0.026593 | val MSE: 0.038483 | total time: 2 hours 27 minutes
Epoch: 83 | train MSE: 0.026335 | val MSE: 0.039132 | total time: 2 hours 29 minutes
Epoch: 84 | train MSE: 0.026618 | val MSE: 0.038851 | total time: 2 hours 31 minutes
Epoch: 85 | train MSE: 0.025550 | val MSE: 0.042684 | total time: 2 hours 32 minutes
Epoch: 86 | train MSE: 0.025311 | val MSE: 0.038195 | total time: 2 hours 34 minutes
Epoch: 87 | train MSE: 0.025387 | val MSE: 0.035512 | total time: 2 hours 36 minutes
Epoch: 88 | train MSE: 0.025214 | val MSE: 0.035644 | total time: 2 hours 38 minutes
Epoch: 89 | train MSE: 0.025144 | val MSE: 0.038440 | total time: 2 hours 39 minutes
Epoch: 90 | train MSE: 0.024922 | val MSE: 0.039045 | total time: 2 hours 41 minutes
Epoch: 91 | train MSE: 0.024206 | val MSE: 0.035642 | total time: 2 hours 43 minutes
Epoch: 92 | train MSE: 0.024460 | val MSE: 0.035099 | total time: 2 hours 44 minutes
Epoch: 93 | train MSE: 0.024182 | val MSE: 0.035744 | total time: 2 hours 46 minutes
Epoch: 94 | train MSE: 0.024260 | val MSE: 0.038475 | total time: 2 hours 48 minutes
Epoch: 95 | train MSE: 0.024086 | val MSE: 0.039444 | total time: 2 hours 50 minutes
Epoch: 96 | train MSE: 0.024050 | val MSE: 0.034499 | total time: 2 hours 51 minutes
Epoch: 97 | train MSE: 0.023644 | val MSE: 0.037523 | total time: 2 hours 53 minutes
Epoch: 98 | train MSE: 0.023400 | val MSE: 0.036128 | total time: 2 hours 55 minutes
Epoch: 99 | train MSE: 0.023156 | val MSE: 0.036002 | total time: 2 hours 57 minutes
Epoch: 100 | train MSE: 0.023298 | val MSE: 0.034849 | total time: 2 hours 58 minutes
finished best_val_mse=0.034499
