15:18:29 | INFO | === SYNTHESIZE from CT_06 (E3 Both + p1_p99) ===
15:18:29 | INFO | Synthesizing phases from CT_06 | native=(450, 220, 450) | infer=128
15:18:32 | INFO |   wrote CT_01.mha | mean|u|_128=1.2985
15:18:34 | INFO |   wrote CT_02.mha | mean|u|_128=1.0585
15:18:38 | INFO |   wrote CT_03.mha | mean|u|_128=0.4396
15:18:43 | INFO |   wrote CT_04.mha | mean|u|_128=0.2348
15:18:48 | INFO |   wrote CT_05.mha | mean|u|_128=0.1199
15:18:53 | INFO |   wrote CT_06.mha | mean|u|_128=0.0000
15:18:58 | INFO |   wrote CT_07.mha | mean|u|_128=0.2020
15:19:00 | INFO |   wrote CT_08.mha | mean|u|_128=0.5072
15:19:04 | INFO |   wrote CT_09.mha | mean|u|_128=0.8235
15:19:10 | INFO |   wrote CT_10.mha | mean|u|_128=1.0678
15:19:10 | INFO | === DOWNSAMPLE ===
15:19:28 | INFO | sub_CT count: 10
15:19:28 | INFO | === WRITE SYNTH DVFs ===
15:19:28 | INFO |   DVF DVF_sub_01.mha
15:19:28 | INFO |   DVF DVF_sub_02.mha
15:19:28 | INFO |   DVF DVF_sub_03.mha
15:19:29 | INFO |   DVF DVF_sub_04.mha
15:19:29 | INFO |   DVF DVF_sub_05.mha
15:19:29 | INFO |   DVF DVF_sub_07.mha
15:19:29 | INFO |   DVF DVF_sub_08.mha
15:19:29 | INFO |   DVF DVF_sub_09.mha
15:19:29 | INFO |   DVF DVF_sub_10.mha
15:19:29 | INFO | DVFs: 9
15:19:29 | INFO | === COMPRESS ===
15:19:29 | INFO | bins: 0
15:19:29 | INFO | === PREP_TRAIN ===
15:19:30 | INFO | --- Processing Job 1/2: CV_P3_V_01 (TRAIN) ---
15:19:30 | INFO |   > WARNING: No projections found for CV_P3_V_01. Skipping.
15:19:30 | INFO | --- Processing Job 2/2: CV_P3_V_01 (TEST) ---
15:19:30 | INFO |   > WARNING: No projections found for CV_P3_V_01. Skipping.
15:19:30 | INFO | Done in 1.0 min | ModelTraining=/home/abhishek/Voxel_GAN/VoxelMap_Experiments/runs/synth_CV_P3_V_01/ModelTraining/train/CV_P3_V_01
15:19:30 | INFO |   SourceProjections: 0
15:19:30 | INFO |   TargetProjections: 0
15:19:30 | INFO |   DVFs: 0
Saved downsampled volume to /home/abhishek/Voxel_GAN/VoxelMap_Experiments/runs/synth_CV_P3_V_01/CV_P3_V_01/train/sub_CT_01.mha
Saved downsampled volume to /home/abhishek/Voxel_GAN/VoxelMap_Experiments/runs/synth_CV_P3_V_01/CV_P3_V_01/train/sub_CT_02.mha
Saved downsampled volume to /home/abhishek/Voxel_GAN/VoxelMap_Experiments/runs/synth_CV_P3_V_01/CV_P3_V_01/train/sub_CT_03.mha
Saved downsampled volume to /home/abhishek/Voxel_GAN/VoxelMap_Experiments/runs/synth_CV_P3_V_01/CV_P3_V_01/train/sub_CT_04.mha
Saved downsampled volume to /home/abhishek/Voxel_GAN/VoxelMap_Experiments/runs/synth_CV_P3_V_01/CV_P3_V_01/train/sub_CT_05.mha
Saved downsampled volume to /home/abhishek/Voxel_GAN/VoxelMap_Experiments/runs/synth_CV_P3_V_01/CV_P3_V_01/train/sub_CT_06.mha
Saved downsampled volume to /home/abhishek/Voxel_GAN/VoxelMap_Experiments/runs/synth_CV_P3_V_01/CV_P3_V_01/train/sub_CT_07.mha
Saved downsampled volume to /home/abhishek/Voxel_GAN/VoxelMap_Experiments/runs/synth_CV_P3_V_01/CV_P3_V_01/train/sub_CT_08.mha
Saved downsampled volume to /home/abhishek/Voxel_GAN/VoxelMap_Experiments/runs/synth_CV_P3_V_01/CV_P3_V_01/train/sub_CT_09.mha
Saved downsampled volume to /home/abhishek/Voxel_GAN/VoxelMap_Experiments/runs/synth_CV_P3_V_01/CV_P3_V_01/train/sub_CT_10.mha
