[waiter2] waiting elastix 2946735 Wed Aug 26 03:21:51 PM AEST 2026
[waiter2] elastix done Wed Aug 26 03:29:21 PM AEST 2026
15:29:11 | INFO |   > Saved Angles.csv (680 entries)
15:29:11 | INFO | Done in 11.6 min
15:29:11 | INFO | ModelTraining: /home/abhishek/Voxel_GAN/VoxelMap_Experiments/runs/elastix_CV_P3_V_01/ModelTraining/train/CV_P3_V_01
15:29:11 | INFO |   SourceProjections: 680
15:29:11 | INFO |   TargetProjections: 6120
15:29:11 | INFO |   DVFs: 9
15:29:11 | INFO |   Angles.csv: 1
15:29:11 | INFO |   TestProjections: 680
[waiter2] elastix TargetProjections=6120
[waiter2] synth CT=10 DVF=9
[waiter2] finishing synth DRR+compress+prep
15:29:22 | INFO | === DRR (resume) ===
15:29:22 | INFO | DRR CT_01.mha (1/10)
15:30:17 | INFO | DRR CT_02.mha (2/10)
15:31:02 | INFO | DRR CT_03.mha (3/10)
15:31:46 | INFO | DRR CT_04.mha (4/10)
15:32:30 | INFO | DRR CT_05.mha (5/10)
15:33:15 | INFO | DRR CT_06.mha (6/10)
15:33:58 | INFO | DRR CT_07.mha (7/10)
15:34:41 | INFO | DRR CT_08.mha (8/10)
15:35:24 | INFO | DRR CT_09.mha (9/10)
15:36:08 | INFO | DRR CT_10.mha (10/10)
15:36:54 | INFO | === COMPRESS ===
15:36:54 | INFO | bins=6800
15:36:54 | INFO | === PREP ===
15:36:54 | INFO | --- Processing Job 1/2: CV_P3_V_01 (TRAIN) ---
15:36:54 | INFO |   > Purging existing train data for CV_P3_V_01...
15:36:54 | INFO |   > Purging existing test data for CV_P3_V_01...
15:36:54 | INFO |   > Categorizing and converting 6800 projections...
15:36:54 | INFO |   > Converting and downsampling 10 CT volumes to SourceVolumes/...
15:36:55 | INFO |   > Converting and downsampling 9 displacement fields to DVFs/...
15:36:56 | INFO |   > Converting and downsampling 4 masks to Masks/...
15:36:56 | INFO |   > Extracting angles from: Geometry.xml
15:36:56 | INFO |   > Saved Angles.csv (680 entries)
15:36:56 | INFO | --- Processing Job 2/2: CV_P3_V_01 (TEST) ---
15:36:56 | INFO |   > Categorizing and converting 6800 projections...
15:36:57 | INFO |   > Detected 680 projections. Synthesizing full breath cycle (01->06->10)...
15:36:57 | INFO |   > Written RespBin.csv (680 entries) for DVF mapping
15:36:57 | INFO |   > Compiling MP4 video sweep from 680 projections...
15:36:59 | INFO |   > MP4 verification generated: Test_Breathing_Sweep.mp4
15:36:59 | INFO |   > Converting and downsampling 10 CT volumes to SourceVolumes/...
15:36:59 | INFO |   > Converting and downsampling 9 displacement fields to DVFs/...
15:37:01 | INFO |   > Converting and downsampling 4 masks to Masks/...
15:37:01 | INFO |   > Extracting angles from: Geometry.xml
15:37:01 | INFO |   > Saved Angles.csv (680 entries)
15:37:01 | INFO | Done resume in 7.6 min /home/abhishek/Voxel_GAN/VoxelMap_Experiments/runs/synth_CV_P3_V_01/ModelTraining/train/CV_P3_V_01
15:37:01 | INFO |   SourceProjections: 680
15:37:01 | INFO |   TargetProjections: 6120
15:37:01 | INFO |   DVFs: 9
Resizing Mask_Lung.mha: (220, 450, 450) -> (128, 128, 128)
Resizing Mask_Rib.mha: (220, 450, 450) -> (128, 128, 128)
Resizing Mask_PTV.mha: (220, 450, 450) -> (128, 128, 128)
Resizing Mask_Body.mha: (220, 450, 450) -> (128, 128, 128)
Resizing Mask_Lung.mha: (220, 450, 450) -> (128, 128, 128)
Resizing Mask_Rib.mha: (220, 450, 450) -> (128, 128, 128)
Resizing Mask_PTV.mha: (220, 450, 450) -> (128, 128, 128)
Resizing Mask_Body.mha: (220, 450, 450) -> (128, 128, 128)
READY Wed Aug 26 03:37:02 PM AEST 2026
ELASTIX:
  SourceProjections 680
  TargetProjections 6120
  DVFs 9
  Angles.csv ok
SYNTH:
  SourceProjections 680
  TargetProjections 6120
  DVFs 9
  Angles.csv ok
