[crb_enc_mse_linear_full128] network_module=/home/abhishek/Voxel_GAN/PopulationStudy/InitialExperiments/Experiment1/networks/generator_crb.py cond_dim=2 im_size=128
[crb_enc_mse_linear_full128] device=cuda:1 | UNetCRB params=1.06M | loss=lung-masked MSE | no D | CRB=encoder | linear | train 128³ | seed=20260824
[crb_enc_mse_linear_full128] train 810 (810 pairs × 1) | val 90 (90 pairs × 1) | train patients=['P1', 'P2', 'P3', 'P4', 'P5', 'P6', 'P7', 'P8', 'P9']
Epoch: 1 | train MSE: 0.678326 | val MSE: 0.628681 | total time: 0 hours 4 minutes
Epoch: 2 | train MSE: 0.632956 | val MSE: 0.560901 | total time: 0 hours 7 minutes
Epoch: 3 | train MSE: 0.573251 | val MSE: 0.466406 | total time: 0 hours 11 minutes
Epoch: 4 | train MSE: 0.460516 | val MSE: 0.403421 | total time: 0 hours 15 minutes
Epoch: 5 | train MSE: 0.414045 | val MSE: 0.373939 | total time: 0 hours 19 minutes
Epoch: 6 | train MSE: 0.386901 | val MSE: 0.374660 | total time: 0 hours 23 minutes
Epoch: 7 | train MSE: 0.379940 | val MSE: 0.372356 | total time: 0 hours 27 minutes
Epoch: 8 | train MSE: 0.370759 | val MSE: 0.347638 | total time: 0 hours 31 minutes
Epoch: 9 | train MSE: 0.360178 | val MSE: 0.374953 | total time: 0 hours 35 minutes
Epoch: 10 | train MSE: 0.332649 | val MSE: 0.298120 | total time: 0 hours 39 minutes
Epoch: 11 | train MSE: 0.283011 | val MSE: 0.256609 | total time: 0 hours 43 minutes
Epoch: 12 | train MSE: 0.259771 | val MSE: 0.253049 | total time: 0 hours 47 minutes
Epoch: 13 | train MSE: 0.244618 | val MSE: 0.255543 | total time: 0 hours 51 minutes
Epoch: 14 | train MSE: 0.228256 | val MSE: 0.201421 | total time: 0 hours 55 minutes
Epoch: 15 | train MSE: 0.211032 | val MSE: 0.183199 | total time: 0 hours 58 minutes
Epoch: 16 | train MSE: 0.198368 | val MSE: 0.204353 | total time: 1 hours 2 minutes
Epoch: 17 | train MSE: 0.183004 | val MSE: 0.384336 | total time: 1 hours 6 minutes
Epoch: 18 | train MSE: 0.178745 | val MSE: 0.158610 | total time: 1 hours 10 minutes
Epoch: 19 | train MSE: 0.165959 | val MSE: 0.135993 | total time: 1 hours 14 minutes
Epoch: 20 | train MSE: 0.142098 | val MSE: 0.138756 | total time: 1 hours 18 minutes
Epoch: 21 | train MSE: 0.144065 | val MSE: 0.124181 | total time: 1 hours 22 minutes
Epoch: 22 | train MSE: 0.129406 | val MSE: 0.117113 | total time: 1 hours 26 minutes
Epoch: 23 | train MSE: 0.123876 | val MSE: 0.145283 | total time: 1 hours 30 minutes
Epoch: 24 | train MSE: 0.122554 | val MSE: 0.103979 | total time: 1 hours 34 minutes
Epoch: 25 | train MSE: 0.117361 | val MSE: 0.119102 | total time: 1 hours 38 minutes
Epoch: 26 | train MSE: 0.119901 | val MSE: 0.104177 | total time: 1 hours 43 minutes
Epoch: 27 | train MSE: 0.105927 | val MSE: 0.094103 | total time: 1 hours 47 minutes
Epoch: 28 | train MSE: 0.111043 | val MSE: 0.097346 | total time: 1 hours 51 minutes
Epoch: 29 | train MSE: 0.105140 | val MSE: 0.094264 | total time: 1 hours 56 minutes
Epoch: 30 | train MSE: 0.098244 | val MSE: 0.103248 | total time: 2 hours 0 minutes
Epoch: 31 | train MSE: 0.101796 | val MSE: 0.087389 | total time: 2 hours 5 minutes
Epoch: 32 | train MSE: 0.096736 | val MSE: 0.086503 | total time: 2 hours 10 minutes
Epoch: 33 | train MSE: 0.095678 | val MSE: 0.101664 | total time: 2 hours 15 minutes
Epoch: 34 | train MSE: 0.096197 | val MSE: 0.095807 | total time: 2 hours 20 minutes
Epoch: 35 | train MSE: 0.093794 | val MSE: 0.094560 | total time: 2 hours 25 minutes
Epoch: 36 | train MSE: 0.091618 | val MSE: 0.082141 | total time: 2 hours 30 minutes
Epoch: 37 | train MSE: 0.089524 | val MSE: 0.080636 | total time: 2 hours 36 minutes
Epoch: 38 | train MSE: 0.082135 | val MSE: 0.095063 | total time: 2 hours 41 minutes
Epoch: 39 | train MSE: 0.089715 | val MSE: 0.079250 | total time: 2 hours 46 minutes
Epoch: 40 | train MSE: 0.087418 | val MSE: 0.078476 | total time: 2 hours 51 minutes
Epoch: 41 | train MSE: 0.081315 | val MSE: 0.132543 | total time: 2 hours 56 minutes
Epoch: 42 | train MSE: 0.080964 | val MSE: 0.083205 | total time: 3 hours 1 minutes
Epoch: 43 | train MSE: 0.082456 | val MSE: 0.073169 | total time: 3 hours 7 minutes
Epoch: 44 | train MSE: 0.081981 | val MSE: 0.091950 | total time: 3 hours 12 minutes
Epoch: 45 | train MSE: 0.078026 | val MSE: 0.086951 | total time: 3 hours 17 minutes
Epoch: 46 | train MSE: 0.073894 | val MSE: 0.077292 | total time: 3 hours 22 minutes
Epoch: 47 | train MSE: 0.076553 | val MSE: 0.072011 | total time: 3 hours 27 minutes
Epoch: 48 | train MSE: 0.072138 | val MSE: 0.070673 | total time: 3 hours 32 minutes
Epoch: 49 | train MSE: 0.071862 | val MSE: 0.068825 | total time: 3 hours 38 minutes
Epoch: 50 | train MSE: 0.072800 | val MSE: 0.070460 | total time: 3 hours 43 minutes
Epoch: 51 | train MSE: 0.071995 | val MSE: 0.079638 | total time: 3 hours 48 minutes
Epoch: 52 | train MSE: 0.071019 | val MSE: 0.060786 | total time: 3 hours 53 minutes
Epoch: 53 | train MSE: 0.074758 | val MSE: 0.060437 | total time: 3 hours 58 minutes
Epoch: 54 | train MSE: 0.063966 | val MSE: 0.071184 | total time: 4 hours 4 minutes
Epoch: 55 | train MSE: 0.063876 | val MSE: 0.069288 | total time: 4 hours 9 minutes
Epoch: 56 | train MSE: 0.074854 | val MSE: 0.069398 | total time: 4 hours 14 minutes
Epoch: 57 | train MSE: 0.062737 | val MSE: 0.058270 | total time: 4 hours 19 minutes
Epoch: 58 | train MSE: 0.060602 | val MSE: 0.063911 | total time: 4 hours 24 minutes
Epoch: 59 | train MSE: 0.064162 | val MSE: 0.062009 | total time: 4 hours 29 minutes
Epoch: 60 | train MSE: 0.063442 | val MSE: 0.072604 | total time: 4 hours 35 minutes
Epoch: 61 | train MSE: 0.062961 | val MSE: 0.098444 | total time: 4 hours 40 minutes
Epoch: 62 | train MSE: 0.056967 | val MSE: 0.052188 | total time: 4 hours 45 minutes
Epoch: 63 | train MSE: 0.056399 | val MSE: 0.054086 | total time: 4 hours 50 minutes
Epoch: 64 | train MSE: 0.058025 | val MSE: 0.049734 | total time: 4 hours 56 minutes
Epoch: 65 | train MSE: 0.061958 | val MSE: 0.083364 | total time: 5 hours 1 minutes
Epoch: 66 | train MSE: 0.056842 | val MSE: 0.066632 | total time: 5 hours 6 minutes
Epoch: 67 | train MSE: 0.055294 | val MSE: 0.054661 | total time: 5 hours 11 minutes
Epoch: 68 | train MSE: 0.056552 | val MSE: 0.063457 | total time: 5 hours 16 minutes
Epoch: 69 | train MSE: 0.051885 | val MSE: 0.058537 | total time: 5 hours 21 minutes
Epoch: 70 | train MSE: 0.054528 | val MSE: 0.063014 | total time: 5 hours 27 minutes
Epoch: 71 | train MSE: 0.051011 | val MSE: 0.046464 | total time: 5 hours 32 minutes
Epoch: 72 | train MSE: 0.057037 | val MSE: 0.063135 | total time: 5 hours 37 minutes
Epoch: 73 | train MSE: 0.047778 | val MSE: 0.046992 | total time: 5 hours 42 minutes
Epoch: 74 | train MSE: 0.052237 | val MSE: 0.048155 | total time: 5 hours 47 minutes
Epoch: 75 | train MSE: 0.060327 | val MSE: 0.046568 | total time: 5 hours 53 minutes
Epoch: 76 | train MSE: 0.044283 | val MSE: 0.045226 | total time: 5 hours 58 minutes
Epoch: 77 | train MSE: 0.046615 | val MSE: 0.047901 | total time: 6 hours 3 minutes
Epoch: 78 | train MSE: 0.052324 | val MSE: 0.046107 | total time: 6 hours 8 minutes
Epoch: 79 | train MSE: 0.045371 | val MSE: 0.075935 | total time: 6 hours 13 minutes
Epoch: 80 | train MSE: 0.051837 | val MSE: 0.050791 | total time: 6 hours 19 minutes
Epoch: 81 | train MSE: 0.043035 | val MSE: 0.048008 | total time: 6 hours 24 minutes
Epoch: 82 | train MSE: 0.047728 | val MSE: 0.044315 | total time: 6 hours 29 minutes
Epoch: 83 | train MSE: 0.044360 | val MSE: 0.043495 | total time: 6 hours 34 minutes
Epoch: 84 | train MSE: 0.040852 | val MSE: 0.043078 | total time: 6 hours 39 minutes
Epoch: 85 | train MSE: 0.043784 | val MSE: 0.039230 | total time: 6 hours 45 minutes
Epoch: 86 | train MSE: 0.043902 | val MSE: 0.039180 | total time: 6 hours 50 minutes
Epoch: 87 | train MSE: 0.045165 | val MSE: 0.039813 | total time: 6 hours 55 minutes
Epoch: 88 | train MSE: 0.050965 | val MSE: 0.046165 | total time: 7 hours 0 minutes
Epoch: 89 | train MSE: 0.039141 | val MSE: 0.047177 | total time: 7 hours 5 minutes
Epoch: 90 | train MSE: 0.043647 | val MSE: 0.041436 | total time: 7 hours 11 minutes
Epoch: 91 | train MSE: 0.039831 | val MSE: 0.054022 | total time: 7 hours 16 minutes
Epoch: 92 | train MSE: 0.041954 | val MSE: 0.071890 | total time: 7 hours 21 minutes
Epoch: 93 | train MSE: 0.039642 | val MSE: 0.052284 | total time: 7 hours 26 minutes
Epoch: 94 | train MSE: 0.046902 | val MSE: 0.039550 | total time: 7 hours 31 minutes
Epoch: 95 | train MSE: 0.036771 | val MSE: 0.060696 | total time: 7 hours 36 minutes
Epoch: 96 | train MSE: 0.037794 | val MSE: 0.041768 | total time: 7 hours 42 minutes
Epoch: 97 | train MSE: 0.040771 | val MSE: 0.036539 | total time: 7 hours 47 minutes
Epoch: 98 | train MSE: 0.038362 | val MSE: 0.045986 | total time: 7 hours 52 minutes
Epoch: 99 | train MSE: 0.035606 | val MSE: 0.039346 | total time: 7 hours 57 minutes
Epoch: 100 | train MSE: 0.043294 | val MSE: 0.045108 | total time: 8 hours 3 minutes
finished best_val_mse=0.036539
