[crb_dec_mse_linear_full128] network_module=/home/abhishek/Voxel_GAN/PopulationStudy/InitialExperiments/Experiment1/networks/generator_crb.py cond_dim=2 im_size=128
[crb_dec_mse_linear_full128] device=cuda:1 | UNetCRBDecoder params=1.07M | loss=lung-masked MSE | no D | CRB=decoder | linear | train 128³ | seed=20260824
[crb_dec_mse_linear_full128] train 810 (810 pairs × 1) | val 90 (90 pairs × 1) | train patients=['P1', 'P2', 'P3', 'P4', 'P5', 'P6', 'P7', 'P8', 'P9']
Epoch: 1 | train MSE: 0.667663 | val MSE: 0.594518 | total time: 0 hours 4 minutes
Epoch: 2 | train MSE: 0.596142 | val MSE: 0.487832 | total time: 0 hours 8 minutes
Epoch: 3 | train MSE: 0.422998 | val MSE: 0.316477 | total time: 0 hours 12 minutes
Epoch: 4 | train MSE: 0.311993 | val MSE: 0.282863 | total time: 0 hours 16 minutes
Epoch: 5 | train MSE: 0.265963 | val MSE: 0.229955 | total time: 0 hours 20 minutes
Epoch: 6 | train MSE: 0.226156 | val MSE: 0.190959 | total time: 0 hours 24 minutes
Epoch: 7 | train MSE: 0.204573 | val MSE: 0.223573 | total time: 0 hours 28 minutes
Epoch: 8 | train MSE: 0.196918 | val MSE: 0.167730 | total time: 0 hours 32 minutes
Epoch: 9 | train MSE: 0.190377 | val MSE: 0.170761 | total time: 0 hours 36 minutes
Epoch: 10 | train MSE: 0.175017 | val MSE: 0.185706 | total time: 0 hours 40 minutes
Epoch: 11 | train MSE: 0.178941 | val MSE: 0.211469 | total time: 0 hours 44 minutes
Epoch: 12 | train MSE: 0.161799 | val MSE: 0.150982 | total time: 0 hours 48 minutes
Epoch: 13 | train MSE: 0.159076 | val MSE: 0.144716 | total time: 0 hours 52 minutes
Epoch: 14 | train MSE: 0.144822 | val MSE: 0.153125 | total time: 0 hours 56 minutes
Epoch: 15 | train MSE: 0.142092 | val MSE: 0.151041 | total time: 1 hours 0 minutes
Epoch: 16 | train MSE: 0.141890 | val MSE: 0.124995 | total time: 1 hours 4 minutes
Epoch: 17 | train MSE: 0.135119 | val MSE: 0.169701 | total time: 1 hours 8 minutes
Epoch: 18 | train MSE: 0.121303 | val MSE: 0.134902 | total time: 1 hours 12 minutes
Epoch: 19 | train MSE: 0.117196 | val MSE: 0.104191 | total time: 1 hours 16 minutes
Epoch: 20 | train MSE: 0.106851 | val MSE: 0.102466 | total time: 1 hours 20 minutes
Epoch: 21 | train MSE: 0.106441 | val MSE: 0.105330 | total time: 1 hours 24 minutes
Epoch: 22 | train MSE: 0.102808 | val MSE: 0.102839 | total time: 1 hours 28 minutes
Epoch: 23 | train MSE: 0.095553 | val MSE: 0.112429 | total time: 1 hours 32 minutes
Epoch: 24 | train MSE: 0.095123 | val MSE: 0.091807 | total time: 1 hours 36 minutes
Epoch: 25 | train MSE: 0.098326 | val MSE: 0.125949 | total time: 1 hours 41 minutes
Epoch: 26 | train MSE: 0.092779 | val MSE: 0.083722 | total time: 1 hours 46 minutes
Epoch: 27 | train MSE: 0.082901 | val MSE: 0.074518 | total time: 1 hours 50 minutes
Epoch: 28 | train MSE: 0.087156 | val MSE: 0.080256 | total time: 1 hours 55 minutes
Epoch: 29 | train MSE: 0.083959 | val MSE: 0.085472 | total time: 1 hours 59 minutes
Epoch: 30 | train MSE: 0.081335 | val MSE: 0.081503 | total time: 2 hours 4 minutes
Epoch: 31 | train MSE: 0.080181 | val MSE: 0.079437 | total time: 2 hours 10 minutes
Epoch: 32 | train MSE: 0.076334 | val MSE: 0.071631 | total time: 2 hours 15 minutes
Epoch: 33 | train MSE: 0.079532 | val MSE: 0.078058 | total time: 2 hours 20 minutes
Epoch: 34 | train MSE: 0.078476 | val MSE: 0.071010 | total time: 2 hours 26 minutes
Epoch: 35 | train MSE: 0.075312 | val MSE: 0.072580 | total time: 2 hours 31 minutes
Epoch: 36 | train MSE: 0.071600 | val MSE: 0.068329 | total time: 2 hours 36 minutes
Epoch: 37 | train MSE: 0.075634 | val MSE: 0.077049 | total time: 2 hours 42 minutes
Epoch: 38 | train MSE: 0.068027 | val MSE: 0.079971 | total time: 2 hours 47 minutes
Epoch: 39 | train MSE: 0.069219 | val MSE: 0.079454 | total time: 2 hours 53 minutes
Epoch: 40 | train MSE: 0.071019 | val MSE: 0.076803 | total time: 2 hours 58 minutes
Epoch: 41 | train MSE: 0.069832 | val MSE: 0.064571 | total time: 3 hours 3 minutes
Epoch: 42 | train MSE: 0.065711 | val MSE: 0.132415 | total time: 3 hours 9 minutes
Epoch: 43 | train MSE: 0.070583 | val MSE: 0.062061 | total time: 3 hours 14 minutes
Epoch: 44 | train MSE: 0.064088 | val MSE: 0.073612 | total time: 3 hours 19 minutes
Epoch: 45 | train MSE: 0.066195 | val MSE: 0.073368 | total time: 3 hours 25 minutes
Epoch: 46 | train MSE: 0.061348 | val MSE: 0.071054 | total time: 3 hours 30 minutes
Epoch: 47 | train MSE: 0.063888 | val MSE: 0.063532 | total time: 3 hours 36 minutes
Epoch: 48 | train MSE: 0.061049 | val MSE: 0.057359 | total time: 3 hours 41 minutes
Epoch: 49 | train MSE: 0.060361 | val MSE: 0.060189 | total time: 3 hours 46 minutes
Epoch: 50 | train MSE: 0.063130 | val MSE: 0.060464 | total time: 3 hours 52 minutes
Epoch: 51 | train MSE: 0.057323 | val MSE: 0.058660 | total time: 3 hours 57 minutes
Epoch: 52 | train MSE: 0.062163 | val MSE: 0.060758 | total time: 4 hours 2 minutes
Epoch: 53 | train MSE: 0.056060 | val MSE: 0.055585 | total time: 4 hours 8 minutes
Epoch: 54 | train MSE: 0.058634 | val MSE: 0.064157 | total time: 4 hours 13 minutes
Epoch: 55 | train MSE: 0.054760 | val MSE: 0.057206 | total time: 4 hours 19 minutes
Epoch: 56 | train MSE: 0.058024 | val MSE: 0.053538 | total time: 4 hours 24 minutes
Epoch: 57 | train MSE: 0.052331 | val MSE: 0.055010 | total time: 4 hours 29 minutes
Epoch: 58 | train MSE: 0.052747 | val MSE: 0.055981 | total time: 4 hours 35 minutes
Epoch: 59 | train MSE: 0.052382 | val MSE: 0.054100 | total time: 4 hours 40 minutes
Epoch: 60 | train MSE: 0.051113 | val MSE: 0.061476 | total time: 4 hours 46 minutes
Epoch: 61 | train MSE: 0.056316 | val MSE: 0.060308 | total time: 4 hours 51 minutes
Epoch: 62 | train MSE: 0.049798 | val MSE: 0.049137 | total time: 4 hours 56 minutes
Epoch: 63 | train MSE: 0.049901 | val MSE: 0.049898 | total time: 5 hours 2 minutes
Epoch: 64 | train MSE: 0.048541 | val MSE: 0.046503 | total time: 5 hours 7 minutes
Epoch: 65 | train MSE: 0.047905 | val MSE: 0.095969 | total time: 5 hours 13 minutes
Epoch: 66 | train MSE: 0.048797 | val MSE: 0.047151 | total time: 5 hours 18 minutes
Epoch: 67 | train MSE: 0.045823 | val MSE: 0.043385 | total time: 5 hours 23 minutes
Epoch: 68 | train MSE: 0.046606 | val MSE: 0.050569 | total time: 5 hours 29 minutes
Epoch: 69 | train MSE: 0.043792 | val MSE: 0.043223 | total time: 5 hours 34 minutes
Epoch: 70 | train MSE: 0.046368 | val MSE: 0.049574 | total time: 5 hours 40 minutes
Epoch: 71 | train MSE: 0.044825 | val MSE: 0.046312 | total time: 5 hours 45 minutes
Epoch: 72 | train MSE: 0.041595 | val MSE: 0.043135 | total time: 5 hours 50 minutes
Epoch: 73 | train MSE: 0.039276 | val MSE: 0.044079 | total time: 5 hours 56 minutes
Epoch: 74 | train MSE: 0.042432 | val MSE: 0.051998 | total time: 6 hours 1 minutes
Epoch: 75 | train MSE: 0.038928 | val MSE: 0.042486 | total time: 6 hours 7 minutes
Epoch: 76 | train MSE: 0.041580 | val MSE: 0.039814 | total time: 6 hours 12 minutes
Epoch: 77 | train MSE: 0.045133 | val MSE: 0.047451 | total time: 6 hours 17 minutes
Epoch: 78 | train MSE: 0.039427 | val MSE: 0.039885 | total time: 6 hours 23 minutes
Epoch: 79 | train MSE: 0.036566 | val MSE: 0.040716 | total time: 6 hours 28 minutes
Epoch: 80 | train MSE: 0.037437 | val MSE: 0.040773 | total time: 6 hours 34 minutes
Epoch: 81 | train MSE: 0.038641 | val MSE: 0.041679 | total time: 6 hours 39 minutes
Epoch: 82 | train MSE: 0.036985 | val MSE: 0.042389 | total time: 6 hours 44 minutes
Epoch: 83 | train MSE: 0.037493 | val MSE: 0.043424 | total time: 6 hours 50 minutes
Epoch: 84 | train MSE: 0.037166 | val MSE: 0.071885 | total time: 6 hours 55 minutes
Epoch: 85 | train MSE: 0.036925 | val MSE: 0.034655 | total time: 7 hours 1 minutes
Epoch: 86 | train MSE: 0.035760 | val MSE: 0.048836 | total time: 7 hours 6 minutes
Epoch: 87 | train MSE: 0.034855 | val MSE: 0.038229 | total time: 7 hours 11 minutes
Epoch: 88 | train MSE: 0.038952 | val MSE: 0.100840 | total time: 7 hours 17 minutes
Epoch: 89 | train MSE: 0.039502 | val MSE: 0.034988 | total time: 7 hours 22 minutes
Epoch: 90 | train MSE: 0.030647 | val MSE: 0.033600 | total time: 7 hours 28 minutes
Epoch: 91 | train MSE: 0.033798 | val MSE: 0.036581 | total time: 7 hours 33 minutes
Epoch: 92 | train MSE: 0.037317 | val MSE: 0.039669 | total time: 7 hours 38 minutes
Epoch: 93 | train MSE: 0.032431 | val MSE: 0.033316 | total time: 7 hours 44 minutes
Epoch: 94 | train MSE: 0.035065 | val MSE: 0.033915 | total time: 7 hours 49 minutes
Epoch: 95 | train MSE: 0.032455 | val MSE: 0.034370 | total time: 7 hours 55 minutes
Epoch: 96 | train MSE: 0.032640 | val MSE: 0.068878 | total time: 8 hours 0 minutes
Epoch: 97 | train MSE: 0.037128 | val MSE: 0.032144 | total time: 8 hours 5 minutes
Epoch: 98 | train MSE: 0.029892 | val MSE: 0.032830 | total time: 8 hours 9 minutes
Epoch: 99 | train MSE: 0.030739 | val MSE: 0.040051 | total time: 8 hours 14 minutes
Epoch: 100 | train MSE: 0.042675 | val MSE: 0.037416 | total time: 8 hours 18 minutes
finished best_val_mse=0.032144
