E6 clinical QC  device=cuda:0  arches=['encoder', 'decoder', 'both']  norms=['minmax', 'mu']  panels_only=True
loaded encoder crb_enc_mse_linear_full128_generator.pth
[encoder|CV_P1_V_01|minmax] panels saved=7 → /home/abhishek/Voxel_GAN/PopulationStudy/ClinicalExperiments/Experiment6/Normal/EncoderCRB/plots/qc_varian/minmax/P1/CV_P1_V_01
[encoder|CV_P2_V_01|minmax] panels saved=7 → /home/abhishek/Voxel_GAN/PopulationStudy/ClinicalExperiments/Experiment6/Normal/EncoderCRB/plots/qc_varian/minmax/P2/CV_P2_V_01
[encoder|CV_P3_V_01|minmax] panels saved=7 → /home/abhishek/Voxel_GAN/PopulationStudy/ClinicalExperiments/Experiment6/Normal/EncoderCRB/plots/qc_varian/minmax/P3/CV_P3_V_01
[encoder|CV_P4_V_01|minmax] panels saved=7 → /home/abhishek/Voxel_GAN/PopulationStudy/ClinicalExperiments/Experiment6/Normal/EncoderCRB/plots/qc_varian/minmax/P4/CV_P4_V_01
[encoder|CV_P5_V_01|minmax] panels saved=7 → /home/abhishek/Voxel_GAN/PopulationStudy/ClinicalExperiments/Experiment6/Normal/EncoderCRB/plots/qc_varian/minmax/P5/CV_P5_V_01
[encoder|CE_P1_V_01|minmax] panels saved=7 → /home/abhishek/Voxel_GAN/PopulationStudy/ClinicalExperiments/Experiment6/Normal/EncoderCRB/plots/qc_elekta/minmax/P1/CE_P1_V_01
[encoder|CE_P2_V_01|minmax] panels saved=7 → /home/abhishek/Voxel_GAN/PopulationStudy/ClinicalExperiments/Experiment6/Normal/EncoderCRB/plots/qc_elekta/minmax/P2/CE_P2_V_01
[encoder|CE_P3_V_01|minmax] panels saved=7 → /home/abhishek/Voxel_GAN/PopulationStudy/ClinicalExperiments/Experiment6/Normal/EncoderCRB/plots/qc_elekta/minmax/P3/CE_P3_V_01
[encoder|CE_P4_V_01|minmax] panels saved=7 → /home/abhishek/Voxel_GAN/PopulationStudy/ClinicalExperiments/Experiment6/Normal/EncoderCRB/plots/qc_elekta/minmax/P4/CE_P4_V_01
[encoder|CE_P5_V_01|minmax] panels saved=7 → /home/abhishek/Voxel_GAN/PopulationStudy/ClinicalExperiments/Experiment6/Normal/EncoderCRB/plots/qc_elekta/minmax/P5/CE_P5_V_01
[encoder|CV_P1_V_01|mu] panels saved=7 → /home/abhishek/Voxel_GAN/PopulationStudy/ClinicalExperiments/Experiment6/Normal/EncoderCRB/plots/qc_varian/mu/P1/CV_P1_V_01
[encoder|CV_P2_V_01|mu] panels saved=7 → /home/abhishek/Voxel_GAN/PopulationStudy/ClinicalExperiments/Experiment6/Normal/EncoderCRB/plots/qc_varian/mu/P2/CV_P2_V_01
[encoder|CV_P3_V_01|mu] panels saved=7 → /home/abhishek/Voxel_GAN/PopulationStudy/ClinicalExperiments/Experiment6/Normal/EncoderCRB/plots/qc_varian/mu/P3/CV_P3_V_01
[encoder|CV_P4_V_01|mu] panels saved=7 → /home/abhishek/Voxel_GAN/PopulationStudy/ClinicalExperiments/Experiment6/Normal/EncoderCRB/plots/qc_varian/mu/P4/CV_P4_V_01
[encoder|CV_P5_V_01|mu] panels saved=7 → /home/abhishek/Voxel_GAN/PopulationStudy/ClinicalExperiments/Experiment6/Normal/EncoderCRB/plots/qc_varian/mu/P5/CV_P5_V_01
[encoder|CE_P1_V_01|mu] panels saved=7 → /home/abhishek/Voxel_GAN/PopulationStudy/ClinicalExperiments/Experiment6/Normal/EncoderCRB/plots/qc_elekta/mu/P1/CE_P1_V_01
[encoder|CE_P2_V_01|mu] panels saved=7 → /home/abhishek/Voxel_GAN/PopulationStudy/ClinicalExperiments/Experiment6/Normal/EncoderCRB/plots/qc_elekta/mu/P2/CE_P2_V_01
[encoder|CE_P3_V_01|mu] panels saved=7 → /home/abhishek/Voxel_GAN/PopulationStudy/ClinicalExperiments/Experiment6/Normal/EncoderCRB/plots/qc_elekta/mu/P3/CE_P3_V_01
[encoder|CE_P4_V_01|mu] panels saved=7 → /home/abhishek/Voxel_GAN/PopulationStudy/ClinicalExperiments/Experiment6/Normal/EncoderCRB/plots/qc_elekta/mu/P4/CE_P4_V_01
[encoder|CE_P5_V_01|mu] panels saved=7 → /home/abhishek/Voxel_GAN/PopulationStudy/ClinicalExperiments/Experiment6/Normal/EncoderCRB/plots/qc_elekta/mu/P5/CE_P5_V_01
loaded decoder crb_dec_mse_linear_full128_generator.pth
[decoder|CV_P1_V_01|minmax] panels saved=7 → /home/abhishek/Voxel_GAN/PopulationStudy/ClinicalExperiments/Experiment6/Normal/DecoderCRB/plots/qc_varian/minmax/P1/CV_P1_V_01
[decoder|CV_P2_V_01|minmax] panels saved=7 → /home/abhishek/Voxel_GAN/PopulationStudy/ClinicalExperiments/Experiment6/Normal/DecoderCRB/plots/qc_varian/minmax/P2/CV_P2_V_01
[decoder|CV_P3_V_01|minmax] panels saved=7 → /home/abhishek/Voxel_GAN/PopulationStudy/ClinicalExperiments/Experiment6/Normal/DecoderCRB/plots/qc_varian/minmax/P3/CV_P3_V_01
[decoder|CV_P4_V_01|minmax] panels saved=7 → /home/abhishek/Voxel_GAN/PopulationStudy/ClinicalExperiments/Experiment6/Normal/DecoderCRB/plots/qc_varian/minmax/P4/CV_P4_V_01
[decoder|CV_P5_V_01|minmax] panels saved=7 → /home/abhishek/Voxel_GAN/PopulationStudy/ClinicalExperiments/Experiment6/Normal/DecoderCRB/plots/qc_varian/minmax/P5/CV_P5_V_01
[decoder|CE_P1_V_01|minmax] panels saved=7 → /home/abhishek/Voxel_GAN/PopulationStudy/ClinicalExperiments/Experiment6/Normal/DecoderCRB/plots/qc_elekta/minmax/P1/CE_P1_V_01
[decoder|CE_P2_V_01|minmax] panels saved=7 → /home/abhishek/Voxel_GAN/PopulationStudy/ClinicalExperiments/Experiment6/Normal/DecoderCRB/plots/qc_elekta/minmax/P2/CE_P2_V_01
[decoder|CE_P3_V_01|minmax] panels saved=7 → /home/abhishek/Voxel_GAN/PopulationStudy/ClinicalExperiments/Experiment6/Normal/DecoderCRB/plots/qc_elekta/minmax/P3/CE_P3_V_01
[decoder|CE_P4_V_01|minmax] panels saved=7 → /home/abhishek/Voxel_GAN/PopulationStudy/ClinicalExperiments/Experiment6/Normal/DecoderCRB/plots/qc_elekta/minmax/P4/CE_P4_V_01
[decoder|CE_P5_V_01|minmax] panels saved=7 → /home/abhishek/Voxel_GAN/PopulationStudy/ClinicalExperiments/Experiment6/Normal/DecoderCRB/plots/qc_elekta/minmax/P5/CE_P5_V_01
[decoder|CV_P1_V_01|mu] panels saved=7 → /home/abhishek/Voxel_GAN/PopulationStudy/ClinicalExperiments/Experiment6/Normal/DecoderCRB/plots/qc_varian/mu/P1/CV_P1_V_01
[decoder|CV_P2_V_01|mu] panels saved=7 → /home/abhishek/Voxel_GAN/PopulationStudy/ClinicalExperiments/Experiment6/Normal/DecoderCRB/plots/qc_varian/mu/P2/CV_P2_V_01
[decoder|CV_P3_V_01|mu] panels saved=7 → /home/abhishek/Voxel_GAN/PopulationStudy/ClinicalExperiments/Experiment6/Normal/DecoderCRB/plots/qc_varian/mu/P3/CV_P3_V_01
[decoder|CV_P4_V_01|mu] panels saved=7 → /home/abhishek/Voxel_GAN/PopulationStudy/ClinicalExperiments/Experiment6/Normal/DecoderCRB/plots/qc_varian/mu/P4/CV_P4_V_01
[decoder|CV_P5_V_01|mu] panels saved=7 → /home/abhishek/Voxel_GAN/PopulationStudy/ClinicalExperiments/Experiment6/Normal/DecoderCRB/plots/qc_varian/mu/P5/CV_P5_V_01
[decoder|CE_P1_V_01|mu] panels saved=7 → /home/abhishek/Voxel_GAN/PopulationStudy/ClinicalExperiments/Experiment6/Normal/DecoderCRB/plots/qc_elekta/mu/P1/CE_P1_V_01
[decoder|CE_P2_V_01|mu] panels saved=7 → /home/abhishek/Voxel_GAN/PopulationStudy/ClinicalExperiments/Experiment6/Normal/DecoderCRB/plots/qc_elekta/mu/P2/CE_P2_V_01
[decoder|CE_P3_V_01|mu] panels saved=7 → /home/abhishek/Voxel_GAN/PopulationStudy/ClinicalExperiments/Experiment6/Normal/DecoderCRB/plots/qc_elekta/mu/P3/CE_P3_V_01
[decoder|CE_P4_V_01|mu] panels saved=7 → /home/abhishek/Voxel_GAN/PopulationStudy/ClinicalExperiments/Experiment6/Normal/DecoderCRB/plots/qc_elekta/mu/P4/CE_P4_V_01
[decoder|CE_P5_V_01|mu] panels saved=7 → /home/abhishek/Voxel_GAN/PopulationStudy/ClinicalExperiments/Experiment6/Normal/DecoderCRB/plots/qc_elekta/mu/P5/CE_P5_V_01
loaded both crb_both_mse_linear_full128_generator.pth
[both|CV_P1_V_01|minmax] panels saved=7 → /home/abhishek/Voxel_GAN/PopulationStudy/ClinicalExperiments/Experiment6/Normal/BothCRB/plots/qc_varian/minmax/P1/CV_P1_V_01
[both|CV_P2_V_01|minmax] panels saved=7 → /home/abhishek/Voxel_GAN/PopulationStudy/ClinicalExperiments/Experiment6/Normal/BothCRB/plots/qc_varian/minmax/P2/CV_P2_V_01
[both|CV_P3_V_01|minmax] panels saved=7 → /home/abhishek/Voxel_GAN/PopulationStudy/ClinicalExperiments/Experiment6/Normal/BothCRB/plots/qc_varian/minmax/P3/CV_P3_V_01
[both|CV_P4_V_01|minmax] panels saved=7 → /home/abhishek/Voxel_GAN/PopulationStudy/ClinicalExperiments/Experiment6/Normal/BothCRB/plots/qc_varian/minmax/P4/CV_P4_V_01
[both|CV_P5_V_01|minmax] panels saved=7 → /home/abhishek/Voxel_GAN/PopulationStudy/ClinicalExperiments/Experiment6/Normal/BothCRB/plots/qc_varian/minmax/P5/CV_P5_V_01
[both|CE_P1_V_01|minmax] panels saved=7 → /home/abhishek/Voxel_GAN/PopulationStudy/ClinicalExperiments/Experiment6/Normal/BothCRB/plots/qc_elekta/minmax/P1/CE_P1_V_01
[both|CE_P2_V_01|minmax] panels saved=7 → /home/abhishek/Voxel_GAN/PopulationStudy/ClinicalExperiments/Experiment6/Normal/BothCRB/plots/qc_elekta/minmax/P2/CE_P2_V_01
[both|CE_P3_V_01|minmax] panels saved=7 → /home/abhishek/Voxel_GAN/PopulationStudy/ClinicalExperiments/Experiment6/Normal/BothCRB/plots/qc_elekta/minmax/P3/CE_P3_V_01
[both|CE_P4_V_01|minmax] panels saved=7 → /home/abhishek/Voxel_GAN/PopulationStudy/ClinicalExperiments/Experiment6/Normal/BothCRB/plots/qc_elekta/minmax/P4/CE_P4_V_01
[both|CE_P5_V_01|minmax] panels saved=7 → /home/abhishek/Voxel_GAN/PopulationStudy/ClinicalExperiments/Experiment6/Normal/BothCRB/plots/qc_elekta/minmax/P5/CE_P5_V_01
[both|CV_P1_V_01|mu] panels saved=7 → /home/abhishek/Voxel_GAN/PopulationStudy/ClinicalExperiments/Experiment6/Normal/BothCRB/plots/qc_varian/mu/P1/CV_P1_V_01
[both|CV_P2_V_01|mu] panels saved=7 → /home/abhishek/Voxel_GAN/PopulationStudy/ClinicalExperiments/Experiment6/Normal/BothCRB/plots/qc_varian/mu/P2/CV_P2_V_01
[both|CV_P3_V_01|mu] panels saved=0 → /home/abhishek/Voxel_GAN/PopulationStudy/ClinicalExperiments/Experiment6/Normal/BothCRB/plots/qc_varian/mu/P3/CV_P3_V_01
[both|CV_P4_V_01|mu] panels saved=7 → /home/abhishek/Voxel_GAN/PopulationStudy/ClinicalExperiments/Experiment6/Normal/BothCRB/plots/qc_varian/mu/P4/CV_P4_V_01
[both|CV_P5_V_01|mu] panels saved=7 → /home/abhishek/Voxel_GAN/PopulationStudy/ClinicalExperiments/Experiment6/Normal/BothCRB/plots/qc_varian/mu/P5/CV_P5_V_01
[both|CE_P1_V_01|mu] panels saved=7 → /home/abhishek/Voxel_GAN/PopulationStudy/ClinicalExperiments/Experiment6/Normal/BothCRB/plots/qc_elekta/mu/P1/CE_P1_V_01
[both|CE_P2_V_01|mu] panels saved=7 → /home/abhishek/Voxel_GAN/PopulationStudy/ClinicalExperiments/Experiment6/Normal/BothCRB/plots/qc_elekta/mu/P2/CE_P2_V_01
[both|CE_P3_V_01|mu] panels saved=7 → /home/abhishek/Voxel_GAN/PopulationStudy/ClinicalExperiments/Experiment6/Normal/BothCRB/plots/qc_elekta/mu/P3/CE_P3_V_01
[both|CE_P4_V_01|mu] panels saved=7 → /home/abhishek/Voxel_GAN/PopulationStudy/ClinicalExperiments/Experiment6/Normal/BothCRB/plots/qc_elekta/mu/P4/CE_P4_V_01
[both|CE_P5_V_01|mu] panels saved=7 → /home/abhishek/Voxel_GAN/PopulationStudy/ClinicalExperiments/Experiment6/Normal/BothCRB/plots/qc_elekta/mu/P5/CE_P5_V_01

======== E6 SUMMARY ========
encoder  minmax varian   cos=0.506  L1/z=0.945  beat=75%
encoder  minmax elekta   cos=0.247  L1/z=0.967  beat=66%
encoder  mu     varian   cos=0.545  L1/z=0.899  beat=79%
encoder  mu     elekta   cos=0.388  L1/z=0.934  beat=79%
decoder  minmax varian   cos=0.525  L1/z=0.935  beat=75%
decoder  minmax elekta   cos=0.354  L1/z=0.956  beat=75%
decoder  mu     varian   cos=0.588  L1/z=0.870  beat=83%
decoder  mu     elekta   cos=0.474  L1/z=0.902  beat=84%
both     minmax varian   cos=0.547  L1/z=0.916  beat=76%
both     minmax elekta   cos=0.344  L1/z=0.986  beat=63%
both     mu     varian   cos=0.584  L1/z=0.866  beat=86%
both     mu     elekta   cos=0.478  L1/z=0.905  beat=84%
wrote /home/abhishek/Voxel_GAN/PopulationStudy/ClinicalExperiments/Experiment6/Normal/plots/qc_summary/summary_encoder_decoder_both_minmax_mu.json
DONE
