======== DECODER all100 ========
[decoder] scan=CV_P1_V_01 pairs=100 panels=100 ckpt=crb_dec_mse_full_spare_generator.pth out=/home/abhishek/Voxel_GAN/PopulationStudy/ClinicalExperiments/Experiment1/DecoderCRB/plots/qc_varian_CV_P1_V_01_all100
[001/100] 01_to_01  L1=0.009  L1/zero=931528.30  cos=nan  k=nan
[002/100] 01_to_02  L1=0.230  L1/zero=1.02  cos=0.41  k=0.86
[003/100] 01_to_03  L1=0.505  L1/zero=0.98  cos=0.43  k=0.79
[004/100] 01_to_04  L1=0.691  L1/zero=0.97  cos=0.46  k=0.78
[005/100] 01_to_05  L1=0.800  L1/zero=1.06  cos=0.44  k=0.93
[006/100] 01_to_06  L1=0.778  L1/zero=1.05  cos=0.48  k=1.05
[007/100] 01_to_07  L1=0.696  L1/zero=1.10  cos=0.23  k=0.87
[008/100] 01_to_08  L1=0.540  L1/zero=1.03  cos=0.21  k=0.56
[009/100] 01_to_09  L1=0.369  L1/zero=1.06  cos=0.08  k=0.35
[010/100] 01_to_10  L1=0.160  L1/zero=1.00  cos=0.16  k=0.17
[011/100] 02_to_01  L1=0.232  L1/zero=1.01  cos=0.39  k=0.79
[012/100] 02_to_02  L1=0.007  L1/zero=743637.79  cos=nan  k=nan
[013/100] 02_to_03  L1=0.228  L1/zero=1.04  cos=0.47  k=1.00
[014/100] 02_to_04  L1=0.487  L1/zero=0.91  cos=0.48  k=0.68
[015/100] 02_to_05  L1=0.711  L1/zero=0.88  cos=0.50  k=0.63
[016/100] 02_to_06  L1=0.695  L1/zero=1.01  cos=0.40  k=0.76
[017/100] 02_to_07  L1=0.623  L1/zero=0.88  cos=0.40  k=0.45
[018/100] 02_to_08  L1=0.585  L1/zero=0.94  cos=0.27  k=0.23
[019/100] 02_to_09  L1=0.556  L1/zero=1.02  cos=0.08  k=0.17
[020/100] 02_to_10  L1=0.475  L1/zero=0.95  cos=0.32  k=0.29
[021/100] 03_to_01  L1=0.527  L1/zero=1.03  cos=0.40  k=0.83
[022/100] 03_to_02  L1=0.218  L1/zero=1.02  cos=0.42  k=0.86
[023/100] 03_to_03  L1=0.009  L1/zero=923427.75  cos=nan  k=nan
[024/100] 03_to_04  L1=0.233  L1/zero=0.97  cos=0.30  k=0.39
[025/100] 03_to_05  L1=0.540  L1/zero=0.93  cos=0.33  k=0.33
[026/100] 03_to_06  L1=0.694  L1/zero=0.91  cos=0.35  k=0.32
[027/100] 03_to_07  L1=0.626  L1/zero=0.98  cos=0.17  k=0.22
[028/100] 03_to_08  L1=0.731  L1/zero=1.06  cos=-0.10  k=0.22
[029/100] 03_to_09  L1=0.816  L1/zero=1.19  cos=-0.14  k=0.46
[030/100] 03_to_10  L1=0.670  L1/zero=1.24  cos=0.19  k=0.86
[031/100] 04_to_01  L1=0.825  L1/zero=1.06  cos=0.43  k=0.87
[032/100] 04_to_02  L1=0.507  L1/zero=0.95  cos=0.47  k=0.80
[033/100] 04_to_03  L1=0.224  L1/zero=0.94  cos=0.44  k=0.65
[034/100] 04_to_04  L1=0.010  L1/zero=952246.32  cos=nan  k=nan
[035/100] 04_to_05  L1=0.211  L1/zero=0.95  cos=0.31  k=0.26
[036/100] 04_to_06  L1=0.443  L1/zero=0.94  cos=0.34  k=0.19
[037/100] 04_to_07  L1=0.713  L1/zero=1.01  cos=0.08  k=0.17
[038/100] 04_to_08  L1=0.862  L1/zero=1.15  cos=-0.13  k=0.40
[039/100] 04_to_09  L1=0.913  L1/zero=1.24  cos=0.01  k=0.67
[040/100] 04_to_10  L1=0.814  L1/zero=1.21  cos=0.32  k=0.92
[041/100] 05_to_01  L1=0.921  L1/zero=1.23  cos=0.39  k=1.07
[042/100] 05_to_02  L1=0.770  L1/zero=0.93  cos=0.45  k=0.69
[043/100] 05_to_03  L1=0.517  L1/zero=0.88  cos=0.42  k=0.45
[044/100] 05_to_04  L1=0.202  L1/zero=0.90  cos=0.45  k=0.53
[045/100] 05_to_05  L1=0.011  L1/zero=1071857.94  cos=nan  k=nan
[046/100] 05_to_06  L1=0.214  L1/zero=0.98  cos=0.23  k=0.11
[047/100] 05_to_07  L1=0.490  L1/zero=1.03  cos=0.09  k=0.32
[048/100] 05_to_08  L1=0.794  L1/zero=1.19  cos=-0.01  k=0.59
[049/100] 05_to_09  L1=1.049  L1/zero=1.30  cos=-0.02  k=0.75
[050/100] 05_to_10  L1=1.012  L1/zero=1.33  cos=0.15  k=0.98
[051/100] 06_to_01  L1=0.878  L1/zero=1.14  cos=0.44  k=1.07
[052/100] 06_to_02  L1=0.729  L1/zero=1.05  cos=0.37  k=0.81
[053/100] 06_to_03  L1=0.690  L1/zero=0.92  cos=0.33  k=0.42
[054/100] 06_to_04  L1=0.443  L1/zero=0.92  cos=0.36  k=0.40
[055/100] 06_to_05  L1=0.211  L1/zero=0.98  cos=0.22  k=0.33
[056/100] 06_to_06  L1=0.016  L1/zero=1627601.12  cos=nan  k=nan
[057/100] 06_to_07  L1=0.259  L1/zero=1.15  cos=0.08  k=0.60
[058/100] 06_to_08  L1=0.595  L1/zero=1.44  cos=0.01  k=1.03
[059/100] 06_to_09  L1=0.882  L1/zero=1.43  cos=0.07  k=1.05
[060/100] 06_to_10  L1=0.990  L1/zero=1.37  cos=0.16  k=1.07
[061/100] 07_to_01  L1=0.809  L1/zero=1.28  cos=0.28  k=1.19
[062/100] 07_to_02  L1=0.683  L1/zero=0.95  cos=0.29  k=0.49
[063/100] 07_to_03  L1=0.631  L1/zero=0.96  cos=0.20  k=0.23
[064/100] 07_to_04  L1=0.717  L1/zero=0.98  cos=0.21  k=0.12
[065/100] 07_to_05  L1=0.477  L1/zero=0.99  cos=0.15  k=0.14
[066/100] 07_to_06  L1=0.231  L1/zero=1.00  cos=0.16  k=0.27
[067/100] 07_to_07  L1=0.008  L1/zero=770219.74  cos=nan  k=nan
[068/100] 07_to_08  L1=0.204  L1/zero=1.41  cos=0.09  k=1.03
[069/100] 07_to_09  L1=0.528  L1/zero=1.54  cos=0.08  k=1.28
[070/100] 07_to_10  L1=0.772  L1/zero=1.44  cos=0.12  k=1.20
[071/100] 08_to_01  L1=0.537  L1/zero=1.03  cos=0.21  k=0.55
[072/100] 08_to_02  L1=0.638  L1/zero=1.00  cos=0.08  k=0.20
[073/100] 08_to_03  L1=0.704  L1/zero=1.00  cos=0.06  k=0.15
[074/100] 08_to_04  L1=0.788  L1/zero=1.04  cos=0.03  k=0.30
[075/100] 08_to_05  L1=0.779  L1/zero=1.14  cos=-0.01  k=0.55
[076/100] 08_to_06  L1=0.559  L1/zero=1.34  cos=0.02  k=0.97
[077/100] 08_to_07  L1=0.180  L1/zero=1.21  cos=0.14  k=0.79
[078/100] 08_to_08  L1=0.013  L1/zero=1268307.49  cos=nan  k=nan
[079/100] 08_to_09  L1=0.192  L1/zero=1.25  cos=0.17  k=0.92
[080/100] 08_to_10  L1=0.419  L1/zero=1.19  cos=0.18  k=0.84
[081/100] 09_to_01  L1=0.374  L1/zero=1.06  cos=0.14  k=0.48
[082/100] 09_to_02  L1=0.553  L1/zero=1.00  cos=0.14  k=0.20
[083/100] 09_to_03  L1=0.768  L1/zero=1.07  cos=0.05  k=0.38
[084/100] 09_to_04  L1=0.854  L1/zero=1.16  cos=0.09  k=0.68
[085/100] 09_to_05  L1=1.089  L1/zero=1.30  cos=-0.01  k=0.83
[086/100] 09_to_06  L1=0.981  L1/zero=1.51  cos=0.06  k=1.21
[087/100] 09_to_07  L1=0.492  L1/zero=1.40  cos=0.12  k=1.20
[088/100] 09_to_08  L1=0.168  L1/zero=1.13  cos=0.23  k=0.84
[089/100] 09_to_09  L1=0.010  L1/zero=988998.73  cos=nan  k=nan
[090/100] 09_to_10  L1=0.174  L1/zero=1.14  cos=0.19  k=0.78
[091/100] 10_to_01  L1=0.171  L1/zero=0.97  cos=0.30  k=0.21
[092/100] 10_to_02  L1=0.479  L1/zero=0.97  cos=0.29  k=0.23
[093/100] 10_to_03  L1=0.638  L1/zero=1.04  cos=0.25  k=0.51
[094/100] 10_to_04  L1=0.798  L1/zero=1.17  cos=0.26  k=0.80
[095/100] 10_to_05  L1=1.026  L1/zero=1.31  cos=0.15  k=0.94
[096/100] 10_to_06  L1=1.154  L1/zero=1.49  cos=0.03  k=1.12
[097/100] 10_to_07  L1=0.682  L1/zero=1.24  cos=0.12  k=0.87
[098/100] 10_to_08  L1=0.383  L1/zero=1.08  cos=0.16  k=0.64
[099/100] 10_to_09  L1=0.161  L1/zero=1.04  cos=0.21  k=0.51
[100/100] 10_to_10  L1=0.008  L1/zero=762785.88  cos=nan  k=nan

[decoder] Directed mean: L1=0.582  L1/zero=1.10  cos=0.22  k=0.63  beat_zero=34%
wrote /home/abhishek/Voxel_GAN/PopulationStudy/ClinicalExperiments/Experiment1/DecoderCRB/plots/qc_varian_CV_P1_V_01_all100 (100 pngs)
======== ENCODER all100 ========
[encoder] scan=CV_P1_V_01 pairs=100 panels=100 ckpt=crb_enc_mse_full_spare_generator.pth out=/home/abhishek/Voxel_GAN/PopulationStudy/ClinicalExperiments/Experiment1/EncoderCRB/plots/qc_varian_CV_P1_V_01_all100
[001/100] 01_to_01  L1=0.009  L1/zero=873061.27  cos=nan  k=nan
[002/100] 01_to_02  L1=0.219  L1/zero=0.97  cos=0.25  k=0.24
[003/100] 01_to_03  L1=0.493  L1/zero=0.96  cos=0.29  k=0.43
[004/100] 01_to_04  L1=0.669  L1/zero=0.94  cos=0.38  k=0.59
[005/100] 01_to_05  L1=0.730  L1/zero=0.97  cos=0.44  k=0.80
[006/100] 01_to_06  L1=0.678  L1/zero=0.91  cos=0.45  k=0.69
[007/100] 01_to_07  L1=0.714  L1/zero=1.13  cos=0.02  k=0.68
[008/100] 01_to_08  L1=0.563  L1/zero=1.07  cos=0.02  k=0.47
[009/100] 01_to_09  L1=0.366  L1/zero=1.05  cos=-0.04  k=0.26
[010/100] 01_to_10  L1=0.166  L1/zero=1.04  cos=0.03  k=0.20
[011/100] 02_to_01  L1=0.224  L1/zero=0.98  cos=0.24  k=0.20
[012/100] 02_to_02  L1=0.009  L1/zero=903286.32  cos=nan  k=nan
[013/100] 02_to_03  L1=0.208  L1/zero=0.95  cos=0.33  k=0.46
[014/100] 02_to_04  L1=0.483  L1/zero=0.90  cos=0.39  k=0.48
[015/100] 02_to_05  L1=0.711  L1/zero=0.88  cos=0.45  k=0.57
[016/100] 02_to_06  L1=0.632  L1/zero=0.92  cos=0.44  k=0.67
[017/100] 02_to_07  L1=0.691  L1/zero=0.98  cos=0.24  k=0.32
[018/100] 02_to_08  L1=0.621  L1/zero=1.00  cos=0.13  k=0.24
[019/100] 02_to_09  L1=0.547  L1/zero=1.01  cos=0.09  k=0.23
[020/100] 02_to_10  L1=0.501  L1/zero=1.00  cos=0.16  k=0.26
[021/100] 03_to_01  L1=0.493  L1/zero=0.96  cos=0.28  k=0.43
[022/100] 03_to_02  L1=0.207  L1/zero=0.96  cos=0.30  k=0.43
[023/100] 03_to_03  L1=0.005  L1/zero=496638.75  cos=nan  k=nan
[024/100] 03_to_04  L1=0.216  L1/zero=0.90  cos=0.43  k=0.41
[025/100] 03_to_05  L1=0.506  L1/zero=0.87  cos=0.44  k=0.38
[026/100] 03_to_06  L1=0.665  L1/zero=0.88  cos=0.41  k=0.41
[027/100] 03_to_07  L1=0.624  L1/zero=0.97  cos=0.29  k=0.30
[028/100] 03_to_08  L1=0.652  L1/zero=0.95  cos=0.27  k=0.25
[029/100] 03_to_09  L1=0.678  L1/zero=0.99  cos=0.03  k=0.31
[030/100] 03_to_10  L1=0.591  L1/zero=1.09  cos=0.11  k=0.63
[031/100] 04_to_01  L1=0.711  L1/zero=0.91  cos=0.43  k=0.58
[032/100] 04_to_02  L1=0.491  L1/zero=0.92  cos=0.44  k=0.65
[033/100] 04_to_03  L1=0.210  L1/zero=0.89  cos=0.48  k=0.55
[034/100] 04_to_04  L1=0.003  L1/zero=303907.88  cos=nan  k=nan
[035/100] 04_to_05  L1=0.188  L1/zero=0.85  cos=0.52  k=0.49
[036/100] 04_to_06  L1=0.433  L1/zero=0.92  cos=0.37  k=0.40
[037/100] 04_to_07  L1=0.671  L1/zero=0.95  cos=0.32  k=0.23
[038/100] 04_to_08  L1=0.709  L1/zero=0.95  cos=0.29  k=0.25
[039/100] 04_to_09  L1=0.742  L1/zero=1.01  cos=0.12  k=0.40
[040/100] 04_to_10  L1=0.660  L1/zero=0.98  cos=0.44  k=0.74
[041/100] 05_to_01  L1=0.728  L1/zero=0.97  cos=0.53  k=0.98
[042/100] 05_to_02  L1=0.743  L1/zero=0.90  cos=0.48  k=0.72
[043/100] 05_to_03  L1=0.513  L1/zero=0.87  cos=0.45  k=0.53
[044/100] 05_to_04  L1=0.196  L1/zero=0.87  cos=0.53  k=0.75
[045/100] 05_to_05  L1=0.002  L1/zero=209645.69  cos=nan  k=nan
[046/100] 05_to_06  L1=0.198  L1/zero=0.91  cos=0.37  k=0.43
[047/100] 05_to_07  L1=0.428  L1/zero=0.90  cos=0.43  k=0.32
[048/100] 05_to_08  L1=0.646  L1/zero=0.97  cos=0.29  k=0.55
[049/100] 05_to_09  L1=0.871  L1/zero=1.08  cos=0.14  k=0.64
[050/100] 05_to_10  L1=0.949  L1/zero=1.25  cos=0.13  k=1.03
[051/100] 06_to_01  L1=0.739  L1/zero=0.96  cos=0.55  k=1.03
[052/100] 06_to_02  L1=0.692  L1/zero=0.99  cos=0.52  k=0.97
[053/100] 06_to_03  L1=0.670  L1/zero=0.89  cos=0.44  k=0.57
[054/100] 06_to_04  L1=0.437  L1/zero=0.91  cos=0.40  k=0.47
[055/100] 06_to_05  L1=0.213  L1/zero=0.99  cos=0.22  k=0.44
[056/100] 06_to_06  L1=0.003  L1/zero=314754.01  cos=nan  k=nan
[057/100] 06_to_07  L1=0.216  L1/zero=0.96  cos=0.30  k=0.50
[058/100] 06_to_08  L1=0.461  L1/zero=1.12  cos=0.26  k=0.99
[059/100] 06_to_09  L1=0.728  L1/zero=1.18  cos=0.17  k=0.94
[060/100] 06_to_10  L1=0.908  L1/zero=1.26  cos=0.19  k=1.09
[061/100] 07_to_01  L1=0.745  L1/zero=1.18  cos=0.21  k=1.00
[062/100] 07_to_02  L1=0.672  L1/zero=0.93  cos=0.44  k=0.64
[063/100] 07_to_03  L1=0.633  L1/zero=0.96  cos=0.39  k=0.54
[064/100] 07_to_04  L1=0.693  L1/zero=0.94  cos=0.38  k=0.32
[065/100] 07_to_05  L1=0.460  L1/zero=0.95  cos=0.32  k=0.31
[066/100] 07_to_06  L1=0.229  L1/zero=0.99  cos=0.19  k=0.41
[067/100] 07_to_07  L1=0.003  L1/zero=286244.67  cos=nan  k=nan
[068/100] 07_to_08  L1=0.183  L1/zero=1.27  cos=0.28  k=1.19
[069/100] 07_to_09  L1=0.445  L1/zero=1.30  cos=0.06  k=1.01
[070/100] 07_to_10  L1=0.708  L1/zero=1.32  cos=0.15  k=1.09
[071/100] 08_to_01  L1=0.599  L1/zero=1.15  cos=0.19  k=0.92
[072/100] 08_to_02  L1=0.588  L1/zero=0.92  cos=0.41  k=0.53
[073/100] 08_to_03  L1=0.641  L1/zero=0.92  cos=0.41  k=0.42
[074/100] 08_to_04  L1=0.706  L1/zero=0.93  cos=0.38  k=0.32
[075/100] 08_to_05  L1=0.629  L1/zero=0.92  cos=0.35  k=0.42
[076/100] 08_to_06  L1=0.406  L1/zero=0.98  cos=0.37  k=0.80
[077/100] 08_to_07  L1=0.163  L1/zero=1.09  cos=0.35  k=0.95
[078/100] 08_to_08  L1=0.003  L1/zero=330715.88  cos=nan  k=nan
[079/100] 08_to_09  L1=0.181  L1/zero=1.17  cos=0.24  k=0.94
[080/100] 08_to_10  L1=0.474  L1/zero=1.35  cos=0.06  k=1.02
[081/100] 09_to_01  L1=0.474  L1/zero=1.34  cos=-0.00  k=0.87
[082/100] 09_to_02  L1=0.590  L1/zero=1.06  cos=0.11  k=0.48
[083/100] 09_to_03  L1=0.666  L1/zero=0.93  cos=0.28  k=0.45
[084/100] 09_to_04  L1=0.722  L1/zero=0.98  cos=0.19  k=0.58
[085/100] 09_to_05  L1=0.908  L1/zero=1.08  cos=0.14  k=0.69
[086/100] 09_to_06  L1=0.766  L1/zero=1.18  cos=0.20  k=1.02
[087/100] 09_to_07  L1=0.427  L1/zero=1.21  cos=0.16  k=0.99
[088/100] 09_to_08  L1=0.165  L1/zero=1.11  cos=0.18  k=0.72
[089/100] 09_to_09  L1=0.006  L1/zero=572856.05  cos=nan  k=nan
[090/100] 09_to_10  L1=0.182  L1/zero=1.19  cos=0.09  k=0.74
[091/100] 10_to_01  L1=0.203  L1/zero=1.15  cos=-0.13  k=0.40
[092/100] 10_to_02  L1=0.490  L1/zero=0.99  cos=0.18  k=0.28
[093/100] 10_to_03  L1=0.600  L1/zero=0.98  cos=0.31  k=0.49
[094/100] 10_to_04  L1=0.656  L1/zero=0.96  cos=0.44  k=0.68
[095/100] 10_to_05  L1=0.906  L1/zero=1.15  cos=0.16  k=0.90
[096/100] 10_to_06  L1=0.957  L1/zero=1.24  cos=0.17  k=1.01
[097/100] 10_to_07  L1=0.689  L1/zero=1.25  cos=0.02  k=0.89
[098/100] 10_to_08  L1=0.422  L1/zero=1.19  cos=-0.02  k=0.65
[099/100] 10_to_09  L1=0.172  L1/zero=1.11  cos=0.06  k=0.58
[100/100] 10_to_10  L1=0.002  L1/zero=217157.30  cos=nan  k=nan

[encoder] Directed mean: L1=0.535  L1/zero=1.02  cos=0.27  k=0.60  beat_zero=63%
wrote /home/abhishek/Voxel_GAN/PopulationStudy/ClinicalExperiments/Experiment1/EncoderCRB/plots/qc_varian_CV_P1_V_01_all100 (100 pngs)
