
######## LOOCV CRB fold hold-out phase 01 ########

[dans_crb_loocv_warp_d_hold01] device=cuda held=[0] train=1296 val=152
Epoch: 1 | G loss: 0.8730 | D loss: 0.0000 | val G loss: 1.1970 | total time: 0 hours 0 minutes
Epoch: 2 | G loss: 0.8163 | D loss: 0.0000 | val G loss: 1.1695 | total time: 0 hours 1 minutes
Epoch: 3 | G loss: 0.7856 | D loss: 0.0000 | val G loss: 0.9705 | total time: 0 hours 1 minutes
Epoch: 4 | G loss: 0.7203 | D loss: 0.0000 | val G loss: 0.9726 | total time: 0 hours 2 minutes
Epoch: 5 | G loss: 0.7066 | D loss: 0.0000 | val G loss: 0.9721 | total time: 0 hours 2 minutes
/home/abhishek/Documents/LEARN-GUI/LEARN-GUI-Python/.venv/lib/python3.12/site-packages/torch/nn/modules/conv.py:720: UserWarning: Using padding='same' with even kernel lengths and odd dilation may require a zero-padded copy of the input be created (Triggered internally at /pytorch/aten/src/ATen/native/Convolution.cpp:1036.)
  return F.conv3d(
Epoch: 6 | G loss: 0.7027 | D loss: 0.1211 | val G loss: 0.9942 | total time: 0 hours 3 minutes
Epoch: 7 | G loss: 0.6815 | D loss: 0.1027 | val G loss: 0.9145 | total time: 0 hours 3 minutes
Epoch: 8 | G loss: 0.6251 | D loss: 0.1031 | val G loss: 0.7963 | total time: 0 hours 4 minutes
Epoch: 9 | G loss: 0.5500 | D loss: 0.0856 | val G loss: 0.7408 | total time: 0 hours 4 minutes
Epoch: 10 | G loss: 0.4877 | D loss: 0.0758 | val G loss: 0.7273 | total time: 0 hours 5 minutes
Epoch: 11 | G loss: 0.4512 | D loss: 0.0666 | val G loss: 0.6132 | total time: 0 hours 6 minutes
Epoch: 12 | G loss: 0.4228 | D loss: 0.0663 | val G loss: 0.6266 | total time: 0 hours 6 minutes
Epoch: 13 | G loss: 0.4021 | D loss: 0.0657 | val G loss: 0.5792 | total time: 0 hours 7 minutes
Epoch: 14 | G loss: 0.3769 | D loss: 0.0669 | val G loss: 0.5855 | total time: 0 hours 7 minutes
Epoch: 15 | G loss: 0.3645 | D loss: 0.0653 | val G loss: 0.5260 | total time: 0 hours 8 minutes
Epoch: 16 | G loss: 0.3436 | D loss: 0.0704 | val G loss: 0.5339 | total time: 0 hours 8 minutes
Epoch: 17 | G loss: 0.3312 | D loss: 0.0677 | val G loss: 0.5179 | total time: 0 hours 9 minutes
Epoch: 18 | G loss: 0.3232 | D loss: 0.0653 | val G loss: 0.4875 | total time: 0 hours 10 minutes
Epoch: 19 | G loss: 0.3058 | D loss: 0.0702 | val G loss: 0.5149 | total time: 0 hours 10 minutes
Epoch: 20 | G loss: 0.3071 | D loss: 0.0677 | val G loss: 0.4853 | total time: 0 hours 11 minutes
Epoch: 21 | G loss: 0.3009 | D loss: 0.0677 | val G loss: 0.4984 | total time: 0 hours 11 minutes
Epoch: 22 | G loss: 0.2896 | D loss: 0.0652 | val G loss: 0.6191 | total time: 0 hours 12 minutes
Epoch: 23 | G loss: 0.2858 | D loss: 0.0684 | val G loss: 0.4784 | total time: 0 hours 12 minutes
Epoch: 24 | G loss: 0.2763 | D loss: 0.0636 | val G loss: 0.4774 | total time: 0 hours 13 minutes
Epoch: 25 | G loss: 0.2772 | D loss: 0.0647 | val G loss: 0.4477 | total time: 0 hours 14 minutes
Epoch: 26 | G loss: 0.2690 | D loss: 0.0672 | val G loss: 0.4736 | total time: 0 hours 14 minutes
Epoch: 27 | G loss: 0.2745 | D loss: 0.0652 | val G loss: 0.4583 | total time: 0 hours 15 minutes
Epoch: 28 | G loss: 0.2621 | D loss: 0.0659 | val G loss: 0.4632 | total time: 0 hours 15 minutes
Epoch: 29 | G loss: 0.2589 | D loss: 0.0597 | val G loss: 0.4706 | total time: 0 hours 16 minutes
Epoch: 30 | G loss: 0.2596 | D loss: 0.0627 | val G loss: 0.4494 | total time: 0 hours 17 minutes
Epoch: 31 | G loss: 0.2497 | D loss: 0.0630 | val G loss: 0.4589 | total time: 0 hours 17 minutes
Epoch: 32 | G loss: 0.2478 | D loss: 0.0658 | val G loss: 0.4542 | total time: 0 hours 18 minutes
Epoch: 33 | G loss: 0.2480 | D loss: 0.0622 | val G loss: 0.4302 | total time: 0 hours 18 minutes
Epoch: 34 | G loss: 0.2480 | D loss: 0.0637 | val G loss: 0.4581 | total time: 0 hours 19 minutes
Epoch: 35 | G loss: 0.2458 | D loss: 0.0628 | val G loss: 0.4464 | total time: 0 hours 19 minutes
Epoch: 36 | G loss: 0.2403 | D loss: 0.0649 | val G loss: 0.4615 | total time: 0 hours 20 minutes
Epoch: 37 | G loss: 0.2374 | D loss: 0.0598 | val G loss: 0.4370 | total time: 0 hours 21 minutes
Epoch: 38 | G loss: 0.2342 | D loss: 0.0624 | val G loss: 0.4333 | total time: 0 hours 21 minutes
Epoch: 39 | G loss: 0.2328 | D loss: 0.0635 | val G loss: 0.4159 | total time: 0 hours 22 minutes
Epoch: 40 | G loss: 0.2265 | D loss: 0.0627 | val G loss: 0.4262 | total time: 0 hours 22 minutes
Epoch: 41 | G loss: 0.2333 | D loss: 0.0613 | val G loss: 0.4334 | total time: 0 hours 23 minutes
Epoch: 42 | G loss: 0.2315 | D loss: 0.0589 | val G loss: 0.4100 | total time: 0 hours 24 minutes
Epoch: 43 | G loss: 0.2254 | D loss: 0.0616 | val G loss: 0.4569 | total time: 0 hours 24 minutes
Epoch: 44 | G loss: 0.2311 | D loss: 0.0623 | val G loss: 0.4355 | total time: 0 hours 25 minutes
Epoch: 45 | G loss: 0.2262 | D loss: 0.0605 | val G loss: 0.4107 | total time: 0 hours 25 minutes
Epoch: 46 | G loss: 0.2247 | D loss: 0.0627 | val G loss: 0.4192 | total time: 0 hours 26 minutes
Epoch: 47 | G loss: 0.2207 | D loss: 0.0612 | val G loss: 0.4266 | total time: 0 hours 26 minutes
Epoch: 48 | G loss: 0.2193 | D loss: 0.0620 | val G loss: 0.4373 | total time: 0 hours 27 minutes
Epoch: 49 | G loss: 0.2214 | D loss: 0.0591 | val G loss: 0.4023 | total time: 0 hours 28 minutes
Epoch: 50 | G loss: 0.2200 | D loss: 0.0604 | val G loss: 0.3956 | total time: 0 hours 28 minutes
Epoch: 51 | G loss: 0.2172 | D loss: 0.0595 | val G loss: 0.4452 | total time: 0 hours 29 minutes
Epoch: 52 | G loss: 0.2156 | D loss: 0.0601 | val G loss: 0.4392 | total time: 0 hours 29 minutes
Epoch: 53 | G loss: 0.2138 | D loss: 0.0572 | val G loss: 0.4027 | total time: 0 hours 30 minutes
Epoch: 54 | G loss: 0.2159 | D loss: 0.0590 | val G loss: 0.4161 | total time: 0 hours 31 minutes
Epoch: 55 | G loss: 0.2127 | D loss: 0.0605 | val G loss: 0.3975 | total time: 0 hours 31 minutes
Epoch: 56 | G loss: 0.2111 | D loss: 0.0594 | val G loss: 0.4248 | total time: 0 hours 32 minutes
Epoch: 57 | G loss: 0.2137 | D loss: 0.0576 | val G loss: 0.4029 | total time: 0 hours 32 minutes
Epoch: 58 | G loss: 0.2106 | D loss: 0.0580 | val G loss: 0.3976 | total time: 0 hours 33 minutes
Epoch: 59 | G loss: 0.2084 | D loss: 0.0569 | val G loss: 0.3988 | total time: 0 hours 34 minutes
Epoch: 60 | G loss: 0.2094 | D loss: 0.0586 | val G loss: 0.4188 | total time: 0 hours 34 minutes
Epoch: 61 | G loss: 0.2095 | D loss: 0.0579 | val G loss: 0.4265 | total time: 0 hours 35 minutes
Epoch: 62 | G loss: 0.2113 | D loss: 0.0569 | val G loss: 0.3995 | total time: 0 hours 35 minutes
Epoch: 63 | G loss: 0.2039 | D loss: 0.0586 | val G loss: 0.3954 | total time: 0 hours 36 minutes
Epoch: 64 | G loss: 0.2040 | D loss: 0.0606 | val G loss: 0.4242 | total time: 0 hours 36 minutes
Epoch: 65 | G loss: 0.1979 | D loss: 0.0609 | val G loss: 0.4323 | total time: 0 hours 37 minutes
Epoch: 66 | G loss: 0.2022 | D loss: 0.0568 | val G loss: 0.3966 | total time: 0 hours 38 minutes
Epoch: 67 | G loss: 0.2025 | D loss: 0.0542 | val G loss: 0.3997 | total time: 0 hours 38 minutes
Epoch: 68 | G loss: 0.2054 | D loss: 0.0571 | val G loss: 0.4178 | total time: 0 hours 39 minutes
Epoch: 69 | G loss: 0.1954 | D loss: 0.0584 | val G loss: 0.3962 | total time: 0 hours 39 minutes
Epoch: 70 | G loss: 0.2035 | D loss: 0.0582 | val G loss: 0.3772 | total time: 0 hours 40 minutes
Epoch: 71 | G loss: 0.2036 | D loss: 0.0561 | val G loss: 0.4070 | total time: 0 hours 41 minutes
Epoch: 72 | G loss: 0.1978 | D loss: 0.0571 | val G loss: 0.3775 | total time: 0 hours 41 minutes
Epoch: 73 | G loss: 0.2037 | D loss: 0.0562 | val G loss: 0.3968 | total time: 0 hours 42 minutes
Epoch: 74 | G loss: 0.1993 | D loss: 0.0561 | val G loss: 0.4126 | total time: 0 hours 42 minutes
Epoch: 75 | G loss: 0.1981 | D loss: 0.0570 | val G loss: 0.4090 | total time: 0 hours 43 minutes
Epoch: 76 | G loss: 0.1955 | D loss: 0.0571 | val G loss: 0.4167 | total time: 0 hours 44 minutes
Epoch: 77 | G loss: 0.1952 | D loss: 0.0587 | val G loss: 0.4140 | total time: 0 hours 44 minutes
Epoch: 78 | G loss: 0.1927 | D loss: 0.0591 | val G loss: 0.4000 | total time: 0 hours 45 minutes
Epoch: 79 | G loss: 0.1936 | D loss: 0.0566 | val G loss: 0.4050 | total time: 0 hours 45 minutes
Epoch: 80 | G loss: 0.1929 | D loss: 0.0552 | val G loss: 0.3914 | total time: 0 hours 46 minutes
Epoch: 81 | G loss: 0.1992 | D loss: 0.0551 | val G loss: 0.3926 | total time: 0 hours 46 minutes
Epoch: 82 | G loss: 0.1896 | D loss: 0.0582 | val G loss: 0.3945 | total time: 0 hours 47 minutes
Epoch: 83 | G loss: 0.1932 | D loss: 0.0578 | val G loss: 0.4024 | total time: 0 hours 48 minutes
Epoch: 84 | G loss: 0.1891 | D loss: 0.0559 | val G loss: 0.3902 | total time: 0 hours 48 minutes
Epoch: 85 | G loss: 0.1912 | D loss: 0.0583 | val G loss: 0.3802 | total time: 0 hours 49 minutes
Epoch: 86 | G loss: 0.1896 | D loss: 0.0569 | val G loss: 0.3941 | total time: 0 hours 49 minutes
Epoch: 87 | G loss: 0.1871 | D loss: 0.0592 | val G loss: 0.4069 | total time: 0 hours 50 minutes
Epoch: 88 | G loss: 0.1824 | D loss: 0.0573 | val G loss: 0.3720 | total time: 0 hours 51 minutes
Epoch: 89 | G loss: 0.1901 | D loss: 0.0602 | val G loss: 0.3965 | total time: 0 hours 51 minutes
Epoch: 90 | G loss: 0.1878 | D loss: 0.0557 | val G loss: 0.4127 | total time: 0 hours 52 minutes
Epoch: 91 | G loss: 0.1897 | D loss: 0.0575 | val G loss: 0.3898 | total time: 0 hours 52 minutes
Epoch: 92 | G loss: 0.1904 | D loss: 0.0551 | val G loss: 0.3949 | total time: 0 hours 53 minutes
Epoch: 93 | G loss: 0.1848 | D loss: 0.0554 | val G loss: 0.3907 | total time: 0 hours 53 minutes
Epoch: 94 | G loss: 0.1855 | D loss: 0.0575 | val G loss: 0.3926 | total time: 0 hours 54 minutes
Epoch: 95 | G loss: 0.1861 | D loss: 0.0539 | val G loss: 0.3714 | total time: 0 hours 55 minutes
Epoch: 96 | G loss: 0.1846 | D loss: 0.0575 | val G loss: 0.3942 | total time: 0 hours 55 minutes
Epoch: 97 | G loss: 0.1839 | D loss: 0.0560 | val G loss: 0.3894 | total time: 0 hours 56 minutes
Epoch: 98 | G loss: 0.1858 | D loss: 0.0585 | val G loss: 0.3910 | total time: 0 hours 56 minutes
Epoch: 99 | G loss: 0.1834 | D loss: 0.0566 | val G loss: 0.4248 | total time: 0 hours 57 minutes
Epoch: 100 | G loss: 0.1929 | D loss: 0.0534 | val G loss: 0.3782 | total time: 0 hours 57 minutes
fold hold01 best_val=0.371443


######## LOOCV CRB fold hold-out phase 02 ########

[dans_crb_loocv_warp_d_hold02] device=cuda held=[1] train=1296 val=152
Epoch: 1 | G loss: 0.9696 | D loss: 0.0000 | val G loss: 0.8149 | total time: 0 hours 0 minutes
Epoch: 2 | G loss: 0.8757 | D loss: 0.0000 | val G loss: 0.8024 | total time: 0 hours 0 minutes
Epoch: 3 | G loss: 0.7875 | D loss: 0.0000 | val G loss: 0.7497 | total time: 0 hours 1 minutes
Epoch: 4 | G loss: 0.7731 | D loss: 0.0000 | val G loss: 0.7317 | total time: 0 hours 1 minutes
Epoch: 5 | G loss: 0.7711 | D loss: 0.0000 | val G loss: 0.7314 | total time: 0 hours 2 minutes
Epoch: 6 | G loss: 0.7711 | D loss: 0.1192 | val G loss: 0.7393 | total time: 0 hours 2 minutes
Epoch: 7 | G loss: 0.7474 | D loss: 0.1029 | val G loss: 0.6661 | total time: 0 hours 3 minutes
Epoch: 8 | G loss: 0.6940 | D loss: 0.1033 | val G loss: 0.6141 | total time: 0 hours 4 minutes
Epoch: 9 | G loss: 0.5889 | D loss: 0.1008 | val G loss: 0.5674 | total time: 0 hours 4 minutes
Epoch: 10 | G loss: 0.5423 | D loss: 0.0817 | val G loss: 0.5141 | total time: 0 hours 5 minutes
Epoch: 11 | G loss: 0.5049 | D loss: 0.0679 | val G loss: 0.5193 | total time: 0 hours 5 minutes
Epoch: 12 | G loss: 0.4759 | D loss: 0.0668 | val G loss: 0.5125 | total time: 0 hours 6 minutes
Epoch: 13 | G loss: 0.4589 | D loss: 0.0571 | val G loss: 0.4747 | total time: 0 hours 7 minutes
Epoch: 14 | G loss: 0.4440 | D loss: 0.0587 | val G loss: 0.4684 | total time: 0 hours 7 minutes
Epoch: 15 | G loss: 0.4257 | D loss: 0.0590 | val G loss: 0.4486 | total time: 0 hours 8 minutes
Epoch: 16 | G loss: 0.4124 | D loss: 0.0533 | val G loss: 0.4297 | total time: 0 hours 8 minutes
Epoch: 17 | G loss: 0.3932 | D loss: 0.0553 | val G loss: 0.4635 | total time: 0 hours 9 minutes
Epoch: 18 | G loss: 0.3911 | D loss: 0.0555 | val G loss: 0.4229 | total time: 0 hours 9 minutes
Epoch: 19 | G loss: 0.3803 | D loss: 0.0547 | val G loss: 0.4170 | total time: 0 hours 10 minutes
Epoch: 20 | G loss: 0.3736 | D loss: 0.0535 | val G loss: 0.4078 | total time: 0 hours 11 minutes
Epoch: 21 | G loss: 0.3546 | D loss: 0.0552 | val G loss: 0.4163 | total time: 0 hours 11 minutes
Epoch: 22 | G loss: 0.3569 | D loss: 0.0541 | val G loss: 0.4184 | total time: 0 hours 12 minutes
Epoch: 23 | G loss: 0.3456 | D loss: 0.0524 | val G loss: 0.3753 | total time: 0 hours 12 minutes
Epoch: 24 | G loss: 0.3315 | D loss: 0.0566 | val G loss: 0.3581 | total time: 0 hours 13 minutes
Epoch: 25 | G loss: 0.3247 | D loss: 0.0551 | val G loss: 0.4041 | total time: 0 hours 14 minutes
Epoch: 26 | G loss: 0.3183 | D loss: 0.0551 | val G loss: 0.3517 | total time: 0 hours 14 minutes
Epoch: 27 | G loss: 0.3136 | D loss: 0.0537 | val G loss: 0.3250 | total time: 0 hours 15 minutes
Epoch: 28 | G loss: 0.3119 | D loss: 0.0543 | val G loss: 0.3720 | total time: 0 hours 15 minutes
Epoch: 29 | G loss: 0.2946 | D loss: 0.0541 | val G loss: 0.3340 | total time: 0 hours 16 minutes
Epoch: 30 | G loss: 0.2994 | D loss: 0.0527 | val G loss: 0.3166 | total time: 0 hours 17 minutes
Epoch: 31 | G loss: 0.2943 | D loss: 0.0524 | val G loss: 0.3208 | total time: 0 hours 17 minutes
Epoch: 32 | G loss: 0.2961 | D loss: 0.0531 | val G loss: 0.3187 | total time: 0 hours 18 minutes
Epoch: 33 | G loss: 0.2844 | D loss: 0.0493 | val G loss: 0.3242 | total time: 0 hours 18 minutes
Epoch: 34 | G loss: 0.2825 | D loss: 0.0519 | val G loss: 0.3142 | total time: 0 hours 19 minutes
Epoch: 35 | G loss: 0.2847 | D loss: 0.0504 | val G loss: 0.3255 | total time: 0 hours 19 minutes
Epoch: 36 | G loss: 0.2741 | D loss: 0.0542 | val G loss: 0.3365 | total time: 0 hours 20 minutes
Epoch: 37 | G loss: 0.2764 | D loss: 0.0527 | val G loss: 0.3285 | total time: 0 hours 21 minutes
Epoch: 38 | G loss: 0.2702 | D loss: 0.0475 | val G loss: 0.3252 | total time: 0 hours 21 minutes
Epoch: 39 | G loss: 0.2702 | D loss: 0.0485 | val G loss: 0.3192 | total time: 0 hours 22 minutes
Epoch: 40 | G loss: 0.2671 | D loss: 0.0493 | val G loss: 0.3127 | total time: 0 hours 22 minutes
Epoch: 41 | G loss: 0.2704 | D loss: 0.0477 | val G loss: 0.3134 | total time: 0 hours 23 minutes
Epoch: 42 | G loss: 0.2634 | D loss: 0.0506 | val G loss: 0.3471 | total time: 0 hours 24 minutes
Epoch: 43 | G loss: 0.2594 | D loss: 0.0463 | val G loss: 0.2953 | total time: 0 hours 24 minutes
Epoch: 44 | G loss: 0.2544 | D loss: 0.0491 | val G loss: 0.2938 | total time: 0 hours 25 minutes
Epoch: 45 | G loss: 0.2566 | D loss: 0.0500 | val G loss: 0.3131 | total time: 0 hours 25 minutes
Epoch: 46 | G loss: 0.2569 | D loss: 0.0467 | val G loss: 0.3201 | total time: 0 hours 26 minutes
Epoch: 47 | G loss: 0.2557 | D loss: 0.0499 | val G loss: 0.2979 | total time: 0 hours 26 minutes
Epoch: 48 | G loss: 0.2547 | D loss: 0.0485 | val G loss: 0.3242 | total time: 0 hours 27 minutes
Epoch: 49 | G loss: 0.2503 | D loss: 0.0446 | val G loss: 0.3113 | total time: 0 hours 28 minutes
Epoch: 50 | G loss: 0.2474 | D loss: 0.0463 | val G loss: 0.3278 | total time: 0 hours 28 minutes
Epoch: 51 | G loss: 0.2495 | D loss: 0.0458 | val G loss: 0.2914 | total time: 0 hours 29 minutes
Epoch: 52 | G loss: 0.2441 | D loss: 0.0449 | val G loss: 0.2884 | total time: 0 hours 29 minutes
Epoch: 53 | G loss: 0.2495 | D loss: 0.0479 | val G loss: 0.3301 | total time: 0 hours 30 minutes
Epoch: 54 | G loss: 0.2458 | D loss: 0.0467 | val G loss: 0.3005 | total time: 0 hours 31 minutes
Epoch: 55 | G loss: 0.2396 | D loss: 0.0500 | val G loss: 0.2976 | total time: 0 hours 31 minutes
Epoch: 56 | G loss: 0.2386 | D loss: 0.0475 | val G loss: 0.3097 | total time: 0 hours 32 minutes
Epoch: 57 | G loss: 0.2372 | D loss: 0.0460 | val G loss: 0.3207 | total time: 0 hours 32 minutes
Epoch: 58 | G loss: 0.2435 | D loss: 0.0447 | val G loss: 0.3025 | total time: 0 hours 33 minutes
Epoch: 59 | G loss: 0.2372 | D loss: 0.0452 | val G loss: 0.3047 | total time: 0 hours 33 minutes
Epoch: 60 | G loss: 0.2387 | D loss: 0.0482 | val G loss: 0.3007 | total time: 0 hours 34 minutes
Epoch: 61 | G loss: 0.2328 | D loss: 0.0456 | val G loss: 0.2872 | total time: 0 hours 35 minutes
Epoch: 62 | G loss: 0.2323 | D loss: 0.0449 | val G loss: 0.3009 | total time: 0 hours 35 minutes
Epoch: 63 | G loss: 0.2420 | D loss: 0.0422 | val G loss: 0.2796 | total time: 0 hours 36 minutes
Epoch: 64 | G loss: 0.2348 | D loss: 0.0436 | val G loss: 0.2753 | total time: 0 hours 36 minutes
Epoch: 65 | G loss: 0.2296 | D loss: 0.0438 | val G loss: 0.2780 | total time: 0 hours 37 minutes
Epoch: 66 | G loss: 0.2279 | D loss: 0.0479 | val G loss: 0.2816 | total time: 0 hours 38 minutes
Epoch: 67 | G loss: 0.2246 | D loss: 0.0444 | val G loss: 0.2878 | total time: 0 hours 38 minutes
Epoch: 68 | G loss: 0.2298 | D loss: 0.0430 | val G loss: 0.2734 | total time: 0 hours 39 minutes
Epoch: 69 | G loss: 0.2354 | D loss: 0.0413 | val G loss: 0.2800 | total time: 0 hours 39 minutes
Epoch: 70 | G loss: 0.2279 | D loss: 0.0442 | val G loss: 0.2991 | total time: 0 hours 40 minutes
Epoch: 71 | G loss: 0.2236 | D loss: 0.0437 | val G loss: 0.2998 | total time: 0 hours 41 minutes
Epoch: 72 | G loss: 0.2227 | D loss: 0.0465 | val G loss: 0.2927 | total time: 0 hours 41 minutes
Epoch: 73 | G loss: 0.2216 | D loss: 0.0467 | val G loss: 0.2830 | total time: 0 hours 42 minutes
Epoch: 74 | G loss: 0.2157 | D loss: 0.0491 | val G loss: 0.3155 | total time: 0 hours 42 minutes
Epoch: 75 | G loss: 0.2216 | D loss: 0.0440 | val G loss: 0.2763 | total time: 0 hours 43 minutes
Epoch: 76 | G loss: 0.2227 | D loss: 0.0443 | val G loss: 0.3088 | total time: 0 hours 43 minutes
Epoch: 77 | G loss: 0.2199 | D loss: 0.0414 | val G loss: 0.2831 | total time: 0 hours 44 minutes
Epoch: 78 | G loss: 0.2196 | D loss: 0.0452 | val G loss: 0.2637 | total time: 0 hours 45 minutes
Epoch: 79 | G loss: 0.2237 | D loss: 0.0438 | val G loss: 0.2666 | total time: 0 hours 45 minutes
Epoch: 80 | G loss: 0.2184 | D loss: 0.0448 | val G loss: 0.2981 | total time: 0 hours 46 minutes
Epoch: 81 | G loss: 0.2206 | D loss: 0.0453 | val G loss: 0.2709 | total time: 0 hours 46 minutes
Epoch: 82 | G loss: 0.2201 | D loss: 0.0450 | val G loss: 0.2760 | total time: 0 hours 47 minutes
Epoch: 83 | G loss: 0.2216 | D loss: 0.0433 | val G loss: 0.2850 | total time: 0 hours 48 minutes
Epoch: 84 | G loss: 0.2229 | D loss: 0.0444 | val G loss: 0.2890 | total time: 0 hours 48 minutes
Epoch: 85 | G loss: 0.2116 | D loss: 0.0446 | val G loss: 0.2828 | total time: 0 hours 49 minutes
Epoch: 86 | G loss: 0.2171 | D loss: 0.0432 | val G loss: 0.3084 | total time: 0 hours 49 minutes
Epoch: 87 | G loss: 0.2145 | D loss: 0.0431 | val G loss: 0.3161 | total time: 0 hours 50 minutes
Epoch: 88 | G loss: 0.2184 | D loss: 0.0439 | val G loss: 0.2678 | total time: 0 hours 50 minutes
Epoch: 89 | G loss: 0.2132 | D loss: 0.0439 | val G loss: 0.3088 | total time: 0 hours 51 minutes
Epoch: 90 | G loss: 0.2165 | D loss: 0.0426 | val G loss: 0.2901 | total time: 0 hours 52 minutes
Epoch: 91 | G loss: 0.2117 | D loss: 0.0465 | val G loss: 0.3222 | total time: 0 hours 52 minutes
Epoch: 92 | G loss: 0.2133 | D loss: 0.0428 | val G loss: 0.2889 | total time: 0 hours 53 minutes
Epoch: 93 | G loss: 0.2132 | D loss: 0.0433 | val G loss: 0.2739 | total time: 0 hours 53 minutes
Epoch: 94 | G loss: 0.2096 | D loss: 0.0444 | val G loss: 0.2893 | total time: 0 hours 54 minutes
Epoch: 95 | G loss: 0.2088 | D loss: 0.0450 | val G loss: 0.2770 | total time: 0 hours 55 minutes
Epoch: 96 | G loss: 0.2067 | D loss: 0.0454 | val G loss: 0.2895 | total time: 0 hours 55 minutes
Epoch: 97 | G loss: 0.2092 | D loss: 0.0443 | val G loss: 0.3121 | total time: 0 hours 56 minutes
Epoch: 98 | G loss: 0.2047 | D loss: 0.0430 | val G loss: 0.2961 | total time: 0 hours 56 minutes
Epoch: 99 | G loss: 0.2128 | D loss: 0.0415 | val G loss: 0.3050 | total time: 0 hours 57 minutes
Epoch: 100 | G loss: 0.2029 | D loss: 0.0448 | val G loss: 0.3151 | total time: 0 hours 57 minutes
fold hold02 best_val=0.263749


######## LOOCV CRB fold hold-out phase 03 ########

[dans_crb_loocv_warp_d_hold03] device=cuda held=[2] train=1296 val=152
Epoch: 1 | G loss: 0.9913 | D loss: 0.0000 | val G loss: 0.8043 | total time: 0 hours 0 minutes
Epoch: 2 | G loss: 0.9464 | D loss: 0.0000 | val G loss: 0.8024 | total time: 0 hours 0 minutes
Epoch: 3 | G loss: 0.8988 | D loss: 0.0000 | val G loss: 0.7708 | total time: 0 hours 1 minutes
Epoch: 4 | G loss: 0.8737 | D loss: 0.0000 | val G loss: 0.7729 | total time: 0 hours 1 minutes
Epoch: 5 | G loss: 0.7964 | D loss: 0.0000 | val G loss: 0.6994 | total time: 0 hours 2 minutes
Epoch: 6 | G loss: 0.8031 | D loss: 0.1188 | val G loss: 0.7280 | total time: 0 hours 2 minutes
Epoch: 7 | G loss: 0.7895 | D loss: 0.1017 | val G loss: 0.6990 | total time: 0 hours 3 minutes
Epoch: 8 | G loss: 0.7784 | D loss: 0.0802 | val G loss: 0.6938 | total time: 0 hours 4 minutes
Epoch: 9 | G loss: 0.7800 | D loss: 0.0622 | val G loss: 0.6940 | total time: 0 hours 4 minutes
Epoch: 10 | G loss: 0.7799 | D loss: 0.0506 | val G loss: 0.6974 | total time: 0 hours 5 minutes
Epoch: 11 | G loss: 0.7773 | D loss: 0.0543 | val G loss: 0.6952 | total time: 0 hours 5 minutes
Epoch: 12 | G loss: 0.7513 | D loss: 0.0471 | val G loss: 0.6699 | total time: 0 hours 6 minutes
Epoch: 13 | G loss: 0.6978 | D loss: 0.0484 | val G loss: 0.5747 | total time: 0 hours 7 minutes
Epoch: 14 | G loss: 0.6233 | D loss: 0.0484 | val G loss: 0.5488 | total time: 0 hours 7 minutes
Epoch: 15 | G loss: 0.5591 | D loss: 0.0499 | val G loss: 0.4857 | total time: 0 hours 8 minutes
Epoch: 16 | G loss: 0.5166 | D loss: 0.0495 | val G loss: 0.5082 | total time: 0 hours 8 minutes
Epoch: 17 | G loss: 0.4964 | D loss: 0.0540 | val G loss: 0.4605 | total time: 0 hours 9 minutes
Epoch: 18 | G loss: 0.4785 | D loss: 0.0532 | val G loss: 0.4306 | total time: 0 hours 10 minutes
Epoch: 19 | G loss: 0.4513 | D loss: 0.0510 | val G loss: 0.4158 | total time: 0 hours 10 minutes
Epoch: 20 | G loss: 0.4318 | D loss: 0.0503 | val G loss: 0.4066 | total time: 0 hours 11 minutes
Epoch: 21 | G loss: 0.4224 | D loss: 0.0518 | val G loss: 0.3990 | total time: 0 hours 11 minutes
Epoch: 22 | G loss: 0.3978 | D loss: 0.0545 | val G loss: 0.3840 | total time: 0 hours 12 minutes
Epoch: 23 | G loss: 0.3862 | D loss: 0.0546 | val G loss: 0.3774 | total time: 0 hours 13 minutes
Epoch: 24 | G loss: 0.3755 | D loss: 0.0505 | val G loss: 0.3462 | total time: 0 hours 13 minutes
Epoch: 25 | G loss: 0.3632 | D loss: 0.0524 | val G loss: 0.3512 | total time: 0 hours 14 minutes
Epoch: 26 | G loss: 0.3590 | D loss: 0.0545 | val G loss: 0.3359 | total time: 0 hours 14 minutes
Epoch: 27 | G loss: 0.3453 | D loss: 0.0574 | val G loss: 0.3566 | total time: 0 hours 15 minutes
Epoch: 28 | G loss: 0.3506 | D loss: 0.0510 | val G loss: 0.3398 | total time: 0 hours 16 minutes
Epoch: 29 | G loss: 0.3368 | D loss: 0.0494 | val G loss: 0.3086 | total time: 0 hours 16 minutes
Epoch: 30 | G loss: 0.3342 | D loss: 0.0546 | val G loss: 0.3217 | total time: 0 hours 17 minutes
Epoch: 31 | G loss: 0.3187 | D loss: 0.0550 | val G loss: 0.3077 | total time: 0 hours 17 minutes
Epoch: 32 | G loss: 0.3210 | D loss: 0.0526 | val G loss: 0.3343 | total time: 0 hours 18 minutes
Epoch: 33 | G loss: 0.3135 | D loss: 0.0513 | val G loss: 0.3688 | total time: 0 hours 19 minutes
Epoch: 34 | G loss: 0.3082 | D loss: 0.0518 | val G loss: 0.2968 | total time: 0 hours 19 minutes
Epoch: 35 | G loss: 0.3096 | D loss: 0.0525 | val G loss: 0.3017 | total time: 0 hours 20 minutes
Epoch: 36 | G loss: 0.3014 | D loss: 0.0500 | val G loss: 0.3118 | total time: 0 hours 20 minutes
Epoch: 37 | G loss: 0.2988 | D loss: 0.0501 | val G loss: 0.3035 | total time: 0 hours 21 minutes
Epoch: 38 | G loss: 0.2967 | D loss: 0.0476 | val G loss: 0.2812 | total time: 0 hours 22 minutes
Epoch: 39 | G loss: 0.2920 | D loss: 0.0492 | val G loss: 0.3135 | total time: 0 hours 22 minutes
Epoch: 40 | G loss: 0.2924 | D loss: 0.0467 | val G loss: 0.2834 | total time: 0 hours 23 minutes
Epoch: 41 | G loss: 0.2809 | D loss: 0.0488 | val G loss: 0.2871 | total time: 0 hours 23 minutes
Epoch: 42 | G loss: 0.2840 | D loss: 0.0479 | val G loss: 0.2826 | total time: 0 hours 24 minutes
Epoch: 43 | G loss: 0.2820 | D loss: 0.0486 | val G loss: 0.2765 | total time: 0 hours 25 minutes
Epoch: 44 | G loss: 0.2810 | D loss: 0.0487 | val G loss: 0.2665 | total time: 0 hours 25 minutes
Epoch: 45 | G loss: 0.2744 | D loss: 0.0489 | val G loss: 0.2709 | total time: 0 hours 26 minutes
Epoch: 46 | G loss: 0.2785 | D loss: 0.0504 | val G loss: 0.3063 | total time: 0 hours 26 minutes
Epoch: 47 | G loss: 0.2697 | D loss: 0.0505 | val G loss: 0.2672 | total time: 0 hours 27 minutes
Epoch: 48 | G loss: 0.2683 | D loss: 0.0517 | val G loss: 0.2559 | total time: 0 hours 28 minutes
Epoch: 49 | G loss: 0.2625 | D loss: 0.0471 | val G loss: 0.3054 | total time: 0 hours 28 minutes
Epoch: 50 | G loss: 0.2642 | D loss: 0.0513 | val G loss: 0.2480 | total time: 0 hours 29 minutes
Epoch: 51 | G loss: 0.2630 | D loss: 0.0516 | val G loss: 0.2676 | total time: 0 hours 29 minutes
Epoch: 52 | G loss: 0.2598 | D loss: 0.0505 | val G loss: 0.2503 | total time: 0 hours 30 minutes
Epoch: 53 | G loss: 0.2547 | D loss: 0.0479 | val G loss: 0.2557 | total time: 0 hours 31 minutes
Epoch: 54 | G loss: 0.2586 | D loss: 0.0477 | val G loss: 0.2492 | total time: 0 hours 31 minutes
Epoch: 55 | G loss: 0.2553 | D loss: 0.0475 | val G loss: 0.2609 | total time: 0 hours 32 minutes
Epoch: 56 | G loss: 0.2535 | D loss: 0.0485 | val G loss: 0.2539 | total time: 0 hours 32 minutes
Epoch: 57 | G loss: 0.2446 | D loss: 0.0520 | val G loss: 0.2601 | total time: 0 hours 33 minutes
Epoch: 58 | G loss: 0.2509 | D loss: 0.0461 | val G loss: 0.2427 | total time: 0 hours 34 minutes
Epoch: 59 | G loss: 0.2556 | D loss: 0.0465 | val G loss: 0.2418 | total time: 0 hours 34 minutes
Epoch: 60 | G loss: 0.2433 | D loss: 0.0515 | val G loss: 0.2474 | total time: 0 hours 35 minutes
Epoch: 61 | G loss: 0.2451 | D loss: 0.0489 | val G loss: 0.2320 | total time: 0 hours 35 minutes
Epoch: 62 | G loss: 0.2467 | D loss: 0.0463 | val G loss: 0.2457 | total time: 0 hours 36 minutes
Epoch: 63 | G loss: 0.2446 | D loss: 0.0482 | val G loss: 0.2555 | total time: 0 hours 37 minutes
Epoch: 64 | G loss: 0.2378 | D loss: 0.0472 | val G loss: 0.2429 | total time: 0 hours 37 minutes
Epoch: 65 | G loss: 0.2350 | D loss: 0.0449 | val G loss: 0.2523 | total time: 0 hours 38 minutes
Epoch: 66 | G loss: 0.2404 | D loss: 0.0483 | val G loss: 0.2413 | total time: 0 hours 38 minutes
Epoch: 67 | G loss: 0.2365 | D loss: 0.0476 | val G loss: 0.2371 | total time: 0 hours 39 minutes
Epoch: 68 | G loss: 0.2340 | D loss: 0.0491 | val G loss: 0.2616 | total time: 0 hours 40 minutes
Epoch: 69 | G loss: 0.2367 | D loss: 0.0454 | val G loss: 0.2689 | total time: 0 hours 40 minutes
Epoch: 70 | G loss: 0.2331 | D loss: 0.0488 | val G loss: 0.2438 | total time: 0 hours 41 minutes
Epoch: 71 | G loss: 0.2363 | D loss: 0.0480 | val G loss: 0.2438 | total time: 0 hours 41 minutes
Epoch: 72 | G loss: 0.2314 | D loss: 0.0470 | val G loss: 0.2389 | total time: 0 hours 42 minutes
Epoch: 73 | G loss: 0.2307 | D loss: 0.0466 | val G loss: 0.2584 | total time: 0 hours 42 minutes
Epoch: 74 | G loss: 0.2290 | D loss: 0.0458 | val G loss: 0.2602 | total time: 0 hours 43 minutes
Epoch: 75 | G loss: 0.2342 | D loss: 0.0483 | val G loss: 0.2370 | total time: 0 hours 44 minutes
Epoch: 76 | G loss: 0.2282 | D loss: 0.0470 | val G loss: 0.2407 | total time: 0 hours 44 minutes
Epoch: 77 | G loss: 0.2264 | D loss: 0.0476 | val G loss: 0.2442 | total time: 0 hours 45 minutes
Epoch: 78 | G loss: 0.2256 | D loss: 0.0486 | val G loss: 0.2289 | total time: 0 hours 45 minutes
Epoch: 79 | G loss: 0.2221 | D loss: 0.0497 | val G loss: 0.2285 | total time: 0 hours 46 minutes
Epoch: 80 | G loss: 0.2223 | D loss: 0.0452 | val G loss: 0.2244 | total time: 0 hours 47 minutes
Epoch: 81 | G loss: 0.2267 | D loss: 0.0491 | val G loss: 0.2390 | total time: 0 hours 47 minutes
Epoch: 82 | G loss: 0.2253 | D loss: 0.0477 | val G loss: 0.2332 | total time: 0 hours 48 minutes
Epoch: 83 | G loss: 0.2241 | D loss: 0.0470 | val G loss: 0.2267 | total time: 0 hours 48 minutes
Epoch: 84 | G loss: 0.2219 | D loss: 0.0507 | val G loss: 0.2284 | total time: 0 hours 49 minutes
Epoch: 85 | G loss: 0.2237 | D loss: 0.0475 | val G loss: 0.2257 | total time: 0 hours 50 minutes
Epoch: 86 | G loss: 0.2250 | D loss: 0.0463 | val G loss: 0.2443 | total time: 0 hours 50 minutes
Epoch: 87 | G loss: 0.2159 | D loss: 0.0471 | val G loss: 0.2252 | total time: 0 hours 51 minutes
Epoch: 88 | G loss: 0.2192 | D loss: 0.0489 | val G loss: 0.2377 | total time: 0 hours 51 minutes
Epoch: 89 | G loss: 0.2142 | D loss: 0.0494 | val G loss: 0.2292 | total time: 0 hours 52 minutes
Epoch: 90 | G loss: 0.2164 | D loss: 0.0477 | val G loss: 0.2418 | total time: 0 hours 53 minutes
Epoch: 91 | G loss: 0.2176 | D loss: 0.0480 | val G loss: 0.2192 | total time: 0 hours 53 minutes
Epoch: 92 | G loss: 0.2156 | D loss: 0.0455 | val G loss: 0.2223 | total time: 0 hours 54 minutes
Epoch: 93 | G loss: 0.2170 | D loss: 0.0454 | val G loss: 0.2281 | total time: 0 hours 54 minutes
Epoch: 94 | G loss: 0.2157 | D loss: 0.0450 | val G loss: 0.2292 | total time: 0 hours 55 minutes
Epoch: 95 | G loss: 0.2146 | D loss: 0.0464 | val G loss: 0.2223 | total time: 0 hours 56 minutes
Epoch: 96 | G loss: 0.2122 | D loss: 0.0484 | val G loss: 0.2289 | total time: 0 hours 56 minutes
Epoch: 97 | G loss: 0.2161 | D loss: 0.0453 | val G loss: 0.2308 | total time: 0 hours 57 minutes
Epoch: 98 | G loss: 0.2111 | D loss: 0.0481 | val G loss: 0.2337 | total time: 0 hours 58 minutes
Epoch: 99 | G loss: 0.2115 | D loss: 0.0466 | val G loss: 0.2272 | total time: 0 hours 58 minutes
Epoch: 100 | G loss: 0.2064 | D loss: 0.0489 | val G loss: 0.2384 | total time: 0 hours 59 minutes
fold hold03 best_val=0.219155


######## LOOCV CRB fold hold-out phase 04 ########

[dans_crb_loocv_warp_d_hold04] device=cuda held=[3] train=1296 val=152
Epoch: 1 | G loss: 0.9825 | D loss: 0.0000 | val G loss: 0.8979 | total time: 0 hours 0 minutes
Epoch: 2 | G loss: 0.9425 | D loss: 0.0000 | val G loss: 0.8398 | total time: 0 hours 1 minutes
Epoch: 3 | G loss: 0.8190 | D loss: 0.0000 | val G loss: 0.8425 | total time: 0 hours 1 minutes
Epoch: 4 | G loss: 0.7823 | D loss: 0.0000 | val G loss: 0.7777 | total time: 0 hours 2 minutes
Epoch: 5 | G loss: 0.7620 | D loss: 0.0000 | val G loss: 0.8049 | total time: 0 hours 2 minutes
Epoch: 6 | G loss: 0.7492 | D loss: 0.1187 | val G loss: 0.7681 | total time: 0 hours 3 minutes
Epoch: 7 | G loss: 0.7336 | D loss: 0.1041 | val G loss: 0.7490 | total time: 0 hours 3 minutes
Epoch: 8 | G loss: 0.6994 | D loss: 0.0989 | val G loss: 0.6756 | total time: 0 hours 4 minutes
Epoch: 9 | G loss: 0.6328 | D loss: 0.0750 | val G loss: 0.5945 | total time: 0 hours 5 minutes
Epoch: 10 | G loss: 0.5709 | D loss: 0.0677 | val G loss: 0.5306 | total time: 0 hours 5 minutes
Epoch: 11 | G loss: 0.5289 | D loss: 0.0632 | val G loss: 0.4820 | total time: 0 hours 6 minutes
Epoch: 12 | G loss: 0.4972 | D loss: 0.0581 | val G loss: 0.4770 | total time: 0 hours 6 minutes
Epoch: 13 | G loss: 0.4790 | D loss: 0.0564 | val G loss: 0.4603 | total time: 0 hours 7 minutes
Epoch: 14 | G loss: 0.4642 | D loss: 0.0543 | val G loss: 0.4457 | total time: 0 hours 8 minutes
Epoch: 15 | G loss: 0.4499 | D loss: 0.0506 | val G loss: 0.4224 | total time: 0 hours 8 minutes
Epoch: 16 | G loss: 0.4387 | D loss: 0.0491 | val G loss: 0.4110 | total time: 0 hours 9 minutes
Epoch: 17 | G loss: 0.4238 | D loss: 0.0496 | val G loss: 0.3929 | total time: 0 hours 9 minutes
Epoch: 18 | G loss: 0.4133 | D loss: 0.0527 | val G loss: 0.4169 | total time: 0 hours 10 minutes
Epoch: 19 | G loss: 0.4003 | D loss: 0.0506 | val G loss: 0.3909 | total time: 0 hours 10 minutes
Epoch: 20 | G loss: 0.3948 | D loss: 0.0504 | val G loss: 0.3798 | total time: 0 hours 11 minutes
Epoch: 21 | G loss: 0.3842 | D loss: 0.0498 | val G loss: 0.3675 | total time: 0 hours 12 minutes
Epoch: 22 | G loss: 0.3765 | D loss: 0.0474 | val G loss: 0.3757 | total time: 0 hours 12 minutes
Epoch: 23 | G loss: 0.3724 | D loss: 0.0491 | val G loss: 0.3914 | total time: 0 hours 13 minutes
Epoch: 24 | G loss: 0.3686 | D loss: 0.0477 | val G loss: 0.3570 | total time: 0 hours 13 minutes
Epoch: 25 | G loss: 0.3597 | D loss: 0.0481 | val G loss: 0.3445 | total time: 0 hours 14 minutes
Epoch: 26 | G loss: 0.3519 | D loss: 0.0492 | val G loss: 0.3309 | total time: 0 hours 15 minutes
Epoch: 27 | G loss: 0.3453 | D loss: 0.0478 | val G loss: 0.3691 | total time: 0 hours 15 minutes
Epoch: 28 | G loss: 0.3428 | D loss: 0.0477 | val G loss: 0.3707 | total time: 0 hours 16 minutes
Epoch: 29 | G loss: 0.3363 | D loss: 0.0464 | val G loss: 0.3211 | total time: 0 hours 16 minutes
Epoch: 30 | G loss: 0.3305 | D loss: 0.0477 | val G loss: 0.3218 | total time: 0 hours 17 minutes
Epoch: 31 | G loss: 0.3280 | D loss: 0.0483 | val G loss: 0.3000 | total time: 0 hours 18 minutes
Epoch: 32 | G loss: 0.3252 | D loss: 0.0459 | val G loss: 0.3329 | total time: 0 hours 18 minutes
Epoch: 33 | G loss: 0.3179 | D loss: 0.0449 | val G loss: 0.2881 | total time: 0 hours 19 minutes
Epoch: 34 | G loss: 0.3140 | D loss: 0.0461 | val G loss: 0.2943 | total time: 0 hours 19 minutes
Epoch: 35 | G loss: 0.3146 | D loss: 0.0466 | val G loss: 0.3302 | total time: 0 hours 20 minutes
Epoch: 36 | G loss: 0.3050 | D loss: 0.0474 | val G loss: 0.3041 | total time: 0 hours 21 minutes
Epoch: 37 | G loss: 0.3086 | D loss: 0.0455 | val G loss: 0.2822 | total time: 0 hours 21 minutes
Epoch: 38 | G loss: 0.3024 | D loss: 0.0436 | val G loss: 0.2841 | total time: 0 hours 22 minutes
Epoch: 39 | G loss: 0.2993 | D loss: 0.0448 | val G loss: 0.3052 | total time: 0 hours 22 minutes
Epoch: 40 | G loss: 0.2963 | D loss: 0.0442 | val G loss: 0.2925 | total time: 0 hours 23 minutes
Epoch: 41 | G loss: 0.2999 | D loss: 0.0447 | val G loss: 0.3076 | total time: 0 hours 24 minutes
Epoch: 42 | G loss: 0.2938 | D loss: 0.0460 | val G loss: 0.2899 | total time: 0 hours 24 minutes
Epoch: 43 | G loss: 0.2877 | D loss: 0.0453 | val G loss: 0.2972 | total time: 0 hours 25 minutes
Epoch: 44 | G loss: 0.2942 | D loss: 0.0438 | val G loss: 0.2940 | total time: 0 hours 25 minutes
Epoch: 45 | G loss: 0.2876 | D loss: 0.0475 | val G loss: 0.2814 | total time: 0 hours 26 minutes
Epoch: 46 | G loss: 0.2884 | D loss: 0.0449 | val G loss: 0.2679 | total time: 0 hours 27 minutes
Epoch: 47 | G loss: 0.2832 | D loss: 0.0444 | val G loss: 0.2632 | total time: 0 hours 27 minutes
Epoch: 48 | G loss: 0.2873 | D loss: 0.0435 | val G loss: 0.2576 | total time: 0 hours 28 minutes
Epoch: 49 | G loss: 0.2816 | D loss: 0.0431 | val G loss: 0.2757 | total time: 0 hours 28 minutes
Epoch: 50 | G loss: 0.2725 | D loss: 0.0443 | val G loss: 0.2682 | total time: 0 hours 29 minutes
Epoch: 51 | G loss: 0.2766 | D loss: 0.0451 | val G loss: 0.2589 | total time: 0 hours 30 minutes
Epoch: 52 | G loss: 0.2783 | D loss: 0.0413 | val G loss: 0.2807 | total time: 0 hours 30 minutes
Epoch: 53 | G loss: 0.2699 | D loss: 0.0441 | val G loss: 0.2438 | total time: 0 hours 31 minutes
Epoch: 54 | G loss: 0.2681 | D loss: 0.0435 | val G loss: 0.2458 | total time: 0 hours 31 minutes
Epoch: 55 | G loss: 0.2687 | D loss: 0.0464 | val G loss: 0.2510 | total time: 0 hours 32 minutes
Epoch: 56 | G loss: 0.2678 | D loss: 0.0414 | val G loss: 0.2549 | total time: 0 hours 33 minutes
Epoch: 57 | G loss: 0.2619 | D loss: 0.0446 | val G loss: 0.2813 | total time: 0 hours 33 minutes
Epoch: 58 | G loss: 0.2667 | D loss: 0.0414 | val G loss: 0.2421 | total time: 0 hours 34 minutes
Epoch: 59 | G loss: 0.2564 | D loss: 0.0477 | val G loss: 0.2483 | total time: 0 hours 34 minutes
Epoch: 60 | G loss: 0.2581 | D loss: 0.0429 | val G loss: 0.2404 | total time: 0 hours 35 minutes
Epoch: 61 | G loss: 0.2565 | D loss: 0.0426 | val G loss: 0.2585 | total time: 0 hours 36 minutes
Epoch: 62 | G loss: 0.2599 | D loss: 0.0412 | val G loss: 0.2557 | total time: 0 hours 36 minutes
Epoch: 63 | G loss: 0.2577 | D loss: 0.0409 | val G loss: 0.2713 | total time: 0 hours 37 minutes
Epoch: 64 | G loss: 0.2556 | D loss: 0.0415 | val G loss: 0.2652 | total time: 0 hours 37 minutes
Epoch: 65 | G loss: 0.2550 | D loss: 0.0432 | val G loss: 0.2474 | total time: 0 hours 38 minutes
Epoch: 66 | G loss: 0.2562 | D loss: 0.0416 | val G loss: 0.2499 | total time: 0 hours 38 minutes
Epoch: 67 | G loss: 0.2463 | D loss: 0.0407 | val G loss: 0.2540 | total time: 0 hours 39 minutes
Epoch: 68 | G loss: 0.2502 | D loss: 0.0410 | val G loss: 0.2325 | total time: 0 hours 40 minutes
Epoch: 69 | G loss: 0.2523 | D loss: 0.0434 | val G loss: 0.2291 | total time: 0 hours 40 minutes
Epoch: 70 | G loss: 0.2542 | D loss: 0.0433 | val G loss: 0.2467 | total time: 0 hours 41 minutes
Epoch: 71 | G loss: 0.2486 | D loss: 0.0448 | val G loss: 0.2358 | total time: 0 hours 41 minutes
Epoch: 72 | G loss: 0.2434 | D loss: 0.0413 | val G loss: 0.2529 | total time: 0 hours 42 minutes
Epoch: 73 | G loss: 0.2425 | D loss: 0.0439 | val G loss: 0.2329 | total time: 0 hours 42 minutes
Epoch: 74 | G loss: 0.2466 | D loss: 0.0426 | val G loss: 0.2483 | total time: 0 hours 43 minutes
Epoch: 75 | G loss: 0.2467 | D loss: 0.0392 | val G loss: 0.2340 | total time: 0 hours 44 minutes
Epoch: 76 | G loss: 0.2420 | D loss: 0.0453 | val G loss: 0.2339 | total time: 0 hours 44 minutes
Epoch: 77 | G loss: 0.2448 | D loss: 0.0386 | val G loss: 0.2380 | total time: 0 hours 45 minutes
Epoch: 78 | G loss: 0.2444 | D loss: 0.0421 | val G loss: 0.2234 | total time: 0 hours 45 minutes
Epoch: 79 | G loss: 0.2463 | D loss: 0.0378 | val G loss: 0.2491 | total time: 0 hours 46 minutes
Epoch: 80 | G loss: 0.2405 | D loss: 0.0407 | val G loss: 0.2520 | total time: 0 hours 47 minutes
Epoch: 81 | G loss: 0.2329 | D loss: 0.0422 | val G loss: 0.2440 | total time: 0 hours 47 minutes
Epoch: 82 | G loss: 0.2432 | D loss: 0.0411 | val G loss: 0.2277 | total time: 0 hours 48 minutes
Epoch: 83 | G loss: 0.2405 | D loss: 0.0407 | val G loss: 0.2492 | total time: 0 hours 48 minutes
Epoch: 84 | G loss: 0.2387 | D loss: 0.0414 | val G loss: 0.2463 | total time: 0 hours 49 minutes
Epoch: 85 | G loss: 0.2345 | D loss: 0.0394 | val G loss: 0.2264 | total time: 0 hours 49 minutes
Epoch: 86 | G loss: 0.2367 | D loss: 0.0390 | val G loss: 0.2564 | total time: 0 hours 50 minutes
Epoch: 87 | G loss: 0.2331 | D loss: 0.0408 | val G loss: 0.2704 | total time: 0 hours 51 minutes
Epoch: 88 | G loss: 0.2344 | D loss: 0.0394 | val G loss: 0.2391 | total time: 0 hours 51 minutes
Epoch: 89 | G loss: 0.2291 | D loss: 0.0399 | val G loss: 0.2238 | total time: 0 hours 52 minutes
Epoch: 90 | G loss: 0.2264 | D loss: 0.0429 | val G loss: 0.2362 | total time: 0 hours 52 minutes
Epoch: 91 | G loss: 0.2281 | D loss: 0.0421 | val G loss: 0.2312 | total time: 0 hours 53 minutes
Epoch: 92 | G loss: 0.2318 | D loss: 0.0409 | val G loss: 0.2591 | total time: 0 hours 54 minutes
Epoch: 93 | G loss: 0.2245 | D loss: 0.0448 | val G loss: 0.2276 | total time: 0 hours 54 minutes
Epoch: 94 | G loss: 0.2277 | D loss: 0.0406 | val G loss: 0.2165 | total time: 0 hours 55 minutes
Epoch: 95 | G loss: 0.2220 | D loss: 0.0427 | val G loss: 0.2306 | total time: 0 hours 55 minutes
Epoch: 96 | G loss: 0.2259 | D loss: 0.0422 | val G loss: 0.2280 | total time: 0 hours 56 minutes
Epoch: 97 | G loss: 0.2302 | D loss: 0.0394 | val G loss: 0.2340 | total time: 0 hours 56 minutes
Epoch: 98 | G loss: 0.2234 | D loss: 0.0428 | val G loss: 0.2308 | total time: 0 hours 57 minutes
Epoch: 99 | G loss: 0.2222 | D loss: 0.0417 | val G loss: 0.2150 | total time: 0 hours 58 minutes
Epoch: 100 | G loss: 0.2263 | D loss: 0.0403 | val G loss: 0.2206 | total time: 0 hours 58 minutes
fold hold04 best_val=0.215036


######## LOOCV CRB fold hold-out phase 05 ########

[dans_crb_loocv_warp_d_hold05] device=cuda held=[4] train=1296 val=152
Epoch: 1 | G loss: 0.9471 | D loss: 0.0000 | val G loss: 1.0466 | total time: 0 hours 0 minutes
Epoch: 2 | G loss: 0.9125 | D loss: 0.0000 | val G loss: 1.0435 | total time: 0 hours 1 minutes
Epoch: 3 | G loss: 0.8890 | D loss: 0.0000 | val G loss: 1.0171 | total time: 0 hours 1 minutes
Epoch: 4 | G loss: 0.8561 | D loss: 0.0000 | val G loss: 0.9445 | total time: 0 hours 2 minutes
Epoch: 5 | G loss: 0.7733 | D loss: 0.0000 | val G loss: 0.9074 | total time: 0 hours 2 minutes
Epoch: 6 | G loss: 0.7558 | D loss: 0.1172 | val G loss: 0.9017 | total time: 0 hours 3 minutes
Epoch: 7 | G loss: 0.7361 | D loss: 0.1041 | val G loss: 0.8942 | total time: 0 hours 3 minutes
Epoch: 8 | G loss: 0.7481 | D loss: 0.0817 | val G loss: 0.8717 | total time: 0 hours 4 minutes
Epoch: 9 | G loss: 0.7175 | D loss: 0.0653 | val G loss: 0.7772 | total time: 0 hours 4 minutes
Epoch: 10 | G loss: 0.6459 | D loss: 0.0602 | val G loss: 0.6512 | total time: 0 hours 5 minutes
Epoch: 11 | G loss: 0.5892 | D loss: 0.0581 | val G loss: 0.5565 | total time: 0 hours 6 minutes
Epoch: 12 | G loss: 0.5355 | D loss: 0.0564 | val G loss: 0.5550 | total time: 0 hours 6 minutes
Epoch: 13 | G loss: 0.4876 | D loss: 0.0667 | val G loss: 0.4928 | total time: 0 hours 7 minutes
Epoch: 14 | G loss: 0.4682 | D loss: 0.0557 | val G loss: 0.4641 | total time: 0 hours 7 minutes
Epoch: 15 | G loss: 0.4328 | D loss: 0.0529 | val G loss: 0.4970 | total time: 0 hours 8 minutes
Epoch: 16 | G loss: 0.4111 | D loss: 0.0569 | val G loss: 0.4023 | total time: 0 hours 9 minutes
Epoch: 17 | G loss: 0.3857 | D loss: 0.0527 | val G loss: 0.3836 | total time: 0 hours 9 minutes
Epoch: 18 | G loss: 0.3736 | D loss: 0.0549 | val G loss: 0.3849 | total time: 0 hours 10 minutes
Epoch: 19 | G loss: 0.3667 | D loss: 0.0535 | val G loss: 0.3705 | total time: 0 hours 10 minutes
Epoch: 20 | G loss: 0.3541 | D loss: 0.0549 | val G loss: 0.3590 | total time: 0 hours 11 minutes
Epoch: 21 | G loss: 0.3359 | D loss: 0.0556 | val G loss: 0.3442 | total time: 0 hours 12 minutes
Epoch: 22 | G loss: 0.3364 | D loss: 0.0575 | val G loss: 0.3473 | total time: 0 hours 12 minutes
Epoch: 23 | G loss: 0.3265 | D loss: 0.0544 | val G loss: 0.3296 | total time: 0 hours 13 minutes
Epoch: 24 | G loss: 0.3198 | D loss: 0.0555 | val G loss: 0.3570 | total time: 0 hours 13 minutes
Epoch: 25 | G loss: 0.3065 | D loss: 0.0538 | val G loss: 0.3438 | total time: 0 hours 14 minutes
Epoch: 26 | G loss: 0.3008 | D loss: 0.0581 | val G loss: 0.3009 | total time: 0 hours 14 minutes
Epoch: 27 | G loss: 0.2982 | D loss: 0.0562 | val G loss: 0.3131 | total time: 0 hours 15 minutes
Epoch: 28 | G loss: 0.2942 | D loss: 0.0548 | val G loss: 0.3046 | total time: 0 hours 16 minutes
Epoch: 29 | G loss: 0.2923 | D loss: 0.0547 | val G loss: 0.3075 | total time: 0 hours 16 minutes
Epoch: 30 | G loss: 0.2873 | D loss: 0.0533 | val G loss: 0.2756 | total time: 0 hours 17 minutes
Epoch: 31 | G loss: 0.2808 | D loss: 0.0541 | val G loss: 0.2795 | total time: 0 hours 17 minutes
Epoch: 32 | G loss: 0.2811 | D loss: 0.0555 | val G loss: 0.2881 | total time: 0 hours 18 minutes
Epoch: 33 | G loss: 0.2677 | D loss: 0.0550 | val G loss: 0.2720 | total time: 0 hours 18 minutes
Epoch: 34 | G loss: 0.2751 | D loss: 0.0530 | val G loss: 0.2760 | total time: 0 hours 19 minutes
Epoch: 35 | G loss: 0.2657 | D loss: 0.0534 | val G loss: 0.2727 | total time: 0 hours 19 minutes
Epoch: 36 | G loss: 0.2539 | D loss: 0.0546 | val G loss: 0.2586 | total time: 0 hours 20 minutes
Epoch: 37 | G loss: 0.2666 | D loss: 0.0548 | val G loss: 0.2893 | total time: 0 hours 21 minutes
Epoch: 38 | G loss: 0.2509 | D loss: 0.0570 | val G loss: 0.2860 | total time: 0 hours 21 minutes
Epoch: 39 | G loss: 0.2513 | D loss: 0.0544 | val G loss: 0.2755 | total time: 0 hours 22 minutes
Epoch: 40 | G loss: 0.2506 | D loss: 0.0538 | val G loss: 0.2640 | total time: 0 hours 22 minutes
Epoch: 41 | G loss: 0.2427 | D loss: 0.0569 | val G loss: 0.2664 | total time: 0 hours 23 minutes
Epoch: 42 | G loss: 0.2522 | D loss: 0.0500 | val G loss: 0.2862 | total time: 0 hours 23 minutes
Epoch: 43 | G loss: 0.2467 | D loss: 0.0530 | val G loss: 0.2685 | total time: 0 hours 24 minutes
Epoch: 44 | G loss: 0.2443 | D loss: 0.0488 | val G loss: 0.2589 | total time: 0 hours 24 minutes
Epoch: 45 | G loss: 0.2405 | D loss: 0.0528 | val G loss: 0.2519 | total time: 0 hours 25 minutes
Epoch: 46 | G loss: 0.2389 | D loss: 0.0522 | val G loss: 0.2602 | total time: 0 hours 25 minutes
Epoch: 47 | G loss: 0.2426 | D loss: 0.0492 | val G loss: 0.2644 | total time: 0 hours 26 minutes
Epoch: 48 | G loss: 0.2324 | D loss: 0.0534 | val G loss: 0.2278 | total time: 0 hours 27 minutes
Epoch: 49 | G loss: 0.2310 | D loss: 0.0519 | val G loss: 0.2220 | total time: 0 hours 27 minutes
Epoch: 50 | G loss: 0.2275 | D loss: 0.0521 | val G loss: 0.2794 | total time: 0 hours 28 minutes
Epoch: 51 | G loss: 0.2299 | D loss: 0.0528 | val G loss: 0.2391 | total time: 0 hours 28 minutes
Epoch: 52 | G loss: 0.2271 | D loss: 0.0526 | val G loss: 0.2346 | total time: 0 hours 29 minutes
Epoch: 53 | G loss: 0.2300 | D loss: 0.0499 | val G loss: 0.2452 | total time: 0 hours 29 minutes
Epoch: 54 | G loss: 0.2309 | D loss: 0.0464 | val G loss: 0.2337 | total time: 0 hours 30 minutes
Epoch: 55 | G loss: 0.2203 | D loss: 0.0544 | val G loss: 0.2512 | total time: 0 hours 30 minutes
Epoch: 56 | G loss: 0.2271 | D loss: 0.0516 | val G loss: 0.2643 | total time: 0 hours 31 minutes
Epoch: 57 | G loss: 0.2205 | D loss: 0.0555 | val G loss: 0.2652 | total time: 0 hours 32 minutes
Epoch: 58 | G loss: 0.2244 | D loss: 0.0518 | val G loss: 0.2399 | total time: 0 hours 32 minutes
Epoch: 59 | G loss: 0.2211 | D loss: 0.0515 | val G loss: 0.2365 | total time: 0 hours 33 minutes
Epoch: 60 | G loss: 0.2187 | D loss: 0.0511 | val G loss: 0.2360 | total time: 0 hours 33 minutes
Epoch: 61 | G loss: 0.2185 | D loss: 0.0509 | val G loss: 0.2234 | total time: 0 hours 34 minutes
Epoch: 62 | G loss: 0.2163 | D loss: 0.0528 | val G loss: 0.2510 | total time: 0 hours 34 minutes
Epoch: 63 | G loss: 0.2156 | D loss: 0.0504 | val G loss: 0.2168 | total time: 0 hours 35 minutes
Epoch: 64 | G loss: 0.2191 | D loss: 0.0497 | val G loss: 0.2431 | total time: 0 hours 35 minutes
Epoch: 65 | G loss: 0.2179 | D loss: 0.0505 | val G loss: 0.2578 | total time: 0 hours 36 minutes
Epoch: 66 | G loss: 0.2143 | D loss: 0.0512 | val G loss: 0.2423 | total time: 0 hours 37 minutes
Epoch: 67 | G loss: 0.2162 | D loss: 0.0508 | val G loss: 0.2309 | total time: 0 hours 37 minutes
Epoch: 68 | G loss: 0.2064 | D loss: 0.0526 | val G loss: 0.2130 | total time: 0 hours 38 minutes
Epoch: 69 | G loss: 0.2100 | D loss: 0.0522 | val G loss: 0.2416 | total time: 0 hours 38 minutes
Epoch: 70 | G loss: 0.2076 | D loss: 0.0514 | val G loss: 0.2143 | total time: 0 hours 39 minutes
Epoch: 71 | G loss: 0.2082 | D loss: 0.0506 | val G loss: 0.2275 | total time: 0 hours 39 minutes
Epoch: 72 | G loss: 0.2057 | D loss: 0.0530 | val G loss: 0.2221 | total time: 0 hours 40 minutes
Epoch: 73 | G loss: 0.2098 | D loss: 0.0445 | val G loss: 0.2117 | total time: 0 hours 40 minutes
Epoch: 74 | G loss: 0.2097 | D loss: 0.0497 | val G loss: 0.2312 | total time: 0 hours 41 minutes
Epoch: 75 | G loss: 0.2067 | D loss: 0.0492 | val G loss: 0.2149 | total time: 0 hours 42 minutes
Epoch: 76 | G loss: 0.2023 | D loss: 0.0535 | val G loss: 0.2141 | total time: 0 hours 42 minutes
Epoch: 77 | G loss: 0.2006 | D loss: 0.0501 | val G loss: 0.2266 | total time: 0 hours 43 minutes
Epoch: 78 | G loss: 0.2065 | D loss: 0.0504 | val G loss: 0.2200 | total time: 0 hours 43 minutes
Epoch: 79 | G loss: 0.1996 | D loss: 0.0494 | val G loss: 0.2231 | total time: 0 hours 44 minutes
Epoch: 80 | G loss: 0.2038 | D loss: 0.0500 | val G loss: 0.2078 | total time: 0 hours 44 minutes
Epoch: 81 | G loss: 0.2050 | D loss: 0.0498 | val G loss: 0.2167 | total time: 0 hours 45 minutes
Epoch: 82 | G loss: 0.1999 | D loss: 0.0515 | val G loss: 0.2129 | total time: 0 hours 45 minutes
Epoch: 83 | G loss: 0.1967 | D loss: 0.0509 | val G loss: 0.2058 | total time: 0 hours 46 minutes
Epoch: 84 | G loss: 0.1988 | D loss: 0.0508 | val G loss: 0.2027 | total time: 0 hours 47 minutes
Epoch: 85 | G loss: 0.1991 | D loss: 0.0496 | val G loss: 0.2076 | total time: 0 hours 47 minutes
Epoch: 86 | G loss: 0.1969 | D loss: 0.0523 | val G loss: 0.2244 | total time: 0 hours 48 minutes
Epoch: 87 | G loss: 0.1955 | D loss: 0.0520 | val G loss: 0.2148 | total time: 0 hours 48 minutes
Epoch: 88 | G loss: 0.1980 | D loss: 0.0511 | val G loss: 0.2201 | total time: 0 hours 49 minutes
Epoch: 89 | G loss: 0.1951 | D loss: 0.0501 | val G loss: 0.2017 | total time: 0 hours 49 minutes
Epoch: 90 | G loss: 0.1959 | D loss: 0.0469 | val G loss: 0.2189 | total time: 0 hours 50 minutes
Epoch: 91 | G loss: 0.1934 | D loss: 0.0524 | val G loss: 0.2585 | total time: 0 hours 50 minutes
Epoch: 92 | G loss: 0.1943 | D loss: 0.0477 | val G loss: 0.2265 | total time: 0 hours 51 minutes
Epoch: 93 | G loss: 0.1940 | D loss: 0.0486 | val G loss: 0.2209 | total time: 0 hours 52 minutes
Epoch: 94 | G loss: 0.1942 | D loss: 0.0497 | val G loss: 0.2105 | total time: 0 hours 52 minutes
Epoch: 95 | G loss: 0.1902 | D loss: 0.0510 | val G loss: 0.2013 | total time: 0 hours 53 minutes
Epoch: 96 | G loss: 0.1915 | D loss: 0.0507 | val G loss: 0.2079 | total time: 0 hours 53 minutes
Epoch: 97 | G loss: 0.1925 | D loss: 0.0473 | val G loss: 0.2252 | total time: 0 hours 54 minutes
Epoch: 98 | G loss: 0.1906 | D loss: 0.0505 | val G loss: 0.1972 | total time: 0 hours 54 minutes
Epoch: 99 | G loss: 0.1937 | D loss: 0.0481 | val G loss: 0.1917 | total time: 0 hours 55 minutes
Epoch: 100 | G loss: 0.1885 | D loss: 0.0517 | val G loss: 0.2252 | total time: 0 hours 55 minutes
fold hold05 best_val=0.191718


######## LOOCV CRB fold hold-out phase 06 ########

[dans_crb_loocv_warp_d_hold06] device=cuda held=[5] train=1296 val=152
Epoch: 1 | G loss: 0.9330 | D loss: 0.0000 | val G loss: 1.0969 | total time: 0 hours 0 minutes
Epoch: 2 | G loss: 0.8833 | D loss: 0.0000 | val G loss: 1.0766 | total time: 0 hours 0 minutes
Epoch: 3 | G loss: 0.8388 | D loss: 0.0000 | val G loss: 1.0189 | total time: 0 hours 1 minutes
Epoch: 4 | G loss: 0.7864 | D loss: 0.0000 | val G loss: 1.0430 | total time: 0 hours 1 minutes
Epoch: 5 | G loss: 0.7335 | D loss: 0.0000 | val G loss: 0.8902 | total time: 0 hours 2 minutes
Epoch: 6 | G loss: 0.6994 | D loss: 0.1194 | val G loss: 0.8685 | total time: 0 hours 2 minutes
Epoch: 7 | G loss: 0.6419 | D loss: 0.1042 | val G loss: 0.7512 | total time: 0 hours 3 minutes
Epoch: 8 | G loss: 0.5876 | D loss: 0.1032 | val G loss: 0.6467 | total time: 0 hours 3 minutes
Epoch: 9 | G loss: 0.5161 | D loss: 0.1037 | val G loss: 0.6229 | total time: 0 hours 4 minutes
Epoch: 10 | G loss: 0.4891 | D loss: 0.0898 | val G loss: 0.5522 | total time: 0 hours 4 minutes
Epoch: 11 | G loss: 0.4593 | D loss: 0.0812 | val G loss: 0.5287 | total time: 0 hours 5 minutes
Epoch: 12 | G loss: 0.4398 | D loss: 0.0701 | val G loss: 0.4994 | total time: 0 hours 6 minutes
Epoch: 13 | G loss: 0.4215 | D loss: 0.0685 | val G loss: 0.5546 | total time: 0 hours 6 minutes
Epoch: 14 | G loss: 0.4042 | D loss: 0.0623 | val G loss: 0.4749 | total time: 0 hours 7 minutes
Epoch: 15 | G loss: 0.3874 | D loss: 0.0619 | val G loss: 0.4640 | total time: 0 hours 7 minutes
Epoch: 16 | G loss: 0.3651 | D loss: 0.0638 | val G loss: 0.4514 | total time: 0 hours 8 minutes
Epoch: 17 | G loss: 0.3601 | D loss: 0.0613 | val G loss: 0.4099 | total time: 0 hours 8 minutes
Epoch: 18 | G loss: 0.3453 | D loss: 0.0623 | val G loss: 0.3791 | total time: 0 hours 9 minutes
Epoch: 19 | G loss: 0.3280 | D loss: 0.0636 | val G loss: 0.4084 | total time: 0 hours 9 minutes
Epoch: 20 | G loss: 0.3312 | D loss: 0.0602 | val G loss: 0.3723 | total time: 0 hours 10 minutes
Epoch: 21 | G loss: 0.3212 | D loss: 0.0609 | val G loss: 0.3673 | total time: 0 hours 10 minutes
Epoch: 22 | G loss: 0.3132 | D loss: 0.0610 | val G loss: 0.3674 | total time: 0 hours 11 minutes
Epoch: 23 | G loss: 0.3142 | D loss: 0.0662 | val G loss: 0.3622 | total time: 0 hours 12 minutes
Epoch: 24 | G loss: 0.3059 | D loss: 0.0611 | val G loss: 0.3577 | total time: 0 hours 12 minutes
Epoch: 25 | G loss: 0.3039 | D loss: 0.0576 | val G loss: 0.3766 | total time: 0 hours 13 minutes
Epoch: 26 | G loss: 0.2955 | D loss: 0.0598 | val G loss: 0.3622 | total time: 0 hours 13 minutes
Epoch: 27 | G loss: 0.2845 | D loss: 0.0614 | val G loss: 0.3774 | total time: 0 hours 14 minutes
Epoch: 28 | G loss: 0.2887 | D loss: 0.0599 | val G loss: 0.3308 | total time: 0 hours 14 minutes
Epoch: 29 | G loss: 0.2853 | D loss: 0.0592 | val G loss: 0.3296 | total time: 0 hours 15 minutes
Epoch: 30 | G loss: 0.2773 | D loss: 0.0605 | val G loss: 0.3198 | total time: 0 hours 15 minutes
Epoch: 31 | G loss: 0.2726 | D loss: 0.0629 | val G loss: 0.3810 | total time: 0 hours 16 minutes
Epoch: 32 | G loss: 0.2744 | D loss: 0.0546 | val G loss: 0.3435 | total time: 0 hours 17 minutes
Epoch: 33 | G loss: 0.2722 | D loss: 0.0548 | val G loss: 0.3406 | total time: 0 hours 17 minutes
Epoch: 34 | G loss: 0.2665 | D loss: 0.0577 | val G loss: 0.2982 | total time: 0 hours 18 minutes
Epoch: 35 | G loss: 0.2625 | D loss: 0.0556 | val G loss: 0.3239 | total time: 0 hours 18 minutes
Epoch: 36 | G loss: 0.2578 | D loss: 0.0578 | val G loss: 0.3132 | total time: 0 hours 19 minutes
Epoch: 37 | G loss: 0.2592 | D loss: 0.0564 | val G loss: 0.2981 | total time: 0 hours 19 minutes
Epoch: 38 | G loss: 0.2582 | D loss: 0.0540 | val G loss: 0.3161 | total time: 0 hours 20 minutes
Epoch: 39 | G loss: 0.2540 | D loss: 0.0558 | val G loss: 0.3328 | total time: 0 hours 20 minutes
Epoch: 40 | G loss: 0.2499 | D loss: 0.0555 | val G loss: 0.3080 | total time: 0 hours 21 minutes
Epoch: 41 | G loss: 0.2509 | D loss: 0.0549 | val G loss: 0.2956 | total time: 0 hours 21 minutes
Epoch: 42 | G loss: 0.2493 | D loss: 0.0527 | val G loss: 0.2999 | total time: 0 hours 22 minutes
Epoch: 43 | G loss: 0.2427 | D loss: 0.0538 | val G loss: 0.3131 | total time: 0 hours 23 minutes
Epoch: 44 | G loss: 0.2482 | D loss: 0.0543 | val G loss: 0.3101 | total time: 0 hours 23 minutes
Epoch: 45 | G loss: 0.2423 | D loss: 0.0529 | val G loss: 0.3067 | total time: 0 hours 24 minutes
Epoch: 46 | G loss: 0.2416 | D loss: 0.0533 | val G loss: 0.3410 | total time: 0 hours 24 minutes
Epoch: 47 | G loss: 0.2433 | D loss: 0.0519 | val G loss: 0.3178 | total time: 0 hours 25 minutes
Epoch: 48 | G loss: 0.2365 | D loss: 0.0541 | val G loss: 0.2914 | total time: 0 hours 25 minutes
Epoch: 49 | G loss: 0.2395 | D loss: 0.0581 | val G loss: 0.3149 | total time: 0 hours 26 minutes
Epoch: 50 | G loss: 0.2291 | D loss: 0.0537 | val G loss: 0.2760 | total time: 0 hours 26 minutes
Epoch: 51 | G loss: 0.2332 | D loss: 0.0530 | val G loss: 0.3018 | total time: 0 hours 27 minutes
Epoch: 52 | G loss: 0.2335 | D loss: 0.0511 | val G loss: 0.2998 | total time: 0 hours 27 minutes
Epoch: 53 | G loss: 0.2361 | D loss: 0.0539 | val G loss: 0.2994 | total time: 0 hours 28 minutes
Epoch: 54 | G loss: 0.2322 | D loss: 0.0496 | val G loss: 0.2752 | total time: 0 hours 29 minutes
Epoch: 55 | G loss: 0.2264 | D loss: 0.0564 | val G loss: 0.3200 | total time: 0 hours 29 minutes
Epoch: 56 | G loss: 0.2316 | D loss: 0.0522 | val G loss: 0.3204 | total time: 0 hours 30 minutes
Epoch: 57 | G loss: 0.2254 | D loss: 0.0529 | val G loss: 0.2808 | total time: 0 hours 30 minutes
Epoch: 58 | G loss: 0.2281 | D loss: 0.0489 | val G loss: 0.3008 | total time: 0 hours 31 minutes
Epoch: 59 | G loss: 0.2239 | D loss: 0.0545 | val G loss: 0.3086 | total time: 0 hours 31 minutes
Epoch: 60 | G loss: 0.2280 | D loss: 0.0525 | val G loss: 0.2867 | total time: 0 hours 32 minutes
Epoch: 61 | G loss: 0.2206 | D loss: 0.0511 | val G loss: 0.2891 | total time: 0 hours 32 minutes
Epoch: 62 | G loss: 0.2221 | D loss: 0.0502 | val G loss: 0.2699 | total time: 0 hours 33 minutes
Epoch: 63 | G loss: 0.2241 | D loss: 0.0510 | val G loss: 0.2952 | total time: 0 hours 34 minutes
Epoch: 64 | G loss: 0.2195 | D loss: 0.0487 | val G loss: 0.2900 | total time: 0 hours 34 minutes
Epoch: 65 | G loss: 0.2200 | D loss: 0.0525 | val G loss: 0.3114 | total time: 0 hours 35 minutes
Epoch: 66 | G loss: 0.2203 | D loss: 0.0531 | val G loss: 0.2809 | total time: 0 hours 35 minutes
Epoch: 67 | G loss: 0.2169 | D loss: 0.0502 | val G loss: 0.2848 | total time: 0 hours 36 minutes
Epoch: 68 | G loss: 0.2182 | D loss: 0.0518 | val G loss: 0.2952 | total time: 0 hours 36 minutes
Epoch: 69 | G loss: 0.2165 | D loss: 0.0500 | val G loss: 0.2716 | total time: 0 hours 37 minutes
Epoch: 70 | G loss: 0.2148 | D loss: 0.0510 | val G loss: 0.2992 | total time: 0 hours 37 minutes
Epoch: 71 | G loss: 0.2159 | D loss: 0.0478 | val G loss: 0.2883 | total time: 0 hours 38 minutes
Epoch: 72 | G loss: 0.2153 | D loss: 0.0462 | val G loss: 0.2752 | total time: 0 hours 38 minutes
Epoch: 73 | G loss: 0.2120 | D loss: 0.0524 | val G loss: 0.2739 | total time: 0 hours 39 minutes
Epoch: 74 | G loss: 0.2152 | D loss: 0.0527 | val G loss: 0.2840 | total time: 0 hours 40 minutes
Epoch: 75 | G loss: 0.2115 | D loss: 0.0509 | val G loss: 0.2967 | total time: 0 hours 40 minutes
Epoch: 76 | G loss: 0.2125 | D loss: 0.0488 | val G loss: 0.2719 | total time: 0 hours 41 minutes
Epoch: 77 | G loss: 0.2132 | D loss: 0.0510 | val G loss: 0.2714 | total time: 0 hours 41 minutes
Epoch: 78 | G loss: 0.2148 | D loss: 0.0488 | val G loss: 0.2612 | total time: 0 hours 42 minutes
Epoch: 79 | G loss: 0.2069 | D loss: 0.0522 | val G loss: 0.2784 | total time: 0 hours 42 minutes
Epoch: 80 | G loss: 0.2114 | D loss: 0.0475 | val G loss: 0.2801 | total time: 0 hours 43 minutes
Epoch: 81 | G loss: 0.2118 | D loss: 0.0489 | val G loss: 0.2751 | total time: 0 hours 43 minutes
Epoch: 82 | G loss: 0.2083 | D loss: 0.0489 | val G loss: 0.2738 | total time: 0 hours 44 minutes
Epoch: 83 | G loss: 0.2079 | D loss: 0.0491 | val G loss: 0.2966 | total time: 0 hours 45 minutes
Epoch: 84 | G loss: 0.2083 | D loss: 0.0491 | val G loss: 0.2883 | total time: 0 hours 45 minutes
Epoch: 85 | G loss: 0.2040 | D loss: 0.0499 | val G loss: 0.3086 | total time: 0 hours 46 minutes
Epoch: 86 | G loss: 0.2073 | D loss: 0.0473 | val G loss: 0.2701 | total time: 0 hours 46 minutes
Epoch: 87 | G loss: 0.1996 | D loss: 0.0513 | val G loss: 0.2674 | total time: 0 hours 47 minutes
Epoch: 88 | G loss: 0.2130 | D loss: 0.0476 | val G loss: 0.2666 | total time: 0 hours 47 minutes
Epoch: 89 | G loss: 0.2011 | D loss: 0.0495 | val G loss: 0.2659 | total time: 0 hours 48 minutes
Epoch: 90 | G loss: 0.1982 | D loss: 0.0502 | val G loss: 0.2854 | total time: 0 hours 48 minutes
Epoch: 91 | G loss: 0.2043 | D loss: 0.0492 | val G loss: 0.2697 | total time: 0 hours 49 minutes
Epoch: 92 | G loss: 0.2055 | D loss: 0.0516 | val G loss: 0.2987 | total time: 0 hours 49 minutes
Epoch: 93 | G loss: 0.2034 | D loss: 0.0489 | val G loss: 0.2844 | total time: 0 hours 50 minutes
Epoch: 94 | G loss: 0.2034 | D loss: 0.0501 | val G loss: 0.2861 | total time: 0 hours 51 minutes
Epoch: 95 | G loss: 0.2023 | D loss: 0.0457 | val G loss: 0.2855 | total time: 0 hours 51 minutes
Epoch: 96 | G loss: 0.2050 | D loss: 0.0472 | val G loss: 0.2957 | total time: 0 hours 52 minutes
Epoch: 97 | G loss: 0.2022 | D loss: 0.0496 | val G loss: 0.3155 | total time: 0 hours 52 minutes
Epoch: 98 | G loss: 0.1995 | D loss: 0.0502 | val G loss: 0.2771 | total time: 0 hours 53 minutes
Epoch: 99 | G loss: 0.1973 | D loss: 0.0469 | val G loss: 0.2867 | total time: 0 hours 53 minutes
Epoch: 100 | G loss: 0.2042 | D loss: 0.0460 | val G loss: 0.2617 | total time: 0 hours 54 minutes
fold hold06 best_val=0.261166


######## LOOCV CRB fold hold-out phase 07 ########

[dans_crb_loocv_warp_d_hold07] device=cuda held=[6] train=1296 val=152
Epoch: 1 | G loss: 0.9656 | D loss: 0.0000 | val G loss: 0.9604 | total time: 0 hours 0 minutes
Epoch: 2 | G loss: 0.9406 | D loss: 0.0000 | val G loss: 0.9186 | total time: 0 hours 0 minutes
Epoch: 3 | G loss: 0.8721 | D loss: 0.0000 | val G loss: 0.8860 | total time: 0 hours 1 minutes
Epoch: 4 | G loss: 0.7826 | D loss: 0.0000 | val G loss: 0.8249 | total time: 0 hours 1 minutes
Epoch: 5 | G loss: 0.7471 | D loss: 0.0000 | val G loss: 0.7953 | total time: 0 hours 2 minutes
Epoch: 6 | G loss: 0.7408 | D loss: 0.1176 | val G loss: 0.7865 | total time: 0 hours 2 minutes
Epoch: 7 | G loss: 0.7258 | D loss: 0.1031 | val G loss: 0.7761 | total time: 0 hours 3 minutes
Epoch: 8 | G loss: 0.6736 | D loss: 0.0879 | val G loss: 0.7335 | total time: 0 hours 3 minutes
Epoch: 9 | G loss: 0.6490 | D loss: 0.0693 | val G loss: 0.7103 | total time: 0 hours 4 minutes
Epoch: 10 | G loss: 0.5992 | D loss: 0.0578 | val G loss: 0.6531 | total time: 0 hours 4 minutes
Epoch: 11 | G loss: 0.5488 | D loss: 0.0568 | val G loss: 0.6214 | total time: 0 hours 5 minutes
Epoch: 12 | G loss: 0.4955 | D loss: 0.0540 | val G loss: 0.6019 | total time: 0 hours 6 minutes
Epoch: 13 | G loss: 0.4690 | D loss: 0.0526 | val G loss: 0.5318 | total time: 0 hours 6 minutes
Epoch: 14 | G loss: 0.4418 | D loss: 0.0511 | val G loss: 0.5381 | total time: 0 hours 7 minutes
Epoch: 15 | G loss: 0.4317 | D loss: 0.0529 | val G loss: 0.5372 | total time: 0 hours 7 minutes
Epoch: 16 | G loss: 0.4069 | D loss: 0.0507 | val G loss: 0.5315 | total time: 0 hours 8 minutes
Epoch: 17 | G loss: 0.4008 | D loss: 0.0489 | val G loss: 0.5223 | total time: 0 hours 8 minutes
Epoch: 18 | G loss: 0.3882 | D loss: 0.0457 | val G loss: 0.4721 | total time: 0 hours 9 minutes
Epoch: 19 | G loss: 0.3728 | D loss: 0.0510 | val G loss: 0.4835 | total time: 0 hours 9 minutes
Epoch: 20 | G loss: 0.3719 | D loss: 0.0498 | val G loss: 0.5043 | total time: 0 hours 10 minutes
Epoch: 21 | G loss: 0.3580 | D loss: 0.0470 | val G loss: 0.4439 | total time: 0 hours 11 minutes
Epoch: 22 | G loss: 0.3447 | D loss: 0.0495 | val G loss: 0.4639 | total time: 0 hours 11 minutes
Epoch: 23 | G loss: 0.3339 | D loss: 0.0501 | val G loss: 0.4799 | total time: 0 hours 12 minutes
Epoch: 24 | G loss: 0.3353 | D loss: 0.0507 | val G loss: 0.4401 | total time: 0 hours 12 minutes
Epoch: 25 | G loss: 0.3187 | D loss: 0.0512 | val G loss: 0.4197 | total time: 0 hours 13 minutes
Epoch: 26 | G loss: 0.3201 | D loss: 0.0538 | val G loss: 0.4601 | total time: 0 hours 13 minutes
Epoch: 27 | G loss: 0.3113 | D loss: 0.0508 | val G loss: 0.4429 | total time: 0 hours 14 minutes
Epoch: 28 | G loss: 0.3135 | D loss: 0.0476 | val G loss: 0.4636 | total time: 0 hours 14 minutes
Epoch: 29 | G loss: 0.3045 | D loss: 0.0496 | val G loss: 0.3941 | total time: 0 hours 15 minutes
Epoch: 30 | G loss: 0.2961 | D loss: 0.0479 | val G loss: 0.4235 | total time: 0 hours 15 minutes
Epoch: 31 | G loss: 0.2926 | D loss: 0.0494 | val G loss: 0.4196 | total time: 0 hours 16 minutes
Epoch: 32 | G loss: 0.2927 | D loss: 0.0442 | val G loss: 0.4117 | total time: 0 hours 17 minutes
Epoch: 33 | G loss: 0.2889 | D loss: 0.0448 | val G loss: 0.4199 | total time: 0 hours 17 minutes
Epoch: 34 | G loss: 0.2884 | D loss: 0.0494 | val G loss: 0.4088 | total time: 0 hours 18 minutes
Epoch: 35 | G loss: 0.2868 | D loss: 0.0477 | val G loss: 0.3972 | total time: 0 hours 18 minutes
Epoch: 36 | G loss: 0.2767 | D loss: 0.0446 | val G loss: 0.3980 | total time: 0 hours 19 minutes
Epoch: 37 | G loss: 0.2749 | D loss: 0.0460 | val G loss: 0.4086 | total time: 0 hours 19 minutes
Epoch: 38 | G loss: 0.2758 | D loss: 0.0460 | val G loss: 0.4205 | total time: 0 hours 20 minutes
Epoch: 39 | G loss: 0.2703 | D loss: 0.0466 | val G loss: 0.4034 | total time: 0 hours 20 minutes
Epoch: 40 | G loss: 0.2682 | D loss: 0.0483 | val G loss: 0.4138 | total time: 0 hours 21 minutes
Epoch: 41 | G loss: 0.2619 | D loss: 0.0450 | val G loss: 0.4006 | total time: 0 hours 21 minutes
Epoch: 42 | G loss: 0.2650 | D loss: 0.0444 | val G loss: 0.3920 | total time: 0 hours 22 minutes
Epoch: 43 | G loss: 0.2657 | D loss: 0.0468 | val G loss: 0.4046 | total time: 0 hours 23 minutes
Epoch: 44 | G loss: 0.2609 | D loss: 0.0440 | val G loss: 0.3839 | total time: 0 hours 23 minutes
Epoch: 45 | G loss: 0.2568 | D loss: 0.0442 | val G loss: 0.3962 | total time: 0 hours 24 minutes
Epoch: 46 | G loss: 0.2585 | D loss: 0.0445 | val G loss: 0.3925 | total time: 0 hours 24 minutes
Epoch: 47 | G loss: 0.2511 | D loss: 0.0435 | val G loss: 0.3937 | total time: 0 hours 25 minutes
Epoch: 48 | G loss: 0.2518 | D loss: 0.0425 | val G loss: 0.3922 | total time: 0 hours 25 minutes
Epoch: 49 | G loss: 0.2497 | D loss: 0.0427 | val G loss: 0.3660 | total time: 0 hours 26 minutes
Epoch: 50 | G loss: 0.2515 | D loss: 0.0429 | val G loss: 0.3694 | total time: 0 hours 26 minutes
Epoch: 51 | G loss: 0.2523 | D loss: 0.0453 | val G loss: 0.4107 | total time: 0 hours 27 minutes
Epoch: 52 | G loss: 0.2491 | D loss: 0.0413 | val G loss: 0.4230 | total time: 0 hours 28 minutes
Epoch: 53 | G loss: 0.2476 | D loss: 0.0404 | val G loss: 0.3681 | total time: 0 hours 28 minutes
Epoch: 54 | G loss: 0.2407 | D loss: 0.0409 | val G loss: 0.3726 | total time: 0 hours 29 minutes
Epoch: 55 | G loss: 0.2393 | D loss: 0.0437 | val G loss: 0.3599 | total time: 0 hours 29 minutes
Epoch: 56 | G loss: 0.2415 | D loss: 0.0429 | val G loss: 0.3631 | total time: 0 hours 30 minutes
Epoch: 57 | G loss: 0.2376 | D loss: 0.0416 | val G loss: 0.3613 | total time: 0 hours 30 minutes
Epoch: 58 | G loss: 0.2452 | D loss: 0.0407 | val G loss: 0.3589 | total time: 0 hours 31 minutes
Epoch: 59 | G loss: 0.2324 | D loss: 0.0446 | val G loss: 0.3663 | total time: 0 hours 31 minutes
Epoch: 60 | G loss: 0.2441 | D loss: 0.0429 | val G loss: 0.3609 | total time: 0 hours 32 minutes
Epoch: 61 | G loss: 0.2356 | D loss: 0.0410 | val G loss: 0.3587 | total time: 0 hours 32 minutes
Epoch: 62 | G loss: 0.2326 | D loss: 0.0421 | val G loss: 0.3895 | total time: 0 hours 33 minutes
Epoch: 63 | G loss: 0.2375 | D loss: 0.0434 | val G loss: 0.3809 | total time: 0 hours 34 minutes
Epoch: 64 | G loss: 0.2343 | D loss: 0.0410 | val G loss: 0.3902 | total time: 0 hours 34 minutes
Epoch: 65 | G loss: 0.2333 | D loss: 0.0404 | val G loss: 0.3960 | total time: 0 hours 35 minutes
Epoch: 66 | G loss: 0.2321 | D loss: 0.0411 | val G loss: 0.3652 | total time: 0 hours 35 minutes
Epoch: 67 | G loss: 0.2299 | D loss: 0.0394 | val G loss: 0.3502 | total time: 0 hours 36 minutes
Epoch: 68 | G loss: 0.2277 | D loss: 0.0408 | val G loss: 0.3537 | total time: 0 hours 36 minutes
Epoch: 69 | G loss: 0.2291 | D loss: 0.0395 | val G loss: 0.3532 | total time: 0 hours 37 minutes
Epoch: 70 | G loss: 0.2312 | D loss: 0.0387 | val G loss: 0.3724 | total time: 0 hours 37 minutes
Epoch: 71 | G loss: 0.2347 | D loss: 0.0416 | val G loss: 0.3831 | total time: 0 hours 38 minutes
Epoch: 72 | G loss: 0.2295 | D loss: 0.0432 | val G loss: 0.3714 | total time: 0 hours 38 minutes
Epoch: 73 | G loss: 0.2228 | D loss: 0.0401 | val G loss: 0.3722 | total time: 0 hours 39 minutes
Epoch: 74 | G loss: 0.2259 | D loss: 0.0394 | val G loss: 0.3467 | total time: 0 hours 40 minutes
Epoch: 75 | G loss: 0.2266 | D loss: 0.0417 | val G loss: 0.3569 | total time: 0 hours 40 minutes
Epoch: 76 | G loss: 0.2223 | D loss: 0.0395 | val G loss: 0.3624 | total time: 0 hours 41 minutes
Epoch: 77 | G loss: 0.2246 | D loss: 0.0428 | val G loss: 0.3580 | total time: 0 hours 41 minutes
Epoch: 78 | G loss: 0.2230 | D loss: 0.0411 | val G loss: 0.3513 | total time: 0 hours 42 minutes
Epoch: 79 | G loss: 0.2200 | D loss: 0.0400 | val G loss: 0.3463 | total time: 0 hours 42 minutes
Epoch: 80 | G loss: 0.2225 | D loss: 0.0394 | val G loss: 0.3402 | total time: 0 hours 43 minutes
Epoch: 81 | G loss: 0.2212 | D loss: 0.0416 | val G loss: 0.3565 | total time: 0 hours 43 minutes
Epoch: 82 | G loss: 0.2172 | D loss: 0.0409 | val G loss: 0.3669 | total time: 0 hours 44 minutes
Epoch: 83 | G loss: 0.2170 | D loss: 0.0431 | val G loss: 0.3584 | total time: 0 hours 45 minutes
Epoch: 84 | G loss: 0.2154 | D loss: 0.0406 | val G loss: 0.3503 | total time: 0 hours 45 minutes
Epoch: 85 | G loss: 0.2173 | D loss: 0.0376 | val G loss: 0.3612 | total time: 0 hours 46 minutes
Epoch: 86 | G loss: 0.2138 | D loss: 0.0411 | val G loss: 0.3720 | total time: 0 hours 46 minutes
Epoch: 87 | G loss: 0.2234 | D loss: 0.0397 | val G loss: 0.3650 | total time: 0 hours 47 minutes
Epoch: 88 | G loss: 0.2155 | D loss: 0.0398 | val G loss: 0.3487 | total time: 0 hours 47 minutes
Epoch: 89 | G loss: 0.2103 | D loss: 0.0411 | val G loss: 0.3691 | total time: 0 hours 48 minutes
Epoch: 90 | G loss: 0.2127 | D loss: 0.0390 | val G loss: 0.3418 | total time: 0 hours 48 minutes
Epoch: 91 | G loss: 0.2130 | D loss: 0.0406 | val G loss: 0.3627 | total time: 0 hours 49 minutes
Epoch: 92 | G loss: 0.2152 | D loss: 0.0393 | val G loss: 0.3705 | total time: 0 hours 49 minutes
Epoch: 93 | G loss: 0.2128 | D loss: 0.0387 | val G loss: 0.3523 | total time: 0 hours 50 minutes
Epoch: 94 | G loss: 0.2125 | D loss: 0.0389 | val G loss: 0.3611 | total time: 0 hours 51 minutes
Epoch: 95 | G loss: 0.2111 | D loss: 0.0411 | val G loss: 0.3364 | total time: 0 hours 51 minutes
Epoch: 96 | G loss: 0.2135 | D loss: 0.0393 | val G loss: 0.3412 | total time: 0 hours 52 minutes
Epoch: 97 | G loss: 0.2131 | D loss: 0.0385 | val G loss: 0.3370 | total time: 0 hours 52 minutes
Epoch: 98 | G loss: 0.2128 | D loss: 0.0396 | val G loss: 0.3623 | total time: 0 hours 53 minutes
Epoch: 99 | G loss: 0.2069 | D loss: 0.0404 | val G loss: 0.3520 | total time: 0 hours 53 minutes
Epoch: 100 | G loss: 0.2093 | D loss: 0.0402 | val G loss: 0.3822 | total time: 0 hours 54 minutes
fold hold07 best_val=0.336392


######## LOOCV CRB fold hold-out phase 08 ########

[dans_crb_loocv_warp_d_hold08] device=cuda held=[7] train=1296 val=152
Epoch: 1 | G loss: 0.9771 | D loss: 0.0000 | val G loss: 0.8305 | total time: 0 hours 0 minutes
Epoch: 2 | G loss: 0.8982 | D loss: 0.0000 | val G loss: 0.7697 | total time: 0 hours 0 minutes
Epoch: 3 | G loss: 0.7899 | D loss: 0.0000 | val G loss: 0.7839 | total time: 0 hours 1 minutes
Epoch: 4 | G loss: 0.7650 | D loss: 0.0000 | val G loss: 0.7724 | total time: 0 hours 1 minutes
Epoch: 5 | G loss: 0.7414 | D loss: 0.0000 | val G loss: 0.7687 | total time: 0 hours 2 minutes
Epoch: 6 | G loss: 0.7756 | D loss: 0.1195 | val G loss: 0.7432 | total time: 0 hours 2 minutes
Epoch: 7 | G loss: 0.7421 | D loss: 0.1028 | val G loss: 0.7578 | total time: 0 hours 3 minutes
Epoch: 8 | G loss: 0.7143 | D loss: 0.0825 | val G loss: 0.6918 | total time: 0 hours 3 minutes
Epoch: 9 | G loss: 0.6224 | D loss: 0.0722 | val G loss: 0.6172 | total time: 0 hours 4 minutes
Epoch: 10 | G loss: 0.5765 | D loss: 0.0673 | val G loss: 0.5637 | total time: 0 hours 4 minutes
Epoch: 11 | G loss: 0.5193 | D loss: 0.0637 | val G loss: 0.5576 | total time: 0 hours 5 minutes
Epoch: 12 | G loss: 0.4925 | D loss: 0.0626 | val G loss: 0.5445 | total time: 0 hours 6 minutes
Epoch: 13 | G loss: 0.4726 | D loss: 0.0558 | val G loss: 0.4642 | total time: 0 hours 6 minutes
Epoch: 14 | G loss: 0.4568 | D loss: 0.0573 | val G loss: 0.4773 | total time: 0 hours 7 minutes
Epoch: 15 | G loss: 0.4268 | D loss: 0.0586 | val G loss: 0.4814 | total time: 0 hours 7 minutes
Epoch: 16 | G loss: 0.4191 | D loss: 0.0563 | val G loss: 0.4863 | total time: 0 hours 8 minutes
Epoch: 17 | G loss: 0.4018 | D loss: 0.0562 | val G loss: 0.4325 | total time: 0 hours 8 minutes
Epoch: 18 | G loss: 0.3966 | D loss: 0.0572 | val G loss: 0.4401 | total time: 0 hours 9 minutes
Epoch: 19 | G loss: 0.3874 | D loss: 0.0570 | val G loss: 0.4183 | total time: 0 hours 9 minutes
Epoch: 20 | G loss: 0.3691 | D loss: 0.0582 | val G loss: 0.4068 | total time: 0 hours 10 minutes
Epoch: 21 | G loss: 0.3604 | D loss: 0.0547 | val G loss: 0.4007 | total time: 0 hours 10 minutes
Epoch: 22 | G loss: 0.3541 | D loss: 0.0555 | val G loss: 0.3853 | total time: 0 hours 11 minutes
Epoch: 23 | G loss: 0.3509 | D loss: 0.0541 | val G loss: 0.3988 | total time: 0 hours 12 minutes
Epoch: 24 | G loss: 0.3374 | D loss: 0.0545 | val G loss: 0.3979 | total time: 0 hours 12 minutes
Epoch: 25 | G loss: 0.3272 | D loss: 0.0574 | val G loss: 0.3742 | total time: 0 hours 13 minutes
Epoch: 26 | G loss: 0.3191 | D loss: 0.0524 | val G loss: 0.4230 | total time: 0 hours 13 minutes
Epoch: 27 | G loss: 0.3200 | D loss: 0.0538 | val G loss: 0.3947 | total time: 0 hours 14 minutes
Epoch: 28 | G loss: 0.3132 | D loss: 0.0543 | val G loss: 0.3750 | total time: 0 hours 14 minutes
Epoch: 29 | G loss: 0.3081 | D loss: 0.0538 | val G loss: 0.3926 | total time: 0 hours 15 minutes
Epoch: 30 | G loss: 0.3052 | D loss: 0.0533 | val G loss: 0.3433 | total time: 0 hours 15 minutes
Epoch: 31 | G loss: 0.3000 | D loss: 0.0543 | val G loss: 0.3760 | total time: 0 hours 16 minutes
Epoch: 32 | G loss: 0.2929 | D loss: 0.0518 | val G loss: 0.3379 | total time: 0 hours 17 minutes
Epoch: 33 | G loss: 0.2891 | D loss: 0.0548 | val G loss: 0.3336 | total time: 0 hours 17 minutes
Epoch: 34 | G loss: 0.2946 | D loss: 0.0513 | val G loss: 0.3478 | total time: 0 hours 18 minutes
Epoch: 35 | G loss: 0.2793 | D loss: 0.0560 | val G loss: 0.3562 | total time: 0 hours 18 minutes
Epoch: 36 | G loss: 0.2750 | D loss: 0.0527 | val G loss: 0.3278 | total time: 0 hours 19 minutes
Epoch: 37 | G loss: 0.2740 | D loss: 0.0538 | val G loss: 0.3437 | total time: 0 hours 19 minutes
Epoch: 38 | G loss: 0.2654 | D loss: 0.0541 | val G loss: 0.3476 | total time: 0 hours 20 minutes
Epoch: 39 | G loss: 0.2706 | D loss: 0.0502 | val G loss: 0.3432 | total time: 0 hours 20 minutes
Epoch: 40 | G loss: 0.2723 | D loss: 0.0500 | val G loss: 0.3546 | total time: 0 hours 21 minutes
Epoch: 41 | G loss: 0.2666 | D loss: 0.0511 | val G loss: 0.3324 | total time: 0 hours 21 minutes
Epoch: 42 | G loss: 0.2619 | D loss: 0.0529 | val G loss: 0.3401 | total time: 0 hours 22 minutes
Epoch: 43 | G loss: 0.2639 | D loss: 0.0524 | val G loss: 0.3316 | total time: 0 hours 23 minutes
Epoch: 44 | G loss: 0.2568 | D loss: 0.0525 | val G loss: 0.3068 | total time: 0 hours 23 minutes
Epoch: 45 | G loss: 0.2562 | D loss: 0.0521 | val G loss: 0.3211 | total time: 0 hours 24 minutes
Epoch: 46 | G loss: 0.2643 | D loss: 0.0486 | val G loss: 0.3421 | total time: 0 hours 24 minutes
Epoch: 47 | G loss: 0.2575 | D loss: 0.0491 | val G loss: 0.3170 | total time: 0 hours 25 minutes
Epoch: 48 | G loss: 0.2505 | D loss: 0.0499 | val G loss: 0.3256 | total time: 0 hours 25 minutes
Epoch: 49 | G loss: 0.2495 | D loss: 0.0523 | val G loss: 0.3037 | total time: 0 hours 26 minutes
Epoch: 50 | G loss: 0.2529 | D loss: 0.0498 | val G loss: 0.3239 | total time: 0 hours 26 minutes
Epoch: 51 | G loss: 0.2477 | D loss: 0.0500 | val G loss: 0.3168 | total time: 0 hours 27 minutes
Epoch: 52 | G loss: 0.2402 | D loss: 0.0500 | val G loss: 0.3182 | total time: 0 hours 28 minutes
Epoch: 53 | G loss: 0.2462 | D loss: 0.0492 | val G loss: 0.3130 | total time: 0 hours 28 minutes
Epoch: 54 | G loss: 0.2421 | D loss: 0.0533 | val G loss: 0.3160 | total time: 0 hours 29 minutes
Epoch: 55 | G loss: 0.2476 | D loss: 0.0469 | val G loss: 0.3755 | total time: 0 hours 29 minutes
Epoch: 56 | G loss: 0.2373 | D loss: 0.0497 | val G loss: 0.3211 | total time: 0 hours 30 minutes
Epoch: 57 | G loss: 0.2433 | D loss: 0.0464 | val G loss: 0.3068 | total time: 0 hours 30 minutes
Epoch: 58 | G loss: 0.2398 | D loss: 0.0484 | val G loss: 0.2851 | total time: 0 hours 31 minutes
Epoch: 59 | G loss: 0.2356 | D loss: 0.0496 | val G loss: 0.3190 | total time: 0 hours 31 minutes
Epoch: 60 | G loss: 0.2395 | D loss: 0.0476 | val G loss: 0.3131 | total time: 0 hours 32 minutes
Epoch: 61 | G loss: 0.2333 | D loss: 0.0480 | val G loss: 0.3070 | total time: 0 hours 32 minutes
Epoch: 62 | G loss: 0.2293 | D loss: 0.0484 | val G loss: 0.3074 | total time: 0 hours 33 minutes
Epoch: 63 | G loss: 0.2333 | D loss: 0.0483 | val G loss: 0.2999 | total time: 0 hours 34 minutes
Epoch: 64 | G loss: 0.2299 | D loss: 0.0477 | val G loss: 0.3541 | total time: 0 hours 34 minutes
Epoch: 65 | G loss: 0.2334 | D loss: 0.0445 | val G loss: 0.3219 | total time: 0 hours 35 minutes
Epoch: 66 | G loss: 0.2314 | D loss: 0.0523 | val G loss: 0.2926 | total time: 0 hours 35 minutes
Epoch: 67 | G loss: 0.2313 | D loss: 0.0482 | val G loss: 0.2994 | total time: 0 hours 36 minutes
Epoch: 68 | G loss: 0.2263 | D loss: 0.0491 | val G loss: 0.3557 | total time: 0 hours 36 minutes
Epoch: 69 | G loss: 0.2289 | D loss: 0.0456 | val G loss: 0.3159 | total time: 0 hours 37 minutes
Epoch: 70 | G loss: 0.2242 | D loss: 0.0483 | val G loss: 0.2821 | total time: 0 hours 37 minutes
Epoch: 71 | G loss: 0.2255 | D loss: 0.0477 | val G loss: 0.3160 | total time: 0 hours 38 minutes
Epoch: 72 | G loss: 0.2287 | D loss: 0.0472 | val G loss: 0.3060 | total time: 0 hours 38 minutes
Epoch: 73 | G loss: 0.2213 | D loss: 0.0490 | val G loss: 0.2790 | total time: 0 hours 39 minutes
Epoch: 74 | G loss: 0.2240 | D loss: 0.0478 | val G loss: 0.3061 | total time: 0 hours 40 minutes
Epoch: 75 | G loss: 0.2178 | D loss: 0.0468 | val G loss: 0.3019 | total time: 0 hours 40 minutes
Epoch: 76 | G loss: 0.2239 | D loss: 0.0448 | val G loss: 0.2838 | total time: 0 hours 41 minutes
Epoch: 77 | G loss: 0.2223 | D loss: 0.0472 | val G loss: 0.2944 | total time: 0 hours 41 minutes
Epoch: 78 | G loss: 0.2230 | D loss: 0.0489 | val G loss: 0.2946 | total time: 0 hours 42 minutes
Epoch: 79 | G loss: 0.2190 | D loss: 0.0472 | val G loss: 0.3187 | total time: 0 hours 42 minutes
Epoch: 80 | G loss: 0.2180 | D loss: 0.0474 | val G loss: 0.2879 | total time: 0 hours 43 minutes
Epoch: 81 | G loss: 0.2178 | D loss: 0.0475 | val G loss: 0.3202 | total time: 0 hours 43 minutes
Epoch: 82 | G loss: 0.2200 | D loss: 0.0458 | val G loss: 0.3115 | total time: 0 hours 44 minutes
Epoch: 83 | G loss: 0.2145 | D loss: 0.0466 | val G loss: 0.3268 | total time: 0 hours 45 minutes
Epoch: 84 | G loss: 0.2154 | D loss: 0.0469 | val G loss: 0.2763 | total time: 0 hours 45 minutes
Epoch: 85 | G loss: 0.2129 | D loss: 0.0500 | val G loss: 0.2629 | total time: 0 hours 46 minutes
Epoch: 86 | G loss: 0.2110 | D loss: 0.0476 | val G loss: 0.2789 | total time: 0 hours 46 minutes
Epoch: 87 | G loss: 0.2153 | D loss: 0.0487 | val G loss: 0.2986 | total time: 0 hours 47 minutes
Epoch: 88 | G loss: 0.2184 | D loss: 0.0463 | val G loss: 0.2813 | total time: 0 hours 47 minutes
Epoch: 89 | G loss: 0.2047 | D loss: 0.0465 | val G loss: 0.2973 | total time: 0 hours 48 minutes
Epoch: 90 | G loss: 0.2125 | D loss: 0.0486 | val G loss: 0.3010 | total time: 0 hours 48 minutes
Epoch: 91 | G loss: 0.2116 | D loss: 0.0462 | val G loss: 0.2893 | total time: 0 hours 49 minutes
Epoch: 92 | G loss: 0.2066 | D loss: 0.0492 | val G loss: 0.2823 | total time: 0 hours 49 minutes
Epoch: 93 | G loss: 0.2121 | D loss: 0.0453 | val G loss: 0.2852 | total time: 0 hours 50 minutes
Epoch: 94 | G loss: 0.2125 | D loss: 0.0453 | val G loss: 0.3051 | total time: 0 hours 51 minutes
Epoch: 95 | G loss: 0.2154 | D loss: 0.0478 | val G loss: 0.2924 | total time: 0 hours 51 minutes
Epoch: 96 | G loss: 0.2021 | D loss: 0.0470 | val G loss: 0.2730 | total time: 0 hours 52 minutes
Epoch: 97 | G loss: 0.2067 | D loss: 0.0470 | val G loss: 0.2770 | total time: 0 hours 52 minutes
Epoch: 98 | G loss: 0.2132 | D loss: 0.0430 | val G loss: 0.3609 | total time: 0 hours 53 minutes
Epoch: 99 | G loss: 0.2051 | D loss: 0.0459 | val G loss: 0.2845 | total time: 0 hours 53 minutes
Epoch: 100 | G loss: 0.2027 | D loss: 0.0482 | val G loss: 0.2759 | total time: 0 hours 54 minutes
fold hold08 best_val=0.262873


######## LOOCV CRB fold hold-out phase 09 ########

[dans_crb_loocv_warp_d_hold09] device=cuda held=[8] train=1296 val=152
Epoch: 1 | G loss: 0.9601 | D loss: 0.0000 | val G loss: 1.0126 | total time: 0 hours 0 minutes
Epoch: 2 | G loss: 0.9223 | D loss: 0.0000 | val G loss: 0.9526 | total time: 0 hours 0 minutes
Epoch: 3 | G loss: 0.8102 | D loss: 0.0000 | val G loss: 0.8848 | total time: 0 hours 1 minutes
Epoch: 4 | G loss: 0.7649 | D loss: 0.0000 | val G loss: 0.8844 | total time: 0 hours 1 minutes
Epoch: 5 | G loss: 0.7190 | D loss: 0.0000 | val G loss: 0.8911 | total time: 0 hours 2 minutes
Epoch: 6 | G loss: 0.7085 | D loss: 0.1170 | val G loss: 0.8500 | total time: 0 hours 2 minutes
Epoch: 7 | G loss: 0.6293 | D loss: 0.1038 | val G loss: 0.7152 | total time: 0 hours 3 minutes
Epoch: 8 | G loss: 0.5569 | D loss: 0.0928 | val G loss: 0.6117 | total time: 0 hours 3 minutes
Epoch: 9 | G loss: 0.5290 | D loss: 0.0786 | val G loss: 0.5957 | total time: 0 hours 4 minutes
Epoch: 10 | G loss: 0.4981 | D loss: 0.0691 | val G loss: 0.5173 | total time: 0 hours 4 minutes
Epoch: 11 | G loss: 0.4596 | D loss: 0.0649 | val G loss: 0.4675 | total time: 0 hours 5 minutes
Epoch: 12 | G loss: 0.4419 | D loss: 0.0631 | val G loss: 0.4947 | total time: 0 hours 6 minutes
Epoch: 13 | G loss: 0.4326 | D loss: 0.0654 | val G loss: 0.4664 | total time: 0 hours 6 minutes
Epoch: 14 | G loss: 0.4220 | D loss: 0.0590 | val G loss: 0.4466 | total time: 0 hours 7 minutes
Epoch: 15 | G loss: 0.4018 | D loss: 0.0597 | val G loss: 0.4663 | total time: 0 hours 7 minutes
Epoch: 16 | G loss: 0.3959 | D loss: 0.0610 | val G loss: 0.4337 | total time: 0 hours 8 minutes
Epoch: 17 | G loss: 0.3744 | D loss: 0.0605 | val G loss: 0.4267 | total time: 0 hours 8 minutes
Epoch: 18 | G loss: 0.3871 | D loss: 0.0548 | val G loss: 0.4107 | total time: 0 hours 9 minutes
Epoch: 19 | G loss: 0.3641 | D loss: 0.0554 | val G loss: 0.4417 | total time: 0 hours 9 minutes
Epoch: 20 | G loss: 0.3583 | D loss: 0.0571 | val G loss: 0.4101 | total time: 0 hours 10 minutes
Epoch: 21 | G loss: 0.3525 | D loss: 0.0569 | val G loss: 0.4416 | total time: 0 hours 10 minutes
Epoch: 22 | G loss: 0.3404 | D loss: 0.0598 | val G loss: 0.3806 | total time: 0 hours 11 minutes
Epoch: 23 | G loss: 0.3433 | D loss: 0.0585 | val G loss: 0.3760 | total time: 0 hours 12 minutes
Epoch: 24 | G loss: 0.3312 | D loss: 0.0550 | val G loss: 0.3650 | total time: 0 hours 12 minutes
Epoch: 25 | G loss: 0.3217 | D loss: 0.0573 | val G loss: 0.3762 | total time: 0 hours 13 minutes
Epoch: 26 | G loss: 0.3174 | D loss: 0.0563 | val G loss: 0.3449 | total time: 0 hours 13 minutes
Epoch: 27 | G loss: 0.3170 | D loss: 0.0568 | val G loss: 0.3972 | total time: 0 hours 14 minutes
Epoch: 28 | G loss: 0.3177 | D loss: 0.0581 | val G loss: 0.3646 | total time: 0 hours 14 minutes
Epoch: 29 | G loss: 0.3054 | D loss: 0.0564 | val G loss: 0.3323 | total time: 0 hours 15 minutes
Epoch: 30 | G loss: 0.2941 | D loss: 0.0599 | val G loss: 0.3415 | total time: 0 hours 15 minutes
Epoch: 31 | G loss: 0.2973 | D loss: 0.0546 | val G loss: 0.3388 | total time: 0 hours 16 minutes
Epoch: 32 | G loss: 0.2992 | D loss: 0.0529 | val G loss: 0.3312 | total time: 0 hours 17 minutes
Epoch: 33 | G loss: 0.2898 | D loss: 0.0570 | val G loss: 0.3144 | total time: 0 hours 17 minutes
Epoch: 34 | G loss: 0.2877 | D loss: 0.0554 | val G loss: 0.3545 | total time: 0 hours 18 minutes
Epoch: 35 | G loss: 0.2792 | D loss: 0.0542 | val G loss: 0.3124 | total time: 0 hours 18 minutes
Epoch: 36 | G loss: 0.2797 | D loss: 0.0531 | val G loss: 0.3314 | total time: 0 hours 19 minutes
Epoch: 37 | G loss: 0.2734 | D loss: 0.0542 | val G loss: 0.3268 | total time: 0 hours 19 minutes
Epoch: 38 | G loss: 0.2790 | D loss: 0.0526 | val G loss: 0.3259 | total time: 0 hours 20 minutes
Epoch: 39 | G loss: 0.2695 | D loss: 0.0537 | val G loss: 0.3191 | total time: 0 hours 20 minutes
Epoch: 40 | G loss: 0.2675 | D loss: 0.0527 | val G loss: 0.3077 | total time: 0 hours 21 minutes
Epoch: 41 | G loss: 0.2642 | D loss: 0.0520 | val G loss: 0.2966 | total time: 0 hours 21 minutes
Epoch: 42 | G loss: 0.2666 | D loss: 0.0529 | val G loss: 0.3100 | total time: 0 hours 22 minutes
Epoch: 43 | G loss: 0.2621 | D loss: 0.0543 | val G loss: 0.2944 | total time: 0 hours 23 minutes
Epoch: 44 | G loss: 0.2638 | D loss: 0.0543 | val G loss: 0.3059 | total time: 0 hours 23 minutes
Epoch: 45 | G loss: 0.2600 | D loss: 0.0541 | val G loss: 0.2988 | total time: 0 hours 24 minutes
Epoch: 46 | G loss: 0.2629 | D loss: 0.0517 | val G loss: 0.2950 | total time: 0 hours 24 minutes
Epoch: 47 | G loss: 0.2589 | D loss: 0.0502 | val G loss: 0.2986 | total time: 0 hours 25 minutes
Epoch: 48 | G loss: 0.2599 | D loss: 0.0521 | val G loss: 0.3020 | total time: 0 hours 25 minutes
Epoch: 49 | G loss: 0.2536 | D loss: 0.0520 | val G loss: 0.3250 | total time: 0 hours 26 minutes
Epoch: 50 | G loss: 0.2475 | D loss: 0.0522 | val G loss: 0.2962 | total time: 0 hours 26 minutes
Epoch: 51 | G loss: 0.2442 | D loss: 0.0544 | val G loss: 0.3206 | total time: 0 hours 27 minutes
Epoch: 52 | G loss: 0.2555 | D loss: 0.0502 | val G loss: 0.3223 | total time: 0 hours 28 minutes
Epoch: 53 | G loss: 0.2491 | D loss: 0.0513 | val G loss: 0.2954 | total time: 0 hours 28 minutes
Epoch: 54 | G loss: 0.2474 | D loss: 0.0518 | val G loss: 0.2784 | total time: 0 hours 29 minutes
Epoch: 55 | G loss: 0.2402 | D loss: 0.0487 | val G loss: 0.2750 | total time: 0 hours 29 minutes
Epoch: 56 | G loss: 0.2442 | D loss: 0.0514 | val G loss: 0.3259 | total time: 0 hours 30 minutes
Epoch: 57 | G loss: 0.2405 | D loss: 0.0495 | val G loss: 0.3104 | total time: 0 hours 30 minutes
Epoch: 58 | G loss: 0.2428 | D loss: 0.0454 | val G loss: 0.2785 | total time: 0 hours 31 minutes
Epoch: 59 | G loss: 0.2352 | D loss: 0.0520 | val G loss: 0.2738 | total time: 0 hours 31 minutes
Epoch: 60 | G loss: 0.2377 | D loss: 0.0472 | val G loss: 0.2670 | total time: 0 hours 32 minutes
Epoch: 61 | G loss: 0.2384 | D loss: 0.0472 | val G loss: 0.3102 | total time: 0 hours 32 minutes
Epoch: 62 | G loss: 0.2369 | D loss: 0.0525 | val G loss: 0.2803 | total time: 0 hours 33 minutes
Epoch: 63 | G loss: 0.2400 | D loss: 0.0476 | val G loss: 0.2719 | total time: 0 hours 34 minutes
Epoch: 64 | G loss: 0.2311 | D loss: 0.0487 | val G loss: 0.2774 | total time: 0 hours 34 minutes
Epoch: 65 | G loss: 0.2347 | D loss: 0.0469 | val G loss: 0.3105 | total time: 0 hours 35 minutes
Epoch: 66 | G loss: 0.2307 | D loss: 0.0511 | val G loss: 0.3098 | total time: 0 hours 35 minutes
Epoch: 67 | G loss: 0.2335 | D loss: 0.0463 | val G loss: 0.2840 | total time: 0 hours 36 minutes
Epoch: 68 | G loss: 0.2316 | D loss: 0.0482 | val G loss: 0.2816 | total time: 0 hours 36 minutes
Epoch: 69 | G loss: 0.2285 | D loss: 0.0464 | val G loss: 0.2727 | total time: 0 hours 37 minutes
Epoch: 70 | G loss: 0.2215 | D loss: 0.0519 | val G loss: 0.2911 | total time: 0 hours 37 minutes
Epoch: 71 | G loss: 0.2244 | D loss: 0.0513 | val G loss: 0.2840 | total time: 0 hours 38 minutes
Epoch: 72 | G loss: 0.2273 | D loss: 0.0471 | val G loss: 0.2731 | total time: 0 hours 38 minutes
Epoch: 73 | G loss: 0.2231 | D loss: 0.0493 | val G loss: 0.2795 | total time: 0 hours 39 minutes
Epoch: 74 | G loss: 0.2226 | D loss: 0.0494 | val G loss: 0.2977 | total time: 0 hours 40 minutes
Epoch: 75 | G loss: 0.2146 | D loss: 0.0507 | val G loss: 0.2831 | total time: 0 hours 40 minutes
Epoch: 76 | G loss: 0.2174 | D loss: 0.0496 | val G loss: 0.2843 | total time: 0 hours 41 minutes
Epoch: 77 | G loss: 0.2196 | D loss: 0.0469 | val G loss: 0.2908 | total time: 0 hours 41 minutes
Epoch: 78 | G loss: 0.2224 | D loss: 0.0486 | val G loss: 0.2706 | total time: 0 hours 42 minutes
Epoch: 79 | G loss: 0.2189 | D loss: 0.0478 | val G loss: 0.2874 | total time: 0 hours 42 minutes
Epoch: 80 | G loss: 0.2211 | D loss: 0.0492 | val G loss: 0.2593 | total time: 0 hours 43 minutes
Epoch: 81 | G loss: 0.2093 | D loss: 0.0479 | val G loss: 0.2819 | total time: 0 hours 43 minutes
Epoch: 82 | G loss: 0.2183 | D loss: 0.0477 | val G loss: 0.2860 | total time: 0 hours 44 minutes
Epoch: 83 | G loss: 0.2218 | D loss: 0.0494 | val G loss: 0.2740 | total time: 0 hours 44 minutes
Epoch: 84 | G loss: 0.2118 | D loss: 0.0483 | val G loss: 0.2924 | total time: 0 hours 45 minutes
Epoch: 85 | G loss: 0.2128 | D loss: 0.0472 | val G loss: 0.2545 | total time: 0 hours 46 minutes
Epoch: 86 | G loss: 0.2089 | D loss: 0.0488 | val G loss: 0.2604 | total time: 0 hours 46 minutes
Epoch: 87 | G loss: 0.2152 | D loss: 0.0487 | val G loss: 0.2949 | total time: 0 hours 47 minutes
Epoch: 88 | G loss: 0.2108 | D loss: 0.0507 | val G loss: 0.2690 | total time: 0 hours 47 minutes
Epoch: 89 | G loss: 0.2107 | D loss: 0.0470 | val G loss: 0.2947 | total time: 0 hours 48 minutes
Epoch: 90 | G loss: 0.2113 | D loss: 0.0499 | val G loss: 0.2935 | total time: 0 hours 48 minutes
Epoch: 91 | G loss: 0.2049 | D loss: 0.0517 | val G loss: 0.2899 | total time: 0 hours 49 minutes
Epoch: 92 | G loss: 0.2119 | D loss: 0.0493 | val G loss: 0.2668 | total time: 0 hours 49 minutes
Epoch: 93 | G loss: 0.2072 | D loss: 0.0475 | val G loss: 0.2594 | total time: 0 hours 50 minutes
Epoch: 94 | G loss: 0.2025 | D loss: 0.0496 | val G loss: 0.2389 | total time: 0 hours 51 minutes
Epoch: 95 | G loss: 0.2060 | D loss: 0.0483 | val G loss: 0.2759 | total time: 0 hours 51 minutes
Epoch: 96 | G loss: 0.2015 | D loss: 0.0507 | val G loss: 0.2724 | total time: 0 hours 52 minutes
Epoch: 97 | G loss: 0.2084 | D loss: 0.0495 | val G loss: 0.2620 | total time: 0 hours 52 minutes
Epoch: 98 | G loss: 0.2054 | D loss: 0.0479 | val G loss: 0.2732 | total time: 0 hours 53 minutes
Epoch: 99 | G loss: 0.2049 | D loss: 0.0505 | val G loss: 0.2661 | total time: 0 hours 53 minutes
Epoch: 100 | G loss: 0.2028 | D loss: 0.0490 | val G loss: 0.2677 | total time: 0 hours 54 minutes
fold hold09 best_val=0.238902


######## LOOCV CRB fold hold-out phase 10 ########

[dans_crb_loocv_warp_d_hold10] device=cuda held=[9] train=1296 val=152
Epoch: 1 | G loss: 0.9110 | D loss: 0.0000 | val G loss: 1.1731 | total time: 0 hours 0 minutes
Epoch: 2 | G loss: 0.8568 | D loss: 0.0000 | val G loss: 1.1007 | total time: 0 hours 0 minutes
Epoch: 3 | G loss: 0.7894 | D loss: 0.0000 | val G loss: 1.0499 | total time: 0 hours 1 minutes
Epoch: 4 | G loss: 0.7208 | D loss: 0.0000 | val G loss: 1.0962 | total time: 0 hours 1 minutes
Epoch: 5 | G loss: 0.6995 | D loss: 0.0000 | val G loss: 0.9903 | total time: 0 hours 2 minutes
Epoch: 6 | G loss: 0.6795 | D loss: 0.1215 | val G loss: 1.2325 | total time: 0 hours 2 minutes
Epoch: 7 | G loss: 0.6253 | D loss: 0.1028 | val G loss: 0.8600 | total time: 0 hours 3 minutes
Epoch: 8 | G loss: 0.5648 | D loss: 0.1029 | val G loss: 0.7416 | total time: 0 hours 3 minutes
Epoch: 9 | G loss: 0.5136 | D loss: 0.0963 | val G loss: 0.7622 | total time: 0 hours 4 minutes
Epoch: 10 | G loss: 0.4737 | D loss: 0.0827 | val G loss: 0.6647 | total time: 0 hours 4 minutes
Epoch: 11 | G loss: 0.4508 | D loss: 0.0740 | val G loss: 0.6210 | total time: 0 hours 5 minutes
Epoch: 12 | G loss: 0.4411 | D loss: 0.0663 | val G loss: 0.6592 | total time: 0 hours 6 minutes
Epoch: 13 | G loss: 0.4153 | D loss: 0.0677 | val G loss: 0.6538 | total time: 0 hours 6 minutes
Epoch: 14 | G loss: 0.3924 | D loss: 0.0620 | val G loss: 0.5110 | total time: 0 hours 7 minutes
Epoch: 15 | G loss: 0.3877 | D loss: 0.0602 | val G loss: 0.5195 | total time: 0 hours 7 minutes
Epoch: 16 | G loss: 0.3781 | D loss: 0.0612 | val G loss: 0.5140 | total time: 0 hours 8 minutes
Epoch: 17 | G loss: 0.3660 | D loss: 0.0577 | val G loss: 0.5038 | total time: 0 hours 8 minutes
Epoch: 18 | G loss: 0.3596 | D loss: 0.0543 | val G loss: 0.4947 | total time: 0 hours 9 minutes
Epoch: 19 | G loss: 0.3482 | D loss: 0.0550 | val G loss: 0.4611 | total time: 0 hours 9 minutes
Epoch: 20 | G loss: 0.3334 | D loss: 0.0579 | val G loss: 0.4703 | total time: 0 hours 10 minutes
Epoch: 21 | G loss: 0.3217 | D loss: 0.0581 | val G loss: 0.5202 | total time: 0 hours 10 minutes
Epoch: 22 | G loss: 0.3160 | D loss: 0.0579 | val G loss: 0.4863 | total time: 0 hours 11 minutes
Epoch: 23 | G loss: 0.3072 | D loss: 0.0608 | val G loss: 0.4842 | total time: 0 hours 12 minutes
Epoch: 24 | G loss: 0.3033 | D loss: 0.0579 | val G loss: 0.4412 | total time: 0 hours 12 minutes
Epoch: 25 | G loss: 0.3020 | D loss: 0.0601 | val G loss: 0.4708 | total time: 0 hours 13 minutes
Epoch: 26 | G loss: 0.2961 | D loss: 0.0585 | val G loss: 0.4454 | total time: 0 hours 13 minutes
Epoch: 27 | G loss: 0.2911 | D loss: 0.0573 | val G loss: 0.4593 | total time: 0 hours 14 minutes
Epoch: 28 | G loss: 0.2908 | D loss: 0.0574 | val G loss: 0.4238 | total time: 0 hours 14 minutes
Epoch: 29 | G loss: 0.2781 | D loss: 0.0551 | val G loss: 0.4202 | total time: 0 hours 15 minutes
Epoch: 30 | G loss: 0.2785 | D loss: 0.0564 | val G loss: 0.4323 | total time: 0 hours 15 minutes
Epoch: 31 | G loss: 0.2734 | D loss: 0.0570 | val G loss: 0.4124 | total time: 0 hours 16 minutes
Epoch: 32 | G loss: 0.2723 | D loss: 0.0566 | val G loss: 0.4965 | total time: 0 hours 17 minutes
Epoch: 33 | G loss: 0.2686 | D loss: 0.0559 | val G loss: 0.4199 | total time: 0 hours 17 minutes
Epoch: 34 | G loss: 0.2649 | D loss: 0.0551 | val G loss: 0.3668 | total time: 0 hours 18 minutes
Epoch: 35 | G loss: 0.2618 | D loss: 0.0563 | val G loss: 0.3670 | total time: 0 hours 18 minutes
Epoch: 36 | G loss: 0.2596 | D loss: 0.0577 | val G loss: 0.4665 | total time: 0 hours 19 minutes
Epoch: 37 | G loss: 0.2519 | D loss: 0.0547 | val G loss: 0.3579 | total time: 0 hours 19 minutes
Epoch: 38 | G loss: 0.2526 | D loss: 0.0560 | val G loss: 0.3727 | total time: 0 hours 20 minutes
Epoch: 39 | G loss: 0.2440 | D loss: 0.0548 | val G loss: 0.3915 | total time: 0 hours 20 minutes
Epoch: 40 | G loss: 0.2487 | D loss: 0.0565 | val G loss: 0.3956 | total time: 0 hours 21 minutes
Epoch: 41 | G loss: 0.2514 | D loss: 0.0563 | val G loss: 0.3630 | total time: 0 hours 21 minutes
Epoch: 42 | G loss: 0.2410 | D loss: 0.0553 | val G loss: 0.3865 | total time: 0 hours 22 minutes
Epoch: 43 | G loss: 0.2426 | D loss: 0.0540 | val G loss: 0.3696 | total time: 0 hours 23 minutes
Epoch: 44 | G loss: 0.2367 | D loss: 0.0532 | val G loss: 0.3981 | total time: 0 hours 23 minutes
Epoch: 45 | G loss: 0.2358 | D loss: 0.0578 | val G loss: 0.3561 | total time: 0 hours 24 minutes
Epoch: 46 | G loss: 0.2352 | D loss: 0.0546 | val G loss: 0.3401 | total time: 0 hours 24 minutes
Epoch: 47 | G loss: 0.2400 | D loss: 0.0518 | val G loss: 0.3742 | total time: 0 hours 25 minutes
Epoch: 48 | G loss: 0.2268 | D loss: 0.0546 | val G loss: 0.3560 | total time: 0 hours 25 minutes
Epoch: 49 | G loss: 0.2278 | D loss: 0.0525 | val G loss: 0.3769 | total time: 0 hours 26 minutes
Epoch: 50 | G loss: 0.2345 | D loss: 0.0529 | val G loss: 0.4008 | total time: 0 hours 26 minutes
Epoch: 51 | G loss: 0.2283 | D loss: 0.0539 | val G loss: 0.3716 | total time: 0 hours 27 minutes
Epoch: 52 | G loss: 0.2254 | D loss: 0.0515 | val G loss: 0.3689 | total time: 0 hours 27 minutes
Epoch: 53 | G loss: 0.2283 | D loss: 0.0524 | val G loss: 0.3494 | total time: 0 hours 28 minutes
Epoch: 54 | G loss: 0.2264 | D loss: 0.0549 | val G loss: 0.3917 | total time: 0 hours 29 minutes
Epoch: 55 | G loss: 0.2259 | D loss: 0.0519 | val G loss: 0.3537 | total time: 0 hours 29 minutes
Epoch: 56 | G loss: 0.2164 | D loss: 0.0514 | val G loss: 0.3887 | total time: 0 hours 30 minutes
Epoch: 57 | G loss: 0.2252 | D loss: 0.0486 | val G loss: 0.3424 | total time: 0 hours 30 minutes
Epoch: 58 | G loss: 0.2227 | D loss: 0.0493 | val G loss: 0.3352 | total time: 0 hours 31 minutes
Epoch: 59 | G loss: 0.2166 | D loss: 0.0553 | val G loss: 0.3570 | total time: 0 hours 31 minutes
Epoch: 60 | G loss: 0.2205 | D loss: 0.0520 | val G loss: 0.3619 | total time: 0 hours 32 minutes
Epoch: 61 | G loss: 0.2275 | D loss: 0.0517 | val G loss: 0.4041 | total time: 0 hours 32 minutes
Epoch: 62 | G loss: 0.2210 | D loss: 0.0490 | val G loss: 0.3625 | total time: 0 hours 33 minutes
Epoch: 63 | G loss: 0.2150 | D loss: 0.0503 | val G loss: 0.3484 | total time: 0 hours 34 minutes
Epoch: 64 | G loss: 0.2097 | D loss: 0.0507 | val G loss: 0.3659 | total time: 0 hours 34 minutes
Epoch: 65 | G loss: 0.2150 | D loss: 0.0520 | val G loss: 0.3510 | total time: 0 hours 35 minutes
Epoch: 66 | G loss: 0.2044 | D loss: 0.0535 | val G loss: 0.3264 | total time: 0 hours 35 minutes
Epoch: 67 | G loss: 0.2117 | D loss: 0.0499 | val G loss: 0.3575 | total time: 0 hours 36 minutes
Epoch: 68 | G loss: 0.2116 | D loss: 0.0522 | val G loss: 0.3470 | total time: 0 hours 36 minutes
Epoch: 69 | G loss: 0.2095 | D loss: 0.0517 | val G loss: 0.3186 | total time: 0 hours 37 minutes
Epoch: 70 | G loss: 0.2073 | D loss: 0.0507 | val G loss: 0.3456 | total time: 0 hours 37 minutes
Epoch: 71 | G loss: 0.2065 | D loss: 0.0528 | val G loss: 0.3349 | total time: 0 hours 38 minutes
Epoch: 72 | G loss: 0.2055 | D loss: 0.0517 | val G loss: 0.3286 | total time: 0 hours 38 minutes
Epoch: 73 | G loss: 0.2070 | D loss: 0.0489 | val G loss: 0.3462 | total time: 0 hours 39 minutes
Epoch: 74 | G loss: 0.2100 | D loss: 0.0500 | val G loss: 0.3656 | total time: 0 hours 40 minutes
Epoch: 75 | G loss: 0.2069 | D loss: 0.0489 | val G loss: 0.3311 | total time: 0 hours 40 minutes
Epoch: 76 | G loss: 0.2010 | D loss: 0.0511 | val G loss: 0.3525 | total time: 0 hours 41 minutes
Epoch: 77 | G loss: 0.2074 | D loss: 0.0493 | val G loss: 0.3538 | total time: 0 hours 41 minutes
Epoch: 78 | G loss: 0.2046 | D loss: 0.0478 | val G loss: 0.3102 | total time: 0 hours 42 minutes
Epoch: 79 | G loss: 0.2038 | D loss: 0.0503 | val G loss: 0.3449 | total time: 0 hours 42 minutes
Epoch: 80 | G loss: 0.2003 | D loss: 0.0527 | val G loss: 0.3302 | total time: 0 hours 43 minutes
Epoch: 81 | G loss: 0.2015 | D loss: 0.0494 | val G loss: 0.3463 | total time: 0 hours 43 minutes
Epoch: 82 | G loss: 0.1962 | D loss: 0.0512 | val G loss: 0.3032 | total time: 0 hours 44 minutes
Epoch: 83 | G loss: 0.2026 | D loss: 0.0484 | val G loss: 0.3194 | total time: 0 hours 44 minutes
Epoch: 84 | G loss: 0.1986 | D loss: 0.0502 | val G loss: 0.3410 | total time: 0 hours 45 minutes
Epoch: 85 | G loss: 0.1990 | D loss: 0.0484 | val G loss: 0.3675 | total time: 0 hours 46 minutes
Epoch: 86 | G loss: 0.2043 | D loss: 0.0497 | val G loss: 0.3283 | total time: 0 hours 46 minutes
Epoch: 87 | G loss: 0.1979 | D loss: 0.0495 | val G loss: 0.3087 | total time: 0 hours 47 minutes
Epoch: 88 | G loss: 0.1961 | D loss: 0.0519 | val G loss: 0.3274 | total time: 0 hours 47 minutes
Epoch: 89 | G loss: 0.1982 | D loss: 0.0497 | val G loss: 0.3224 | total time: 0 hours 48 minutes
Epoch: 90 | G loss: 0.1965 | D loss: 0.0474 | val G loss: 0.3346 | total time: 0 hours 48 minutes
Epoch: 91 | G loss: 0.1941 | D loss: 0.0533 | val G loss: 0.3211 | total time: 0 hours 49 minutes
Epoch: 92 | G loss: 0.1927 | D loss: 0.0472 | val G loss: 0.3604 | total time: 0 hours 49 minutes
Epoch: 93 | G loss: 0.2006 | D loss: 0.0465 | val G loss: 0.3237 | total time: 0 hours 50 minutes
Epoch: 94 | G loss: 0.1926 | D loss: 0.0483 | val G loss: 0.3007 | total time: 0 hours 50 minutes
Epoch: 95 | G loss: 0.1904 | D loss: 0.0555 | val G loss: 0.3265 | total time: 0 hours 51 minutes
Epoch: 96 | G loss: 0.1926 | D loss: 0.0489 | val G loss: 0.3602 | total time: 0 hours 52 minutes
Epoch: 97 | G loss: 0.1957 | D loss: 0.0490 | val G loss: 0.3564 | total time: 0 hours 52 minutes
Epoch: 98 | G loss: 0.1926 | D loss: 0.0507 | val G loss: 0.3443 | total time: 0 hours 53 minutes
Epoch: 99 | G loss: 0.1862 | D loss: 0.0494 | val G loss: 0.3156 | total time: 0 hours 53 minutes
Epoch: 100 | G loss: 0.1959 | D loss: 0.0453 | val G loss: 0.3094 | total time: 0 hours 54 minutes
fold hold10 best_val=0.300670

