[2026-08-26 10:17:08] === E3 Both QC START gpu=1 ===
[2026-08-26 10:17:08] QC varian CV_P1_V_01
[both] scan=CV_P1_V_01 pairs=100 panels=100 ckpt=crb_both_mse_cyclic_fov_aug_generator.pth out=/home/abhishek/Voxel_GAN/PopulationStudy/ClinicalExperiments/Experiment3/BothCRB/plots/qc_varian/P1/CV_P1_V_01
[001/100] 01_to_01  L1=0.004  L1/zero=385669.36  cos=nan  k=nan
[002/100] 01_to_02  L1=0.205  L1/zero=0.91  cos=0.49  k=0.82
[003/100] 01_to_03  L1=0.513  L1/zero=1.00  cos=0.51  k=1.06
[004/100] 01_to_04  L1=0.730  L1/zero=1.02  cos=0.52  k=1.06
[005/100] 01_to_05  L1=0.807  L1/zero=1.07  cos=0.58  k=1.20
[006/100] 01_to_06  L1=0.784  L1/zero=1.06  cos=0.64  k=1.36
[007/100] 01_to_07  L1=0.943  L1/zero=1.49  cos=0.41  k=1.66
[008/100] 01_to_08  L1=0.763  L1/zero=1.45  cos=0.42  k=1.64
[009/100] 01_to_09  L1=0.559  L1/zero=1.60  cos=0.09  k=1.32
[010/100] 01_to_10  L1=0.207  L1/zero=1.29  cos=-0.07  k=0.67
[011/100] 02_to_01  L1=0.212  L1/zero=0.93  cos=0.49  k=0.91
[012/100] 02_to_02  L1=0.004  L1/zero=380158.19  cos=nan  k=nan
[013/100] 02_to_03  L1=0.216  L1/zero=0.99  cos=0.69  k=1.53
[014/100] 02_to_04  L1=0.452  L1/zero=0.84  cos=0.65  k=1.10
[015/100] 02_to_05  L1=0.673  L1/zero=0.84  cos=0.63  k=0.94
[016/100] 02_to_06  L1=0.695  L1/zero=1.01  cos=0.59  k=1.18
[017/100] 02_to_07  L1=0.696  L1/zero=0.98  cos=0.57  k=1.12
[018/100] 02_to_08  L1=0.598  L1/zero=0.96  cos=0.50  k=0.98
[019/100] 02_to_09  L1=0.598  L1/zero=1.10  cos=-0.01  k=0.55
[020/100] 02_to_10  L1=0.523  L1/zero=1.04  cos=0.02  k=0.31
[021/100] 03_to_01  L1=0.494  L1/zero=0.96  cos=0.54  k=1.04
[022/100] 03_to_02  L1=0.217  L1/zero=1.01  cos=0.70  k=1.58
[023/100] 03_to_03  L1=0.007  L1/zero=741935.43  cos=nan  k=nan
[024/100] 03_to_04  L1=0.180  L1/zero=0.75  cos=0.71  k=0.94
[025/100] 03_to_05  L1=0.411  L1/zero=0.71  cos=0.67  k=0.70
[026/100] 03_to_06  L1=0.601  L1/zero=0.79  cos=0.60  k=0.66
[027/100] 03_to_07  L1=0.623  L1/zero=0.97  cos=0.44  k=0.78
[028/100] 03_to_08  L1=0.661  L1/zero=0.96  cos=0.34  k=0.53
[029/100] 03_to_09  L1=0.698  L1/zero=1.02  cos=0.14  k=0.33
[030/100] 03_to_10  L1=0.633  L1/zero=1.17  cos=0.16  k=0.78
[031/100] 04_to_01  L1=0.746  L1/zero=0.96  cos=0.55  k=0.94
[032/100] 04_to_02  L1=0.436  L1/zero=0.82  cos=0.68  k=1.08
[033/100] 04_to_03  L1=0.180  L1/zero=0.76  cos=0.71  k=0.99
[034/100] 04_to_04  L1=0.004  L1/zero=389472.07  cos=nan  k=nan
[035/100] 04_to_05  L1=0.172  L1/zero=0.78  cos=0.65  k=0.78
[036/100] 04_to_06  L1=0.412  L1/zero=0.88  cos=0.51  k=0.63
[037/100] 04_to_07  L1=0.665  L1/zero=0.94  cos=0.40  k=0.48
[038/100] 04_to_08  L1=0.722  L1/zero=0.97  cos=0.32  k=0.31
[039/100] 04_to_09  L1=0.751  L1/zero=1.02  cos=0.16  k=0.45
[040/100] 04_to_10  L1=0.725  L1/zero=1.08  cos=0.41  k=0.87
[041/100] 05_to_01  L1=0.722  L1/zero=0.96  cos=0.62  k=1.11
[042/100] 05_to_02  L1=0.643  L1/zero=0.78  cos=0.67  k=0.87
[043/100] 05_to_03  L1=0.417  L1/zero=0.71  cos=0.68  k=0.72
[044/100] 05_to_04  L1=0.182  L1/zero=0.81  cos=0.65  k=0.91
[045/100] 05_to_05  L1=0.003  L1/zero=326389.38  cos=nan  k=nan
[046/100] 05_to_06  L1=0.212  L1/zero=0.97  cos=0.29  k=0.59
[047/100] 05_to_07  L1=0.444  L1/zero=0.94  cos=0.31  k=0.39
[048/100] 05_to_08  L1=0.641  L1/zero=0.96  cos=0.26  k=0.35
[049/100] 05_to_09  L1=0.816  L1/zero=1.01  cos=0.21  k=0.56
[050/100] 05_to_10  L1=0.871  L1/zero=1.14  cos=0.30  k=0.95
[051/100] 06_to_01  L1=0.667  L1/zero=0.87  cos=0.71  k=1.18
[052/100] 06_to_02  L1=0.658  L1/zero=0.95  cos=0.62  k=1.08
[053/100] 06_to_03  L1=0.612  L1/zero=0.81  cos=0.59  k=0.69
[054/100] 06_to_04  L1=0.413  L1/zero=0.86  cos=0.53  k=0.65
[055/100] 06_to_05  L1=0.214  L1/zero=1.00  cos=0.27  k=0.67
[056/100] 06_to_06  L1=0.007  L1/zero=713101.31  cos=nan  k=nan
[057/100] 06_to_07  L1=0.205  L1/zero=0.90  cos=0.40  k=0.37
[058/100] 06_to_08  L1=0.404  L1/zero=0.98  cos=0.34  k=0.68
[059/100] 06_to_09  L1=0.688  L1/zero=1.12  cos=0.28  k=0.93
[060/100] 06_to_10  L1=0.877  L1/zero=1.22  cos=0.35  k=1.17
[061/100] 07_to_01  L1=0.908  L1/zero=1.44  cos=0.37  k=1.55
[062/100] 07_to_02  L1=0.684  L1/zero=0.95  cos=0.58  k=1.03
[063/100] 07_to_03  L1=0.652  L1/zero=0.99  cos=0.43  k=0.77
[064/100] 07_to_04  L1=0.692  L1/zero=0.94  cos=0.39  k=0.48
[065/100] 07_to_05  L1=0.452  L1/zero=0.94  cos=0.30  k=0.42
[066/100] 07_to_06  L1=0.217  L1/zero=0.94  cos=0.30  k=0.36
[067/100] 07_to_07  L1=0.005  L1/zero=534918.81  cos=nan  k=nan
[068/100] 07_to_08  L1=0.209  L1/zero=1.44  cos=0.33  k=1.52
[069/100] 07_to_09  L1=0.542  L1/zero=1.58  cos=0.32  k=1.63
[070/100] 07_to_10  L1=0.854  L1/zero=1.59  cos=0.37  k=1.67
[071/100] 08_to_01  L1=0.745  L1/zero=1.43  cos=0.41  k=1.58
[072/100] 08_to_02  L1=0.615  L1/zero=0.96  cos=0.50  k=0.92
[073/100] 08_to_03  L1=0.678  L1/zero=0.97  cos=0.34  k=0.55
[074/100] 08_to_04  L1=0.740  L1/zero=0.98  cos=0.29  k=0.33
[075/100] 08_to_05  L1=0.660  L1/zero=0.97  cos=0.24  k=0.32
[076/100] 08_to_06  L1=0.406  L1/zero=0.97  cos=0.32  k=0.59
[077/100] 08_to_07  L1=0.191  L1/zero=1.28  cos=0.34  k=1.30
[078/100] 08_to_08  L1=0.004  L1/zero=431494.65  cos=nan  k=nan
[079/100] 08_to_09  L1=0.347  L1/zero=2.25  cos=0.32  k=2.46
[080/100] 08_to_10  L1=0.725  L1/zero=2.06  cos=0.23  k=2.06
[081/100] 09_to_01  L1=0.563  L1/zero=1.60  cos=0.14  k=1.40
[082/100] 09_to_02  L1=0.635  L1/zero=1.15  cos=-0.02  k=0.61
[083/100] 09_to_03  L1=0.721  L1/zero=1.01  cos=0.15  k=0.31
[084/100] 09_to_04  L1=0.761  L1/zero=1.04  cos=0.13  k=0.44
[085/100] 09_to_05  L1=0.856  L1/zero=1.02  cos=0.19  k=0.54
[086/100] 09_to_06  L1=0.705  L1/zero=1.08  cos=0.27  k=0.83
[087/100] 09_to_07  L1=0.556  L1/zero=1.58  cos=0.30  k=1.58
[088/100] 09_to_08  L1=0.316  L1/zero=2.13  cos=0.33  k=2.31
[089/100] 09_to_09  L1=0.003  L1/zero=343349.58  cos=nan  k=nan
[090/100] 09_to_10  L1=0.339  L1/zero=2.22  cos=0.25  k=2.35
[091/100] 10_to_01  L1=0.244  L1/zero=1.38  cos=-0.11  k=0.84
[092/100] 10_to_02  L1=0.525  L1/zero=1.06  cos=-0.03  k=0.29
[093/100] 10_to_03  L1=0.664  L1/zero=1.08  cos=0.25  k=0.65
[094/100] 10_to_04  L1=0.759  L1/zero=1.11  cos=0.38  k=0.90
[095/100] 10_to_05  L1=0.914  L1/zero=1.16  cos=0.31  k=0.98
[096/100] 10_to_06  L1=0.969  L1/zero=1.25  cos=0.31  k=1.16
[097/100] 10_to_07  L1=0.876  L1/zero=1.59  cos=0.34  k=1.65
[098/100] 10_to_08  L1=0.716  L1/zero=2.02  cos=0.24  k=2.03
[099/100] 10_to_09  L1=0.325  L1/zero=2.10  cos=0.24  k=2.20
[100/100] 10_to_10  L1=0.003  L1/zero=285648.23  cos=nan  k=nan

[both] Directed mean: L1=0.566  L1/zero=1.13  cos=0.38  k=0.98  beat_zero=50%
wrote /home/abhishek/Voxel_GAN/PopulationStudy/ClinicalExperiments/Experiment3/BothCRB/plots/qc_varian/P1/CV_P1_V_01 (100 pngs)
[2026-08-26 10:17:54] QC varian CV_P2_V_01
[both] scan=CV_P2_V_01 pairs=100 panels=100 ckpt=crb_both_mse_cyclic_fov_aug_generator.pth out=/home/abhishek/Voxel_GAN/PopulationStudy/ClinicalExperiments/Experiment3/BothCRB/plots/qc_varian/P2/CV_P2_V_01
[001/100] 01_to_01  L1=0.003  L1/zero=343317.33  cos=nan  k=nan
[002/100] 01_to_02  L1=0.273  L1/zero=0.82  cos=0.60  k=0.46
[003/100] 01_to_03  L1=0.561  L1/zero=0.74  cos=0.74  k=0.62
[004/100] 01_to_04  L1=0.725  L1/zero=0.74  cos=0.74  k=0.68
[005/100] 01_to_05  L1=0.839  L1/zero=0.74  cos=0.74  k=0.69
[006/100] 01_to_06  L1=0.846  L1/zero=0.74  cos=0.74  k=0.79
[007/100] 01_to_07  L1=0.764  L1/zero=0.81  cos=0.72  k=0.88
[008/100] 01_to_08  L1=0.702  L1/zero=0.88  cos=0.64  k=0.81
[009/100] 01_to_09  L1=0.453  L1/zero=0.85  cos=0.63  k=0.71
[010/100] 01_to_10  L1=0.203  L1/zero=0.88  cos=0.55  k=0.58
[011/100] 02_to_01  L1=0.296  L1/zero=0.87  cos=0.53  k=0.48
[012/100] 02_to_02  L1=0.003  L1/zero=293053.45  cos=nan  k=nan
[013/100] 02_to_03  L1=0.272  L1/zero=0.82  cos=0.71  k=0.76
[014/100] 02_to_04  L1=0.545  L1/zero=0.80  cos=0.73  k=0.73
[015/100] 02_to_05  L1=0.699  L1/zero=0.80  cos=0.71  k=0.74
[016/100] 02_to_06  L1=0.790  L1/zero=0.80  cos=0.68  k=0.73
[017/100] 02_to_07  L1=0.711  L1/zero=0.77  cos=0.70  k=0.77
[018/100] 02_to_08  L1=0.609  L1/zero=0.80  cos=0.64  k=0.70
[019/100] 02_to_09  L1=0.413  L1/zero=0.83  cos=0.61  k=0.53
[020/100] 02_to_10  L1=0.360  L1/zero=0.92  cos=0.34  k=0.38
[021/100] 03_to_01  L1=0.595  L1/zero=0.77  cos=0.70  k=0.56
[022/100] 03_to_02  L1=0.273  L1/zero=0.80  cos=0.71  k=0.69
[023/100] 03_to_03  L1=0.006  L1/zero=566358.49  cos=nan  k=nan
[024/100] 03_to_04  L1=0.222  L1/zero=0.78  cos=0.74  k=0.72
[025/100] 03_to_05  L1=0.470  L1/zero=0.79  cos=0.71  k=0.61
[026/100] 03_to_06  L1=0.551  L1/zero=0.77  cos=0.68  k=0.64
[027/100] 03_to_07  L1=0.567  L1/zero=0.80  cos=0.67  k=0.66
[028/100] 03_to_08  L1=0.503  L1/zero=0.79  cos=0.65  k=0.50
[029/100] 03_to_09  L1=0.462  L1/zero=0.81  cos=0.56  k=0.46
[030/100] 03_to_10  L1=0.567  L1/zero=0.82  cos=0.57  k=0.60
[031/100] 04_to_01  L1=0.804  L1/zero=0.78  cos=0.69  k=0.61
[032/100] 04_to_02  L1=0.554  L1/zero=0.78  cos=0.73  k=0.71
[033/100] 04_to_03  L1=0.227  L1/zero=0.81  cos=0.73  k=0.73
[034/100] 04_to_04  L1=0.003  L1/zero=343481.38  cos=nan  k=nan
[035/100] 04_to_05  L1=0.181  L1/zero=0.83  cos=0.62  k=0.65
[036/100] 04_to_06  L1=0.357  L1/zero=0.84  cos=0.58  k=0.54
[037/100] 04_to_07  L1=0.411  L1/zero=0.80  cos=0.64  k=0.52
[038/100] 04_to_08  L1=0.465  L1/zero=0.82  cos=0.60  k=0.42
[039/100] 04_to_09  L1=0.537  L1/zero=0.79  cos=0.61  k=0.59
[040/100] 04_to_10  L1=0.694  L1/zero=0.78  cos=0.65  k=0.64
[041/100] 05_to_01  L1=0.957  L1/zero=0.78  cos=0.65  k=0.61
[042/100] 05_to_02  L1=0.757  L1/zero=0.83  cos=0.66  k=0.67
[043/100] 05_to_03  L1=0.528  L1/zero=0.89  cos=0.61  k=0.57
[044/100] 05_to_04  L1=0.215  L1/zero=0.95  cos=0.46  k=0.64
[045/100] 05_to_05  L1=0.003  L1/zero=308854.37  cos=nan  k=nan
[046/100] 05_to_06  L1=0.134  L1/zero=0.96  cos=0.39  k=0.63
[047/100] 05_to_07  L1=0.260  L1/zero=0.91  cos=0.40  k=0.57
[048/100] 05_to_08  L1=0.451  L1/zero=0.89  cos=0.45  k=0.52
[049/100] 05_to_09  L1=0.618  L1/zero=0.86  cos=0.56  k=0.72
[050/100] 05_to_10  L1=0.835  L1/zero=0.81  cos=0.63  k=0.63
[051/100] 06_to_01  L1=0.973  L1/zero=0.77  cos=0.67  k=0.66
[052/100] 06_to_02  L1=0.783  L1/zero=0.77  cos=0.69  k=0.70
[053/100] 06_to_03  L1=0.578  L1/zero=0.81  cos=0.65  k=0.65
[054/100] 06_to_04  L1=0.358  L1/zero=0.86  cos=0.58  k=0.67
[055/100] 06_to_05  L1=0.148  L1/zero=0.98  cos=0.38  k=0.74
[056/100] 06_to_06  L1=0.006  L1/zero=641144.11  cos=nan  k=nan
[057/100] 06_to_07  L1=0.151  L1/zero=0.91  cos=0.56  k=0.98
[058/100] 06_to_08  L1=0.300  L1/zero=0.84  cos=0.66  k=0.99
[059/100] 06_to_09  L1=0.548  L1/zero=0.87  cos=0.65  k=0.91
[060/100] 06_to_10  L1=0.879  L1/zero=0.85  cos=0.59  k=0.67
[061/100] 07_to_01  L1=0.907  L1/zero=0.84  cos=0.63  k=0.74
[062/100] 07_to_02  L1=0.787  L1/zero=0.78  cos=0.67  k=0.68
[063/100] 07_to_03  L1=0.615  L1/zero=0.83  cos=0.61  k=0.59
[064/100] 07_to_04  L1=0.428  L1/zero=0.84  cos=0.56  k=0.51
[065/100] 07_to_05  L1=0.264  L1/zero=0.88  cos=0.45  k=0.55
[066/100] 07_to_06  L1=0.174  L1/zero=0.94  cos=0.49  k=0.96
[067/100] 07_to_07  L1=0.005  L1/zero=499753.00  cos=nan  k=nan
[068/100] 07_to_08  L1=0.226  L1/zero=1.01  cos=0.53  k=1.04
[069/100] 07_to_09  L1=0.462  L1/zero=1.03  cos=0.63  k=1.08
[070/100] 07_to_10  L1=0.783  L1/zero=0.97  cos=0.56  k=0.80
[071/100] 08_to_01  L1=0.796  L1/zero=0.87  cos=0.56  k=0.66
[072/100] 08_to_02  L1=0.667  L1/zero=0.80  cos=0.60  k=0.62
[073/100] 08_to_03  L1=0.546  L1/zero=0.82  cos=0.61  k=0.50
[074/100] 08_to_04  L1=0.455  L1/zero=0.80  cos=0.61  k=0.42
[075/100] 08_to_05  L1=0.385  L1/zero=0.78  cos=0.60  k=0.53
[076/100] 08_to_06  L1=0.269  L1/zero=0.72  cos=0.71  k=0.94
[077/100] 08_to_07  L1=0.208  L1/zero=0.82  cos=0.62  k=0.89
[078/100] 08_to_08  L1=0.004  L1/zero=386747.46  cos=nan  k=nan
[079/100] 08_to_09  L1=0.287  L1/zero=0.95  cos=0.65  k=1.08
[080/100] 08_to_10  L1=0.589  L1/zero=0.91  cos=0.57  k=0.70
[081/100] 09_to_01  L1=0.468  L1/zero=0.83  cos=0.60  k=0.62
[082/100] 09_to_02  L1=0.420  L1/zero=0.82  cos=0.63  k=0.58
[083/100] 09_to_03  L1=0.509  L1/zero=0.85  cos=0.50  k=0.43
[084/100] 09_to_04  L1=0.549  L1/zero=0.85  cos=0.56  k=0.66
[085/100] 09_to_05  L1=0.586  L1/zero=0.83  cos=0.61  k=0.72
[086/100] 09_to_06  L1=0.519  L1/zero=0.84  cos=0.68  k=0.89
[087/100] 09_to_07  L1=0.415  L1/zero=0.94  cos=0.66  k=0.99
[088/100] 09_to_08  L1=0.245  L1/zero=0.92  cos=0.68  k=0.99
[089/100] 09_to_09  L1=0.003  L1/zero=307595.29  cos=nan  k=nan
[090/100] 09_to_10  L1=0.256  L1/zero=0.82  cos=0.67  k=0.71
[091/100] 10_to_01  L1=0.223  L1/zero=0.87  cos=0.52  k=0.53
[092/100] 10_to_02  L1=0.351  L1/zero=0.89  cos=0.42  k=0.39
[093/100] 10_to_03  L1=0.590  L1/zero=0.81  cos=0.57  k=0.60
[094/100] 10_to_04  L1=0.714  L1/zero=0.79  cos=0.66  k=0.70
[095/100] 10_to_05  L1=0.706  L1/zero=0.76  cos=0.73  k=0.78
[096/100] 10_to_06  L1=0.753  L1/zero=0.79  cos=0.69  k=0.78
[097/100] 10_to_07  L1=0.684  L1/zero=0.89  cos=0.63  k=0.82
[098/100] 10_to_08  L1=0.527  L1/zero=0.89  cos=0.62  k=0.75
[099/100] 10_to_09  L1=0.260  L1/zero=0.81  cos=0.69  k=0.72
[100/100] 10_to_10  L1=0.002  L1/zero=244718.93  cos=nan  k=nan

[both] Directed mean: L1=0.507  L1/zero=0.84  cos=0.62  k=0.68  beat_zero=98%
wrote /home/abhishek/Voxel_GAN/PopulationStudy/ClinicalExperiments/Experiment3/BothCRB/plots/qc_varian/P2/CV_P2_V_01 (100 pngs)
[2026-08-26 10:18:39] QC varian CV_P3_V_01
[both] scan=CV_P3_V_01 pairs=100 panels=100 ckpt=crb_both_mse_cyclic_fov_aug_generator.pth out=/home/abhishek/Voxel_GAN/PopulationStudy/ClinicalExperiments/Experiment3/BothCRB/plots/qc_varian/P3/CV_P3_V_01
[001/100] 01_to_01  L1=0.004  L1/zero=400028.10  cos=nan  k=nan
[002/100] 01_to_02  L1=0.290  L1/zero=0.89  cos=0.56  k=0.71
[003/100] 01_to_03  L1=0.554  L1/zero=0.82  cos=0.68  k=0.83
[004/100] 01_to_04  L1=0.677  L1/zero=0.76  cos=0.72  k=0.88
[005/100] 01_to_05  L1=0.860  L1/zero=0.72  cos=0.76  k=0.75
[006/100] 01_to_06  L1=0.946  L1/zero=0.68  cos=0.77  k=0.72
[007/100] 01_to_07  L1=0.887  L1/zero=0.79  cos=0.71  k=0.88
[008/100] 01_to_08  L1=0.676  L1/zero=0.79  cos=0.72  k=0.91
[009/100] 01_to_09  L1=0.443  L1/zero=0.72  cos=0.76  k=0.68
[010/100] 01_to_10  L1=0.313  L1/zero=0.91  cos=0.58  k=0.24
[011/100] 02_to_01  L1=0.285  L1/zero=0.89  cos=0.51  k=0.60
[012/100] 02_to_02  L1=0.004  L1/zero=361575.12  cos=nan  k=nan
[013/100] 02_to_03  L1=0.247  L1/zero=0.73  cos=0.76  k=0.84
[014/100] 02_to_04  L1=0.455  L1/zero=0.71  cos=0.76  k=0.82
[015/100] 02_to_05  L1=0.704  L1/zero=0.73  cos=0.75  k=0.66
[016/100] 02_to_06  L1=0.810  L1/zero=0.70  cos=0.76  k=0.67
[017/100] 02_to_07  L1=0.762  L1/zero=0.77  cos=0.69  k=0.76
[018/100] 02_to_08  L1=0.589  L1/zero=0.76  cos=0.67  k=0.66
[019/100] 02_to_09  L1=0.526  L1/zero=0.84  cos=0.57  k=0.42
[020/100] 02_to_10  L1=0.438  L1/zero=1.09  cos=-0.11  k=0.47
[021/100] 03_to_01  L1=0.525  L1/zero=0.81  cos=0.66  k=0.76
[022/100] 03_to_02  L1=0.241  L1/zero=0.71  cos=0.78  k=0.89
[023/100] 03_to_03  L1=0.006  L1/zero=629762.79  cos=nan  k=nan
[024/100] 03_to_04  L1=0.217  L1/zero=0.73  cos=0.73  k=0.86
[025/100] 03_to_05  L1=0.474  L1/zero=0.75  cos=0.72  k=0.59
[026/100] 03_to_06  L1=0.645  L1/zero=0.75  cos=0.72  k=0.57
[027/100] 03_to_07  L1=0.578  L1/zero=0.79  cos=0.65  k=0.64
[028/100] 03_to_08  L1=0.531  L1/zero=0.83  cos=0.55  k=0.52
[029/100] 03_to_09  L1=0.527  L1/zero=1.02  cos=0.13  k=0.64
[030/100] 03_to_10  L1=0.585  L1/zero=1.12  cos=0.28  k=0.97
[031/100] 04_to_01  L1=0.634  L1/zero=0.77  cos=0.73  k=0.92
[032/100] 04_to_02  L1=0.409  L1/zero=0.71  cos=0.80  k=0.97
[033/100] 04_to_03  L1=0.198  L1/zero=0.71  cos=0.74  k=0.97
[034/100] 04_to_04  L1=0.004  L1/zero=399903.49  cos=nan  k=nan
[035/100] 04_to_05  L1=0.266  L1/zero=0.77  cos=0.76  k=0.47
[036/100] 04_to_06  L1=0.481  L1/zero=0.77  cos=0.70  k=0.47
[037/100] 04_to_07  L1=0.476  L1/zero=0.82  cos=0.62  k=0.56
[038/100] 04_to_08  L1=0.476  L1/zero=0.87  cos=0.50  k=0.57
[039/100] 04_to_09  L1=0.555  L1/zero=1.09  cos=0.32  k=0.94
[040/100] 04_to_10  L1=0.632  L1/zero=1.06  cos=0.52  k=1.19
[041/100] 05_to_01  L1=0.746  L1/zero=0.69  cos=0.81  k=0.80
[042/100] 05_to_02  L1=0.635  L1/zero=0.71  cos=0.78  k=0.79
[043/100] 05_to_03  L1=0.435  L1/zero=0.73  cos=0.74  k=0.71
[044/100] 05_to_04  L1=0.252  L1/zero=0.75  cos=0.75  k=0.56
[045/100] 05_to_05  L1=0.003  L1/zero=319882.06  cos=nan  k=nan
[046/100] 05_to_06  L1=0.196  L1/zero=0.75  cos=0.69  k=0.49
[047/100] 05_to_07  L1=0.351  L1/zero=0.88  cos=0.47  k=0.53
[048/100] 05_to_08  L1=0.475  L1/zero=0.82  cos=0.60  k=0.62
[049/100] 05_to_09  L1=0.597  L1/zero=0.86  cos=0.59  k=0.89
[050/100] 05_to_10  L1=0.734  L1/zero=0.83  cos=0.66  k=0.93
[051/100] 06_to_01  L1=0.841  L1/zero=0.65  cos=0.82  k=0.75
[052/100] 06_to_02  L1=0.724  L1/zero=0.68  cos=0.79  k=0.80
[053/100] 06_to_03  L1=0.589  L1/zero=0.72  cos=0.73  k=0.66
[054/100] 06_to_04  L1=0.481  L1/zero=0.79  cos=0.67  k=0.48
[055/100] 06_to_05  L1=0.214  L1/zero=0.81  cos=0.60  k=0.45
[056/100] 06_to_06  L1=0.006  L1/zero=649929.37  cos=nan  k=nan
[057/100] 06_to_07  L1=0.251  L1/zero=0.75  cos=0.72  k=0.49
[058/100] 06_to_08  L1=0.433  L1/zero=0.73  cos=0.73  k=0.64
[059/100] 06_to_09  L1=0.570  L1/zero=0.77  cos=0.71  k=0.91
[060/100] 06_to_10  L1=0.763  L1/zero=0.80  cos=0.72  k=0.95
[061/100] 07_to_01  L1=0.812  L1/zero=0.79  cos=0.73  k=0.93
[062/100] 07_to_02  L1=0.729  L1/zero=0.80  cos=0.69  k=0.83
[063/100] 07_to_03  L1=0.568  L1/zero=0.79  cos=0.65  k=0.69
[064/100] 07_to_04  L1=0.458  L1/zero=0.81  cos=0.61  k=0.56
[065/100] 07_to_05  L1=0.372  L1/zero=0.90  cos=0.40  k=0.47
[066/100] 07_to_06  L1=0.311  L1/zero=0.87  cos=0.55  k=0.38
[067/100] 07_to_07  L1=0.005  L1/zero=546845.23  cos=nan  k=nan
[068/100] 07_to_08  L1=0.269  L1/zero=0.84  cos=0.65  k=0.90
[069/100] 07_to_09  L1=0.486  L1/zero=1.07  cos=0.67  k=1.38
[070/100] 07_to_10  L1=0.685  L1/zero=1.04  cos=0.70  k=1.30
[071/100] 08_to_01  L1=0.610  L1/zero=0.76  cos=0.74  k=0.93
[072/100] 08_to_02  L1=0.510  L1/zero=0.75  cos=0.69  k=0.81
[073/100] 08_to_03  L1=0.471  L1/zero=0.83  cos=0.52  k=0.65
[074/100] 08_to_04  L1=0.506  L1/zero=0.92  cos=0.37  k=0.60
[075/100] 08_to_05  L1=0.552  L1/zero=0.88  cos=0.49  k=0.59
[076/100] 08_to_06  L1=0.492  L1/zero=0.78  cos=0.67  k=0.57
[077/100] 08_to_07  L1=0.291  L1/zero=0.81  cos=0.63  k=0.78
[078/100] 08_to_08  L1=0.004  L1/zero=436552.01  cos=nan  k=nan
[079/100] 08_to_09  L1=0.341  L1/zero=1.11  cos=0.53  k=1.37
[080/100] 08_to_10  L1=0.547  L1/zero=1.14  cos=0.65  k=1.40
[081/100] 09_to_01  L1=0.436  L1/zero=0.75  cos=0.75  k=0.72
[082/100] 09_to_02  L1=0.462  L1/zero=0.81  cos=0.56  k=0.53
[083/100] 09_to_03  L1=0.537  L1/zero=1.04  cos=0.14  k=0.77
[084/100] 09_to_04  L1=0.575  L1/zero=1.14  cos=0.34  k=1.08
[085/100] 09_to_05  L1=0.629  L1/zero=0.88  cos=0.61  k=0.97
[086/100] 09_to_06  L1=0.562  L1/zero=0.74  cos=0.73  k=0.90
[087/100] 09_to_07  L1=0.451  L1/zero=1.00  cos=0.71  k=1.35
[088/100] 09_to_08  L1=0.284  L1/zero=1.09  cos=0.62  k=1.45
[089/100] 09_to_09  L1=0.004  L1/zero=382661.31  cos=nan  k=nan
[090/100] 09_to_10  L1=0.264  L1/zero=0.94  cos=0.68  k=1.17
[091/100] 10_to_01  L1=0.330  L1/zero=0.90  cos=0.58  k=0.27
[092/100] 10_to_02  L1=0.468  L1/zero=1.15  cos=-0.12  k=0.70
[093/100] 10_to_03  L1=0.590  L1/zero=1.15  cos=0.38  k=1.24
[094/100] 10_to_04  L1=0.683  L1/zero=1.15  cos=0.51  k=1.41
[095/100] 10_to_05  L1=0.775  L1/zero=0.83  cos=0.68  k=1.05
[096/100] 10_to_06  L1=0.763  L1/zero=0.74  cos=0.74  k=0.97
[097/100] 10_to_07  L1=0.692  L1/zero=1.01  cos=0.71  k=1.29
[098/100] 10_to_08  L1=0.542  L1/zero=1.11  cos=0.67  k=1.38
[099/100] 10_to_09  L1=0.270  L1/zero=0.89  cos=0.66  k=1.02
[100/100] 10_to_10  L1=0.003  L1/zero=281270.90  cos=nan  k=nan

[both] Directed mean: L1=0.517  L1/zero=0.85  cos=0.62  k=0.80  beat_zero=80%
wrote /home/abhishek/Voxel_GAN/PopulationStudy/ClinicalExperiments/Experiment3/BothCRB/plots/qc_varian/P3/CV_P3_V_01 (100 pngs)
[2026-08-26 10:19:24] QC varian CV_P4_V_01
[both] scan=CV_P4_V_01 pairs=100 panels=100 ckpt=crb_both_mse_cyclic_fov_aug_generator.pth out=/home/abhishek/Voxel_GAN/PopulationStudy/ClinicalExperiments/Experiment3/BothCRB/plots/qc_varian/P4/CV_P4_V_01
[001/100] 01_to_01  L1=0.004  L1/zero=401665.74  cos=nan  k=nan
[002/100] 01_to_02  L1=0.285  L1/zero=0.83  cos=0.65  k=0.74
[003/100] 01_to_03  L1=0.734  L1/zero=0.84  cos=0.69  k=0.81
[004/100] 01_to_04  L1=1.183  L1/zero=0.79  cos=0.68  k=0.69
[005/100] 01_to_05  L1=1.291  L1/zero=0.73  cos=0.74  k=0.70
[006/100] 01_to_06  L1=1.159  L1/zero=0.65  cos=0.81  k=0.72
[007/100] 01_to_07  L1=0.929  L1/zero=0.59  cos=0.83  k=0.82
[008/100] 01_to_08  L1=0.761  L1/zero=0.59  cos=0.80  k=0.78
[009/100] 01_to_09  L1=0.477  L1/zero=0.58  cos=0.81  k=0.67
[010/100] 01_to_10  L1=0.276  L1/zero=0.77  cos=0.72  k=0.35
[011/100] 02_to_01  L1=0.292  L1/zero=0.86  cos=0.63  k=0.80
[012/100] 02_to_02  L1=0.004  L1/zero=362378.85  cos=nan  k=nan
[013/100] 02_to_03  L1=0.378  L1/zero=0.83  cos=0.74  k=0.87
[014/100] 02_to_04  L1=0.792  L1/zero=0.82  cos=0.69  k=0.77
[015/100] 02_to_05  L1=1.149  L1/zero=0.74  cos=0.70  k=0.64
[016/100] 02_to_06  L1=1.044  L1/zero=0.65  cos=0.79  k=0.69
[017/100] 02_to_07  L1=0.997  L1/zero=0.65  cos=0.76  k=0.72
[018/100] 02_to_08  L1=0.815  L1/zero=0.65  cos=0.74  k=0.67
[019/100] 02_to_09  L1=0.630  L1/zero=0.72  cos=0.68  k=0.48
[020/100] 02_to_10  L1=0.498  L1/zero=1.06  cos=0.19  k=0.56
[021/100] 03_to_01  L1=0.706  L1/zero=0.84  cos=0.70  k=0.82
[022/100] 03_to_02  L1=0.356  L1/zero=0.79  cos=0.76  k=0.87
[023/100] 03_to_03  L1=0.007  L1/zero=670802.03  cos=nan  k=nan
[024/100] 03_to_04  L1=0.339  L1/zero=0.79  cos=0.72  k=0.73
[025/100] 03_to_05  L1=0.705  L1/zero=0.77  cos=0.67  k=0.60
[026/100] 03_to_06  L1=0.724  L1/zero=0.63  cos=0.76  k=0.62
[027/100] 03_to_07  L1=0.762  L1/zero=0.68  cos=0.70  k=0.62
[028/100] 03_to_08  L1=0.751  L1/zero=0.80  cos=0.61  k=0.50
[029/100] 03_to_09  L1=0.810  L1/zero=0.99  cos=0.38  k=0.52
[030/100] 03_to_10  L1=0.846  L1/zero=0.98  cos=0.47  k=0.77
[031/100] 04_to_01  L1=1.091  L1/zero=0.77  cos=0.72  k=0.69
[032/100] 04_to_02  L1=0.734  L1/zero=0.79  cos=0.73  k=0.79
[033/100] 04_to_03  L1=0.324  L1/zero=0.78  cos=0.73  k=0.80
[034/100] 04_to_04  L1=0.005  L1/zero=476207.07  cos=nan  k=nan
[035/100] 04_to_05  L1=0.286  L1/zero=0.80  cos=0.68  k=0.57
[036/100] 04_to_06  L1=0.487  L1/zero=0.83  cos=0.58  k=0.63
[037/100] 04_to_07  L1=0.487  L1/zero=0.92  cos=0.48  k=0.86
[038/100] 04_to_08  L1=0.648  L1/zero=1.05  cos=0.27  k=0.68
[039/100] 04_to_09  L1=0.779  L1/zero=0.92  cos=0.51  k=0.81
[040/100] 04_to_10  L1=1.008  L1/zero=0.84  cos=0.64  k=0.78
[041/100] 05_to_01  L1=1.135  L1/zero=0.68  cos=0.80  k=0.71
[042/100] 05_to_02  L1=1.027  L1/zero=0.69  cos=0.77  k=0.66
[043/100] 05_to_03  L1=0.692  L1/zero=0.77  cos=0.67  k=0.64
[044/100] 05_to_04  L1=0.280  L1/zero=0.78  cos=0.69  k=0.67
[045/100] 05_to_05  L1=0.004  L1/zero=373758.24  cos=nan  k=nan
[046/100] 05_to_06  L1=0.190  L1/zero=0.94  cos=0.36  k=0.75
[047/100] 05_to_07  L1=0.432  L1/zero=1.10  cos=0.18  k=0.80
[048/100] 05_to_08  L1=0.634  L1/zero=0.91  cos=0.53  k=0.78
[049/100] 05_to_09  L1=0.773  L1/zero=0.75  cos=0.74  k=0.84
[050/100] 05_to_10  L1=0.951  L1/zero=0.69  cos=0.80  k=0.81
[051/100] 06_to_01  L1=1.025  L1/zero=0.60  cos=0.86  k=0.74
[052/100] 06_to_02  L1=0.965  L1/zero=0.60  cos=0.84  k=0.67
[053/100] 06_to_03  L1=0.684  L1/zero=0.62  cos=0.78  k=0.64
[054/100] 06_to_04  L1=0.469  L1/zero=0.81  cos=0.60  k=0.70
[055/100] 06_to_05  L1=0.191  L1/zero=0.94  cos=0.38  k=0.81
[056/100] 06_to_06  L1=0.007  L1/zero=721670.13  cos=nan  k=nan
[057/100] 06_to_07  L1=0.247  L1/zero=0.84  cos=0.62  k=0.72
[058/100] 06_to_08  L1=0.483  L1/zero=0.76  cos=0.75  k=0.88
[059/100] 06_to_09  L1=0.628  L1/zero=0.63  cos=0.84  k=0.89
[060/100] 06_to_10  L1=0.818  L1/zero=0.59  cos=0.86  k=0.83
[061/100] 07_to_01  L1=0.867  L1/zero=0.55  cos=0.87  k=0.77
[062/100] 07_to_02  L1=0.967  L1/zero=0.63  cos=0.79  k=0.67
[063/100] 07_to_03  L1=0.673  L1/zero=0.65  cos=0.73  k=0.64
[064/100] 07_to_04  L1=0.464  L1/zero=0.92  cos=0.48  k=0.88
[065/100] 07_to_05  L1=0.439  L1/zero=1.09  cos=0.18  k=0.75
[066/100] 07_to_06  L1=0.268  L1/zero=0.85  cos=0.59  k=0.67
[067/100] 07_to_07  L1=0.006  L1/zero=642411.64  cos=nan  k=nan
[068/100] 07_to_08  L1=0.248  L1/zero=0.67  cos=0.80  k=0.96
[069/100] 07_to_09  L1=0.415  L1/zero=0.60  cos=0.86  k=1.06
[070/100] 07_to_10  L1=0.637  L1/zero=0.56  cos=0.87  k=0.90
[071/100] 08_to_01  L1=0.668  L1/zero=0.54  cos=0.85  k=0.75
[072/100] 08_to_02  L1=0.768  L1/zero=0.62  cos=0.78  k=0.60
[073/100] 08_to_03  L1=0.682  L1/zero=0.78  cos=0.62  k=0.50
[074/100] 08_to_04  L1=0.666  L1/zero=1.00  cos=0.31  k=0.60
[075/100] 08_to_05  L1=0.666  L1/zero=0.86  cos=0.56  k=0.68
[076/100] 08_to_06  L1=0.519  L1/zero=0.74  cos=0.73  k=0.72
[077/100] 08_to_07  L1=0.298  L1/zero=0.70  cos=0.76  k=0.81
[078/100] 08_to_08  L1=0.004  L1/zero=424490.45  cos=nan  k=nan
[079/100] 08_to_09  L1=0.255  L1/zero=0.60  cos=0.85  k=1.03
[080/100] 08_to_10  L1=0.468  L1/zero=0.56  cos=0.85  k=0.92
[081/100] 09_to_01  L1=0.452  L1/zero=0.57  cos=0.82  k=0.70
[082/100] 09_to_02  L1=0.616  L1/zero=0.70  cos=0.71  k=0.47
[083/100] 09_to_03  L1=0.805  L1/zero=0.97  cos=0.39  k=0.50
[084/100] 09_to_04  L1=0.796  L1/zero=0.92  cos=0.52  k=0.78
[085/100] 09_to_05  L1=0.820  L1/zero=0.75  cos=0.73  k=0.77
[086/100] 09_to_06  L1=0.686  L1/zero=0.65  cos=0.81  k=0.78
[087/100] 09_to_07  L1=0.426  L1/zero=0.60  cos=0.85  k=0.99
[088/100] 09_to_08  L1=0.248  L1/zero=0.62  cos=0.84  k=0.96
[089/100] 09_to_09  L1=0.004  L1/zero=391221.09  cos=nan  k=nan
[090/100] 09_to_10  L1=0.214  L1/zero=0.54  cos=0.87  k=0.92
[091/100] 10_to_01  L1=0.265  L1/zero=0.72  cos=0.77  k=0.41
[092/100] 10_to_02  L1=0.481  L1/zero=0.99  cos=0.25  k=0.49
[093/100] 10_to_03  L1=0.792  L1/zero=0.93  cos=0.51  k=0.79
[094/100] 10_to_04  L1=1.051  L1/zero=0.83  cos=0.63  k=0.75
[095/100] 10_to_05  L1=0.997  L1/zero=0.70  cos=0.78  k=0.77
[096/100] 10_to_06  L1=0.903  L1/zero=0.62  cos=0.83  k=0.77
[097/100] 10_to_07  L1=0.647  L1/zero=0.57  cos=0.86  k=0.92
[098/100] 10_to_08  L1=0.506  L1/zero=0.59  cos=0.83  k=0.89
[099/100] 10_to_09  L1=0.227  L1/zero=0.54  cos=0.86  k=0.85
[100/100] 10_to_10  L1=0.003  L1/zero=308787.36  cos=nan  k=nan

[both] Directed mean: L1=0.645  L1/zero=0.75  cos=0.68  k=0.73  beat_zero=96%
wrote /home/abhishek/Voxel_GAN/PopulationStudy/ClinicalExperiments/Experiment3/BothCRB/plots/qc_varian/P4/CV_P4_V_01 (100 pngs)
[2026-08-26 10:20:11] QC varian CV_P5_V_01
[both] scan=CV_P5_V_01 pairs=100 panels=100 ckpt=crb_both_mse_cyclic_fov_aug_generator.pth out=/home/abhishek/Voxel_GAN/PopulationStudy/ClinicalExperiments/Experiment3/BothCRB/plots/qc_varian/P5/CV_P5_V_01
[001/100] 01_to_01  L1=0.005  L1/zero=453075.95  cos=nan  k=nan
[002/100] 01_to_02  L1=0.218  L1/zero=0.77  cos=0.65  k=0.63
[003/100] 01_to_03  L1=0.549  L1/zero=0.83  cos=0.68  k=0.60
[004/100] 01_to_04  L1=0.887  L1/zero=0.82  cos=0.70  k=0.46
[005/100] 01_to_05  L1=1.286  L1/zero=0.82  cos=0.66  k=0.41
[006/100] 01_to_06  L1=1.377  L1/zero=0.80  cos=0.65  k=0.47
[007/100] 01_to_07  L1=1.125  L1/zero=0.75  cos=0.66  k=0.56
[008/100] 01_to_08  L1=0.897  L1/zero=0.76  cos=0.63  k=0.50
[009/100] 01_to_09  L1=0.597  L1/zero=0.84  cos=0.54  k=0.38
[010/100] 01_to_10  L1=0.269  L1/zero=0.93  cos=0.39  k=0.19
[011/100] 02_to_01  L1=0.229  L1/zero=0.80  cos=0.62  k=0.57
[012/100] 02_to_02  L1=0.004  L1/zero=366322.07  cos=nan  k=nan
[013/100] 02_to_03  L1=0.354  L1/zero=0.85  cos=0.69  k=0.42
[014/100] 02_to_04  L1=0.815  L1/zero=0.87  cos=0.64  k=0.33
[015/100] 02_to_05  L1=1.246  L1/zero=0.87  cos=0.59  k=0.30
[016/100] 02_to_06  L1=1.417  L1/zero=0.86  cos=0.58  k=0.31
[017/100] 02_to_07  L1=1.230  L1/zero=0.83  cos=0.58  k=0.38
[018/100] 02_to_08  L1=0.997  L1/zero=0.85  cos=0.54  k=0.31
[019/100] 02_to_09  L1=0.726  L1/zero=0.91  cos=0.48  k=0.21
[020/100] 02_to_10  L1=0.440  L1/zero=0.92  cos=0.36  k=0.30
[021/100] 03_to_01  L1=0.544  L1/zero=0.81  cos=0.72  k=0.48
[022/100] 03_to_02  L1=0.319  L1/zero=0.78  cos=0.74  k=0.55
[023/100] 03_to_03  L1=0.008  L1/zero=801153.76  cos=nan  k=nan
[024/100] 03_to_04  L1=0.407  L1/zero=0.85  cos=0.66  k=0.28
[025/100] 03_to_05  L1=0.913  L1/zero=0.88  cos=0.57  k=0.20
[026/100] 03_to_06  L1=1.096  L1/zero=0.86  cos=0.56  k=0.22
[027/100] 03_to_07  L1=0.981  L1/zero=0.85  cos=0.55  k=0.26
[028/100] 03_to_08  L1=0.767  L1/zero=0.92  cos=0.45  k=0.22
[029/100] 03_to_09  L1=0.675  L1/zero=0.92  cos=0.33  k=0.23
[030/100] 03_to_10  L1=0.642  L1/zero=0.91  cos=0.49  k=0.43
[031/100] 04_to_01  L1=0.960  L1/zero=0.85  cos=0.65  k=0.35
[032/100] 04_to_02  L1=0.827  L1/zero=0.89  cos=0.59  k=0.26
[033/100] 04_to_03  L1=0.403  L1/zero=0.88  cos=0.59  k=0.25
[034/100] 04_to_04  L1=0.005  L1/zero=498068.19  cos=nan  k=nan
[035/100] 04_to_05  L1=0.384  L1/zero=0.95  cos=0.36  k=0.12
[036/100] 04_to_06  L1=0.612  L1/zero=0.93  cos=0.44  k=0.15
[037/100] 04_to_07  L1=0.611  L1/zero=0.93  cos=0.46  k=0.16
[038/100] 04_to_08  L1=0.635  L1/zero=0.97  cos=0.21  k=0.19
[039/100] 04_to_09  L1=0.720  L1/zero=0.96  cos=0.31  k=0.30
[040/100] 04_to_10  L1=0.867  L1/zero=0.91  cos=0.52  k=0.34
[041/100] 05_to_01  L1=1.230  L1/zero=0.79  cos=0.75  k=0.33
[042/100] 05_to_02  L1=1.060  L1/zero=0.78  cos=0.74  k=0.30
[043/100] 05_to_03  L1=0.795  L1/zero=0.84  cos=0.64  k=0.24
[044/100] 05_to_04  L1=0.331  L1/zero=0.87  cos=0.57  k=0.25
[045/100] 05_to_05  L1=0.003  L1/zero=326038.92  cos=nan  k=nan
[046/100] 05_to_06  L1=0.210  L1/zero=0.90  cos=0.50  k=0.26
[047/100] 05_to_07  L1=0.375  L1/zero=0.93  cos=0.30  k=0.28
[048/100] 05_to_08  L1=0.652  L1/zero=0.97  cos=0.39  k=0.22
[049/100] 05_to_09  L1=0.903  L1/zero=0.90  cos=0.63  k=0.30
[050/100] 05_to_10  L1=1.119  L1/zero=0.84  cos=0.70  k=0.32
[051/100] 06_to_01  L1=1.349  L1/zero=0.81  cos=0.69  k=0.30
[052/100] 06_to_02  L1=1.331  L1/zero=0.84  cos=0.65  k=0.26
[053/100] 06_to_03  L1=1.010  L1/zero=0.87  cos=0.55  k=0.22
[054/100] 06_to_04  L1=0.539  L1/zero=0.88  cos=0.48  k=0.24
[055/100] 06_to_05  L1=0.243  L1/zero=0.92  cos=0.42  k=0.25
[056/100] 06_to_06  L1=0.008  L1/zero=843603.44  cos=nan  k=nan
[057/100] 06_to_07  L1=0.295  L1/zero=0.88  cos=0.47  k=0.40
[058/100] 06_to_08  L1=0.619  L1/zero=0.94  cos=0.45  k=0.28
[059/100] 06_to_09  L1=0.916  L1/zero=0.87  cos=0.64  k=0.31
[060/100] 06_to_10  L1=1.176  L1/zero=0.83  cos=0.67  k=0.30
[061/100] 07_to_01  L1=1.277  L1/zero=0.87  cos=0.55  k=0.33
[062/100] 07_to_02  L1=1.328  L1/zero=0.90  cos=0.47  k=0.24
[063/100] 07_to_03  L1=0.994  L1/zero=0.94  cos=0.36  k=0.18
[064/100] 07_to_04  L1=0.568  L1/zero=0.94  cos=0.44  k=0.16
[065/100] 07_to_05  L1=0.387  L1/zero=0.96  cos=0.21  k=0.25
[066/100] 07_to_06  L1=0.321  L1/zero=0.96  cos=0.28  k=0.50
[067/100] 07_to_07  L1=0.009  L1/zero=876399.22  cos=nan  k=nan
[068/100] 07_to_08  L1=0.369  L1/zero=0.93  cos=0.36  k=0.30
[069/100] 07_to_09  L1=0.717  L1/zero=0.91  cos=0.46  k=0.31
[070/100] 07_to_10  L1=1.074  L1/zero=0.90  cos=0.48  k=0.30
[071/100] 08_to_01  L1=1.037  L1/zero=0.87  cos=0.54  k=0.29
[072/100] 08_to_02  L1=0.995  L1/zero=0.90  cos=0.48  k=0.24
[073/100] 08_to_03  L1=0.742  L1/zero=0.94  cos=0.35  k=0.18
[074/100] 08_to_04  L1=0.652  L1/zero=1.02  cos=0.07  k=0.24
[075/100] 08_to_05  L1=0.731  L1/zero=1.01  cos=0.18  k=0.28
[076/100] 08_to_06  L1=0.682  L1/zero=0.99  cos=0.29  k=0.36
[077/100] 08_to_07  L1=0.401  L1/zero=0.96  cos=0.34  k=0.22
[078/100] 08_to_08  L1=0.005  L1/zero=546191.21  cos=nan  k=nan
[079/100] 08_to_09  L1=0.346  L1/zero=0.86  cos=0.61  k=0.40
[080/100] 08_to_10  L1=0.707  L1/zero=0.88  cos=0.54  k=0.32
[081/100] 09_to_01  L1=0.590  L1/zero=0.87  cos=0.50  k=0.31
[082/100] 09_to_02  L1=0.655  L1/zero=0.90  cos=0.49  k=0.24
[083/100] 09_to_03  L1=0.646  L1/zero=0.94  cos=0.29  k=0.24
[084/100] 09_to_04  L1=0.772  L1/zero=0.98  cos=0.28  k=0.25
[085/100] 09_to_05  L1=1.007  L1/zero=0.95  cos=0.47  k=0.24
[086/100] 09_to_06  L1=1.026  L1/zero=0.93  cos=0.50  k=0.27
[087/100] 09_to_07  L1=0.706  L1/zero=0.87  cos=0.55  k=0.38
[088/100] 09_to_08  L1=0.338  L1/zero=0.84  cos=0.61  k=0.52
[089/100] 09_to_09  L1=0.003  L1/zero=327991.14  cos=nan  k=nan
[090/100] 09_to_10  L1=0.319  L1/zero=0.88  cos=0.49  k=0.39
[091/100] 10_to_01  L1=0.279  L1/zero=0.93  cos=0.35  k=0.21
[092/100] 10_to_02  L1=0.405  L1/zero=0.90  cos=0.44  k=0.24
[093/100] 10_to_03  L1=0.613  L1/zero=0.93  cos=0.45  k=0.41
[094/100] 10_to_04  L1=0.880  L1/zero=0.93  cos=0.53  k=0.34
[095/100] 10_to_05  L1=1.232  L1/zero=0.91  cos=0.55  k=0.31
[096/100] 10_to_06  L1=1.311  L1/zero=0.89  cos=0.52  k=0.39
[097/100] 10_to_07  L1=1.037  L1/zero=0.85  cos=0.57  k=0.40
[098/100] 10_to_08  L1=0.680  L1/zero=0.83  cos=0.58  k=0.42
[099/100] 10_to_09  L1=0.320  L1/zero=0.85  cos=0.55  k=0.41
[100/100] 10_to_10  L1=0.003  L1/zero=284357.02  cos=nan  k=nan

[both] Directed mean: L1=0.748  L1/zero=0.89  cos=0.51  k=0.32  beat_zero=98%
wrote /home/abhishek/Voxel_GAN/PopulationStudy/ClinicalExperiments/Experiment3/BothCRB/plots/qc_varian/P5/CV_P5_V_01 (100 pngs)
[2026-08-26 10:20:54] QC elekta CE_P1_V_01
[both|elekta] scan=CE_P1_V_01 pairs=100 panels=100 ckpt=crb_both_mse_cyclic_fov_aug_generator.pth out=/home/abhishek/Voxel_GAN/PopulationStudy/ClinicalExperiments/Experiment3/BothCRB/plots/qc_elekta/P1/CE_P1_V_01
[001/100] 01_to_01  L1=0.003  L1/zero=338936.29  cos=nan  k=nan
[002/100] 01_to_02  L1=0.434  L1/zero=1.05  cos=-0.53  k=0.10
[003/100] 01_to_03  L1=1.215  L1/zero=1.02  cos=-0.01  k=0.10
[004/100] 01_to_04  L1=1.455  L1/zero=1.00  cos=0.18  k=0.16
[005/100] 01_to_05  L1=1.505  L1/zero=0.97  cos=0.34  k=0.25
[006/100] 01_to_06  L1=1.511  L1/zero=1.01  cos=0.31  k=0.31
[007/100] 01_to_07  L1=1.287  L1/zero=0.97  cos=0.41  k=0.31
[008/100] 01_to_08  L1=1.041  L1/zero=0.98  cos=0.32  k=0.18
[009/100] 01_to_09  L1=0.711  L1/zero=0.98  cos=0.25  k=0.13
[010/100] 01_to_10  L1=0.350  L1/zero=0.99  cos=0.30  k=0.05
[011/100] 02_to_01  L1=0.420  L1/zero=1.04  cos=-0.38  k=0.10
[012/100] 02_to_02  L1=0.006  L1/zero=551758.75  cos=nan  k=nan
[013/100] 02_to_03  L1=0.533  L1/zero=1.06  cos=-0.43  k=0.09
[014/100] 02_to_04  L1=0.741  L1/zero=0.93  cos=0.46  k=0.28
[015/100] 02_to_05  L1=0.977  L1/zero=0.95  cos=0.39  k=0.28
[016/100] 02_to_06  L1=1.042  L1/zero=0.95  cos=0.42  k=0.34
[017/100] 02_to_07  L1=0.925  L1/zero=0.91  cos=0.50  k=0.45
[018/100] 02_to_08  L1=0.839  L1/zero=0.93  cos=0.43  k=0.22
[019/100] 02_to_09  L1=0.714  L1/zero=1.01  cos=0.12  k=0.17
[020/100] 02_to_10  L1=0.461  L1/zero=1.05  cos=-0.10  k=0.19
[021/100] 03_to_01  L1=1.223  L1/zero=1.03  cos=-0.11  k=0.13
[022/100] 03_to_02  L1=0.548  L1/zero=1.09  cos=-0.62  k=0.13
[023/100] 03_to_03  L1=0.013  L1/zero=1303270.55  cos=nan  k=nan
[024/100] 03_to_04  L1=0.306  L1/zero=1.04  cos=-0.27  k=0.16
[025/100] 03_to_05  L1=0.498  L1/zero=0.94  cos=0.37  k=0.42
[026/100] 03_to_06  L1=0.575  L1/zero=0.90  cos=0.48  k=0.51
[027/100] 03_to_07  L1=0.670  L1/zero=0.95  cos=0.41  k=0.46
[028/100] 03_to_08  L1=0.768  L1/zero=0.99  cos=0.25  k=0.21
[029/100] 03_to_09  L1=0.911  L1/zero=1.04  cos=-0.07  k=0.18
[030/100] 03_to_10  L1=1.120  L1/zero=1.05  cos=-0.09  k=0.18
[031/100] 04_to_01  L1=1.458  L1/zero=1.03  cos=0.19  k=0.29
[032/100] 04_to_02  L1=0.731  L1/zero=0.93  cos=0.48  k=0.39
[033/100] 04_to_03  L1=0.311  L1/zero=1.09  cos=-0.41  k=0.24
[034/100] 04_to_04  L1=0.006  L1/zero=637885.93  cos=nan  k=nan
[035/100] 04_to_05  L1=0.259  L1/zero=1.03  cos=-0.10  k=0.18
[036/100] 04_to_06  L1=0.386  L1/zero=1.00  cos=0.18  k=0.32
[037/100] 04_to_07  L1=0.533  L1/zero=1.03  cos=0.23  k=0.35
[038/100] 04_to_08  L1=0.780  L1/zero=1.09  cos=-0.14  k=0.22
[039/100] 04_to_09  L1=1.026  L1/zero=1.09  cos=-0.18  k=0.24
[040/100] 04_to_10  L1=1.284  L1/zero=1.06  cos=0.00  k=0.25
[041/100] 05_to_01  L1=1.368  L1/zero=0.92  cos=0.49  k=0.44
[042/100] 05_to_02  L1=0.927  L1/zero=0.88  cos=0.55  k=0.56
[043/100] 05_to_03  L1=0.486  L1/zero=0.95  cos=0.32  k=0.43
[044/100] 05_to_04  L1=0.252  L1/zero=0.99  cos=0.17  k=0.32
[045/100] 05_to_05  L1=0.005  L1/zero=531981.33  cos=nan  k=nan
[046/100] 05_to_06  L1=0.173  L1/zero=0.99  cos=0.26  k=0.08
[047/100] 05_to_07  L1=0.449  L1/zero=1.23  cos=-0.07  k=0.52
[048/100] 05_to_08  L1=0.726  L1/zero=1.14  cos=-0.05  k=0.41
[049/100] 05_to_09  L1=1.001  L1/zero=1.08  cos=0.16  k=0.54
[050/100] 05_to_10  L1=1.185  L1/zero=0.97  cos=0.40  k=0.47
[051/100] 06_to_01  L1=1.431  L1/zero=0.99  cos=0.43  k=0.49
[052/100] 06_to_02  L1=1.110  L1/zero=1.05  cos=0.20  k=0.45
[053/100] 06_to_03  L1=0.554  L1/zero=0.89  cos=0.48  k=0.57
[054/100] 06_to_04  L1=0.360  L1/zero=0.93  cos=0.40  k=0.57
[055/100] 06_to_05  L1=0.181  L1/zero=1.01  cos=0.27  k=0.49
[056/100] 06_to_06  L1=0.008  L1/zero=787911.19  cos=nan  k=nan
[057/100] 06_to_07  L1=0.296  L1/zero=1.06  cos=-0.39  k=0.16
[058/100] 06_to_08  L1=0.670  L1/zero=1.18  cos=0.12  k=0.65
[059/100] 06_to_09  L1=0.948  L1/zero=1.10  cos=0.23  k=0.56
[060/100] 06_to_10  L1=1.203  L1/zero=1.03  cos=0.38  k=0.53
[061/100] 07_to_01  L1=1.360  L1/zero=1.08  cos=0.36  k=0.64
[062/100] 07_to_02  L1=0.839  L1/zero=0.88  cos=0.53  k=0.53
[063/100] 07_to_03  L1=0.693  L1/zero=0.98  cos=0.33  k=0.45
[064/100] 07_to_04  L1=0.578  L1/zero=1.11  cos=0.18  k=0.46
[065/100] 07_to_05  L1=0.514  L1/zero=1.41  cos=-0.04  k=0.81
[066/100] 07_to_06  L1=0.298  L1/zero=1.09  cos=-0.57  k=0.15
[067/100] 07_to_07  L1=0.009  L1/zero=937772.54  cos=nan  k=nan
[068/100] 07_to_08  L1=0.325  L1/zero=1.13  cos=-0.61  k=0.24
[069/100] 07_to_09  L1=0.650  L1/zero=1.09  cos=-0.07  k=0.31
[070/100] 07_to_10  L1=1.161  L1/zero=1.23  cos=0.09  k=0.66
[071/100] 08_to_01  L1=1.010  L1/zero=1.00  cos=0.39  k=0.45
[072/100] 08_to_02  L1=0.806  L1/zero=0.91  cos=0.42  k=0.37
[073/100] 08_to_03  L1=0.795  L1/zero=1.02  cos=0.17  k=0.28
[074/100] 08_to_04  L1=0.811  L1/zero=1.12  cos=-0.13  k=0.28
[075/100] 08_to_05  L1=0.772  L1/zero=1.21  cos=-0.17  k=0.47
[076/100] 08_to_06  L1=0.724  L1/zero=1.28  cos=-0.02  k=0.67
[077/100] 08_to_07  L1=0.326  L1/zero=1.09  cos=-0.57  k=0.17
[078/100] 08_to_08  L1=0.006  L1/zero=563669.86  cos=nan  k=nan
[079/100] 08_to_09  L1=0.306  L1/zero=0.94  cos=0.46  k=0.49
[080/100] 08_to_10  L1=0.722  L1/zero=1.06  cos=0.30  k=0.55
[081/100] 09_to_01  L1=0.666  L1/zero=0.96  cos=0.39  k=0.22
[082/100] 09_to_02  L1=0.676  L1/zero=0.98  cos=0.22  k=0.28
[083/100] 09_to_03  L1=0.902  L1/zero=1.03  cos=0.06  k=0.26
[084/100] 09_to_04  L1=1.041  L1/zero=1.09  cos=-0.15  k=0.27
[085/100] 09_to_05  L1=1.001  L1/zero=1.08  cos=0.09  k=0.49
[086/100] 09_to_06  L1=0.914  L1/zero=1.06  cos=0.28  k=0.52
[087/100] 09_to_07  L1=0.660  L1/zero=1.09  cos=-0.08  k=0.30
[088/100] 09_to_08  L1=0.308  L1/zero=0.99  cos=0.28  k=0.26
[089/100] 09_to_09  L1=0.005  L1/zero=465841.08  cos=nan  k=nan
[090/100] 09_to_10  L1=0.328  L1/zero=0.98  cos=0.39  k=0.14
[091/100] 10_to_01  L1=0.343  L1/zero=0.97  cos=0.38  k=0.10
[092/100] 10_to_02  L1=0.452  L1/zero=1.05  cos=-0.10  k=0.19
[093/100] 10_to_03  L1=1.106  L1/zero=1.02  cos=0.07  k=0.19
[094/100] 10_to_04  L1=1.298  L1/zero=1.05  cos=0.07  k=0.28
[095/100] 10_to_05  L1=1.266  L1/zero=1.00  cos=0.30  k=0.36
[096/100] 10_to_06  L1=1.256  L1/zero=1.05  cos=0.30  k=0.44
[097/100] 10_to_07  L1=0.990  L1/zero=1.03  cos=0.23  k=0.33
[098/100] 10_to_08  L1=0.646  L1/zero=0.96  cos=0.43  k=0.35
[099/100] 10_to_09  L1=0.350  L1/zero=0.99  cos=0.18  k=0.07
[100/100] 10_to_10  L1=0.003  L1/zero=316487.65  cos=nan  k=nan

[both|elekta] Directed mean: L1=0.775  L1/zero=1.03  cos=0.14  k=0.33  beat_zero=40%
wrote /home/abhishek/Voxel_GAN/PopulationStudy/ClinicalExperiments/Experiment3/BothCRB/plots/qc_elekta/P1/CE_P1_V_01 (100 pngs)
[2026-08-26 10:21:38] QC elekta CE_P2_V_01
[both|elekta] scan=CE_P2_V_01 pairs=100 panels=100 ckpt=crb_both_mse_cyclic_fov_aug_generator.pth out=/home/abhishek/Voxel_GAN/PopulationStudy/ClinicalExperiments/Experiment3/BothCRB/plots/qc_elekta/P2/CE_P2_V_01
[001/100] 01_to_01  L1=0.004  L1/zero=351852.85  cos=nan  k=nan
[002/100] 01_to_02  L1=0.396  L1/zero=1.03  cos=-0.39  k=0.08
[003/100] 01_to_03  L1=1.260  L1/zero=1.02  cos=-0.14  k=0.16
[004/100] 01_to_04  L1=1.650  L1/zero=1.00  cos=0.16  k=0.19
[005/100] 01_to_05  L1=1.786  L1/zero=0.99  cos=0.25  k=0.24
[006/100] 01_to_06  L1=1.762  L1/zero=1.00  cos=0.22  k=0.31
[007/100] 01_to_07  L1=1.334  L1/zero=0.99  cos=0.21  k=0.33
[008/100] 01_to_08  L1=0.771  L1/zero=1.01  cos=0.18  k=0.30
[009/100] 01_to_09  L1=0.374  L1/zero=1.03  cos=0.13  k=0.41
[010/100] 01_to_10  L1=0.234  L1/zero=1.01  cos=-0.17  k=0.08
[011/100] 02_to_01  L1=0.376  L1/zero=1.01  cos=-0.03  k=0.06
[012/100] 02_to_02  L1=0.005  L1/zero=512493.82  cos=nan  k=nan
[013/100] 02_to_03  L1=0.514  L1/zero=1.01  cos=-0.22  k=0.04
[014/100] 02_to_04  L1=1.122  L1/zero=1.02  cos=0.14  k=0.27
[015/100] 02_to_05  L1=1.430  L1/zero=1.02  cos=0.12  k=0.26
[016/100] 02_to_06  L1=1.427  L1/zero=1.05  cos=0.14  k=0.43
[017/100] 02_to_07  L1=1.097  L1/zero=1.09  cos=0.10  k=0.52
[018/100] 02_to_08  L1=0.651  L1/zero=1.07  cos=-0.03  k=0.36
[019/100] 02_to_09  L1=0.549  L1/zero=1.05  cos=-0.09  k=0.25
[020/100] 02_to_10  L1=0.618  L1/zero=0.98  cos=0.24  k=0.19
[021/100] 03_to_01  L1=1.146  L1/zero=0.98  cos=0.24  k=0.17
[022/100] 03_to_02  L1=0.496  L1/zero=1.03  cos=-0.25  k=0.11
[023/100] 03_to_03  L1=0.013  L1/zero=1313596.31  cos=nan  k=nan
[024/100] 03_to_04  L1=0.359  L1/zero=1.00  cos=-0.03  k=0.07
[025/100] 03_to_05  L1=0.606  L1/zero=1.03  cos=0.18  k=0.38
[026/100] 03_to_06  L1=0.837  L1/zero=1.11  cos=0.03  k=0.55
[027/100] 03_to_07  L1=0.741  L1/zero=1.18  cos=0.06  k=0.60
[028/100] 03_to_08  L1=0.870  L1/zero=0.97  cos=0.23  k=0.21
[029/100] 03_to_09  L1=1.127  L1/zero=0.97  cos=0.21  k=0.18
[030/100] 03_to_10  L1=1.331  L1/zero=0.97  cos=0.24  k=0.19
[031/100] 04_to_01  L1=1.527  L1/zero=0.99  cos=0.18  k=0.23
[032/100] 04_to_02  L1=1.075  L1/zero=1.06  cos=0.08  k=0.32
[033/100] 04_to_03  L1=0.352  L1/zero=1.02  cos=-0.08  k=0.14
[034/100] 04_to_04  L1=0.005  L1/zero=542317.28  cos=nan  k=nan
[035/100] 04_to_05  L1=0.240  L1/zero=0.97  cos=0.17  k=0.14
[036/100] 04_to_06  L1=0.426  L1/zero=1.10  cos=0.03  k=0.55
[037/100] 04_to_07  L1=0.650  L1/zero=1.07  cos=0.12  k=0.41
[038/100] 04_to_08  L1=1.045  L1/zero=0.97  cos=0.25  k=0.18
[039/100] 04_to_09  L1=1.391  L1/zero=0.97  cos=0.23  k=0.24
[040/100] 04_to_10  L1=1.598  L1/zero=0.96  cos=0.22  k=0.25
[041/100] 05_to_01  L1=1.682  L1/zero=1.00  cos=0.26  k=0.47
[042/100] 05_to_02  L1=1.364  L1/zero=1.08  cos=0.12  k=0.49
[043/100] 05_to_03  L1=0.593  L1/zero=1.05  cos=0.19  k=0.51
[044/100] 05_to_04  L1=0.252  L1/zero=1.02  cos=0.12  k=0.37
[045/100] 05_to_05  L1=0.005  L1/zero=483099.28  cos=nan  k=nan
[046/100] 05_to_06  L1=0.242  L1/zero=1.00  cos=0.11  k=0.07
[047/100] 05_to_07  L1=0.604  L1/zero=1.01  cos=0.16  k=0.28
[048/100] 05_to_08  L1=1.016  L1/zero=0.95  cos=0.37  k=0.31
[049/100] 05_to_09  L1=1.523  L1/zero=1.00  cos=0.21  k=0.34
[050/100] 05_to_10  L1=1.773  L1/zero=0.95  cos=0.30  k=0.38
[051/100] 06_to_01  L1=1.699  L1/zero=1.00  cos=0.27  k=0.57
[052/100] 06_to_02  L1=1.385  L1/zero=1.10  cos=0.18  k=0.64
[053/100] 06_to_03  L1=0.862  L1/zero=1.21  cos=0.03  k=0.72
[054/100] 06_to_04  L1=0.461  L1/zero=1.21  cos=0.04  k=0.80
[055/100] 06_to_05  L1=0.263  L1/zero=1.07  cos=-0.07  k=0.25
[056/100] 06_to_06  L1=0.007  L1/zero=718484.68  cos=nan  k=nan
[057/100] 06_to_07  L1=0.407  L1/zero=1.01  cos=-0.16  k=0.04
[058/100] 06_to_08  L1=0.837  L1/zero=0.96  cos=0.37  k=0.47
[059/100] 06_to_09  L1=1.376  L1/zero=0.98  cos=0.31  k=0.45
[060/100] 06_to_10  L1=1.763  L1/zero=0.97  cos=0.27  k=0.47
[061/100] 07_to_01  L1=1.217  L1/zero=0.98  cos=0.35  k=0.64
[062/100] 07_to_02  L1=1.026  L1/zero=1.07  cos=0.24  k=0.64
[063/100] 07_to_03  L1=0.779  L1/zero=1.25  cos=0.02  k=0.61
[064/100] 07_to_04  L1=0.701  L1/zero=1.13  cos=0.01  k=0.46
[065/100] 07_to_05  L1=0.672  L1/zero=1.09  cos=-0.06  k=0.34
[066/100] 07_to_06  L1=0.420  L1/zero=1.01  cos=-0.28  k=0.04
[067/100] 07_to_07  L1=0.010  L1/zero=1002879.53  cos=nan  k=nan
[068/100] 07_to_08  L1=0.473  L1/zero=1.01  cos=0.01  k=0.07
[069/100] 07_to_09  L1=0.933  L1/zero=1.00  cos=0.08  k=0.22
[070/100] 07_to_10  L1=1.314  L1/zero=0.94  cos=0.32  k=0.42
[071/100] 08_to_01  L1=0.742  L1/zero=0.98  cos=0.41  k=0.78
[072/100] 08_to_02  L1=0.686  L1/zero=1.16  cos=-0.01  k=0.54
[073/100] 08_to_03  L1=0.924  L1/zero=1.02  cos=0.11  k=0.23
[074/100] 08_to_04  L1=1.110  L1/zero=1.01  cos=0.11  k=0.20
[075/100] 08_to_05  L1=1.113  L1/zero=0.99  cos=0.19  k=0.21
[076/100] 08_to_06  L1=0.944  L1/zero=0.99  cos=0.28  k=0.33
[077/100] 08_to_07  L1=0.487  L1/zero=1.01  cos=-0.14  k=0.04
[078/100] 08_to_08  L1=0.007  L1/zero=698398.19  cos=nan  k=nan
[079/100] 08_to_09  L1=0.368  L1/zero=0.91  cos=0.46  k=0.28
[080/100] 08_to_10  L1=0.685  L1/zero=0.91  cos=0.41  k=0.44
[081/100] 09_to_01  L1=0.407  L1/zero=1.11  cos=0.16  k=0.62
[082/100] 09_to_02  L1=0.591  L1/zero=1.07  cos=-0.11  k=0.26
[083/100] 09_to_03  L1=1.161  L1/zero=0.97  cos=0.27  k=0.19
[084/100] 09_to_04  L1=1.456  L1/zero=0.97  cos=0.35  k=0.23
[085/100] 09_to_05  L1=1.610  L1/zero=0.99  cos=0.23  k=0.26
[086/100] 09_to_06  L1=1.458  L1/zero=0.97  cos=0.34  k=0.37
[087/100] 09_to_07  L1=0.957  L1/zero=0.96  cos=0.29  k=0.21
[088/100] 09_to_08  L1=0.433  L1/zero=1.03  cos=-0.17  k=0.09
[089/100] 09_to_09  L1=0.005  L1/zero=468007.10  cos=nan  k=nan
[090/100] 09_to_10  L1=0.285  L1/zero=1.00  cos=0.17  k=0.10
[091/100] 10_to_01  L1=0.246  L1/zero=1.03  cos=-0.24  k=0.09
[092/100] 10_to_02  L1=0.643  L1/zero=0.99  cos=0.09  k=0.14
[093/100] 10_to_03  L1=1.412  L1/zero=0.99  cos=0.11  k=0.14
[094/100] 10_to_04  L1=1.741  L1/zero=0.99  cos=0.26  k=0.23
[095/100] 10_to_05  L1=1.966  L1/zero=0.98  cos=0.29  k=0.28
[096/100] 10_to_06  L1=1.928  L1/zero=0.99  cos=0.22  k=0.37
[097/100] 10_to_07  L1=1.408  L1/zero=0.93  cos=0.36  k=0.31
[098/100] 10_to_08  L1=0.737  L1/zero=0.94  cos=0.40  k=0.31
[099/100] 10_to_09  L1=0.296  L1/zero=1.00  cos=0.13  k=0.07
[100/100] 10_to_10  L1=0.003  L1/zero=318980.57  cos=nan  k=nan

[both|elekta] Directed mean: L1=0.940  L1/zero=1.02  cos=0.13  k=0.31  beat_zero=47%
wrote /home/abhishek/Voxel_GAN/PopulationStudy/ClinicalExperiments/Experiment3/BothCRB/plots/qc_elekta/P2/CE_P2_V_01 (100 pngs)
[2026-08-26 10:22:21] QC elekta CE_P3_V_01
[both|elekta] scan=CE_P3_V_01 pairs=100 panels=100 ckpt=crb_both_mse_cyclic_fov_aug_generator.pth out=/home/abhishek/Voxel_GAN/PopulationStudy/ClinicalExperiments/Experiment3/BothCRB/plots/qc_elekta/P3/CE_P3_V_01
[001/100] 01_to_01  L1=0.004  L1/zero=448034.24  cos=nan  k=nan
[002/100] 01_to_02  L1=1.613  L1/zero=1.01  cos=-0.68  k=0.02
[003/100] 01_to_03  L1=2.753  L1/zero=1.01  cos=-0.65  k=0.01
[004/100] 01_to_04  L1=3.338  L1/zero=1.00  cos=-0.32  k=0.02
[005/100] 01_to_05  L1=3.820  L1/zero=0.98  cos=0.15  k=0.07
[006/100] 01_to_06  L1=3.554  L1/zero=0.95  cos=0.58  k=0.13
[007/100] 01_to_07  L1=2.235  L1/zero=0.95  cos=0.53  k=0.15
[008/100] 01_to_08  L1=0.862  L1/zero=0.99  cos=0.08  k=0.07
[009/100] 01_to_09  L1=1.012  L1/zero=1.00  cos=-0.20  k=0.01
[010/100] 01_to_10  L1=1.279  L1/zero=1.00  cos=-0.65  k=0.01
[011/100] 02_to_01  L1=1.521  L1/zero=1.00  cos=-0.27  k=0.01
[012/100] 02_to_02  L1=0.007  L1/zero=706242.58  cos=nan  k=nan
[013/100] 02_to_03  L1=0.705  L1/zero=1.01  cos=-0.39  k=0.01
[014/100] 02_to_04  L1=1.241  L1/zero=1.01  cos=-0.48  k=0.02
[015/100] 02_to_05  L1=1.660  L1/zero=1.01  cos=-0.18  k=0.05
[016/100] 02_to_06  L1=1.595  L1/zero=0.98  cos=0.12  k=0.08
[017/100] 02_to_07  L1=0.976  L1/zero=0.97  cos=0.32  k=0.21
[018/100] 02_to_08  L1=1.639  L1/zero=1.02  cos=-0.13  k=0.10
[019/100] 02_to_09  L1=2.848  L1/zero=1.00  cos=-0.23  k=0.02
[020/100] 02_to_10  L1=3.390  L1/zero=1.00  cos=-0.36  k=0.00
[021/100] 03_to_01  L1=2.503  L1/zero=1.00  cos=-0.14  k=0.01
[022/100] 03_to_02  L1=0.716  L1/zero=1.03  cos=-0.52  k=0.05
[023/100] 03_to_03  L1=0.021  L1/zero=2050903.63  cos=nan  k=nan
[024/100] 03_to_04  L1=0.429  L1/zero=0.99  cos=0.40  k=0.03
[025/100] 03_to_05  L1=0.764  L1/zero=0.98  cos=0.18  k=0.11
[026/100] 03_to_06  L1=0.915  L1/zero=0.96  cos=0.33  k=0.22
[027/100] 03_to_07  L1=1.090  L1/zero=1.08  cos=-0.11  k=0.28
[028/100] 03_to_08  L1=2.301  L1/zero=1.04  cos=-0.30  k=0.12
[029/100] 03_to_09  L1=4.117  L1/zero=1.00  cos=0.12  k=0.05
[030/100] 03_to_10  L1=4.502  L1/zero=0.99  cos=0.35  k=0.04
[031/100] 04_to_01  L1=3.091  L1/zero=0.99  cos=0.25  k=0.07
[032/100] 04_to_02  L1=1.169  L1/zero=0.99  cos=0.08  k=0.07
[033/100] 04_to_03  L1=0.413  L1/zero=0.98  cos=0.50  k=0.05
[034/100] 04_to_04  L1=0.009  L1/zero=878900.20  cos=nan  k=nan
[035/100] 04_to_05  L1=0.321  L1/zero=1.00  cos=-0.03  k=0.02
[036/100] 04_to_06  L1=0.478  L1/zero=0.99  cos=0.09  k=0.10
[037/100] 04_to_07  L1=1.204  L1/zero=1.15  cos=-0.40  k=0.29
[038/100] 04_to_08  L1=2.795  L1/zero=1.05  cos=-0.39  k=0.10
[039/100] 04_to_09  L1=4.765  L1/zero=1.02  cos=-0.25  k=0.05
[040/100] 04_to_10  L1=5.719  L1/zero=1.01  cos=-0.06  k=0.04
[041/100] 05_to_01  L1=3.288  L1/zero=0.93  cos=0.70  k=0.15
[042/100] 05_to_02  L1=1.419  L1/zero=0.94  cos=0.53  k=0.22
[043/100] 05_to_03  L1=0.723  L1/zero=0.97  cos=0.16  k=0.13
[044/100] 05_to_04  L1=0.323  L1/zero=0.99  cos=0.30  k=0.10
[045/100] 05_to_05  L1=0.007  L1/zero=662939.06  cos=nan  k=nan
[046/100] 05_to_06  L1=0.236  L1/zero=0.99  cos=0.17  k=0.03
[047/100] 05_to_07  L1=1.106  L1/zero=1.07  cos=-0.25  k=0.16
[048/100] 05_to_08  L1=2.987  L1/zero=1.01  cos=0.07  k=0.08
[049/100] 05_to_09  L1=5.263  L1/zero=1.00  cos=0.19  k=0.05
[050/100] 05_to_10  L1=5.897  L1/zero=0.97  cos=0.54  k=0.06
[051/100] 06_to_01  L1=3.219  L1/zero=0.92  cos=0.69  k=0.20
[052/100] 06_to_02  L1=1.394  L1/zero=0.89  cos=0.60  k=0.36
[053/100] 06_to_03  L1=0.821  L1/zero=0.93  cos=0.43  k=0.28
[054/100] 06_to_04  L1=0.447  L1/zero=0.92  cos=0.43  k=0.59
[055/100] 06_to_05  L1=0.248  L1/zero=0.99  cos=0.21  k=0.04
[056/100] 06_to_06  L1=0.008  L1/zero=778588.00  cos=nan  k=nan
[057/100] 06_to_07  L1=0.892  L1/zero=1.00  cos=-0.15  k=0.01
[058/100] 06_to_08  L1=2.817  L1/zero=0.99  cos=0.38  k=0.10
[059/100] 06_to_09  L1=5.027  L1/zero=0.98  cos=0.54  k=0.07
[060/100] 06_to_10  L1=5.702  L1/zero=0.95  cos=0.69  k=0.10
[061/100] 07_to_01  L1=2.044  L1/zero=0.91  cos=0.54  k=0.27
[062/100] 07_to_02  L1=1.006  L1/zero=1.02  cos=0.46  k=0.51
[063/100] 07_to_03  L1=1.143  L1/zero=1.14  cos=-0.03  k=0.42
[064/100] 07_to_04  L1=1.248  L1/zero=1.15  cos=-0.38  k=0.29
[065/100] 07_to_05  L1=1.258  L1/zero=1.09  cos=-0.42  k=0.18
[066/100] 07_to_06  L1=0.938  L1/zero=1.00  cos=-0.41  k=0.01
[067/100] 07_to_07  L1=0.012  L1/zero=1192906.96  cos=nan  k=nan
[068/100] 07_to_08  L1=1.494  L1/zero=0.99  cos=0.29  k=0.01
[069/100] 07_to_09  L1=3.344  L1/zero=1.00  cos=0.08  k=0.05
[070/100] 07_to_10  L1=3.854  L1/zero=0.96  cos=0.32  k=0.13
[071/100] 08_to_01  L1=0.825  L1/zero=0.93  cos=0.53  k=0.36
[072/100] 08_to_02  L1=1.823  L1/zero=1.10  cos=-0.34  k=0.21
[073/100] 08_to_03  L1=2.433  L1/zero=1.02  cos=-0.46  k=0.06
[074/100] 08_to_04  L1=3.040  L1/zero=1.04  cos=-0.51  k=0.08
[075/100] 08_to_05  L1=3.357  L1/zero=1.04  cos=-0.34  k=0.08
[076/100] 08_to_06  L1=3.084  L1/zero=1.02  cos=-0.01  k=0.08
[077/100] 08_to_07  L1=1.570  L1/zero=1.00  cos=-0.39  k=0.01
[078/100] 08_to_08  L1=0.010  L1/zero=980924.07  cos=nan  k=nan
[079/100] 08_to_09  L1=1.379  L1/zero=1.00  cos=-0.10  k=0.01
[080/100] 08_to_10  L1=2.002  L1/zero=0.97  cos=0.49  k=0.09
[081/100] 09_to_01  L1=1.038  L1/zero=1.00  cos=-0.33  k=0.03
[082/100] 09_to_02  L1=3.147  L1/zero=1.01  cos=-0.37  k=0.03
[083/100] 09_to_03  L1=4.392  L1/zero=1.00  cos=-0.18  k=0.04
[084/100] 09_to_04  L1=5.086  L1/zero=1.01  cos=-0.01  k=0.05
[085/100] 09_to_05  L1=5.363  L1/zero=0.99  cos=0.32  k=0.07
[086/100] 09_to_06  L1=5.147  L1/zero=0.95  cos=0.63  k=0.10
[087/100] 09_to_07  L1=3.529  L1/zero=0.99  cos=0.31  k=0.05
[088/100] 09_to_08  L1=1.419  L1/zero=1.00  cos=-0.43  k=0.01
[089/100] 09_to_09  L1=0.006  L1/zero=596360.86  cos=nan  k=nan
[090/100] 09_to_10  L1=0.527  L1/zero=0.99  cos=0.53  k=0.02
[091/100] 10_to_01  L1=1.382  L1/zero=1.01  cos=-0.61  k=0.01
[092/100] 10_to_02  L1=3.760  L1/zero=1.01  cos=-0.61  k=0.01
[093/100] 10_to_03  L1=5.089  L1/zero=1.00  cos=-0.40  k=0.01
[094/100] 10_to_04  L1=5.717  L1/zero=0.98  cos=0.40  k=0.05
[095/100] 10_to_05  L1=5.982  L1/zero=0.96  cos=0.58  k=0.08
[096/100] 10_to_06  L1=5.710  L1/zero=0.93  cos=0.73  k=0.11
[097/100] 10_to_07  L1=4.154  L1/zero=0.95  cos=0.70  k=0.10
[098/100] 10_to_08  L1=2.114  L1/zero=0.96  cos=0.53  k=0.10
[099/100] 10_to_09  L1=0.518  L1/zero=0.98  cos=0.42  k=0.03
[100/100] 10_to_10  L1=0.007  L1/zero=676641.89  cos=nan  k=nan

[both|elekta] Directed mean: L1=2.390  L1/zero=1.00  cos=0.06  k=0.10  beat_zero=52%
wrote /home/abhishek/Voxel_GAN/PopulationStudy/ClinicalExperiments/Experiment3/BothCRB/plots/qc_elekta/P3/CE_P3_V_01 (100 pngs)
[2026-08-26 10:23:01] QC elekta CE_P4_V_01
[both|elekta] scan=CE_P4_V_01 pairs=100 panels=100 ckpt=crb_both_mse_cyclic_fov_aug_generator.pth out=/home/abhishek/Voxel_GAN/PopulationStudy/ClinicalExperiments/Experiment3/BothCRB/plots/qc_elekta/P4/CE_P4_V_01
[001/100] 01_to_01  L1=0.004  L1/zero=381842.26  cos=nan  k=nan
[002/100] 01_to_02  L1=0.453  L1/zero=1.01  cos=-0.15  k=0.05
[003/100] 01_to_03  L1=0.786  L1/zero=0.95  cos=0.38  k=0.43
[004/100] 01_to_04  L1=1.041  L1/zero=0.92  cos=0.47  k=0.62
[005/100] 01_to_05  L1=1.236  L1/zero=0.90  cos=0.50  k=0.59
[006/100] 01_to_06  L1=1.386  L1/zero=0.94  cos=0.47  k=0.60
[007/100] 01_to_07  L1=0.976  L1/zero=0.95  cos=0.49  k=0.80
[008/100] 01_to_08  L1=0.663  L1/zero=1.15  cos=0.35  k=0.96
[009/100] 01_to_09  L1=0.550  L1/zero=1.22  cos=-0.03  k=0.60
[010/100] 01_to_10  L1=0.332  L1/zero=1.01  cos=-0.08  k=0.06
[011/100] 02_to_01  L1=0.431  L1/zero=1.00  cos=0.07  k=0.06
[012/100] 02_to_02  L1=0.005  L1/zero=549398.83  cos=nan  k=nan
[013/100] 02_to_03  L1=0.348  L1/zero=1.02  cos=-0.11  k=0.11
[014/100] 02_to_04  L1=0.634  L1/zero=0.95  cos=0.44  k=0.72
[015/100] 02_to_05  L1=0.870  L1/zero=0.90  cos=0.48  k=0.63
[016/100] 02_to_06  L1=1.018  L1/zero=0.91  cos=0.47  k=0.64
[017/100] 02_to_07  L1=0.864  L1/zero=0.97  cos=0.41  k=0.64
[018/100] 02_to_08  L1=0.881  L1/zero=1.08  cos=0.11  k=0.44
[019/100] 02_to_09  L1=0.992  L1/zero=1.03  cos=-0.02  k=0.19
[020/100] 02_to_10  L1=0.825  L1/zero=0.95  cos=0.35  k=0.16
[021/100] 03_to_01  L1=0.718  L1/zero=0.94  cos=0.47  k=0.60
[022/100] 03_to_02  L1=0.332  L1/zero=0.99  cos=0.18  k=0.29
[023/100] 03_to_03  L1=0.010  L1/zero=1043453.16  cos=nan  k=nan
[024/100] 03_to_04  L1=0.279  L1/zero=1.00  cos=0.15  k=0.29
[025/100] 03_to_05  L1=0.574  L1/zero=0.91  cos=0.42  k=0.51
[026/100] 03_to_06  L1=0.743  L1/zero=0.88  cos=0.47  k=0.55
[027/100] 03_to_07  L1=0.805  L1/zero=0.90  cos=0.43  k=0.44
[028/100] 03_to_08  L1=0.987  L1/zero=0.96  cos=0.29  k=0.27
[029/100] 03_to_09  L1=1.139  L1/zero=0.93  cos=0.37  k=0.25
[030/100] 03_to_10  L1=1.013  L1/zero=0.89  cos=0.49  k=0.40
[031/100] 04_to_01  L1=0.948  L1/zero=0.92  cos=0.52  k=0.74
[032/100] 04_to_02  L1=0.650  L1/zero=1.03  cos=0.41  k=0.89
[033/100] 04_to_03  L1=0.267  L1/zero=0.99  cos=0.45  k=1.00
[034/100] 04_to_04  L1=0.005  L1/zero=549127.53  cos=nan  k=nan
[035/100] 04_to_05  L1=0.330  L1/zero=0.93  cos=0.29  k=0.27
[036/100] 04_to_06  L1=0.512  L1/zero=0.88  cos=0.46  k=0.44
[037/100] 04_to_07  L1=0.687  L1/zero=0.97  cos=0.35  k=0.40
[038/100] 04_to_08  L1=1.003  L1/zero=0.96  cos=0.29  k=0.28
[039/100] 04_to_09  L1=1.263  L1/zero=0.89  cos=0.48  k=0.38
[040/100] 04_to_10  L1=1.150  L1/zero=0.86  cos=0.54  k=0.53
[041/100] 05_to_01  L1=1.152  L1/zero=0.89  cos=0.54  k=0.67
[042/100] 05_to_02  L1=0.829  L1/zero=0.92  cos=0.52  k=0.78
[043/100] 05_to_03  L1=0.552  L1/zero=0.91  cos=0.47  k=0.62
[044/100] 05_to_04  L1=0.314  L1/zero=0.96  cos=0.33  k=0.45
[045/100] 05_to_05  L1=0.005  L1/zero=474039.28  cos=nan  k=nan
[046/100] 05_to_06  L1=0.277  L1/zero=0.99  cos=0.16  k=0.17
[047/100] 05_to_07  L1=0.653  L1/zero=0.98  cos=0.29  k=0.41
[048/100] 05_to_08  L1=1.103  L1/zero=0.95  cos=0.36  k=0.30
[049/100] 05_to_09  L1=1.355  L1/zero=0.88  cos=0.50  k=0.40
[050/100] 05_to_10  L1=1.400  L1/zero=0.86  cos=0.53  k=0.50
[051/100] 06_to_01  L1=1.251  L1/zero=0.92  cos=0.54  k=0.71
[052/100] 06_to_02  L1=0.983  L1/zero=0.94  cos=0.50  k=0.74
[053/100] 06_to_03  L1=0.745  L1/zero=0.93  cos=0.44  k=0.63
[054/100] 06_to_04  L1=0.523  L1/zero=0.93  cos=0.40  k=0.52
[055/100] 06_to_05  L1=0.282  L1/zero=1.01  cos=0.25  k=0.54
[056/100] 06_to_06  L1=0.008  L1/zero=809983.07  cos=nan  k=nan
[057/100] 06_to_07  L1=0.524  L1/zero=1.04  cos=-0.02  k=0.19
[058/100] 06_to_08  L1=1.024  L1/zero=0.98  cos=0.31  k=0.37
[059/100] 06_to_09  L1=1.293  L1/zero=0.89  cos=0.51  k=0.43
[060/100] 06_to_10  L1=1.468  L1/zero=0.90  cos=0.51  k=0.53
[061/100] 07_to_01  L1=0.994  L1/zero=1.03  cos=0.49  k=0.97
[062/100] 07_to_02  L1=0.903  L1/zero=1.01  cos=0.42  k=0.70
[063/100] 07_to_03  L1=0.820  L1/zero=0.94  cos=0.40  k=0.49
[064/100] 07_to_04  L1=0.719  L1/zero=1.00  cos=0.29  k=0.42
[065/100] 07_to_05  L1=0.677  L1/zero=0.99  cos=0.31  k=0.41
[066/100] 07_to_06  L1=0.525  L1/zero=1.02  cos=-0.03  k=0.12
[067/100] 07_to_07  L1=0.009  L1/zero=864630.66  cos=nan  k=nan
[068/100] 07_to_08  L1=0.474  L1/zero=0.99  cos=0.19  k=0.29
[069/100] 07_to_09  L1=0.818  L1/zero=0.88  cos=0.54  k=0.50
[070/100] 07_to_10  L1=0.990  L1/zero=0.87  cos=0.58  k=0.70
[071/100] 08_to_01  L1=0.736  L1/zero=1.30  cos=0.35  k=1.21
[072/100] 08_to_02  L1=0.992  L1/zero=1.15  cos=0.02  k=0.50
[073/100] 08_to_03  L1=1.062  L1/zero=0.98  cos=0.23  k=0.27
[074/100] 08_to_04  L1=1.051  L1/zero=0.97  cos=0.27  k=0.28
[075/100] 08_to_05  L1=1.172  L1/zero=0.94  cos=0.38  k=0.27
[076/100] 08_to_06  L1=1.058  L1/zero=0.96  cos=0.36  k=0.34
[077/100] 08_to_07  L1=0.507  L1/zero=1.01  cos=0.03  k=0.17
[078/100] 08_to_08  L1=0.006  L1/zero=568212.80  cos=nan  k=nan
[079/100] 08_to_09  L1=0.342  L1/zero=0.85  cos=0.61  k=0.58
[080/100] 08_to_10  L1=0.597  L1/zero=0.92  cos=0.58  k=0.84
[081/100] 09_to_01  L1=0.607  L1/zero=1.31  cos=-0.08  k=0.67
[082/100] 09_to_02  L1=1.078  L1/zero=1.05  cos=-0.08  k=0.21
[083/100] 09_to_03  L1=1.215  L1/zero=0.94  cos=0.34  k=0.24
[084/100] 09_to_04  L1=1.377  L1/zero=0.91  cos=0.43  k=0.34
[085/100] 09_to_05  L1=1.479  L1/zero=0.88  cos=0.50  k=0.35
[086/100] 09_to_06  L1=1.394  L1/zero=0.89  cos=0.50  k=0.39
[087/100] 09_to_07  L1=0.874  L1/zero=0.88  cos=0.52  k=0.45
[088/100] 09_to_08  L1=0.359  L1/zero=0.86  cos=0.58  k=0.48
[089/100] 09_to_09  L1=0.004  L1/zero=445398.73  cos=nan  k=nan
[090/100] 09_to_10  L1=0.215  L1/zero=1.00  cos=0.25  k=0.48
[091/100] 10_to_01  L1=0.356  L1/zero=1.05  cos=-0.25  k=0.11
[092/100] 10_to_02  L1=0.912  L1/zero=0.99  cos=0.18  k=0.12
[093/100] 10_to_03  L1=1.130  L1/zero=0.91  cos=0.43  k=0.33
[094/100] 10_to_04  L1=1.266  L1/zero=0.87  cos=0.52  k=0.48
[095/100] 10_to_05  L1=1.549  L1/zero=0.87  cos=0.52  k=0.44
[096/100] 10_to_06  L1=1.557  L1/zero=0.88  cos=0.52  k=0.48
[097/100] 10_to_07  L1=1.116  L1/zero=0.90  cos=0.50  k=0.57
[098/100] 10_to_08  L1=0.597  L1/zero=0.91  cos=0.55  k=0.74
[099/100] 10_to_09  L1=0.220  L1/zero=0.96  cos=0.29  k=0.17
[100/100] 10_to_10  L1=0.003  L1/zero=308379.39  cos=nan  k=nan

[both|elekta] Directed mean: L1=0.835  L1/zero=0.96  cos=0.35  k=0.47  beat_zero=77%
wrote /home/abhishek/Voxel_GAN/PopulationStudy/ClinicalExperiments/Experiment3/BothCRB/plots/qc_elekta/P4/CE_P4_V_01 (100 pngs)
[2026-08-26 10:23:48] QC elekta CE_P5_V_01
[both|elekta] scan=CE_P5_V_01 pairs=100 panels=100 ckpt=crb_both_mse_cyclic_fov_aug_generator.pth out=/home/abhishek/Voxel_GAN/PopulationStudy/ClinicalExperiments/Experiment3/BothCRB/plots/qc_elekta/P5/CE_P5_V_01
[001/100] 01_to_01  L1=0.004  L1/zero=383257.70  cos=nan  k=nan
[002/100] 01_to_02  L1=0.586  L1/zero=0.94  cos=0.27  k=0.22
[003/100] 01_to_03  L1=1.252  L1/zero=0.86  cos=0.50  k=0.32
[004/100] 01_to_04  L1=1.983  L1/zero=0.94  cos=0.39  k=0.21
[005/100] 01_to_05  L1=2.200  L1/zero=0.91  cos=0.51  k=0.22
[006/100] 01_to_06  L1=2.023  L1/zero=0.83  cos=0.54  k=0.37
[007/100] 01_to_07  L1=1.650  L1/zero=0.83  cos=0.52  k=0.40
[008/100] 01_to_08  L1=1.143  L1/zero=0.86  cos=0.46  k=0.39
[009/100] 01_to_09  L1=0.429  L1/zero=1.12  cos=0.29  k=0.78
[010/100] 01_to_10  L1=0.232  L1/zero=1.16  cos=-0.17  k=0.36
[011/100] 02_to_01  L1=0.504  L1/zero=0.98  cos=0.17  k=0.17
[012/100] 02_to_02  L1=0.003  L1/zero=263944.13  cos=nan  k=nan
[013/100] 02_to_03  L1=0.693  L1/zero=1.00  cos=0.05  k=0.14
[014/100] 02_to_04  L1=1.293  L1/zero=1.00  cos=0.03  k=0.12
[015/100] 02_to_05  L1=1.623  L1/zero=0.98  cos=0.16  k=0.13
[016/100] 02_to_06  L1=1.576  L1/zero=0.91  cos=0.39  k=0.23
[017/100] 02_to_07  L1=1.286  L1/zero=0.92  cos=0.36  k=0.29
[018/100] 02_to_08  L1=0.918  L1/zero=0.97  cos=0.26  k=0.21
[019/100] 02_to_09  L1=0.700  L1/zero=1.07  cos=-0.15  k=0.21
[020/100] 02_to_10  L1=0.748  L1/zero=1.00  cos=0.08  k=0.13
[021/100] 03_to_01  L1=1.144  L1/zero=0.91  cos=0.42  k=0.22
[022/100] 03_to_02  L1=0.519  L1/zero=0.93  cos=0.37  k=0.31
[023/100] 03_to_03  L1=0.007  L1/zero=679478.89  cos=nan  k=nan
[024/100] 03_to_04  L1=0.494  L1/zero=1.01  cos=-0.08  k=0.11
[025/100] 03_to_05  L1=0.809  L1/zero=0.95  cos=0.42  k=0.12
[026/100] 03_to_06  L1=0.910  L1/zero=0.92  cos=0.42  k=0.20
[027/100] 03_to_07  L1=0.937  L1/zero=0.97  cos=0.32  k=0.14
[028/100] 03_to_08  L1=1.137  L1/zero=0.99  cos=0.34  k=0.11
[029/100] 03_to_09  L1=1.265  L1/zero=0.98  cos=0.21  k=0.12
[030/100] 03_to_10  L1=1.379  L1/zero=0.94  cos=0.33  k=0.17
[031/100] 04_to_01  L1=1.548  L1/zero=0.86  cos=0.55  k=0.33
[032/100] 04_to_02  L1=0.985  L1/zero=0.89  cos=0.50  k=0.31
[033/100] 04_to_03  L1=0.405  L1/zero=0.95  cos=0.39  k=0.17
[034/100] 04_to_04  L1=0.004  L1/zero=407912.95  cos=nan  k=nan
[035/100] 04_to_05  L1=0.293  L1/zero=0.92  cos=0.40  k=0.15
[036/100] 04_to_06  L1=0.507  L1/zero=0.95  cos=0.41  k=0.18
[037/100] 04_to_07  L1=0.846  L1/zero=0.96  cos=0.51  k=0.14
[038/100] 04_to_08  L1=1.373  L1/zero=0.97  cos=0.45  k=0.13
[039/100] 04_to_09  L1=1.631  L1/zero=0.90  cos=0.51  k=0.21
[040/100] 04_to_10  L1=1.779  L1/zero=0.91  cos=0.43  k=0.25
[041/100] 05_to_01  L1=1.783  L1/zero=0.84  cos=0.57  k=0.37
[042/100] 05_to_02  L1=1.249  L1/zero=0.87  cos=0.48  k=0.36
[043/100] 05_to_03  L1=0.633  L1/zero=0.87  cos=0.52  k=0.30
[044/100] 05_to_04  L1=0.259  L1/zero=0.90  cos=0.41  k=0.36
[045/100] 05_to_05  L1=0.003  L1/zero=261325.20  cos=nan  k=nan
[046/100] 05_to_06  L1=0.269  L1/zero=0.99  cos=0.32  k=0.10
[047/100] 05_to_07  L1=0.759  L1/zero=0.94  cos=0.54  k=0.13
[048/100] 05_to_08  L1=1.407  L1/zero=0.95  cos=0.51  k=0.14
[049/100] 05_to_09  L1=1.809  L1/zero=0.91  cos=0.50  k=0.21
[050/100] 05_to_10  L1=2.051  L1/zero=0.90  cos=0.50  k=0.25
[051/100] 06_to_01  L1=1.616  L1/zero=0.76  cos=0.65  k=0.49
[052/100] 06_to_02  L1=1.175  L1/zero=0.80  cos=0.58  k=0.47
[053/100] 06_to_03  L1=0.730  L1/zero=0.87  cos=0.42  k=0.40
[054/100] 06_to_04  L1=0.437  L1/zero=0.95  cos=0.38  k=0.37
[055/100] 06_to_05  L1=0.268  L1/zero=1.01  cos=0.20  k=0.18
[056/100] 06_to_06  L1=0.007  L1/zero=701112.72  cos=nan  k=nan
[057/100] 06_to_07  L1=0.497  L1/zero=0.98  cos=0.31  k=0.20
[058/100] 06_to_08  L1=1.144  L1/zero=0.91  cos=0.59  k=0.19
[059/100] 06_to_09  L1=1.631  L1/zero=0.89  cos=0.52  k=0.25
[060/100] 06_to_10  L1=1.885  L1/zero=0.85  cos=0.54  k=0.35
[061/100] 07_to_01  L1=1.250  L1/zero=0.75  cos=0.63  k=0.68
[062/100] 07_to_02  L1=0.996  L1/zero=0.86  cos=0.49  k=0.68
[063/100] 07_to_03  L1=0.808  L1/zero=1.02  cos=0.29  k=0.50
[064/100] 07_to_04  L1=0.821  L1/zero=0.99  cos=0.24  k=0.34
[065/100] 07_to_05  L1=0.727  L1/zero=0.95  cos=0.30  k=0.22
[066/100] 07_to_06  L1=0.495  L1/zero=0.96  cos=0.20  k=0.19
[067/100] 07_to_07  L1=0.004  L1/zero=411087.69  cos=nan  k=nan
[068/100] 07_to_08  L1=0.485  L1/zero=0.84  cos=0.55  k=0.39
[069/100] 07_to_09  L1=1.033  L1/zero=0.81  cos=0.55  k=0.46
[070/100] 07_to_10  L1=1.359  L1/zero=0.78  cos=0.58  k=0.57
[071/100] 08_to_01  L1=0.938  L1/zero=0.94  cos=0.34  k=0.41
[072/100] 08_to_02  L1=0.814  L1/zero=1.13  cos=-0.14  k=0.33
[073/100] 08_to_03  L1=1.143  L1/zero=1.03  cos=-0.33  k=0.10
[074/100] 08_to_04  L1=1.419  L1/zero=1.01  cos=-0.08  k=0.08
[075/100] 08_to_05  L1=1.468  L1/zero=0.96  cos=0.32  k=0.11
[076/100] 08_to_06  L1=1.231  L1/zero=0.96  cos=0.33  k=0.12
[077/100] 08_to_07  L1=0.608  L1/zero=0.98  cos=0.27  k=0.10
[078/100] 08_to_08  L1=0.004  L1/zero=443357.09  cos=nan  k=nan
[079/100] 08_to_09  L1=0.437  L1/zero=0.92  cos=0.46  k=0.54
[080/100] 08_to_10  L1=0.927  L1/zero=0.97  cos=0.24  k=0.29
[081/100] 09_to_01  L1=0.461  L1/zero=1.24  cos=0.08  k=0.76
[082/100] 09_to_02  L1=0.889  L1/zero=1.18  cos=-0.42  k=0.32
[083/100] 09_to_03  L1=1.437  L1/zero=1.01  cos=-0.02  k=0.17
[084/100] 09_to_04  L1=1.885  L1/zero=0.98  cos=0.17  k=0.16
[085/100] 09_to_05  L1=2.066  L1/zero=0.96  cos=0.32  k=0.15
[086/100] 09_to_06  L1=2.021  L1/zero=0.95  cos=0.30  k=0.18
[087/100] 09_to_07  L1=1.401  L1/zero=0.92  cos=0.36  k=0.19
[088/100] 09_to_08  L1=0.473  L1/zero=0.87  cos=0.53  k=0.32
[089/100] 09_to_09  L1=0.003  L1/zero=287042.77  cos=nan  k=nan
[090/100] 09_to_10  L1=0.322  L1/zero=1.02  cos=0.27  k=0.51
[091/100] 10_to_01  L1=0.250  L1/zero=1.13  cos=-0.29  k=0.28
[092/100] 10_to_02  L1=0.900  L1/zero=1.01  cos=-0.08  k=0.08
[093/100] 10_to_03  L1=1.690  L1/zero=0.99  cos=0.19  k=0.12
[094/100] 10_to_04  L1=2.258  L1/zero=1.00  cos=0.10  k=0.10
[095/100] 10_to_05  L1=2.564  L1/zero=0.97  cos=0.31  k=0.11
[096/100] 10_to_06  L1=2.426  L1/zero=0.93  cos=0.52  k=0.16
[097/100] 10_to_07  L1=1.949  L1/zero=0.94  cos=0.40  k=0.16
[098/100] 10_to_08  L1=1.158  L1/zero=0.97  cos=0.28  k=0.14
[099/100] 10_to_09  L1=0.373  L1/zero=1.02  cos=0.05  k=0.19
[100/100] 10_to_10  L1=0.003  L1/zero=275162.40  cos=nan  k=nan

[both|elekta] Directed mean: L1=1.110  L1/zero=0.95  cos=0.32  k=0.26  beat_zero=80%
wrote /home/abhishek/Voxel_GAN/PopulationStudy/ClinicalExperiments/Experiment3/BothCRB/plots/qc_elekta/P5/CE_P5_V_01 (100 pngs)
[2026-08-26 10:24:31] === E3 Both QC DONE ===

== qc_varian ==
CV_P1_V_01: L1/zero=1.126  cos=0.384  beat=50%
CV_P2_V_01: L1/zero=0.836  cos=0.618  beat=98%
CV_P3_V_01: L1/zero=0.848  cos=0.622  beat=80%
CV_P4_V_01: L1/zero=0.752  cos=0.680  beat=96%
CV_P5_V_01: L1/zero=0.885  cos=0.509  beat=98%

== qc_elekta ==
CE_P1_V_01: L1/zero=1.029  cos=0.136  beat=40%
CE_P2_V_01: L1/zero=1.018  cos=0.130  beat=47%
CE_P3_V_01: L1/zero=0.996  cos=0.056  beat=52%
CE_P4_V_01: L1/zero=0.961  cos=0.346  beat=77%
CE_P5_V_01: L1/zero=0.949  cos=0.315  beat=80%
