Preprocessing phases…
Lung bbox (zyx): [146:338, 7:212, 92:372]
  CT_01: (450, 220, 450) → crop (192, 205, 280) → (128, 128, 128)
  CT_02: (450, 220, 450) → crop (192, 205, 280) → (128, 128, 128)
  CT_03: (450, 220, 450) → crop (192, 205, 280) → (128, 128, 128)
  CT_04: (450, 220, 450) → crop (192, 205, 280) → (128, 128, 128)
  CT_05: (450, 220, 450) → crop (192, 205, 280) → (128, 128, 128)
  CT_06: (450, 220, 450) → crop (192, 205, 280) → (128, 128, 128)
  CT_07: (450, 220, 450) → crop (192, 205, 280) → (128, 128, 128)
  CT_08: (450, 220, 450) → crop (192, 205, 280) → (128, 128, 128)
  CT_09: (450, 220, 450) → crop (192, 205, 280) → (128, 128, 128)
  CT_10: (450, 220, 450) → crop (192, 205, 280) → (128, 128, 128)
  Mask_Lung → (128, 128, 128), voxels=662739
Held-out phases (1-indexed): [5, 9]
[1/2] identity 01→01
[2/2] Elastix 01→02 (train) …
    DVF range per-axis: -0.38:0.40, -1.01:1.10, -1.01:0.66
Done. train pairs=2, val pairs=0
Train dir: P2/data/train
Val dir:   P2/data/val
