Preprocessing phases…
Lung bbox (zyx): [146:338, 7:212, 92:372]
  CT_01: (450, 220, 450) → crop (192, 205, 280) → (128, 128, 128)
  CT_02: (450, 220, 450) → crop (192, 205, 280) → (128, 128, 128)
  CT_03: (450, 220, 450) → crop (192, 205, 280) → (128, 128, 128)
  CT_04: (450, 220, 450) → crop (192, 205, 280) → (128, 128, 128)
  CT_05: (450, 220, 450) → crop (192, 205, 280) → (128, 128, 128)
  CT_06: (450, 220, 450) → crop (192, 205, 280) → (128, 128, 128)
  CT_07: (450, 220, 450) → crop (192, 205, 280) → (128, 128, 128)
  CT_08: (450, 220, 450) → crop (192, 205, 280) → (128, 128, 128)
  CT_09: (450, 220, 450) → crop (192, 205, 280) → (128, 128, 128)
  CT_10: (450, 220, 450) → crop (192, 205, 280) → (128, 128, 128)
  Mask_Lung → (128, 128, 128), voxels=662739
Held-out phases (1-indexed): [5, 9]
[1/100] skip existing 01_to_01_pair.npy
[2/100] skip existing 01_to_02_pair.npy
[3/100] Elastix 01→03 (train) …
    DVF range per-axis: -1.29:1.00, -2.44:3.90, -1.96:0.71
[4/100] Elastix 01→04 (train) …
    DVF range per-axis: -1.63:1.91, -2.97:5.59, -2.65:1.09
[5/100] Elastix 01→05 (val) …
    DVF range per-axis: -2.34:2.51, -3.67:7.32, -2.80:1.51
[6/100] Elastix 01→06 (train) …
    DVF range per-axis: -2.90:2.92, -4.49:7.95, -2.69:2.11
[7/100] Elastix 01→07 (train) …
    DVF range per-axis: -2.85:3.17, -5.08:8.41, -2.45:2.02
[8/100] Elastix 01→08 (train) …
    DVF range per-axis: -3.05:2.60, -4.47:8.30, -1.87:2.12
[9/100] Elastix 01→09 (val) …
    DVF range per-axis: -2.44:1.52, -2.46:6.18, -0.94:2.06
[10/100] Elastix 01→10 (train) …
    DVF range per-axis: -1.13:0.50, -1.29:1.91, -0.40:1.31
[11/100] Elastix 02→01 (train) …
    DVF range per-axis: -0.48:0.42, -1.64:0.98, -0.99:1.09
[12/100] identity 02→02
[13/100] Elastix 02→03 (train) …
    DVF range per-axis: -0.92:0.63, -1.55:2.77, -0.94:0.76
[14/100] Elastix 02→04 (train) …
    DVF range per-axis: -1.42:1.37, -2.59:4.54, -1.48:0.83
[15/100] Elastix 02→05 (val) …
    DVF range per-axis: -2.00:2.11, -3.27:6.17, -2.06:1.27
[16/100] Elastix 02→06 (train) …
    DVF range per-axis: -2.63:2.82, -4.18:6.86, -1.83:1.92
[17/100] Elastix 02→07 (train) …
    DVF range per-axis: -2.80:2.92, -4.62:7.43, -1.66:1.77
[18/100] Elastix 02→08 (train) …
    DVF range per-axis: -2.73:2.13, -4.01:7.10, -1.47:2.23
[19/100] Elastix 02→09 (val) …
    DVF range per-axis: -1.84:1.53, -2.36:4.89, -0.94:2.27
[20/100] Elastix 02→10 (train) …
    DVF range per-axis: -0.95:0.60, -1.24:1.54, -1.14:1.84
[21/100] Elastix 03→01 (train) …
    DVF range per-axis: -1.44:0.82, -4.48:2.55, -1.29:2.02
[22/100] Elastix 03→02 (train) …
    DVF range per-axis: -0.84:0.61, -2.92:1.35, -1.25:0.84
[23/100] identity 03→03
[24/100] Elastix 03→04 (train) …
    DVF range per-axis: -0.84:0.67, -1.74:1.92, -0.61:0.76
[25/100] Elastix 03→05 (val) …
    DVF range per-axis: -1.09:1.40, -2.79:3.55, -1.01:1.10
[26/100] Elastix 03→06 (train) …
    DVF range per-axis: -1.90:1.73, -3.57:4.25, -1.14:1.91
[27/100] Elastix 03→07 (train) …
    DVF range per-axis: -2.00:1.91, -3.99:4.84, -1.21:1.69
[28/100] Elastix 03→08 (train) …
    DVF range per-axis: -2.14:1.43, -3.24:5.00, -1.17:2.16
[29/100] Elastix 03→09 (val) …
    DVF range per-axis: -1.23:1.09, -1.98:3.20, -1.16:2.32
[30/100] Elastix 03→10 (train) …
    DVF range per-axis: -1.07:1.12, -2.39:1.99, -1.03:2.47
[31/100] Elastix 04→01 (train) …
    DVF range per-axis: -2.12:1.48, -6.32:2.90, -1.28:2.84
[32/100] Elastix 04→02 (train) …
    DVF range per-axis: -1.56:1.21, -4.81:2.34, -1.22:1.59
[33/100] Elastix 04→03 (train) …
    DVF range per-axis: -0.81:0.75, -1.98:1.72, -0.74:0.71
[34/100] identity 04→04
[35/100] Elastix 04→05 (val) …
    DVF range per-axis: -1.04:0.53, -2.11:1.41, -0.38:0.98
[36/100] Elastix 04→06 (train) …
    DVF range per-axis: -1.44:0.82, -3.04:2.32, -0.51:1.42
[37/100] Elastix 04→07 (train) …
    DVF range per-axis: -1.40:1.03, -3.20:2.77, -0.65:1.40
[38/100] Elastix 04→08 (train) …
    DVF range per-axis: -1.53:0.98, -2.73:3.35, -0.85:1.80
[39/100] Elastix 04→09 (val) …
    DVF range per-axis: -1.20:1.08, -2.08:2.09, -1.07:2.61
[40/100] Elastix 04→10 (train) …
    DVF range per-axis: -1.92:1.33, -4.11:2.69, -1.40:3.08
[41/100] Elastix 05→01 (val) …
    DVF range per-axis: -2.74:2.04, -7.78:3.99, -1.90:2.97
[42/100] Elastix 05→02 (val) …
    DVF range per-axis: -2.27:1.75, -6.40:3.40, -1.23:1.97
[43/100] Elastix 05→03 (val) …
    DVF range per-axis: -1.42:1.16, -3.44:2.94, -0.97:0.97
[44/100] Elastix 05→04 (val) …
    DVF range per-axis: -0.51:0.57, -1.53:1.78, -0.56:0.38
[45/100] identity 05→05
[46/100] Elastix 05→06 (val) …
    DVF range per-axis: -1.15:0.42, -1.52:1.01, -0.43:1.11
[47/100] Elastix 05→07 (val) …
    DVF range per-axis: -1.21:0.54, -1.91:1.76, -0.48:1.09
[48/100] Elastix 05→08 (val) …
    DVF range per-axis: -1.18:0.96, -2.09:2.49, -0.76:1.62
[49/100] Elastix 05→09 (val) …
    DVF range per-axis: -1.87:1.28, -2.21:2.21, -1.26:2.88
[50/100] Elastix 05→10 (val) …
    DVF range per-axis: -2.68:1.79, -5.71:3.40, -1.72:3.58
[51/100] Elastix 06→01 (train) …
    DVF range per-axis: -3.05:2.24, -8.38:5.00, -1.88:2.88
[52/100] Elastix 06→02 (train) …
    DVF range per-axis: -2.49:2.01, -7.02:4.18, -1.71:2.03
[53/100] Elastix 06→03 (train) …
    DVF range per-axis: -1.59:1.37, -4.33:3.37, -1.69:0.90
[54/100] Elastix 06→04 (train) …
    DVF range per-axis: -0.63:0.77, -2.19:2.76, -1.23:0.32
[55/100] Elastix 06→05 (val) …
    DVF range per-axis: -0.34:0.44, -1.13:1.17, -0.84:0.23
[56/100] identity 06→06
[57/100] Elastix 06→07 (train) …
    DVF range per-axis: -0.45:0.57, -0.96:0.79, -0.45:0.53
[58/100] Elastix 06→08 (train) …
    DVF range per-axis: -1.33:1.00, -1.58:1.75, -0.76:1.44
[59/100] Elastix 06→09 (val) …
    DVF range per-axis: -2.11:1.39, -2.18:2.80, -1.19:2.67
[60/100] Elastix 06→10 (train) …
    DVF range per-axis: -2.87:1.94, -6.14:4.60, -1.69:3.49
[61/100] Elastix 07→01 (train) …
    DVF range per-axis: -3.34:2.33, -9.06:5.17, -1.97:2.73
[62/100] Elastix 07→02 (train) …
    DVF range per-axis: -2.57:2.22, -7.75:4.57, -1.77:2.18
[63/100] Elastix 07→03 (train) …
    DVF range per-axis: -1.59:1.41, -4.96:3.74, -1.65:0.80
[64/100] Elastix 07→04 (train) …
    DVF range per-axis: -0.94:0.81, -2.75:3.13, -1.23:0.41
[65/100] Elastix 07→05 (val) …
    DVF range per-axis: -0.46:0.63, -1.70:1.66, -0.92:0.36
[66/100] Elastix 07→06 (train) …
    DVF range per-axis: -0.55:0.31, -0.76:0.78, -0.50:0.28
[67/100] identity 07→07
[68/100] Elastix 07→08 (train) …
    DVF range per-axis: -1.18:0.89, -1.12:1.19, -0.82:0.87
[69/100] Elastix 07→09 (val) …
    DVF range per-axis: -2.09:1.33, -2.70:3.23, -1.06:2.27
[70/100] Elastix 07→10 (train) …
    DVF range per-axis: -2.89:1.98, -6.77:4.81, -1.52:3.34
[71/100] Elastix 08→01 (train) …
    DVF range per-axis: -2.52:1.66, -8.68:4.44, -1.86:2.15
[72/100] Elastix 08→02 (train) …
    DVF range per-axis: -2.32:1.61, -7.01:3.82, -2.11:1.25
[73/100] Elastix 08→03 (train) …
    DVF range per-axis: -1.18:1.23, -4.78:3.26, -1.77:0.82
[74/100] Elastix 08→04 (train) …
    DVF range per-axis: -0.93:1.38, -3.22:2.35, -1.62:0.57
[75/100] Elastix 08→05 (val) …
    DVF range per-axis: -1.03:1.07, -2.41:1.85, -1.65:0.74
[76/100] Elastix 08→06 (train) …
    DVF range per-axis: -1.16:1.13, -1.75:1.78, -1.20:0.84
[77/100] Elastix 08→07 (train) …
    DVF range per-axis: -0.94:1.14, -1.71:1.36, -0.99:0.78
[78/100] identity 08→08
[79/100] Elastix 08→09 (val) …
    DVF range per-axis: -1.18:0.84, -2.37:2.55, -1.22:1.17
[80/100] Elastix 08→10 (train) …
    DVF range per-axis: -2.06:1.38, -6.26:3.85, -1.42:1.93
[81/100] Elastix 09→01 (val) …
    DVF range per-axis: -1.46:1.22, -5.85:2.77, -1.96:1.05
[82/100] Elastix 09→02 (val) …
    DVF range per-axis: -1.24:1.03, -4.84:2.07, -2.14:0.73
[83/100] Elastix 09→03 (val) …
    DVF range per-axis: -1.22:0.84, -2.79:1.91, -2.26:1.02
[84/100] Elastix 09→04 (val) …
    DVF range per-axis: -1.27:1.32, -1.77:2.41, -2.64:0.99
[85/100] Elastix 09→05 (val) …
    DVF range per-axis: -1.33:1.66, -2.65:2.62, -2.96:1.20
[86/100] Elastix 09→06 (val) …
    DVF range per-axis: -1.51:1.95, -3.47:2.52, -2.56:1.14
[87/100] Elastix 09→07 (val) …
    DVF range per-axis: -1.62:2.15, -3.78:2.34, -2.22:1.15
[88/100] Elastix 09→08 (val) …
    DVF range per-axis: -1.21:1.18, -3.36:2.02, -1.09:1.32
[89/100] identity 09→09
[90/100] Elastix 09→10 (val) …
    DVF range per-axis: -1.08:0.93, -3.96:2.47, -1.01:0.76
[91/100] Elastix 10→01 (train) …
    DVF range per-axis: -0.57:0.48, -2.04:0.94, -1.16:0.33
[92/100] Elastix 10→02 (train) …
    DVF range per-axis: -0.65:0.79, -1.25:1.19, -1.82:0.70
[93/100] Elastix 10→03 (train) …
    DVF range per-axis: -1.19:1.05, -1.78:2.36, -2.42:0.88
[94/100] Elastix 10→04 (train) …
    DVF range per-axis: -1.51:1.67, -2.91:4.18, -3.09:0.93
[95/100] Elastix 10→05 (val) …
    DVF range per-axis: -1.86:2.48, -3.28:5.50, -3.45:1.13
[96/100] Elastix 10→06 (train) …
    DVF range per-axis: -2.30:2.71, -3.95:6.26, -3.31:1.52
[97/100] Elastix 10→07 (train) …
    DVF range per-axis: -2.79:2.93, -4.50:6.77, -3.01:1.57
[98/100] Elastix 10→08 (train) …
    DVF range per-axis: -2.25:2.10, -3.99:6.50, -1.74:1.52
[99/100] Elastix 10→09 (val) …
    DVF range per-axis: -0.99:1.10, -1.99:4.17, -0.64:1.22
[100/100] identity 10→10
Done. train pairs=64, val pairs=36
Train dir: P2/data/train
Val dir:   P2/data/val
