P2/data/all has 100 pair files
=== our_warp (FiLM warp-D) ===
ckpt=weights/spare_mc_p1_scenario_warp_d_generator.pth  pairs=100  out=P2/our_warp/qc  device=cuda
Frame: RAI (IEC 61217)
Plane: axial — slice ⊥ LR
Display: horizontal → SI, vertical → AP
Slice index: 52 / 127  (axis 0 = LR)
DVF arrows: u=SI, v=AP
Flip H: False  |  Flip V: False
[001/100] 01_to_01   L1=0.0236 zero=0.0000 cos=nan
[002/100] 01_to_02   L1=0.2391 zero=0.1534 cos=0.6384
[003/100] 01_to_03   L1=0.5842 zero=0.4175 cos=0.7633
[004/100] 01_to_04   L1=0.7219 zero=0.6800 cos=0.7964
[005/100] 01_to_05   L1=0.8785 zero=0.8665 cos=0.7974
[006/100] 01_to_06   L1=0.9733 zero=0.9577 cos=0.7593
[007/100] 01_to_07   L1=0.9213 zero=1.0164 cos=0.6831
[008/100] 01_to_08   L1=0.8908 zero=0.9552 cos=0.5723
[009/100] 01_to_09   L1=0.6268 zero=0.6434 cos=0.5151
[010/100] 01_to_10   L1=0.2377 zero=0.2358 cos=0.4382
[011/100] 02_to_01   L1=0.2081 zero=0.1571 cos=0.6719
[012/100] 02_to_02   L1=0.0217 zero=0.0000 cos=nan
[013/100] 02_to_03   L1=0.2638 zero=0.2242 cos=0.7178
[014/100] 02_to_04   L1=0.4854 zero=0.4947 cos=0.7529
[015/100] 02_to_05   L1=0.7039 zero=0.6909 cos=0.7620
[016/100] 02_to_06   L1=0.8166 zero=0.8086 cos=0.6970
[017/100] 02_to_07   L1=0.8393 zero=0.9010 cos=0.6205
[018/100] 02_to_08   L1=0.9176 zero=0.8844 cos=0.4132
[019/100] 02_to_09   L1=0.7036 zero=0.6546 cos=0.2793
[020/100] 02_to_10   L1=0.4907 zero=0.3223 cos=0.4162
[021/100] 03_to_01   L1=0.6049 zero=0.4088 cos=0.7684
[022/100] 03_to_02   L1=0.2512 zero=0.2238 cos=0.7190
[023/100] 03_to_03   L1=0.0237 zero=0.0000 cos=nan
[024/100] 03_to_04   L1=0.1803 zero=0.2079 cos=0.7415
[025/100] 03_to_05   L1=0.4578 zero=0.3992 cos=0.6545
[026/100] 03_to_06   L1=0.5852 zero=0.5384 cos=0.5937
[027/100] 03_to_07   L1=0.6929 zero=0.6469 cos=0.4751
[028/100] 03_to_08   L1=0.9181 zero=0.6797 cos=0.1540
[029/100] 03_to_09   L1=0.7701 zero=0.5420 cos=0.3057
[030/100] 03_to_10   L1=0.7436 zero=0.4155 cos=0.7177
[031/100] 04_to_01   L1=0.7426 zero=0.6781 cos=0.8125
[032/100] 04_to_02   L1=0.4702 zero=0.4868 cos=0.7599
[033/100] 04_to_03   L1=0.1744 zero=0.2105 cos=0.7411
[034/100] 04_to_04   L1=0.0239 zero=0.0000 cos=nan
[035/100] 04_to_05   L1=0.2430 zero=0.1522 cos=0.5144
[036/100] 04_to_06   L1=0.4094 zero=0.3047 cos=0.4022
[037/100] 04_to_07   L1=0.5669 zero=0.4400 cos=0.3165
[038/100] 04_to_08   L1=0.8647 zero=0.5126 cos=0.2165
[039/100] 04_to_09   L1=0.8417 zero=0.5145 cos=0.4817
[040/100] 04_to_10   L1=0.8472 zero=0.6140 cos=0.7951
[041/100] 05_to_01   L1=0.8640 zero=0.8538 cos=0.8128
[042/100] 05_to_02   L1=0.7160 zero=0.6833 cos=0.7670
[043/100] 05_to_03   L1=0.4241 zero=0.4059 cos=0.6915
[044/100] 05_to_04   L1=0.2533 zero=0.1591 cos=0.5165
[045/100] 05_to_05   L1=0.0332 zero=0.0000 cos=nan
[046/100] 05_to_06   L1=0.1525 zero=0.1361 cos=0.3093
[047/100] 05_to_07   L1=0.4390 zero=0.2704 cos=0.2678
[048/100] 05_to_08   L1=0.9131 zero=0.3898 cos=0.2513
[049/100] 05_to_09   L1=0.9529 zero=0.5400 cos=0.5797
[050/100] 05_to_10   L1=0.9480 zero=0.7647 cos=0.8052
[051/100] 06_to_01   L1=0.9437 zero=0.9377 cos=0.7777
[052/100] 06_to_02   L1=0.7849 zero=0.7939 cos=0.7084
[053/100] 06_to_03   L1=0.5609 zero=0.5450 cos=0.5983
[054/100] 06_to_04   L1=0.4263 zero=0.3128 cos=0.4079
[055/100] 06_to_05   L1=0.2104 zero=0.1351 cos=0.2385
[056/100] 06_to_06   L1=0.0422 zero=0.0000 cos=nan
[057/100] 06_to_07   L1=0.2180 zero=0.1105 cos=0.3115
[058/100] 06_to_08   L1=0.9092 zero=0.2584 cos=0.2866
[059/100] 06_to_09   L1=0.9927 zero=0.5297 cos=0.6035
[060/100] 06_to_10   L1=1.0234 zero=0.8061 cos=0.7784
[061/100] 07_to_01   L1=0.9031 zero=0.9954 cos=0.6991
[062/100] 07_to_02   L1=0.8423 zero=0.8823 cos=0.5919
[063/100] 07_to_03   L1=0.7148 zero=0.6502 cos=0.4006
[064/100] 07_to_04   L1=0.6128 zero=0.4445 cos=0.2347
[065/100] 07_to_05   L1=0.5218 zero=0.2766 cos=0.1759
[066/100] 07_to_06   L1=0.2711 zero=0.1071 cos=0.2247
[067/100] 07_to_07   L1=0.0439 zero=0.0000 cos=nan
[068/100] 07_to_08   L1=0.2914 zero=0.1543 cos=0.2806
[069/100] 07_to_09   L1=0.5855 zero=0.4841 cos=0.5183
[070/100] 07_to_10   L1=0.8617 zero=0.8143 cos=0.7202
[071/100] 08_to_01   L1=0.9211 zero=0.9591 cos=0.5376
[072/100] 08_to_02   L1=0.9528 zero=0.8824 cos=0.3458
[073/100] 08_to_03   L1=0.9172 zero=0.6835 cos=0.1488
[074/100] 08_to_04   L1=0.8437 zero=0.5096 cos=0.1866
[075/100] 08_to_05   L1=0.8790 zero=0.3895 cos=0.2056
[076/100] 08_to_06   L1=0.8812 zero=0.2556 cos=0.2655
[077/100] 08_to_07   L1=0.2992 zero=0.1513 cos=0.3558
[078/100] 08_to_08   L1=0.0468 zero=0.0000 cos=nan
[079/100] 08_to_09   L1=0.3163 zero=0.3056 cos=0.4328
[080/100] 08_to_10   L1=0.6428 zero=0.7046 cos=0.5982
[081/100] 09_to_01   L1=0.6478 zero=0.6544 cos=0.4780
[082/100] 09_to_02   L1=0.7246 zero=0.6672 cos=0.2485
[083/100] 09_to_03   L1=0.7689 zero=0.5412 cos=0.3007
[084/100] 09_to_04   L1=0.7964 zero=0.5096 cos=0.4664
[085/100] 09_to_05   L1=0.9273 zero=0.5345 cos=0.5383
[086/100] 09_to_06   L1=1.0002 zero=0.5202 cos=0.5563
[087/100] 09_to_07   L1=0.6279 zero=0.4825 cos=0.5239
[088/100] 09_to_08   L1=0.2793 zero=0.3018 cos=0.4695
[089/100] 09_to_09   L1=0.0508 zero=0.0000 cos=nan
[090/100] 09_to_10   L1=0.3597 zero=0.3452 cos=0.5542
[091/100] 10_to_01   L1=0.2843 zero=0.2339 cos=0.4034
[092/100] 10_to_02   L1=0.5206 zero=0.3231 cos=0.4457
[093/100] 10_to_03   L1=0.6707 zero=0.4108 cos=0.7199
[094/100] 10_to_04   L1=0.7829 zero=0.6235 cos=0.7864
[095/100] 10_to_05   L1=0.9468 zero=0.7696 cos=0.7865
[096/100] 10_to_06   L1=1.0377 zero=0.8206 cos=0.7592
[097/100] 10_to_07   L1=0.9035 zero=0.8265 cos=0.7174
[098/100] 10_to_08   L1=0.6265 zero=0.7059 cos=0.6030
[099/100] 10_to_09   L1=0.3286 zero=0.3451 cos=0.5861
[100/100] 10_to_10   L1=0.0510 zero=0.0000 cos=nan
done. non-identity mean L1=0.6454 mean cos=0.5338
metrics → P2/our_warp/metrics.tsv
=== dans_gan (UNetCRB) ===
ckpt=Dan'sPaperGan/weights/dans_crb_warp_d_generator.pth pairs=100 out=/home/abhishek/Voxel_GAN/P2/dans_gan/qc
[001/100] 01_to_01 L1=0.0006 cos=nan
[002/100] 01_to_02 L1=0.1949 cos=0.5873
[003/100] 01_to_03 L1=0.6314 cos=0.6760
[004/100] 01_to_04 L1=0.8365 cos=0.7210
[005/100] 01_to_05 L1=1.0121 cos=0.6949
[006/100] 01_to_06 L1=1.1405 cos=0.6572
[007/100] 01_to_07 L1=1.0600 cos=0.5877
[008/100] 01_to_08 L1=0.8670 cos=0.5840
[009/100] 01_to_09 L1=0.5586 cos=0.6190
[010/100] 01_to_10 L1=0.2021 cos=0.6201
[011/100] 02_to_01 L1=0.2205 cos=0.6342
[012/100] 02_to_02 L1=0.0002 cos=nan
[013/100] 02_to_03 L1=0.2904 cos=0.6989
[014/100] 02_to_04 L1=0.5487 cos=0.7077
[015/100] 02_to_05 L1=0.7462 cos=0.7061
[016/100] 02_to_06 L1=0.8828 cos=0.6548
[017/100] 02_to_07 L1=0.8622 cos=0.5789
[018/100] 02_to_08 L1=0.8682 cos=0.4612
[019/100] 02_to_09 L1=0.6016 cos=0.5400
[020/100] 02_to_10 L1=0.3806 cos=0.6306
[021/100] 03_to_01 L1=0.5932 cos=0.6939
[022/100] 03_to_02 L1=0.2642 cos=0.7249
[023/100] 03_to_03 L1=0.0002 cos=nan
[024/100] 03_to_04 L1=0.2197 cos=0.7114
[025/100] 03_to_05 L1=0.4995 cos=0.6083
[026/100] 03_to_06 L1=0.6686 cos=0.5571
[027/100] 03_to_07 L1=0.7941 cos=0.4226
[028/100] 03_to_08 L1=0.8963 cos=0.2903
[029/100] 03_to_09 L1=0.7756 cos=0.4360
[030/100] 03_to_10 L1=0.7454 cos=0.6607
[031/100] 04_to_01 L1=0.7447 cos=0.7229
[032/100] 04_to_02 L1=0.4949 cos=0.7217
[033/100] 04_to_03 L1=0.1857 cos=0.7258
[034/100] 04_to_04 L1=0.0003 cos=nan
[035/100] 04_to_05 L1=0.2217 cos=0.4618
[036/100] 04_to_06 L1=0.4472 cos=0.3616
[037/100] 04_to_07 L1=0.6503 cos=0.2745
[038/100] 04_to_08 L1=0.8626 cos=0.3110
[039/100] 04_to_09 L1=0.9598 cos=0.5059
[040/100] 04_to_10 L1=0.8665 cos=0.7356
[041/100] 05_to_01 L1=0.8667 cos=0.7479
[042/100] 05_to_02 L1=0.6485 cos=0.7196
[043/100] 05_to_03 L1=0.4045 cos=0.6573
[044/100] 05_to_04 L1=0.1563 cos=0.5287
[045/100] 05_to_05 L1=0.0008 cos=nan
[046/100] 05_to_06 L1=0.1919 cos=0.3466
[047/100] 05_to_07 L1=0.4810 cos=0.2439
[048/100] 05_to_08 L1=0.8844 cos=0.2799
[049/100] 05_to_09 L1=0.9860 cos=0.5814
[050/100] 05_to_10 L1=0.9511 cos=0.7774
[051/100] 06_to_01 L1=0.9605 cos=0.7119
[052/100] 06_to_02 L1=0.7593 cos=0.6723
[053/100] 06_to_03 L1=0.5651 cos=0.5731
[054/100] 06_to_04 L1=0.3718 cos=0.4139
[055/100] 06_to_05 L1=0.1319 cos=0.3785
[056/100] 06_to_06 L1=0.0009 cos=nan
[057/100] 06_to_07 L1=0.2380 cos=0.1357
[058/100] 06_to_08 L1=0.8620 cos=0.2968
[059/100] 06_to_09 L1=0.9880 cos=0.5905
[060/100] 06_to_10 L1=1.0475 cos=0.7459
[061/100] 07_to_01 L1=0.9083 cos=0.6646
[062/100] 07_to_02 L1=0.7951 cos=0.5980
[063/100] 07_to_03 L1=0.7199 cos=0.4152
[064/100] 07_to_04 L1=0.5868 cos=0.2089
[065/100] 07_to_05 L1=0.4037 cos=0.1510
[066/100] 07_to_06 L1=0.1928 cos=0.0358
[067/100] 07_to_07 L1=0.0012 cos=nan
[068/100] 07_to_08 L1=0.2758 cos=0.2823
[069/100] 07_to_09 L1=0.7121 cos=0.5096
[070/100] 07_to_10 L1=0.9115 cos=0.6848
[071/100] 08_to_01 L1=0.8354 cos=0.5782
[072/100] 08_to_02 L1=0.8280 cos=0.4018
[073/100] 08_to_03 L1=0.8555 cos=0.1627
[074/100] 08_to_04 L1=0.7761 cos=0.1844
[075/100] 08_to_05 L1=0.8570 cos=0.2119
[076/100] 08_to_06 L1=0.8056 cos=0.2695
[077/100] 08_to_07 L1=0.2606 cos=0.2922
[078/100] 08_to_08 L1=0.0017 cos=nan
[079/100] 08_to_09 L1=0.3271 cos=0.4926
[080/100] 08_to_10 L1=0.5913 cos=0.6459
[081/100] 09_to_01 L1=0.5735 cos=0.5891
[082/100] 09_to_02 L1=0.5945 cos=0.4174
[083/100] 09_to_03 L1=0.6689 cos=0.4151
[084/100] 09_to_04 L1=0.7825 cos=0.5229
[085/100] 09_to_05 L1=0.9176 cos=0.5842
[086/100] 09_to_06 L1=1.0224 cos=0.5846
[087/100] 09_to_07 L1=0.7424 cos=0.5147
[088/100] 09_to_08 L1=0.3410 cos=0.3544
[089/100] 09_to_09 L1=0.0019 cos=nan
[090/100] 09_to_10 L1=0.3209 cos=0.6358
[091/100] 10_to_01 L1=0.1887 cos=0.6250
[092/100] 10_to_02 L1=0.3530 cos=0.5934
[093/100] 10_to_03 L1=0.5852 cos=0.6688
[094/100] 10_to_04 L1=0.7544 cos=0.7225
[095/100] 10_to_05 L1=0.9225 cos=0.7381
[096/100] 10_to_06 L1=1.0856 cos=0.7090
[097/100] 10_to_07 L1=0.9769 cos=0.6730
[098/100] 10_to_08 L1=0.6667 cos=0.6260
[099/100] 10_to_09 L1=0.3174 cos=0.6225
[100/100] 10_to_10 L1=0.0013 cos=nan
directed mean L1=0.6416 cos=0.5341
leave-out 5/9 mean L1=0.6344 cos=0.5226
Done. QC under P2/our_warp/qc and P2/dans_gan/qc
