[crb_enc_mse_cyclic_full128] network_module=/home/abhishek/Voxel_GAN/PopulationStudy/ClinicalExperiments/Experiment2/networks/generator_crb.py cond_dim=4 im_size=128
[crb_enc_mse_cyclic_full128] device=cuda:0 | UNetCRB params=1.06M | loss=lung-masked MSE | no D | CRB=encoder | cyclic | train 128³ | seed=20260824
[crb_enc_mse_cyclic_full128] train 810 (810 pairs × 1) | val 90 (90 pairs × 1) | train patients=['P1', 'P2', 'P3', 'P4', 'P5', 'P6', 'P7', 'P8', 'P9']
Epoch: 1 | train MSE: 0.618849 | val MSE: 0.544652 | total time: 0 hours 0 minutes
Epoch: 2 | train MSE: 0.565133 | val MSE: 0.526905 | total time: 0 hours 1 minutes
Epoch: 3 | train MSE: 0.550819 | val MSE: 0.532438 | total time: 0 hours 2 minutes
Epoch: 4 | train MSE: 0.516143 | val MSE: 0.412215 | total time: 0 hours 3 minutes
Epoch: 5 | train MSE: 0.445460 | val MSE: 0.377853 | total time: 0 hours 4 minutes
Epoch: 6 | train MSE: 0.371719 | val MSE: 0.314489 | total time: 0 hours 5 minutes
Epoch: 7 | train MSE: 0.323762 | val MSE: 0.305360 | total time: 0 hours 6 minutes
Epoch: 8 | train MSE: 0.293810 | val MSE: 0.241192 | total time: 0 hours 7 minutes
Epoch: 9 | train MSE: 0.259783 | val MSE: 0.251094 | total time: 0 hours 8 minutes
Epoch: 10 | train MSE: 0.239722 | val MSE: 0.215955 | total time: 0 hours 8 minutes
Epoch: 11 | train MSE: 0.222817 | val MSE: 0.193053 | total time: 0 hours 9 minutes
Epoch: 12 | train MSE: 0.203611 | val MSE: 0.237672 | total time: 0 hours 10 minutes
Epoch: 13 | train MSE: 0.187072 | val MSE: 0.186744 | total time: 0 hours 11 minutes
Epoch: 14 | train MSE: 0.173168 | val MSE: 0.149505 | total time: 0 hours 12 minutes
Epoch: 15 | train MSE: 0.169032 | val MSE: 0.173349 | total time: 0 hours 13 minutes
Epoch: 16 | train MSE: 0.154951 | val MSE: 0.186423 | total time: 0 hours 14 minutes
Epoch: 17 | train MSE: 0.151954 | val MSE: 0.171201 | total time: 0 hours 15 minutes
Epoch: 18 | train MSE: 0.146856 | val MSE: 0.147129 | total time: 0 hours 16 minutes
Epoch: 19 | train MSE: 0.135874 | val MSE: 0.127836 | total time: 0 hours 17 minutes
Epoch: 20 | train MSE: 0.125150 | val MSE: 0.128291 | total time: 0 hours 18 minutes
Epoch: 21 | train MSE: 0.126470 | val MSE: 0.108465 | total time: 0 hours 18 minutes
Epoch: 22 | train MSE: 0.117902 | val MSE: 0.108066 | total time: 0 hours 19 minutes
Epoch: 23 | train MSE: 0.123548 | val MSE: 0.120461 | total time: 0 hours 20 minutes
Epoch: 24 | train MSE: 0.109844 | val MSE: 0.097094 | total time: 0 hours 21 minutes
Epoch: 25 | train MSE: 0.102301 | val MSE: 0.125531 | total time: 0 hours 22 minutes
Epoch: 26 | train MSE: 0.113469 | val MSE: 0.106462 | total time: 0 hours 23 minutes
Epoch: 27 | train MSE: 0.092195 | val MSE: 0.093767 | total time: 0 hours 24 minutes
Epoch: 28 | train MSE: 0.092729 | val MSE: 0.084499 | total time: 0 hours 25 minutes
Epoch: 29 | train MSE: 0.091217 | val MSE: 0.086018 | total time: 0 hours 26 minutes
Epoch: 30 | train MSE: 0.090100 | val MSE: 0.091368 | total time: 0 hours 27 minutes
Epoch: 31 | train MSE: 0.089873 | val MSE: 0.077656 | total time: 0 hours 28 minutes
Epoch: 32 | train MSE: 0.082449 | val MSE: 0.078001 | total time: 0 hours 29 minutes
Epoch: 33 | train MSE: 0.084122 | val MSE: 0.097653 | total time: 0 hours 29 minutes
Epoch: 34 | train MSE: 0.089410 | val MSE: 0.125462 | total time: 0 hours 30 minutes
Epoch: 35 | train MSE: 0.080564 | val MSE: 0.092748 | total time: 0 hours 31 minutes
Epoch: 36 | train MSE: 0.078861 | val MSE: 0.070759 | total time: 0 hours 32 minutes
Epoch: 37 | train MSE: 0.079602 | val MSE: 0.073596 | total time: 0 hours 33 minutes
Epoch: 38 | train MSE: 0.078055 | val MSE: 0.070964 | total time: 0 hours 34 minutes
Epoch: 39 | train MSE: 0.077798 | val MSE: 0.068773 | total time: 0 hours 35 minutes
Epoch: 40 | train MSE: 0.069936 | val MSE: 0.065580 | total time: 0 hours 36 minutes
Epoch: 41 | train MSE: 0.068810 | val MSE: 0.076215 | total time: 0 hours 37 minutes
Epoch: 42 | train MSE: 0.077711 | val MSE: 0.071656 | total time: 0 hours 38 minutes
Epoch: 43 | train MSE: 0.070044 | val MSE: 0.065530 | total time: 0 hours 39 minutes
Epoch: 44 | train MSE: 0.068784 | val MSE: 0.072784 | total time: 0 hours 40 minutes
Epoch: 45 | train MSE: 0.070449 | val MSE: 0.068333 | total time: 0 hours 41 minutes
Epoch: 46 | train MSE: 0.059827 | val MSE: 0.072900 | total time: 0 hours 42 minutes
Epoch: 47 | train MSE: 0.062342 | val MSE: 0.068890 | total time: 0 hours 43 minutes
Epoch: 48 | train MSE: 0.062386 | val MSE: 0.072561 | total time: 0 hours 44 minutes
Epoch: 49 | train MSE: 0.060537 | val MSE: 0.062586 | total time: 0 hours 45 minutes
Epoch: 50 | train MSE: 0.058491 | val MSE: 0.070567 | total time: 0 hours 45 minutes
Epoch: 51 | train MSE: 0.057437 | val MSE: 0.056319 | total time: 0 hours 46 minutes
Epoch: 52 | train MSE: 0.063660 | val MSE: 0.115277 | total time: 0 hours 47 minutes
Epoch: 53 | train MSE: 0.058413 | val MSE: 0.060214 | total time: 0 hours 48 minutes
Epoch: 54 | train MSE: 0.050935 | val MSE: 0.061676 | total time: 0 hours 49 minutes
Epoch: 55 | train MSE: 0.065202 | val MSE: 0.059451 | total time: 0 hours 50 minutes
Epoch: 56 | train MSE: 0.050665 | val MSE: 0.056401 | total time: 0 hours 51 minutes
Epoch: 57 | train MSE: 0.052382 | val MSE: 0.055140 | total time: 0 hours 52 minutes
Epoch: 58 | train MSE: 0.055109 | val MSE: 0.057422 | total time: 0 hours 53 minutes
Epoch: 59 | train MSE: 0.054812 | val MSE: 0.086626 | total time: 0 hours 54 minutes
Epoch: 60 | train MSE: 0.053060 | val MSE: 0.061087 | total time: 0 hours 55 minutes
Epoch: 61 | train MSE: 0.052411 | val MSE: 0.084793 | total time: 0 hours 56 minutes
Epoch: 62 | train MSE: 0.049121 | val MSE: 0.049411 | total time: 0 hours 57 minutes
Epoch: 63 | train MSE: 0.044997 | val MSE: 0.044859 | total time: 0 hours 58 minutes
Epoch: 64 | train MSE: 0.046979 | val MSE: 0.046718 | total time: 0 hours 59 minutes
Epoch: 65 | train MSE: 0.048836 | val MSE: 0.066475 | total time: 1 hours 0 minutes
Epoch: 66 | train MSE: 0.046468 | val MSE: 0.047592 | total time: 1 hours 1 minutes
Epoch: 67 | train MSE: 0.048987 | val MSE: 0.061500 | total time: 1 hours 1 minutes
Epoch: 68 | train MSE: 0.044661 | val MSE: 0.057295 | total time: 1 hours 2 minutes
Epoch: 69 | train MSE: 0.044940 | val MSE: 0.045184 | total time: 1 hours 3 minutes
Epoch: 70 | train MSE: 0.042463 | val MSE: 0.044724 | total time: 1 hours 4 minutes
Epoch: 71 | train MSE: 0.046085 | val MSE: 0.044591 | total time: 1 hours 5 minutes
Epoch: 72 | train MSE: 0.042722 | val MSE: 0.049543 | total time: 1 hours 6 minutes
Epoch: 73 | train MSE: 0.041639 | val MSE: 0.043569 | total time: 1 hours 7 minutes
Epoch: 74 | train MSE: 0.047246 | val MSE: 0.044558 | total time: 1 hours 8 minutes
Epoch: 75 | train MSE: 0.041165 | val MSE: 0.041525 | total time: 1 hours 9 minutes
Epoch: 76 | train MSE: 0.042274 | val MSE: 0.048678 | total time: 1 hours 10 minutes
Epoch: 77 | train MSE: 0.039890 | val MSE: 0.040939 | total time: 1 hours 11 minutes
Epoch: 78 | train MSE: 0.040333 | val MSE: 0.045485 | total time: 1 hours 12 minutes
Epoch: 79 | train MSE: 0.042613 | val MSE: 0.047263 | total time: 1 hours 13 minutes
Epoch: 80 | train MSE: 0.037390 | val MSE: 0.042253 | total time: 1 hours 14 minutes
Epoch: 81 | train MSE: 0.040728 | val MSE: 0.044135 | total time: 1 hours 15 minutes
Epoch: 82 | train MSE: 0.039928 | val MSE: 0.038157 | total time: 1 hours 16 minutes
Epoch: 83 | train MSE: 0.040837 | val MSE: 0.045423 | total time: 1 hours 17 minutes
Epoch: 84 | train MSE: 0.038073 | val MSE: 0.042282 | total time: 1 hours 18 minutes
Epoch: 85 | train MSE: 0.036595 | val MSE: 0.038955 | total time: 1 hours 19 minutes
Epoch: 86 | train MSE: 0.041579 | val MSE: 0.041469 | total time: 1 hours 19 minutes
Epoch: 87 | train MSE: 0.035488 | val MSE: 0.037244 | total time: 1 hours 20 minutes
Epoch: 88 | train MSE: 0.040774 | val MSE: 0.039781 | total time: 1 hours 21 minutes
Epoch: 89 | train MSE: 0.034818 | val MSE: 0.035267 | total time: 1 hours 22 minutes
Epoch: 90 | train MSE: 0.040330 | val MSE: 0.047761 | total time: 1 hours 23 minutes
Epoch: 91 | train MSE: 0.035877 | val MSE: 0.042237 | total time: 1 hours 24 minutes
Epoch: 92 | train MSE: 0.035977 | val MSE: 0.047776 | total time: 1 hours 25 minutes
Epoch: 93 | train MSE: 0.038346 | val MSE: 0.037271 | total time: 1 hours 26 minutes
Epoch: 94 | train MSE: 0.030859 | val MSE: 0.041366 | total time: 1 hours 27 minutes
Epoch: 95 | train MSE: 0.035179 | val MSE: 0.042876 | total time: 1 hours 28 minutes
Epoch: 96 | train MSE: 0.036765 | val MSE: 0.045896 | total time: 1 hours 29 minutes
Epoch: 97 | train MSE: 0.037427 | val MSE: 0.034917 | total time: 1 hours 30 minutes
Epoch: 98 | train MSE: 0.030219 | val MSE: 0.038240 | total time: 1 hours 31 minutes
Epoch: 99 | train MSE: 0.032828 | val MSE: 0.036110 | total time: 1 hours 32 minutes
Epoch: 100 | train MSE: 0.037535 | val MSE: 0.037730 | total time: 1 hours 33 minutes
finished best_val_mse=0.034917
