[crb_enc_mse_cyclic_full_spare] network_module=/home/abhishek/Voxel_GAN/PopulationStudy/ClinicalExperiments/Experiment2/networks/generator_crb.py cond_dim=4
[crb_enc_mse_cyclic_full_spare] device=cuda:0 | UNetCRB params=1.06M | loss=lung-masked MSE | no D | CRB=encoder-only | cyclic(θ) cond_dim=4 | seed=20260824
[crb_enc_mse_cyclic_full_spare] train 12960 (810 pairs × 16) | val 720 (90 pairs × 8) | train patients=['P1', 'P2', 'P3', 'P4', 'P5', 'P6', 'P7', 'P8', 'P9']
Epoch: 1 | train MSE: 0.492716 | val MSE: 0.313595 | total time: 0 hours 6 minutes
Epoch: 2 | train MSE: 0.304212 | val MSE: 0.224627 | total time: 0 hours 13 minutes
Epoch: 3 | train MSE: 0.232143 | val MSE: 0.192949 | total time: 0 hours 19 minutes
Epoch: 4 | train MSE: 0.187025 | val MSE: 0.165647 | total time: 0 hours 26 minutes
Epoch: 5 | train MSE: 0.162956 | val MSE: 0.167438 | total time: 0 hours 33 minutes
Epoch: 6 | train MSE: 0.139359 | val MSE: 0.125985 | total time: 0 hours 40 minutes
Epoch: 7 | train MSE: 0.121164 | val MSE: 0.112727 | total time: 0 hours 47 minutes
Epoch: 8 | train MSE: 0.106560 | val MSE: 0.104342 | total time: 0 hours 53 minutes
Epoch: 9 | train MSE: 0.095004 | val MSE: 0.099090 | total time: 0 hours 59 minutes
Epoch: 10 | train MSE: 0.089027 | val MSE: 0.105575 | total time: 1 hours 6 minutes
Epoch: 11 | train MSE: 0.081919 | val MSE: 0.090814 | total time: 1 hours 12 minutes
Epoch: 12 | train MSE: 0.075756 | val MSE: 0.090369 | total time: 1 hours 19 minutes
Epoch: 13 | train MSE: 0.072304 | val MSE: 0.085434 | total time: 1 hours 27 minutes
Epoch: 14 | train MSE: 0.067601 | val MSE: 0.075503 | total time: 1 hours 41 minutes
Epoch: 15 | train MSE: 0.064548 | val MSE: 0.076329 | total time: 1 hours 56 minutes
Epoch: 16 | train MSE: 0.062516 | val MSE: 0.071290 | total time: 2 hours 10 minutes
Epoch: 17 | train MSE: 0.058900 | val MSE: 0.069789 | total time: 2 hours 23 minutes
Epoch: 18 | train MSE: 0.056919 | val MSE: 0.064865 | total time: 2 hours 36 minutes
Epoch: 19 | train MSE: 0.055077 | val MSE: 0.062287 | total time: 2 hours 49 minutes
Epoch: 20 | train MSE: 0.052532 | val MSE: 0.062462 | total time: 3 hours 4 minutes
Epoch: 21 | train MSE: 0.051682 | val MSE: 0.062579 | total time: 3 hours 19 minutes
Epoch: 22 | train MSE: 0.049327 | val MSE: 0.059700 | total time: 3 hours 35 minutes
Epoch: 23 | train MSE: 0.048676 | val MSE: 0.058980 | total time: 3 hours 51 minutes
Epoch: 24 | train MSE: 0.047168 | val MSE: 0.051356 | total time: 4 hours 5 minutes
Epoch: 25 | train MSE: 0.045359 | val MSE: 0.054281 | total time: 4 hours 20 minutes
Epoch: 26 | train MSE: 0.044549 | val MSE: 0.052889 | total time: 4 hours 45 minutes
Epoch: 27 | train MSE: 0.044226 | val MSE: 0.050422 | total time: 4 hours 59 minutes
Epoch: 28 | train MSE: 0.042486 | val MSE: 0.051307 | total time: 5 hours 12 minutes
Epoch: 29 | train MSE: 0.042036 | val MSE: 0.049660 | total time: 5 hours 26 minutes
Epoch: 30 | train MSE: 0.040691 | val MSE: 0.049597 | total time: 5 hours 39 minutes
Epoch: 31 | train MSE: 0.039937 | val MSE: 0.047057 | total time: 5 hours 53 minutes
Epoch: 32 | train MSE: 0.039773 | val MSE: 0.049509 | total time: 6 hours 6 minutes
Epoch: 33 | train MSE: 0.038286 | val MSE: 0.046220 | total time: 6 hours 20 minutes
Epoch: 34 | train MSE: 0.037968 | val MSE: 0.045136 | total time: 6 hours 33 minutes
Epoch: 35 | train MSE: 0.036878 | val MSE: 0.047964 | total time: 6 hours 46 minutes
Epoch: 36 | train MSE: 0.036731 | val MSE: 0.046462 | total time: 7 hours 0 minutes
Epoch: 37 | train MSE: 0.035967 | val MSE: 0.043629 | total time: 7 hours 13 minutes
Epoch: 38 | train MSE: 0.036523 | val MSE: 0.050117 | total time: 7 hours 27 minutes
Epoch: 39 | train MSE: 0.034620 | val MSE: 0.045428 | total time: 7 hours 40 minutes
Epoch: 40 | train MSE: 0.034385 | val MSE: 0.042268 | total time: 7 hours 54 minutes
Epoch: 41 | train MSE: 0.033941 | val MSE: 0.042189 | total time: 8 hours 7 minutes
Epoch: 42 | train MSE: 0.033697 | val MSE: 0.044910 | total time: 8 hours 20 minutes
Epoch: 43 | train MSE: 0.033184 | val MSE: 0.041379 | total time: 8 hours 34 minutes
Epoch: 44 | train MSE: 0.032988 | val MSE: 0.044451 | total time: 8 hours 47 minutes
Epoch: 45 | train MSE: 0.032613 | val MSE: 0.038326 | total time: 9 hours 1 minutes
Epoch: 46 | train MSE: 0.031895 | val MSE: 0.039772 | total time: 9 hours 14 minutes
Epoch: 47 | train MSE: 0.031753 | val MSE: 0.040025 | total time: 9 hours 28 minutes
Epoch: 48 | train MSE: 0.031458 | val MSE: 0.039864 | total time: 9 hours 41 minutes
Epoch: 49 | train MSE: 0.030974 | val MSE: 0.039771 | total time: 9 hours 55 minutes
Epoch: 50 | train MSE: 0.030745 | val MSE: 0.047092 | total time: 10 hours 8 minutes
Epoch: 51 | train MSE: 0.030416 | val MSE: 0.038145 | total time: 10 hours 22 minutes
Epoch: 52 | train MSE: 0.030232 | val MSE: 0.046184 | total time: 10 hours 35 minutes
Epoch: 53 | train MSE: 0.029810 | val MSE: 0.040084 | total time: 10 hours 49 minutes
Epoch: 54 | train MSE: 0.030228 | val MSE: 0.036506 | total time: 11 hours 2 minutes
Epoch: 55 | train MSE: 0.029083 | val MSE: 0.037046 | total time: 11 hours 14 minutes
Epoch: 56 | train MSE: 0.028650 | val MSE: 0.048894 | total time: 11 hours 26 minutes
Epoch: 57 | train MSE: 0.028867 | val MSE: 0.042012 | total time: 11 hours 38 minutes
Epoch: 58 | train MSE: 0.028686 | val MSE: 0.037407 | total time: 11 hours 50 minutes
Epoch: 59 | train MSE: 0.028229 | val MSE: 0.033985 | total time: 12 hours 2 minutes
Epoch: 60 | train MSE: 0.028205 | val MSE: 0.036676 | total time: 12 hours 14 minutes
Epoch: 61 | train MSE: 0.027332 | val MSE: 0.038991 | total time: 12 hours 25 minutes
Epoch: 62 | train MSE: 0.027459 | val MSE: 0.036179 | total time: 12 hours 37 minutes
Epoch: 63 | train MSE: 0.027464 | val MSE: 0.038035 | total time: 12 hours 49 minutes
Epoch: 64 | train MSE: 0.027357 | val MSE: 0.037116 | total time: 13 hours 1 minutes
Epoch: 65 | train MSE: 0.027254 | val MSE: 0.034945 | total time: 13 hours 13 minutes
Epoch: 66 | train MSE: 0.026646 | val MSE: 0.037207 | total time: 13 hours 24 minutes
Epoch: 67 | train MSE: 0.026368 | val MSE: 0.035222 | total time: 13 hours 35 minutes
Epoch: 68 | train MSE: 0.026828 | val MSE: 0.041406 | total time: 13 hours 47 minutes
Epoch: 69 | train MSE: 0.026315 | val MSE: 0.036445 | total time: 13 hours 58 minutes
Epoch: 70 | train MSE: 0.025881 | val MSE: 0.045940 | total time: 14 hours 9 minutes
Epoch: 71 | train MSE: 0.025777 | val MSE: 0.032437 | total time: 14 hours 21 minutes
Epoch: 72 | train MSE: 0.025249 | val MSE: 0.036661 | total time: 14 hours 32 minutes
Epoch: 73 | train MSE: 0.025403 | val MSE: 0.034520 | total time: 14 hours 43 minutes
Epoch: 74 | train MSE: 0.025440 | val MSE: 0.034047 | total time: 14 hours 55 minutes
Epoch: 75 | train MSE: 0.025019 | val MSE: 0.033166 | total time: 15 hours 6 minutes
Epoch: 76 | train MSE: 0.024789 | val MSE: 0.032137 | total time: 15 hours 17 minutes
Epoch: 77 | train MSE: 0.024726 | val MSE: 0.036434 | total time: 15 hours 30 minutes
Epoch: 78 | train MSE: 0.024876 | val MSE: 0.035622 | total time: 15 hours 42 minutes
Epoch: 79 | train MSE: 0.024666 | val MSE: 0.036387 | total time: 15 hours 55 minutes
Epoch: 80 | train MSE: 0.024416 | val MSE: 0.032803 | total time: 16 hours 8 minutes
Epoch: 81 | train MSE: 0.024248 | val MSE: 0.033188 | total time: 16 hours 20 minutes
Epoch: 82 | train MSE: 0.024317 | val MSE: 0.033231 | total time: 16 hours 33 minutes
Epoch: 83 | train MSE: 0.023630 | val MSE: 0.033894 | total time: 16 hours 45 minutes
Epoch: 84 | train MSE: 0.023818 | val MSE: 0.038087 | total time: 16 hours 58 minutes
Epoch: 85 | train MSE: 0.023478 | val MSE: 0.034473 | total time: 17 hours 11 minutes
Epoch: 86 | train MSE: 0.023744 | val MSE: 0.032792 | total time: 17 hours 23 minutes
Epoch: 87 | train MSE: 0.023261 | val MSE: 0.042349 | total time: 17 hours 36 minutes
Epoch: 88 | train MSE: 0.023499 | val MSE: 0.037346 | total time: 17 hours 48 minutes
Epoch: 89 | train MSE: 0.023352 | val MSE: 0.031558 | total time: 18 hours 1 minutes
Epoch: 90 | train MSE: 0.023441 | val MSE: 0.033500 | total time: 18 hours 14 minutes
Epoch: 91 | train MSE: 0.022776 | val MSE: 0.030797 | total time: 18 hours 26 minutes
Epoch: 92 | train MSE: 0.022494 | val MSE: 0.031469 | total time: 18 hours 39 minutes
Epoch: 93 | train MSE: 0.022983 | val MSE: 0.034245 | total time: 18 hours 51 minutes
Epoch: 94 | train MSE: 0.022834 | val MSE: 0.030610 | total time: 19 hours 4 minutes
Epoch: 95 | train MSE: 0.022815 | val MSE: 0.031816 | total time: 19 hours 16 minutes
Epoch: 96 | train MSE: 0.022209 | val MSE: 0.030099 | total time: 19 hours 29 minutes
Epoch: 97 | train MSE: 0.022172 | val MSE: 0.034238 | total time: 19 hours 42 minutes
Epoch: 98 | train MSE: 0.022528 | val MSE: 0.036187 | total time: 19 hours 55 minutes
Epoch: 99 | train MSE: 0.021818 | val MSE: 0.030480 | total time: 20 hours 7 minutes
Epoch: 100 | train MSE: 0.021654 | val MSE: 0.031828 | total time: 20 hours 20 minutes
finished best_val_mse=0.030099
