[2026-09-03T09:50:34+10:00] A0 panels-only (100 pairs) ...
Grid160-A0 QC  device=cuda:0  arms=['a0_full', 'a0h']  arches=['encoder', 'decoder', 'both']  norms=['minmax', 'mu']  panels_only=True  panel_pairs=all (100)
loaded a0_full encoder crb_enc_mse_iso_g160_a0_full_generator.pth
[a0_full|encoder|CV_P1_V_01|minmax] panels saved=0 → /home/abhishek/Voxel_GAN/PopulationStudy/ClinicalExperiments/Grid160/Experiment0/EncoderCRB/plots/qc_varian/a0_full/minmax/P1/CV_P1_V_01
[a0_full|encoder|CV_P2_V_01|minmax] panels saved=0 → /home/abhishek/Voxel_GAN/PopulationStudy/ClinicalExperiments/Grid160/Experiment0/EncoderCRB/plots/qc_varian/a0_full/minmax/P2/CV_P2_V_01
[a0_full|encoder|CV_P3_V_01|minmax] panels saved=0 → /home/abhishek/Voxel_GAN/PopulationStudy/ClinicalExperiments/Grid160/Experiment0/EncoderCRB/plots/qc_varian/a0_full/minmax/P3/CV_P3_V_01
[a0_full|encoder|CV_P4_V_01|minmax] panels saved=0 → /home/abhishek/Voxel_GAN/PopulationStudy/ClinicalExperiments/Grid160/Experiment0/EncoderCRB/plots/qc_varian/a0_full/minmax/P4/CV_P4_V_01
[a0_full|encoder|CV_P5_V_01|minmax] panels saved=0 → /home/abhishek/Voxel_GAN/PopulationStudy/ClinicalExperiments/Grid160/Experiment0/EncoderCRB/plots/qc_varian/a0_full/minmax/P5/CV_P5_V_01
[a0_full|encoder|CE_P1_V_01|minmax] panels saved=100 → /home/abhishek/Voxel_GAN/PopulationStudy/ClinicalExperiments/Grid160/Experiment0/EncoderCRB/plots/qc_elekta/a0_full/minmax/P1/CE_P1_V_01
[a0_full|encoder|CE_P2_V_01|minmax] panels saved=100 → /home/abhishek/Voxel_GAN/PopulationStudy/ClinicalExperiments/Grid160/Experiment0/EncoderCRB/plots/qc_elekta/a0_full/minmax/P2/CE_P2_V_01
[a0_full|encoder|CE_P3_V_01|minmax] panels saved=100 → /home/abhishek/Voxel_GAN/PopulationStudy/ClinicalExperiments/Grid160/Experiment0/EncoderCRB/plots/qc_elekta/a0_full/minmax/P3/CE_P3_V_01
[a0_full|encoder|CE_P4_V_01|minmax] panels saved=100 → /home/abhishek/Voxel_GAN/PopulationStudy/ClinicalExperiments/Grid160/Experiment0/EncoderCRB/plots/qc_elekta/a0_full/minmax/P4/CE_P4_V_01
[a0_full|encoder|CE_P5_V_01|minmax] panels saved=100 → /home/abhishek/Voxel_GAN/PopulationStudy/ClinicalExperiments/Grid160/Experiment0/EncoderCRB/plots/qc_elekta/a0_full/minmax/P5/CE_P5_V_01
[a0_full|encoder|CV_P1_V_01|mu] panels saved=100 → /home/abhishek/Voxel_GAN/PopulationStudy/ClinicalExperiments/Grid160/Experiment0/EncoderCRB/plots/qc_varian/a0_full/mu/P1/CV_P1_V_01
[a0_full|encoder|CV_P2_V_01|mu] panels saved=100 → /home/abhishek/Voxel_GAN/PopulationStudy/ClinicalExperiments/Grid160/Experiment0/EncoderCRB/plots/qc_varian/a0_full/mu/P2/CV_P2_V_01
[a0_full|encoder|CV_P3_V_01|mu] panels saved=100 → /home/abhishek/Voxel_GAN/PopulationStudy/ClinicalExperiments/Grid160/Experiment0/EncoderCRB/plots/qc_varian/a0_full/mu/P3/CV_P3_V_01
[a0_full|encoder|CV_P4_V_01|mu] panels saved=100 → /home/abhishek/Voxel_GAN/PopulationStudy/ClinicalExperiments/Grid160/Experiment0/EncoderCRB/plots/qc_varian/a0_full/mu/P4/CV_P4_V_01
[a0_full|encoder|CV_P5_V_01|mu] panels saved=100 → /home/abhishek/Voxel_GAN/PopulationStudy/ClinicalExperiments/Grid160/Experiment0/EncoderCRB/plots/qc_varian/a0_full/mu/P5/CV_P5_V_01
[a0_full|encoder|CE_P1_V_01|mu] panels saved=100 → /home/abhishek/Voxel_GAN/PopulationStudy/ClinicalExperiments/Grid160/Experiment0/EncoderCRB/plots/qc_elekta/a0_full/mu/P1/CE_P1_V_01
[a0_full|encoder|CE_P2_V_01|mu] panels saved=100 → /home/abhishek/Voxel_GAN/PopulationStudy/ClinicalExperiments/Grid160/Experiment0/EncoderCRB/plots/qc_elekta/a0_full/mu/P2/CE_P2_V_01
[a0_full|encoder|CE_P3_V_01|mu] panels saved=100 → /home/abhishek/Voxel_GAN/PopulationStudy/ClinicalExperiments/Grid160/Experiment0/EncoderCRB/plots/qc_elekta/a0_full/mu/P3/CE_P3_V_01
[a0_full|encoder|CE_P4_V_01|mu] panels saved=100 → /home/abhishek/Voxel_GAN/PopulationStudy/ClinicalExperiments/Grid160/Experiment0/EncoderCRB/plots/qc_elekta/a0_full/mu/P4/CE_P4_V_01
[a0_full|encoder|CE_P5_V_01|mu] panels saved=100 → /home/abhishek/Voxel_GAN/PopulationStudy/ClinicalExperiments/Grid160/Experiment0/EncoderCRB/plots/qc_elekta/a0_full/mu/P5/CE_P5_V_01
loaded a0_full decoder crb_dec_mse_iso_g160_a0_full_generator.pth
[a0_full|decoder|CV_P1_V_01|minmax] panels saved=100 → /home/abhishek/Voxel_GAN/PopulationStudy/ClinicalExperiments/Grid160/Experiment0/DecoderCRB/plots/qc_varian/a0_full/minmax/P1/CV_P1_V_01
[a0_full|decoder|CV_P2_V_01|minmax] panels saved=100 → /home/abhishek/Voxel_GAN/PopulationStudy/ClinicalExperiments/Grid160/Experiment0/DecoderCRB/plots/qc_varian/a0_full/minmax/P2/CV_P2_V_01
[a0_full|decoder|CV_P3_V_01|minmax] panels saved=100 → /home/abhishek/Voxel_GAN/PopulationStudy/ClinicalExperiments/Grid160/Experiment0/DecoderCRB/plots/qc_varian/a0_full/minmax/P3/CV_P3_V_01
[a0_full|decoder|CV_P4_V_01|minmax] panels saved=100 → /home/abhishek/Voxel_GAN/PopulationStudy/ClinicalExperiments/Grid160/Experiment0/DecoderCRB/plots/qc_varian/a0_full/minmax/P4/CV_P4_V_01
[a0_full|decoder|CV_P5_V_01|minmax] panels saved=100 → /home/abhishek/Voxel_GAN/PopulationStudy/ClinicalExperiments/Grid160/Experiment0/DecoderCRB/plots/qc_varian/a0_full/minmax/P5/CV_P5_V_01
[a0_full|decoder|CE_P1_V_01|minmax] panels saved=100 → /home/abhishek/Voxel_GAN/PopulationStudy/ClinicalExperiments/Grid160/Experiment0/DecoderCRB/plots/qc_elekta/a0_full/minmax/P1/CE_P1_V_01
[a0_full|decoder|CE_P2_V_01|minmax] panels saved=100 → /home/abhishek/Voxel_GAN/PopulationStudy/ClinicalExperiments/Grid160/Experiment0/DecoderCRB/plots/qc_elekta/a0_full/minmax/P2/CE_P2_V_01
[a0_full|decoder|CE_P3_V_01|minmax] panels saved=100 → /home/abhishek/Voxel_GAN/PopulationStudy/ClinicalExperiments/Grid160/Experiment0/DecoderCRB/plots/qc_elekta/a0_full/minmax/P3/CE_P3_V_01
[a0_full|decoder|CE_P4_V_01|minmax] panels saved=100 → /home/abhishek/Voxel_GAN/PopulationStudy/ClinicalExperiments/Grid160/Experiment0/DecoderCRB/plots/qc_elekta/a0_full/minmax/P4/CE_P4_V_01
[a0_full|decoder|CE_P5_V_01|minmax] panels saved=100 → /home/abhishek/Voxel_GAN/PopulationStudy/ClinicalExperiments/Grid160/Experiment0/DecoderCRB/plots/qc_elekta/a0_full/minmax/P5/CE_P5_V_01
[a0_full|decoder|CV_P1_V_01|mu] panels saved=100 → /home/abhishek/Voxel_GAN/PopulationStudy/ClinicalExperiments/Grid160/Experiment0/DecoderCRB/plots/qc_varian/a0_full/mu/P1/CV_P1_V_01
[a0_full|decoder|CV_P2_V_01|mu] panels saved=100 → /home/abhishek/Voxel_GAN/PopulationStudy/ClinicalExperiments/Grid160/Experiment0/DecoderCRB/plots/qc_varian/a0_full/mu/P2/CV_P2_V_01
[a0_full|decoder|CV_P3_V_01|mu] panels saved=100 → /home/abhishek/Voxel_GAN/PopulationStudy/ClinicalExperiments/Grid160/Experiment0/DecoderCRB/plots/qc_varian/a0_full/mu/P3/CV_P3_V_01
[a0_full|decoder|CV_P4_V_01|mu] panels saved=100 → /home/abhishek/Voxel_GAN/PopulationStudy/ClinicalExperiments/Grid160/Experiment0/DecoderCRB/plots/qc_varian/a0_full/mu/P4/CV_P4_V_01
[a0_full|decoder|CV_P5_V_01|mu] panels saved=100 → /home/abhishek/Voxel_GAN/PopulationStudy/ClinicalExperiments/Grid160/Experiment0/DecoderCRB/plots/qc_varian/a0_full/mu/P5/CV_P5_V_01
[a0_full|decoder|CE_P1_V_01|mu] panels saved=100 → /home/abhishek/Voxel_GAN/PopulationStudy/ClinicalExperiments/Grid160/Experiment0/DecoderCRB/plots/qc_elekta/a0_full/mu/P1/CE_P1_V_01
[a0_full|decoder|CE_P2_V_01|mu] panels saved=100 → /home/abhishek/Voxel_GAN/PopulationStudy/ClinicalExperiments/Grid160/Experiment0/DecoderCRB/plots/qc_elekta/a0_full/mu/P2/CE_P2_V_01
[a0_full|decoder|CE_P3_V_01|mu] panels saved=100 → /home/abhishek/Voxel_GAN/PopulationStudy/ClinicalExperiments/Grid160/Experiment0/DecoderCRB/plots/qc_elekta/a0_full/mu/P3/CE_P3_V_01
[a0_full|decoder|CE_P4_V_01|mu] panels saved=100 → /home/abhishek/Voxel_GAN/PopulationStudy/ClinicalExperiments/Grid160/Experiment0/DecoderCRB/plots/qc_elekta/a0_full/mu/P4/CE_P4_V_01
[a0_full|decoder|CE_P5_V_01|mu] panels saved=100 → /home/abhishek/Voxel_GAN/PopulationStudy/ClinicalExperiments/Grid160/Experiment0/DecoderCRB/plots/qc_elekta/a0_full/mu/P5/CE_P5_V_01
loaded a0_full both crb_both_mse_iso_g160_a0_full_generator.pth
[a0_full|both|CV_P1_V_01|minmax] panels saved=100 → /home/abhishek/Voxel_GAN/PopulationStudy/ClinicalExperiments/Grid160/Experiment0/BothCRB/plots/qc_varian/a0_full/minmax/P1/CV_P1_V_01
[a0_full|both|CV_P2_V_01|minmax] panels saved=100 → /home/abhishek/Voxel_GAN/PopulationStudy/ClinicalExperiments/Grid160/Experiment0/BothCRB/plots/qc_varian/a0_full/minmax/P2/CV_P2_V_01
[a0_full|both|CV_P3_V_01|minmax] panels saved=100 → /home/abhishek/Voxel_GAN/PopulationStudy/ClinicalExperiments/Grid160/Experiment0/BothCRB/plots/qc_varian/a0_full/minmax/P3/CV_P3_V_01
[a0_full|both|CV_P4_V_01|minmax] panels saved=100 → /home/abhishek/Voxel_GAN/PopulationStudy/ClinicalExperiments/Grid160/Experiment0/BothCRB/plots/qc_varian/a0_full/minmax/P4/CV_P4_V_01
[a0_full|both|CV_P5_V_01|minmax] panels saved=100 → /home/abhishek/Voxel_GAN/PopulationStudy/ClinicalExperiments/Grid160/Experiment0/BothCRB/plots/qc_varian/a0_full/minmax/P5/CV_P5_V_01
[a0_full|both|CE_P1_V_01|minmax] panels saved=100 → /home/abhishek/Voxel_GAN/PopulationStudy/ClinicalExperiments/Grid160/Experiment0/BothCRB/plots/qc_elekta/a0_full/minmax/P1/CE_P1_V_01
[a0_full|both|CE_P2_V_01|minmax] panels saved=100 → /home/abhishek/Voxel_GAN/PopulationStudy/ClinicalExperiments/Grid160/Experiment0/BothCRB/plots/qc_elekta/a0_full/minmax/P2/CE_P2_V_01
[a0_full|both|CE_P3_V_01|minmax] panels saved=100 → /home/abhishek/Voxel_GAN/PopulationStudy/ClinicalExperiments/Grid160/Experiment0/BothCRB/plots/qc_elekta/a0_full/minmax/P3/CE_P3_V_01
[a0_full|both|CE_P4_V_01|minmax] panels saved=100 → /home/abhishek/Voxel_GAN/PopulationStudy/ClinicalExperiments/Grid160/Experiment0/BothCRB/plots/qc_elekta/a0_full/minmax/P4/CE_P4_V_01
[a0_full|both|CE_P5_V_01|minmax] panels saved=100 → /home/abhishek/Voxel_GAN/PopulationStudy/ClinicalExperiments/Grid160/Experiment0/BothCRB/plots/qc_elekta/a0_full/minmax/P5/CE_P5_V_01
[a0_full|both|CV_P1_V_01|mu] panels saved=100 → /home/abhishek/Voxel_GAN/PopulationStudy/ClinicalExperiments/Grid160/Experiment0/BothCRB/plots/qc_varian/a0_full/mu/P1/CV_P1_V_01
[a0_full|both|CV_P2_V_01|mu] panels saved=100 → /home/abhishek/Voxel_GAN/PopulationStudy/ClinicalExperiments/Grid160/Experiment0/BothCRB/plots/qc_varian/a0_full/mu/P2/CV_P2_V_01
[a0_full|both|CV_P3_V_01|mu] panels saved=100 → /home/abhishek/Voxel_GAN/PopulationStudy/ClinicalExperiments/Grid160/Experiment0/BothCRB/plots/qc_varian/a0_full/mu/P3/CV_P3_V_01
[a0_full|both|CV_P4_V_01|mu] panels saved=100 → /home/abhishek/Voxel_GAN/PopulationStudy/ClinicalExperiments/Grid160/Experiment0/BothCRB/plots/qc_varian/a0_full/mu/P4/CV_P4_V_01
[a0_full|both|CV_P5_V_01|mu] panels saved=100 → /home/abhishek/Voxel_GAN/PopulationStudy/ClinicalExperiments/Grid160/Experiment0/BothCRB/plots/qc_varian/a0_full/mu/P5/CV_P5_V_01
[a0_full|both|CE_P1_V_01|mu] panels saved=100 → /home/abhishek/Voxel_GAN/PopulationStudy/ClinicalExperiments/Grid160/Experiment0/BothCRB/plots/qc_elekta/a0_full/mu/P1/CE_P1_V_01
[a0_full|both|CE_P2_V_01|mu] panels saved=100 → /home/abhishek/Voxel_GAN/PopulationStudy/ClinicalExperiments/Grid160/Experiment0/BothCRB/plots/qc_elekta/a0_full/mu/P2/CE_P2_V_01
[a0_full|both|CE_P3_V_01|mu] panels saved=100 → /home/abhishek/Voxel_GAN/PopulationStudy/ClinicalExperiments/Grid160/Experiment0/BothCRB/plots/qc_elekta/a0_full/mu/P3/CE_P3_V_01
[a0_full|both|CE_P4_V_01|mu] panels saved=100 → /home/abhishek/Voxel_GAN/PopulationStudy/ClinicalExperiments/Grid160/Experiment0/BothCRB/plots/qc_elekta/a0_full/mu/P4/CE_P4_V_01
[a0_full|both|CE_P5_V_01|mu] panels saved=100 → /home/abhishek/Voxel_GAN/PopulationStudy/ClinicalExperiments/Grid160/Experiment0/BothCRB/plots/qc_elekta/a0_full/mu/P5/CE_P5_V_01
loaded a0h encoder crb_enc_mse_iso_g160_a0h_generator.pth
[a0h|encoder|CV_P1_V_01|minmax] panels saved=100 → /home/abhishek/Voxel_GAN/PopulationStudy/ClinicalExperiments/Grid160/Experiment0/EncoderCRB/plots/qc_varian/a0h/minmax/P1/CV_P1_V_01
[a0h|encoder|CV_P2_V_01|minmax] panels saved=100 → /home/abhishek/Voxel_GAN/PopulationStudy/ClinicalExperiments/Grid160/Experiment0/EncoderCRB/plots/qc_varian/a0h/minmax/P2/CV_P2_V_01
[a0h|encoder|CV_P3_V_01|minmax] panels saved=100 → /home/abhishek/Voxel_GAN/PopulationStudy/ClinicalExperiments/Grid160/Experiment0/EncoderCRB/plots/qc_varian/a0h/minmax/P3/CV_P3_V_01
[a0h|encoder|CV_P4_V_01|minmax] panels saved=100 → /home/abhishek/Voxel_GAN/PopulationStudy/ClinicalExperiments/Grid160/Experiment0/EncoderCRB/plots/qc_varian/a0h/minmax/P4/CV_P4_V_01
[a0h|encoder|CV_P5_V_01|minmax] panels saved=100 → /home/abhishek/Voxel_GAN/PopulationStudy/ClinicalExperiments/Grid160/Experiment0/EncoderCRB/plots/qc_varian/a0h/minmax/P5/CV_P5_V_01
[a0h|encoder|CE_P1_V_01|minmax] panels saved=100 → /home/abhishek/Voxel_GAN/PopulationStudy/ClinicalExperiments/Grid160/Experiment0/EncoderCRB/plots/qc_elekta/a0h/minmax/P1/CE_P1_V_01
[a0h|encoder|CE_P2_V_01|minmax] panels saved=100 → /home/abhishek/Voxel_GAN/PopulationStudy/ClinicalExperiments/Grid160/Experiment0/EncoderCRB/plots/qc_elekta/a0h/minmax/P2/CE_P2_V_01
[a0h|encoder|CE_P3_V_01|minmax] panels saved=100 → /home/abhishek/Voxel_GAN/PopulationStudy/ClinicalExperiments/Grid160/Experiment0/EncoderCRB/plots/qc_elekta/a0h/minmax/P3/CE_P3_V_01
[a0h|encoder|CE_P4_V_01|minmax] panels saved=100 → /home/abhishek/Voxel_GAN/PopulationStudy/ClinicalExperiments/Grid160/Experiment0/EncoderCRB/plots/qc_elekta/a0h/minmax/P4/CE_P4_V_01
[a0h|encoder|CE_P5_V_01|minmax] panels saved=100 → /home/abhishek/Voxel_GAN/PopulationStudy/ClinicalExperiments/Grid160/Experiment0/EncoderCRB/plots/qc_elekta/a0h/minmax/P5/CE_P5_V_01
[a0h|encoder|CV_P1_V_01|mu] panels saved=100 → /home/abhishek/Voxel_GAN/PopulationStudy/ClinicalExperiments/Grid160/Experiment0/EncoderCRB/plots/qc_varian/a0h/mu/P1/CV_P1_V_01
[a0h|encoder|CV_P2_V_01|mu] panels saved=100 → /home/abhishek/Voxel_GAN/PopulationStudy/ClinicalExperiments/Grid160/Experiment0/EncoderCRB/plots/qc_varian/a0h/mu/P2/CV_P2_V_01
[a0h|encoder|CV_P3_V_01|mu] panels saved=100 → /home/abhishek/Voxel_GAN/PopulationStudy/ClinicalExperiments/Grid160/Experiment0/EncoderCRB/plots/qc_varian/a0h/mu/P3/CV_P3_V_01
[a0h|encoder|CV_P4_V_01|mu] panels saved=100 → /home/abhishek/Voxel_GAN/PopulationStudy/ClinicalExperiments/Grid160/Experiment0/EncoderCRB/plots/qc_varian/a0h/mu/P4/CV_P4_V_01
[a0h|encoder|CV_P5_V_01|mu] panels saved=100 → /home/abhishek/Voxel_GAN/PopulationStudy/ClinicalExperiments/Grid160/Experiment0/EncoderCRB/plots/qc_varian/a0h/mu/P5/CV_P5_V_01
[a0h|encoder|CE_P1_V_01|mu] panels saved=100 → /home/abhishek/Voxel_GAN/PopulationStudy/ClinicalExperiments/Grid160/Experiment0/EncoderCRB/plots/qc_elekta/a0h/mu/P1/CE_P1_V_01
[a0h|encoder|CE_P2_V_01|mu] panels saved=100 → /home/abhishek/Voxel_GAN/PopulationStudy/ClinicalExperiments/Grid160/Experiment0/EncoderCRB/plots/qc_elekta/a0h/mu/P2/CE_P2_V_01
[a0h|encoder|CE_P3_V_01|mu] panels saved=100 → /home/abhishek/Voxel_GAN/PopulationStudy/ClinicalExperiments/Grid160/Experiment0/EncoderCRB/plots/qc_elekta/a0h/mu/P3/CE_P3_V_01
[a0h|encoder|CE_P4_V_01|mu] panels saved=100 → /home/abhishek/Voxel_GAN/PopulationStudy/ClinicalExperiments/Grid160/Experiment0/EncoderCRB/plots/qc_elekta/a0h/mu/P4/CE_P4_V_01
[a0h|encoder|CE_P5_V_01|mu] panels saved=100 → /home/abhishek/Voxel_GAN/PopulationStudy/ClinicalExperiments/Grid160/Experiment0/EncoderCRB/plots/qc_elekta/a0h/mu/P5/CE_P5_V_01
loaded a0h decoder crb_dec_mse_iso_g160_a0h_generator.pth
[a0h|decoder|CV_P1_V_01|minmax] panels saved=100 → /home/abhishek/Voxel_GAN/PopulationStudy/ClinicalExperiments/Grid160/Experiment0/DecoderCRB/plots/qc_varian/a0h/minmax/P1/CV_P1_V_01
[a0h|decoder|CV_P2_V_01|minmax] panels saved=100 → /home/abhishek/Voxel_GAN/PopulationStudy/ClinicalExperiments/Grid160/Experiment0/DecoderCRB/plots/qc_varian/a0h/minmax/P2/CV_P2_V_01
[a0h|decoder|CV_P3_V_01|minmax] panels saved=100 → /home/abhishek/Voxel_GAN/PopulationStudy/ClinicalExperiments/Grid160/Experiment0/DecoderCRB/plots/qc_varian/a0h/minmax/P3/CV_P3_V_01
[a0h|decoder|CV_P4_V_01|minmax] panels saved=100 → /home/abhishek/Voxel_GAN/PopulationStudy/ClinicalExperiments/Grid160/Experiment0/DecoderCRB/plots/qc_varian/a0h/minmax/P4/CV_P4_V_01
[a0h|decoder|CV_P5_V_01|minmax] panels saved=100 → /home/abhishek/Voxel_GAN/PopulationStudy/ClinicalExperiments/Grid160/Experiment0/DecoderCRB/plots/qc_varian/a0h/minmax/P5/CV_P5_V_01
[a0h|decoder|CE_P1_V_01|minmax] panels saved=100 → /home/abhishek/Voxel_GAN/PopulationStudy/ClinicalExperiments/Grid160/Experiment0/DecoderCRB/plots/qc_elekta/a0h/minmax/P1/CE_P1_V_01
[a0h|decoder|CE_P2_V_01|minmax] panels saved=100 → /home/abhishek/Voxel_GAN/PopulationStudy/ClinicalExperiments/Grid160/Experiment0/DecoderCRB/plots/qc_elekta/a0h/minmax/P2/CE_P2_V_01
[a0h|decoder|CE_P3_V_01|minmax] panels saved=100 → /home/abhishek/Voxel_GAN/PopulationStudy/ClinicalExperiments/Grid160/Experiment0/DecoderCRB/plots/qc_elekta/a0h/minmax/P3/CE_P3_V_01
[a0h|decoder|CE_P4_V_01|minmax] panels saved=100 → /home/abhishek/Voxel_GAN/PopulationStudy/ClinicalExperiments/Grid160/Experiment0/DecoderCRB/plots/qc_elekta/a0h/minmax/P4/CE_P4_V_01
[a0h|decoder|CE_P5_V_01|minmax] panels saved=100 → /home/abhishek/Voxel_GAN/PopulationStudy/ClinicalExperiments/Grid160/Experiment0/DecoderCRB/plots/qc_elekta/a0h/minmax/P5/CE_P5_V_01
[a0h|decoder|CV_P1_V_01|mu] panels saved=100 → /home/abhishek/Voxel_GAN/PopulationStudy/ClinicalExperiments/Grid160/Experiment0/DecoderCRB/plots/qc_varian/a0h/mu/P1/CV_P1_V_01
[a0h|decoder|CV_P2_V_01|mu] panels saved=100 → /home/abhishek/Voxel_GAN/PopulationStudy/ClinicalExperiments/Grid160/Experiment0/DecoderCRB/plots/qc_varian/a0h/mu/P2/CV_P2_V_01
[a0h|decoder|CV_P3_V_01|mu] panels saved=100 → /home/abhishek/Voxel_GAN/PopulationStudy/ClinicalExperiments/Grid160/Experiment0/DecoderCRB/plots/qc_varian/a0h/mu/P3/CV_P3_V_01
[a0h|decoder|CV_P4_V_01|mu] panels saved=100 → /home/abhishek/Voxel_GAN/PopulationStudy/ClinicalExperiments/Grid160/Experiment0/DecoderCRB/plots/qc_varian/a0h/mu/P4/CV_P4_V_01
[a0h|decoder|CV_P5_V_01|mu] panels saved=100 → /home/abhishek/Voxel_GAN/PopulationStudy/ClinicalExperiments/Grid160/Experiment0/DecoderCRB/plots/qc_varian/a0h/mu/P5/CV_P5_V_01
[a0h|decoder|CE_P1_V_01|mu] panels saved=100 → /home/abhishek/Voxel_GAN/PopulationStudy/ClinicalExperiments/Grid160/Experiment0/DecoderCRB/plots/qc_elekta/a0h/mu/P1/CE_P1_V_01
[a0h|decoder|CE_P2_V_01|mu] panels saved=100 → /home/abhishek/Voxel_GAN/PopulationStudy/ClinicalExperiments/Grid160/Experiment0/DecoderCRB/plots/qc_elekta/a0h/mu/P2/CE_P2_V_01
[a0h|decoder|CE_P3_V_01|mu] panels saved=100 → /home/abhishek/Voxel_GAN/PopulationStudy/ClinicalExperiments/Grid160/Experiment0/DecoderCRB/plots/qc_elekta/a0h/mu/P3/CE_P3_V_01
[a0h|decoder|CE_P4_V_01|mu] panels saved=100 → /home/abhishek/Voxel_GAN/PopulationStudy/ClinicalExperiments/Grid160/Experiment0/DecoderCRB/plots/qc_elekta/a0h/mu/P4/CE_P4_V_01
[a0h|decoder|CE_P5_V_01|mu] panels saved=100 → /home/abhishek/Voxel_GAN/PopulationStudy/ClinicalExperiments/Grid160/Experiment0/DecoderCRB/plots/qc_elekta/a0h/mu/P5/CE_P5_V_01
WARN skip a0h/both: missing /home/abhishek/Voxel_GAN/PopulationStudy/ClinicalExperiments/Grid160/Experiment0/BothCRB/weights/crb_both_mse_iso_g160_a0h_generator.pth
DONE (panels only)
[2026-09-03T10:50:21+10:00] DONE
