===== E5 Encoder =====
[crb_enc_mse_pop_e5] device=cuda:0 | UNetCRB params=1.56M trainable=1.07M | loss=lung-masked MSE | CRB=encoder + frozen anatomy side-branch | seed=20260817
[crb_enc_mse_pop_e5] anatomy=/home/abhishek/Voxel_GAN/PopulationStudy/Experiment4/AnatomyAE/weights/anatomy_encoder.pth | train 8640 val 480 | train patients=['P1', 'P2', 'P6', 'P7', 'P8', 'P9'] hold-out=['P3', 'P4', 'P5'] (QC only)
Epoch: 1 | train MSE: 0.514481 | val MSE: 0.462969 | total time: 0 hours 2 minutes
Epoch: 2 | train MSE: 0.370387 | val MSE: 0.274495 | total time: 0 hours 5 minutes
Epoch: 3 | train MSE: 0.242137 | val MSE: 0.198288 | total time: 0 hours 7 minutes
Epoch: 4 | train MSE: 0.191779 | val MSE: 0.164502 | total time: 0 hours 10 minutes
Epoch: 5 | train MSE: 0.153536 | val MSE: 0.155418 | total time: 0 hours 13 minutes
Epoch: 6 | train MSE: 0.132268 | val MSE: 0.113481 | total time: 0 hours 15 minutes
Epoch: 7 | train MSE: 0.113133 | val MSE: 0.128157 | total time: 0 hours 18 minutes
Epoch: 8 | train MSE: 0.100020 | val MSE: 0.102191 | total time: 0 hours 21 minutes
Epoch: 9 | train MSE: 0.088976 | val MSE: 0.095003 | total time: 0 hours 23 minutes
Epoch: 10 | train MSE: 0.083052 | val MSE: 0.087687 | total time: 0 hours 26 minutes
Epoch: 11 | train MSE: 0.075321 | val MSE: 0.086664 | total time: 0 hours 28 minutes
Epoch: 12 | train MSE: 0.070372 | val MSE: 0.076163 | total time: 0 hours 31 minutes
Epoch: 13 | train MSE: 0.065130 | val MSE: 0.074295 | total time: 0 hours 34 minutes
Epoch: 14 | train MSE: 0.062529 | val MSE: 0.110482 | total time: 0 hours 36 minutes
Epoch: 15 | train MSE: 0.060090 | val MSE: 0.070393 | total time: 0 hours 39 minutes
Epoch: 16 | train MSE: 0.056336 | val MSE: 0.070233 | total time: 0 hours 42 minutes
Epoch: 17 | train MSE: 0.055172 | val MSE: 0.064281 | total time: 0 hours 44 minutes
Epoch: 18 | train MSE: 0.052050 | val MSE: 0.066041 | total time: 0 hours 47 minutes
Epoch: 19 | train MSE: 0.050237 | val MSE: 0.060603 | total time: 0 hours 49 minutes
Epoch: 20 | train MSE: 0.048211 | val MSE: 0.059243 | total time: 0 hours 52 minutes
Epoch: 21 | train MSE: 0.046079 | val MSE: 0.057954 | total time: 0 hours 55 minutes
Epoch: 22 | train MSE: 0.046035 | val MSE: 0.063878 | total time: 0 hours 57 minutes
Epoch: 23 | train MSE: 0.043263 | val MSE: 0.050672 | total time: 1 hours 0 minutes
Epoch: 24 | train MSE: 0.041749 | val MSE: 0.050818 | total time: 1 hours 2 minutes
Epoch: 25 | train MSE: 0.040969 | val MSE: 0.049957 | total time: 1 hours 5 minutes
Epoch: 26 | train MSE: 0.040133 | val MSE: 0.053799 | total time: 1 hours 7 minutes
Epoch: 27 | train MSE: 0.038972 | val MSE: 0.050257 | total time: 1 hours 10 minutes
Epoch: 28 | train MSE: 0.037703 | val MSE: 0.059779 | total time: 1 hours 13 minutes
Epoch: 29 | train MSE: 0.035959 | val MSE: 0.051048 | total time: 1 hours 15 minutes
Epoch: 30 | train MSE: 0.036641 | val MSE: 0.048893 | total time: 1 hours 18 minutes
Epoch: 31 | train MSE: 0.034938 | val MSE: 0.049446 | total time: 1 hours 20 minutes
Epoch: 32 | train MSE: 0.033607 | val MSE: 0.043204 | total time: 1 hours 23 minutes
Epoch: 33 | train MSE: 0.034021 | val MSE: 0.045448 | total time: 1 hours 26 minutes
Epoch: 34 | train MSE: 0.032633 | val MSE: 0.042470 | total time: 1 hours 28 minutes
Epoch: 35 | train MSE: 0.032041 | val MSE: 0.044834 | total time: 1 hours 31 minutes
Epoch: 36 | train MSE: 0.031454 | val MSE: 0.044096 | total time: 1 hours 33 minutes
Epoch: 37 | train MSE: 0.031850 | val MSE: 0.041710 | total time: 1 hours 36 minutes
Epoch: 38 | train MSE: 0.031268 | val MSE: 0.044051 | total time: 1 hours 38 minutes
Epoch: 39 | train MSE: 0.030707 | val MSE: 0.040158 | total time: 1 hours 41 minutes
Epoch: 40 | train MSE: 0.028614 | val MSE: 0.045503 | total time: 1 hours 44 minutes
Epoch: 41 | train MSE: 0.028663 | val MSE: 0.037701 | total time: 1 hours 46 minutes
Epoch: 42 | train MSE: 0.028647 | val MSE: 0.035184 | total time: 1 hours 49 minutes
Epoch: 43 | train MSE: 0.028026 | val MSE: 0.041516 | total time: 1 hours 51 minutes
Epoch: 44 | train MSE: 0.028160 | val MSE: 0.040840 | total time: 1 hours 53 minutes
Epoch: 45 | train MSE: 0.027536 | val MSE: 0.034799 | total time: 1 hours 56 minutes
Epoch: 46 | train MSE: 0.027709 | val MSE: 0.039837 | total time: 1 hours 58 minutes
Epoch: 47 | train MSE: 0.027048 | val MSE: 0.037714 | total time: 2 hours 0 minutes
Epoch: 48 | train MSE: 0.027364 | val MSE: 0.034360 | total time: 2 hours 3 minutes
Epoch: 49 | train MSE: 0.026335 | val MSE: 0.050032 | total time: 2 hours 5 minutes
Epoch: 50 | train MSE: 0.025649 | val MSE: 0.041635 | total time: 2 hours 7 minutes
Epoch: 51 | train MSE: 0.026330 | val MSE: 0.033286 | total time: 2 hours 9 minutes
Epoch: 52 | train MSE: 0.025793 | val MSE: 0.037341 | total time: 2 hours 12 minutes
Epoch: 53 | train MSE: 0.026079 | val MSE: 0.035960 | total time: 2 hours 14 minutes
Epoch: 54 | train MSE: 0.024914 | val MSE: 0.039540 | total time: 2 hours 16 minutes
Epoch: 55 | train MSE: 0.024503 | val MSE: 0.036180 | total time: 2 hours 19 minutes
Epoch: 56 | train MSE: 0.024353 | val MSE: 0.044666 | total time: 2 hours 21 minutes
Epoch: 57 | train MSE: 0.025319 | val MSE: 0.041482 | total time: 2 hours 23 minutes
Epoch: 58 | train MSE: 0.024033 | val MSE: 0.037460 | total time: 2 hours 26 minutes
Epoch: 59 | train MSE: 0.023870 | val MSE: 0.035189 | total time: 2 hours 28 minutes
Epoch: 60 | train MSE: 0.023824 | val MSE: 0.045593 | total time: 2 hours 30 minutes
Epoch: 61 | train MSE: 0.023157 | val MSE: 0.046040 | total time: 2 hours 33 minutes
Epoch: 62 | train MSE: 0.023983 | val MSE: 0.032638 | total time: 2 hours 35 minutes
Epoch: 63 | train MSE: 0.023379 | val MSE: 0.036337 | total time: 2 hours 37 minutes
Epoch: 64 | train MSE: 0.023066 | val MSE: 0.032854 | total time: 2 hours 40 minutes
Epoch: 65 | train MSE: 0.023302 | val MSE: 0.035202 | total time: 2 hours 42 minutes
Epoch: 66 | train MSE: 0.022466 | val MSE: 0.032400 | total time: 2 hours 44 minutes
Epoch: 67 | train MSE: 0.022144 | val MSE: 0.033960 | total time: 2 hours 47 minutes
Epoch: 68 | train MSE: 0.022778 | val MSE: 0.038330 | total time: 2 hours 49 minutes
Epoch: 69 | train MSE: 0.022882 | val MSE: 0.032329 | total time: 2 hours 51 minutes
Epoch: 70 | train MSE: 0.021554 | val MSE: 0.035055 | total time: 2 hours 54 minutes
Epoch: 71 | train MSE: 0.021783 | val MSE: 0.030666 | total time: 2 hours 56 minutes
Epoch: 72 | train MSE: 0.022308 | val MSE: 0.031565 | total time: 2 hours 58 minutes
Epoch: 73 | train MSE: 0.021599 | val MSE: 0.036674 | total time: 3 hours 1 minutes
Epoch: 74 | train MSE: 0.021349 | val MSE: 0.031930 | total time: 3 hours 3 minutes
Epoch: 75 | train MSE: 0.022678 | val MSE: 0.034197 | total time: 3 hours 5 minutes
Epoch: 76 | train MSE: 0.020840 | val MSE: 0.040309 | total time: 3 hours 8 minutes
Epoch: 77 | train MSE: 0.020850 | val MSE: 0.031622 | total time: 3 hours 10 minutes
Epoch: 78 | train MSE: 0.021301 | val MSE: 0.029776 | total time: 3 hours 12 minutes
Epoch: 79 | train MSE: 0.021080 | val MSE: 0.032781 | total time: 3 hours 14 minutes
Epoch: 80 | train MSE: 0.020259 | val MSE: 0.031633 | total time: 3 hours 17 minutes
Epoch: 81 | train MSE: 0.021058 | val MSE: 0.032819 | total time: 3 hours 19 minutes
Epoch: 82 | train MSE: 0.020310 | val MSE: 0.029479 | total time: 3 hours 21 minutes
Epoch: 83 | train MSE: 0.020500 | val MSE: 0.036120 | total time: 3 hours 24 minutes
Epoch: 84 | train MSE: 0.019896 | val MSE: 0.029414 | total time: 3 hours 26 minutes
Epoch: 85 | train MSE: 0.019735 | val MSE: 0.032773 | total time: 3 hours 28 minutes
Epoch: 86 | train MSE: 0.020008 | val MSE: 0.033357 | total time: 3 hours 31 minutes
Epoch: 87 | train MSE: 0.019945 | val MSE: 0.030146 | total time: 3 hours 33 minutes
Epoch: 88 | train MSE: 0.019534 | val MSE: 0.042383 | total time: 3 hours 35 minutes
Epoch: 89 | train MSE: 0.019670 | val MSE: 0.029526 | total time: 3 hours 38 minutes
Epoch: 90 | train MSE: 0.019294 | val MSE: 0.039284 | total time: 3 hours 40 minutes
Epoch: 91 | train MSE: 0.018987 | val MSE: 0.027626 | total time: 3 hours 42 minutes
Epoch: 92 | train MSE: 0.019432 | val MSE: 0.033114 | total time: 3 hours 45 minutes
Epoch: 93 | train MSE: 0.019458 | val MSE: 0.035224 | total time: 3 hours 47 minutes
Epoch: 94 | train MSE: 0.019289 | val MSE: 0.029177 | total time: 3 hours 49 minutes
Epoch: 95 | train MSE: 0.018886 | val MSE: 0.030404 | total time: 3 hours 52 minutes
Epoch: 96 | train MSE: 0.019434 | val MSE: 0.031072 | total time: 3 hours 54 minutes
Epoch: 97 | train MSE: 0.018593 | val MSE: 0.034328 | total time: 3 hours 56 minutes
Epoch: 98 | train MSE: 0.018881 | val MSE: 0.030364 | total time: 3 hours 59 minutes
Epoch: 99 | train MSE: 0.019219 | val MSE: 0.044579 | total time: 4 hours 1 minutes
Epoch: 100 | train MSE: 0.018504 | val MSE: 0.031028 | total time: 4 hours 3 minutes
finished best_val_mse=0.027626
