======== G160-A1 encoder ========
[crb_enc_mse_iso_g160_fov_full] device=cuda:0 | UNetCRB params=1.06M | FOV aug ¼×4 train | val=normal | G160-A1 encoder · iso 2mm · linear · FOV aug · full P1–P9 | seed=20260824
[crb_enc_mse_iso_g160_fov_full] train 12960 | val 720 | patients=['P1', 'P2', 'P3', 'P4', 'P5', 'P6', 'P7', 'P8', 'P9'] hold-out=[]
Epoch: 1 | train MSE: 0.484411 | val MSE: 0.412148 | total time: 0 hours 6 minutes
Epoch: 2 | train MSE: 0.406287 | val MSE: 0.295747 | total time: 0 hours 11 minutes
Epoch: 3 | train MSE: 0.325894 | val MSE: 0.314723 | total time: 0 hours 17 minutes
Epoch: 4 | train MSE: 0.290997 | val MSE: 0.241606 | total time: 0 hours 23 minutes
Epoch: 5 | train MSE: 0.268673 | val MSE: 0.229822 | total time: 0 hours 30 minutes
Epoch: 6 | train MSE: 0.241613 | val MSE: 0.216007 | total time: 0 hours 37 minutes
Epoch: 7 | train MSE: 0.226874 | val MSE: 0.219528 | total time: 0 hours 44 minutes
Epoch: 8 | train MSE: 0.209631 | val MSE: 0.199671 | total time: 0 hours 51 minutes
Epoch: 9 | train MSE: 0.195581 | val MSE: 0.174482 | total time: 0 hours 58 minutes
Epoch: 10 | train MSE: 0.187730 | val MSE: 0.193570 | total time: 1 hours 6 minutes
Epoch: 11 | train MSE: 0.174513 | val MSE: 0.174392 | total time: 1 hours 13 minutes
Epoch: 12 | train MSE: 0.165754 | val MSE: 0.174874 | total time: 1 hours 20 minutes
Epoch: 13 | train MSE: 0.156092 | val MSE: 0.170575 | total time: 1 hours 27 minutes
Epoch: 14 | train MSE: 0.147324 | val MSE: 0.164576 | total time: 1 hours 34 minutes
Epoch: 15 | train MSE: 0.137565 | val MSE: 0.159763 | total time: 1 hours 41 minutes
Epoch: 16 | train MSE: 0.133325 | val MSE: 0.148943 | total time: 1 hours 48 minutes
Epoch: 17 | train MSE: 0.127036 | val MSE: 0.151445 | total time: 1 hours 55 minutes
Epoch: 18 | train MSE: 0.120167 | val MSE: 0.139799 | total time: 2 hours 2 minutes
Epoch: 19 | train MSE: 0.114774 | val MSE: 0.151335 | total time: 2 hours 9 minutes
Epoch: 20 | train MSE: 0.109837 | val MSE: 0.149429 | total time: 2 hours 16 minutes
Epoch: 21 | train MSE: 0.107625 | val MSE: 0.139726 | total time: 2 hours 23 minutes
Epoch: 22 | train MSE: 0.102794 | val MSE: 0.137123 | total time: 2 hours 30 minutes
Epoch: 23 | train MSE: 0.099490 | val MSE: 0.141164 | total time: 2 hours 37 minutes
Epoch: 24 | train MSE: 0.096629 | val MSE: 0.128160 | total time: 2 hours 44 minutes
Epoch: 25 | train MSE: 0.094342 | val MSE: 0.137931 | total time: 2 hours 51 minutes
Epoch: 26 | train MSE: 0.091669 | val MSE: 0.137573 | total time: 2 hours 58 minutes
Epoch: 27 | train MSE: 0.090641 | val MSE: 0.125836 | total time: 3 hours 6 minutes
Epoch: 28 | train MSE: 0.085565 | val MSE: 0.128176 | total time: 3 hours 13 minutes
Epoch: 29 | train MSE: 0.085786 | val MSE: 0.129893 | total time: 3 hours 20 minutes
Epoch: 30 | train MSE: 0.083058 | val MSE: 0.131654 | total time: 3 hours 27 minutes
Epoch: 31 | train MSE: 0.083028 | val MSE: 0.136577 | total time: 3 hours 34 minutes
Epoch: 32 | train MSE: 0.078930 | val MSE: 0.121811 | total time: 3 hours 41 minutes
Epoch: 33 | train MSE: 0.077818 | val MSE: 0.116898 | total time: 3 hours 48 minutes
Epoch: 34 | train MSE: 0.076397 | val MSE: 0.121031 | total time: 3 hours 55 minutes
Epoch: 35 | train MSE: 0.074593 | val MSE: 0.127197 | total time: 4 hours 2 minutes
Epoch: 36 | train MSE: 0.072878 | val MSE: 0.117003 | total time: 4 hours 9 minutes
Epoch: 37 | train MSE: 0.072302 | val MSE: 0.122661 | total time: 4 hours 16 minutes
Epoch: 38 | train MSE: 0.071932 | val MSE: 0.123082 | total time: 4 hours 23 minutes
Epoch: 39 | train MSE: 0.068782 | val MSE: 0.118388 | total time: 4 hours 30 minutes
Epoch: 40 | train MSE: 0.069394 | val MSE: 0.113272 | total time: 4 hours 37 minutes
Epoch: 41 | train MSE: 0.066612 | val MSE: 0.147468 | total time: 4 hours 44 minutes
Epoch: 42 | train MSE: 0.067100 | val MSE: 0.116227 | total time: 4 hours 52 minutes
Epoch: 43 | train MSE: 0.066449 | val MSE: 0.109139 | total time: 4 hours 59 minutes
Epoch: 44 | train MSE: 0.064854 | val MSE: 0.119673 | total time: 5 hours 6 minutes
Epoch: 45 | train MSE: 0.063056 | val MSE: 0.115323 | total time: 5 hours 13 minutes
Epoch: 46 | train MSE: 0.062190 | val MSE: 0.115135 | total time: 5 hours 20 minutes
Epoch: 47 | train MSE: 0.062061 | val MSE: 0.112144 | total time: 5 hours 27 minutes
Epoch: 48 | train MSE: 0.061212 | val MSE: 0.110873 | total time: 5 hours 34 minutes
Epoch: 49 | train MSE: 0.061191 | val MSE: 0.105389 | total time: 5 hours 41 minutes
Epoch: 50 | train MSE: 0.059969 | val MSE: 0.128061 | total time: 5 hours 48 minutes
Epoch: 51 | train MSE: 0.058719 | val MSE: 0.110445 | total time: 5 hours 55 minutes
Epoch: 52 | train MSE: 0.057624 | val MSE: 0.116605 | total time: 6 hours 2 minutes
Epoch: 53 | train MSE: 0.057642 | val MSE: 0.117303 | total time: 6 hours 9 minutes
Epoch: 54 | train MSE: 0.056791 | val MSE: 0.114901 | total time: 6 hours 16 minutes
Epoch: 55 | train MSE: 0.056930 | val MSE: 0.111072 | total time: 6 hours 23 minutes
Epoch: 56 | train MSE: 0.056171 | val MSE: 0.104757 | total time: 6 hours 30 minutes
Epoch: 57 | train MSE: 0.055572 | val MSE: 0.106617 | total time: 6 hours 37 minutes
Epoch: 58 | train MSE: 0.054756 | val MSE: 0.106273 | total time: 6 hours 45 minutes
Epoch: 59 | train MSE: 0.056005 | val MSE: 0.107576 | total time: 6 hours 52 minutes
Epoch: 60 | train MSE: 0.053333 | val MSE: 0.102467 | total time: 6 hours 59 minutes
Epoch: 61 | train MSE: 0.053594 | val MSE: 0.100325 | total time: 7 hours 6 minutes
Epoch: 62 | train MSE: 0.052792 | val MSE: 0.112407 | total time: 7 hours 13 minutes
Epoch: 63 | train MSE: 0.055157 | val MSE: 0.102381 | total time: 7 hours 20 minutes
Epoch: 64 | train MSE: 0.052992 | val MSE: 0.105461 | total time: 7 hours 27 minutes
Epoch: 65 | train MSE: 0.051919 | val MSE: 0.105161 | total time: 7 hours 34 minutes
Epoch: 66 | train MSE: 0.050895 | val MSE: 0.107862 | total time: 7 hours 41 minutes
Epoch: 67 | train MSE: 0.051725 | val MSE: 0.095719 | total time: 7 hours 48 minutes
Epoch: 68 | train MSE: 0.050594 | val MSE: 0.106973 | total time: 7 hours 55 minutes
Epoch: 69 | train MSE: 0.050044 | val MSE: 0.104108 | total time: 8 hours 2 minutes
Epoch: 70 | train MSE: 0.050432 | val MSE: 0.099529 | total time: 8 hours 9 minutes
Epoch: 71 | train MSE: 0.050507 | val MSE: 0.094594 | total time: 8 hours 16 minutes
Epoch: 72 | train MSE: 0.049198 | val MSE: 0.098930 | total time: 8 hours 23 minutes
Epoch: 73 | train MSE: 0.049480 | val MSE: 0.096454 | total time: 8 hours 31 minutes
Epoch: 74 | train MSE: 0.048200 | val MSE: 0.098520 | total time: 8 hours 38 minutes
Epoch: 75 | train MSE: 0.048920 | val MSE: 0.102581 | total time: 8 hours 45 minutes
Epoch: 76 | train MSE: 0.049049 | val MSE: 0.101114 | total time: 8 hours 52 minutes
Epoch: 77 | train MSE: 0.048578 | val MSE: 0.098837 | total time: 8 hours 59 minutes
Epoch: 78 | train MSE: 0.046876 | val MSE: 0.113314 | total time: 9 hours 6 minutes
Epoch: 79 | train MSE: 0.047058 | val MSE: 0.099991 | total time: 9 hours 13 minutes
Epoch: 80 | train MSE: 0.046602 | val MSE: 0.106745 | total time: 9 hours 20 minutes
Epoch: 81 | train MSE: 0.046511 | val MSE: 0.099018 | total time: 9 hours 27 minutes
Epoch: 82 | train MSE: 0.046289 | val MSE: 0.106676 | total time: 9 hours 34 minutes
Epoch: 83 | train MSE: 0.046334 | val MSE: 0.094621 | total time: 9 hours 41 minutes
Epoch: 84 | train MSE: 0.046083 | val MSE: 0.100447 | total time: 9 hours 48 minutes
Epoch: 85 | train MSE: 0.045674 | val MSE: 0.096872 | total time: 9 hours 55 minutes
Epoch: 86 | train MSE: 0.046227 | val MSE: 0.098118 | total time: 10 hours 2 minutes
Epoch: 87 | train MSE: 0.045298 | val MSE: 0.091603 | total time: 10 hours 10 minutes
Epoch: 88 | train MSE: 0.045888 | val MSE: 0.096429 | total time: 10 hours 17 minutes
Epoch: 89 | train MSE: 0.045505 | val MSE: 0.102584 | total time: 10 hours 24 minutes
Epoch: 90 | train MSE: 0.044396 | val MSE: 0.099650 | total time: 10 hours 31 minutes
Epoch: 91 | train MSE: 0.044830 | val MSE: 0.103890 | total time: 10 hours 38 minutes
Epoch: 92 | train MSE: 0.043930 | val MSE: 0.097659 | total time: 10 hours 45 minutes
Epoch: 93 | train MSE: 0.044316 | val MSE: 0.106171 | total time: 10 hours 52 minutes
Epoch: 94 | train MSE: 0.043795 | val MSE: 0.090243 | total time: 10 hours 59 minutes
Epoch: 95 | train MSE: 0.043636 | val MSE: 0.089537 | total time: 11 hours 6 minutes
Epoch: 96 | train MSE: 0.043302 | val MSE: 0.094904 | total time: 11 hours 13 minutes
Epoch: 97 | train MSE: 0.044073 | val MSE: 0.096628 | total time: 11 hours 20 minutes
Epoch: 98 | train MSE: 0.042197 | val MSE: 0.098445 | total time: 11 hours 27 minutes
Epoch: 99 | train MSE: 0.042150 | val MSE: 0.095222 | total time: 11 hours 34 minutes
Epoch: 100 | train MSE: 0.042245 | val MSE: 0.088401 | total time: 11 hours 41 minutes
finished best_val_mse=0.088401
