[spare_mc_p2_warp_d_finetune] device=cuda train=1024 val=288 lr_g=3e-05 lr_d=1e-05
Epoch 001/20 | G=0.3261 D=0.0000 valG=0.3148 | time=0.01h
Epoch 002/20 | G=0.2121 D=0.0000 valG=0.2747 | time=0.02h
/home/abhishek/Documents/LEARN-GUI/LEARN-GUI-Python/.venv/lib/python3.12/site-packages/torch/nn/modules/conv.py:720: UserWarning: Using padding='same' with even kernel lengths and odd dilation may require a zero-padded copy of the input be created (Triggered internally at /pytorch/aten/src/ATen/native/Convolution.cpp:1036.)
  return F.conv3d(
Epoch 003/20 | G=0.2027 D=0.1124 valG=0.2670 | time=0.04h
Epoch 004/20 | G=0.1833 D=0.0879 valG=0.2546 | time=0.05h
Epoch 005/20 | G=0.1695 D=0.0825 valG=0.2533 | time=0.06h
Epoch 006/20 | G=0.1621 D=0.0795 valG=0.2506 | time=0.07h
Epoch 007/20 | G=0.1575 D=0.0802 valG=0.2298 | time=0.09h
Epoch 008/20 | G=0.1526 D=0.0792 valG=0.2269 | time=0.10h
Epoch 009/20 | G=0.1454 D=0.0810 valG=0.2311 | time=0.11h
Epoch 010/20 | G=0.1423 D=0.0806 valG=0.2118 | time=0.12h
Epoch 011/20 | G=0.1372 D=0.0802 valG=0.2194 | time=0.14h
Epoch 012/20 | G=0.1359 D=0.0825 valG=0.2202 | time=0.15h
Epoch 013/20 | G=0.1330 D=0.0811 valG=0.2306 | time=0.16h
Epoch 014/20 | G=0.1320 D=0.0800 valG=0.2185 | time=0.17h
Epoch 015/20 | G=0.1289 D=0.0821 valG=0.2113 | time=0.19h
Epoch 016/20 | G=0.1278 D=0.0809 valG=0.2138 | time=0.20h
Epoch 017/20 | G=0.1256 D=0.0816 valG=0.2050 | time=0.21h
Epoch 018/20 | G=0.1242 D=0.0796 valG=0.2071 | time=0.23h
Epoch 019/20 | G=0.1230 D=0.0795 valG=0.2159 | time=0.24h
Epoch 020/20 | G=0.1212 D=0.0803 valG=0.2068 | time=0.25h
finished best_val=0.204994
