[both|elekta] scan=CE_P4_V_01 pairs=100 panels=100 ckpt=crb_both_mse_cyclic_fov_aug_generator.pth out=BothCRB/plots/qc_elekta/P4/CE_P4_V_01
[001/100] 01_to_01  L1=0.030  L1/zero=3035710.57  cos=nan  k=nan
[002/100] 01_to_02  L1=0.408  L1/zero=0.91  cos=0.45  k=0.31
[003/100] 01_to_03  L1=0.764  L1/zero=0.92  cos=0.46  k=0.53
[004/100] 01_to_04  L1=1.056  L1/zero=0.93  cos=0.47  k=0.70
[005/100] 01_to_05  L1=1.254  L1/zero=0.91  cos=0.51  k=0.68
[006/100] 01_to_06  L1=1.349  L1/zero=0.91  cos=0.51  k=0.69
[007/100] 01_to_07  L1=0.963  L1/zero=0.94  cos=0.46  k=0.75
[008/100] 01_to_08  L1=0.678  L1/zero=1.17  cos=0.24  k=0.83
[009/100] 01_to_09  L1=0.538  L1/zero=1.20  cos=-0.15  k=0.43
[010/100] 01_to_10  L1=0.322  L1/zero=0.98  cos=0.23  k=0.12
[011/100] 02_to_01  L1=0.402  L1/zero=0.93  cos=0.39  k=0.30
[012/100] 02_to_02  L1=0.039  L1/zero=3926433.25  cos=nan  k=nan
[013/100] 02_to_03  L1=0.337  L1/zero=0.99  cos=0.41  k=0.79
[014/100] 02_to_04  L1=0.648  L1/zero=0.97  cos=0.43  k=0.77
[015/100] 02_to_05  L1=0.878  L1/zero=0.91  cos=0.50  k=0.74
[016/100] 02_to_06  L1=1.029  L1/zero=0.92  cos=0.45  k=0.70
[017/100] 02_to_07  L1=0.929  L1/zero=1.04  cos=0.28  k=0.58
[018/100] 02_to_08  L1=0.870  L1/zero=1.06  cos=0.06  k=0.35
[019/100] 02_to_09  L1=0.938  L1/zero=0.97  cos=0.22  k=0.18
[020/100] 02_to_10  L1=0.797  L1/zero=0.92  cos=0.45  k=0.22
[021/100] 03_to_01  L1=0.728  L1/zero=0.95  cos=0.46  k=0.63
[022/100] 03_to_02  L1=0.353  L1/zero=1.05  cos=0.33  k=0.80
[023/100] 03_to_03  L1=0.046  L1/zero=4637706.65  cos=nan  k=nan
[024/100] 03_to_04  L1=0.285  L1/zero=1.03  cos=0.43  k=0.94
[025/100] 03_to_05  L1=0.575  L1/zero=0.91  cos=0.49  k=0.70
[026/100] 03_to_06  L1=0.738  L1/zero=0.87  cos=0.49  k=0.65
[027/100] 03_to_07  L1=0.803  L1/zero=0.90  cos=0.41  k=0.41
[028/100] 03_to_08  L1=0.918  L1/zero=0.89  cos=0.46  k=0.34
[029/100] 03_to_09  L1=1.072  L1/zero=0.87  cos=0.51  k=0.37
[030/100] 03_to_10  L1=1.022  L1/zero=0.90  cos=0.48  k=0.46
[031/100] 04_to_01  L1=0.986  L1/zero=0.95  cos=0.46  k=0.80
[032/100] 04_to_02  L1=0.654  L1/zero=1.04  cos=0.40  k=0.90
[033/100] 04_to_03  L1=0.284  L1/zero=1.05  cos=0.41  k=1.00
[034/100] 04_to_04  L1=0.033  L1/zero=3284673.39  cos=nan  k=nan
[035/100] 04_to_05  L1=0.323  L1/zero=0.91  cos=0.41  k=0.51
[036/100] 04_to_06  L1=0.516  L1/zero=0.89  cos=0.45  k=0.53
[037/100] 04_to_07  L1=0.668  L1/zero=0.94  cos=0.35  k=0.41
[038/100] 04_to_08  L1=0.932  L1/zero=0.90  cos=0.49  k=0.51
[039/100] 04_to_09  L1=1.213  L1/zero=0.85  cos=0.55  k=0.50
[040/100] 04_to_10  L1=1.160  L1/zero=0.87  cos=0.53  k=0.62
[041/100] 05_to_01  L1=1.205  L1/zero=0.93  cos=0.50  k=0.78
[042/100] 05_to_02  L1=0.857  L1/zero=0.95  cos=0.49  k=0.87
[043/100] 05_to_03  L1=0.578  L1/zero=0.95  cos=0.47  k=0.80
[044/100] 05_to_04  L1=0.296  L1/zero=0.90  cos=0.44  k=0.62
[045/100] 05_to_05  L1=0.030  L1/zero=2966090.66  cos=nan  k=nan
[046/100] 05_to_06  L1=0.267  L1/zero=0.95  cos=0.31  k=0.46
[047/100] 05_to_07  L1=0.623  L1/zero=0.94  cos=0.40  k=0.49
[048/100] 05_to_08  L1=1.048  L1/zero=0.90  cos=0.50  k=0.53
[049/100] 05_to_09  L1=1.348  L1/zero=0.87  cos=0.55  k=0.54
[050/100] 05_to_10  L1=1.431  L1/zero=0.88  cos=0.55  k=0.61
[051/100] 06_to_01  L1=1.250  L1/zero=0.92  cos=0.52  k=0.78
[052/100] 06_to_02  L1=1.022  L1/zero=0.97  cos=0.44  k=0.83
[053/100] 06_to_03  L1=0.732  L1/zero=0.92  cos=0.45  k=0.71
[054/100] 06_to_04  L1=0.518  L1/zero=0.92  cos=0.42  k=0.63
[055/100] 06_to_05  L1=0.270  L1/zero=0.96  cos=0.30  k=0.46
[056/100] 06_to_06  L1=0.033  L1/zero=3322222.08  cos=nan  k=nan
[057/100] 06_to_07  L1=0.471  L1/zero=0.94  cos=0.43  k=0.50
[058/100] 06_to_08  L1=0.952  L1/zero=0.91  cos=0.50  k=0.54
[059/100] 06_to_09  L1=1.277  L1/zero=0.88  cos=0.54  k=0.58
[060/100] 06_to_10  L1=1.437  L1/zero=0.88  cos=0.57  k=0.65
[061/100] 07_to_01  L1=0.954  L1/zero=0.98  cos=0.46  k=0.89
[062/100] 07_to_02  L1=1.005  L1/zero=1.13  cos=0.25  k=0.72
[063/100] 07_to_03  L1=0.873  L1/zero=1.00  cos=0.30  k=0.49
[064/100] 07_to_04  L1=0.701  L1/zero=0.98  cos=0.30  k=0.39
[065/100] 07_to_05  L1=0.636  L1/zero=0.93  cos=0.40  k=0.30
[066/100] 07_to_06  L1=0.479  L1/zero=0.93  cos=0.43  k=0.40
[067/100] 07_to_07  L1=0.028  L1/zero=2847442.22  cos=nan  k=nan
[068/100] 07_to_08  L1=0.419  L1/zero=0.88  cos=0.51  k=0.57
[069/100] 07_to_09  L1=0.807  L1/zero=0.87  cos=0.55  k=0.56
[070/100] 07_to_10  L1=0.987  L1/zero=0.87  cos=0.57  k=0.68
[071/100] 08_to_01  L1=0.687  L1/zero=1.21  cos=0.24  k=0.89
[072/100] 08_to_02  L1=0.991  L1/zero=1.14  cos=-0.01  k=0.44
[073/100] 08_to_03  L1=1.026  L1/zero=0.95  cos=0.33  k=0.27
[074/100] 08_to_04  L1=0.992  L1/zero=0.92  cos=0.42  k=0.36
[075/100] 08_to_05  L1=1.112  L1/zero=0.89  cos=0.50  k=0.39
[076/100] 08_to_06  L1=0.971  L1/zero=0.88  cos=0.51  k=0.42
[077/100] 08_to_07  L1=0.433  L1/zero=0.86  cos=0.54  k=0.49
[078/100] 08_to_08  L1=0.026  L1/zero=2638991.74  cos=nan  k=nan
[079/100] 08_to_09  L1=0.357  L1/zero=0.89  cos=0.56  k=0.59
[080/100] 08_to_10  L1=0.592  L1/zero=0.92  cos=0.54  k=0.72
[081/100] 09_to_01  L1=0.580  L1/zero=1.25  cos=-0.18  k=0.48
[082/100] 09_to_02  L1=0.999  L1/zero=0.98  cos=0.23  k=0.18
[083/100] 09_to_03  L1=1.169  L1/zero=0.91  cos=0.45  k=0.31
[084/100] 09_to_04  L1=1.342  L1/zero=0.88  cos=0.50  k=0.39
[085/100] 09_to_05  L1=1.457  L1/zero=0.87  cos=0.55  k=0.43
[086/100] 09_to_06  L1=1.348  L1/zero=0.86  cos=0.56  k=0.48
[087/100] 09_to_07  L1=0.848  L1/zero=0.86  cos=0.57  k=0.48
[088/100] 09_to_08  L1=0.372  L1/zero=0.89  cos=0.56  k=0.53
[089/100] 09_to_09  L1=0.030  L1/zero=3030330.87  cos=nan  k=nan
[090/100] 09_to_10  L1=0.263  L1/zero=1.22  cos=0.27  k=0.98
[091/100] 10_to_01  L1=0.332  L1/zero=0.98  cos=0.31  k=0.13
[092/100] 10_to_02  L1=0.847  L1/zero=0.92  cos=0.47  k=0.22
[093/100] 10_to_03  L1=1.117  L1/zero=0.90  cos=0.47  k=0.43
[094/100] 10_to_04  L1=1.313  L1/zero=0.90  cos=0.50  k=0.56
[095/100] 10_to_05  L1=1.557  L1/zero=0.87  cos=0.55  k=0.56
[096/100] 10_to_06  L1=1.535  L1/zero=0.87  cos=0.57  k=0.60
[097/100] 10_to_07  L1=1.078  L1/zero=0.87  cos=0.54  k=0.57
[098/100] 10_to_08  L1=0.599  L1/zero=0.91  cos=0.53  k=0.65
[099/100] 10_to_09  L1=0.245  L1/zero=1.07  cos=0.24  k=0.66
[100/100] 10_to_10  L1=0.026  L1/zero=2612144.50  cos=nan  k=nan

[both|elekta] Directed mean: L1=0.822  L1/zero=0.95  cos=0.42  k=0.56  beat_zero=83%
wrote BothCRB/plots/qc_elekta/P4/CE_P4_V_01 (100 pngs)
