Clinical DVF scans=['CV_P1_V_01']  param=/home/abhishek/Voxel_GAN/My v1.0/configs/elastix_bspline_masked.txt
Output: /home/abhishek/Voxel_GAN/PopulationStudy/ClinicalExperiments/Experiment1/data
[CV_P1_V_01] mask pad=+8  voxels=4595120
[CV_P1_V_01] lung bbox (zyx): [124:333, 0:220, 88:357]
[CV_P1_V_01]   CT_01: (450, 220, 450) → (209, 220, 269) → (128, 128, 128)
[CV_P1_V_01]   CT_02: (450, 220, 450) → (209, 220, 269) → (128, 128, 128)
[CV_P1_V_01]   CT_03: (450, 220, 450) → (209, 220, 269) → (128, 128, 128)
[CV_P1_V_01]   CT_04: (450, 220, 450) → (209, 220, 269) → (128, 128, 128)
[CV_P1_V_01]   CT_05: (450, 220, 450) → (209, 220, 269) → (128, 128, 128)
[CV_P1_V_01]   CT_06: (450, 220, 450) → (209, 220, 269) → (128, 128, 128)
[CV_P1_V_01]   CT_07: (450, 220, 450) → (209, 220, 269) → (128, 128, 128)
[CV_P1_V_01]   CT_08: (450, 220, 450) → (209, 220, 269) → (128, 128, 128)
[CV_P1_V_01]   CT_09: (450, 220, 450) → (209, 220, 269) → (128, 128, 128)
[CV_P1_V_01]   CT_10: (450, 220, 450) → (209, 220, 269) → (128, 128, 128)
[CV_P1_V_01]   Mask_Lung → (128, 128, 128), voxels=779601
[CV_P1_V_01] [1/100] skip 01_to_01_pair.npy
[CV_P1_V_01] [2/100] skip 01_to_02_pair.npy
[CV_P1_V_01] [3/100] skip 01_to_03_pair.npy
[CV_P1_V_01] [4/100] skip 01_to_04_pair.npy
[CV_P1_V_01] [5/100] skip 01_to_05_pair.npy
[CV_P1_V_01] [6/100] skip 01_to_06_pair.npy
[CV_P1_V_01] [7/100] skip 01_to_07_pair.npy
[CV_P1_V_01] [8/100] skip 01_to_08_pair.npy
[CV_P1_V_01] [9/100] skip 01_to_09_pair.npy
[CV_P1_V_01] [10/100] skip 01_to_10_pair.npy
[CV_P1_V_01] [11/100] skip 02_to_01_pair.npy
[CV_P1_V_01] [12/100] skip 02_to_02_pair.npy
[CV_P1_V_01] [13/100] Elastix 02_to_03_pair.npy …
[CV_P1_V_01]     7.2s  DVF mm-ish range x[-0.74,0.52] y[-0.90,1.17] z[-0.50,1.19]
[CV_P1_V_01] [14/100] Elastix 02_to_04_pair.npy …
[CV_P1_V_01]     6.9s  DVF mm-ish range x[-1.27,1.95] y[-1.10,2.36] z[-0.87,3.58]
[CV_P1_V_01] [15/100] Elastix 02_to_05_pair.npy …
[CV_P1_V_01]     6.8s  DVF mm-ish range x[-1.72,2.35] y[-1.42,3.07] z[-1.47,4.02]
[CV_P1_V_01] [16/100] Elastix 02_to_06_pair.npy …
[CV_P1_V_01]     7.3s  DVF mm-ish range x[-1.91,3.14] y[-1.57,3.29] z[-1.65,6.10]
[CV_P1_V_01] [17/100] Elastix 02_to_07_pair.npy …
[CV_P1_V_01]     7.3s  DVF mm-ish range x[-2.06,2.13] y[-1.34,3.45] z[-1.51,6.57]
[CV_P1_V_01] [18/100] Elastix 02_to_08_pair.npy …
[CV_P1_V_01]     7.2s  DVF mm-ish range x[-2.01,1.43] y[-1.55,3.46] z[-1.64,5.83]
[CV_P1_V_01] [19/100] Elastix 02_to_09_pair.npy …
[CV_P1_V_01]     7.2s  DVF mm-ish range x[-2.55,1.93] y[-3.05,1.22] z[-3.93,2.17]
[CV_P1_V_01] [20/100] Elastix 02_to_10_pair.npy …
[CV_P1_V_01]     7.1s  DVF mm-ish range x[-2.48,1.94] y[-2.14,0.91] z[-3.58,1.84]
[CV_P1_V_01] [21/100] Elastix 03_to_01_pair.npy …
[CV_P1_V_01]     7.1s  DVF mm-ish range x[-2.57,1.43] y[-2.45,1.00] z[-3.67,1.20]
[CV_P1_V_01] [22/100] Elastix 03_to_02_pair.npy …
[CV_P1_V_01]     7.0s  DVF mm-ish range x[-0.71,0.70] y[-1.22,0.82] z[-1.19,0.81]
[CV_P1_V_01] [23/100] identity 03_to_03_pair.npy
[CV_P1_V_01] [24/100] Elastix 03_to_04_pair.npy …
[CV_P1_V_01]     7.0s  DVF mm-ish range x[-0.90,0.61] y[-0.81,1.21] z[-0.51,1.12]
[CV_P1_V_01] [25/100] Elastix 03_to_05_pair.npy …
[CV_P1_V_01]     7.0s  DVF mm-ish range x[-1.32,1.91] y[-1.11,2.18] z[-0.78,3.78]
[CV_P1_V_01] [26/100] Elastix 03_to_06_pair.npy …
[CV_P1_V_01]     7.3s  DVF mm-ish range x[-1.52,2.37] y[-1.29,2.50] z[-1.08,4.03]
[CV_P1_V_01] [27/100] Elastix 03_to_07_pair.npy …
[CV_P1_V_01]     7.2s  DVF mm-ish range x[-1.75,2.59] y[-1.30,3.39] z[-1.85,4.82]
[CV_P1_V_01] [28/100] Elastix 03_to_08_pair.npy …
[CV_P1_V_01]     7.4s  DVF mm-ish range x[-1.77,3.34] y[-1.22,4.15] z[-1.60,6.08]
[CV_P1_V_01] [29/100] Elastix 03_to_09_pair.npy …
[CV_P1_V_01]     7.2s  DVF mm-ish range x[-1.92,2.37] y[-2.10,4.84] z[-2.28,6.32]
[CV_P1_V_01] [30/100] Elastix 03_to_10_pair.npy …
[CV_P1_V_01]     7.1s  DVF mm-ish range x[-1.88,1.41] y[-2.74,2.52] z[-4.78,3.21]
[CV_P1_V_01] [31/100] Elastix 04_to_01_pair.npy …
[CV_P1_V_01]     7.1s  DVF mm-ish range x[-2.99,1.80] y[-3.41,1.40] z[-4.83,1.86]
[CV_P1_V_01] [32/100] Elastix 04_to_02_pair.npy …
[CV_P1_V_01]     6.8s  DVF mm-ish range x[-2.32,1.23] y[-2.40,1.10] z[-3.50,0.83]
[CV_P1_V_01] [33/100] Elastix 04_to_03_pair.npy …
[CV_P1_V_01]     7.0s  DVF mm-ish range x[-0.71,0.83] y[-1.20,0.79] z[-1.23,0.70]
[CV_P1_V_01] [34/100] identity 04_to_04_pair.npy
[CV_P1_V_01] [35/100] Elastix 04_to_05_pair.npy …
[CV_P1_V_01]     7.3s  DVF mm-ish range x[-0.85,0.51] y[-0.69,1.02] z[-0.54,1.16]
[CV_P1_V_01] [36/100] Elastix 04_to_06_pair.npy …
[CV_P1_V_01]     7.1s  DVF mm-ish range x[-1.44,1.94] y[-0.90,1.74] z[-0.82,3.43]
[CV_P1_V_01] [37/100] Elastix 04_to_07_pair.npy …
[CV_P1_V_01]     7.0s  DVF mm-ish range x[-1.50,2.36] y[-1.33,2.98] z[-1.13,3.95]
[CV_P1_V_01] [38/100] Elastix 04_to_08_pair.npy …
[CV_P1_V_01]     7.2s  DVF mm-ish range x[-1.74,2.72] y[-2.58,3.89] z[-1.28,4.27]
[CV_P1_V_01] [39/100] Elastix 04_to_09_pair.npy …
[CV_P1_V_01]     6.8s  DVF mm-ish range x[-1.77,3.45] y[-3.10,4.97] z[-3.33,4.99]
[CV_P1_V_01] [40/100] Elastix 04_to_10_pair.npy …
[CV_P1_V_01]     6.8s  DVF mm-ish range x[-2.76,2.02] y[-3.91,2.97] z[-6.31,1.69]
[CV_P1_V_01] [41/100] Elastix 05_to_01_pair.npy …
[CV_P1_V_01]     7.0s  DVF mm-ish range x[-3.33,2.01] y[-4.53,2.65] z[-6.84,1.78]
[CV_P1_V_01] [42/100] Elastix 05_to_02_pair.npy …
[CV_P1_V_01]     7.3s  DVF mm-ish range x[-2.96,1.63] y[-3.09,1.34] z[-4.54,1.61]
[CV_P1_V_01] [43/100] Elastix 05_to_03_pair.npy …
[CV_P1_V_01]     7.3s  DVF mm-ish range x[-2.39,1.26] y[-2.15,1.06] z[-3.77,0.68]
[CV_P1_V_01] [44/100] Elastix 05_to_04_pair.npy …
[CV_P1_V_01]     7.0s  DVF mm-ish range x[-0.60,0.82] y[-0.95,0.73] z[-0.97,0.83]
[CV_P1_V_01] [45/100] identity 05_to_05_pair.npy
[CV_P1_V_01] [46/100] Elastix 05_to_06_pair.npy …
[CV_P1_V_01]     6.8s  DVF mm-ish range x[-0.74,0.49] y[-0.80,1.56] z[-0.50,1.08]
[CV_P1_V_01] [47/100] Elastix 05_to_07_pair.npy …
[CV_P1_V_01]     7.4s  DVF mm-ish range x[-1.32,0.81] y[-2.10,3.08] z[-0.88,2.08]
[CV_P1_V_01] [48/100] Elastix 05_to_08_pair.npy …
[CV_P1_V_01]     7.2s  DVF mm-ish range x[-1.70,1.84] y[-3.37,3.77] z[-1.89,3.52]
[CV_P1_V_01] [49/100] Elastix 05_to_09_pair.npy …
[CV_P1_V_01]     6.9s  DVF mm-ish range x[-2.02,2.45] y[-3.86,4.41] z[-1.81,4.13]
[CV_P1_V_01] [50/100] Elastix 05_to_10_pair.npy …
[CV_P1_V_01]     7.3s  DVF mm-ish range x[-1.93,2.59] y[-4.59,5.24] z[-2.99,4.81]
[CV_P1_V_01] [51/100] Elastix 06_to_01_pair.npy …
[CV_P1_V_01]     7.5s  DVF mm-ish range x[-1.87,2.41] y[-3.89,1.99] z[-6.64,1.49]
[CV_P1_V_01] [52/100] Elastix 06_to_02_pair.npy …
[CV_P1_V_01]     7.3s  DVF mm-ish range x[-3.47,1.68] y[-3.18,1.27] z[-6.46,1.76]
[CV_P1_V_01] [53/100] Elastix 06_to_03_pair.npy …
[CV_P1_V_01]     7.1s  DVF mm-ish range x[-2.93,1.39] y[-2.45,1.10] z[-4.13,1.32]
[CV_P1_V_01] [54/100] Elastix 06_to_04_pair.npy …
[CV_P1_V_01]     6.9s  DVF mm-ish range x[-2.20,1.33] y[-1.83,0.82] z[-3.33,1.09]
[CV_P1_V_01] [55/100] Elastix 06_to_05_pair.npy …
[CV_P1_V_01]     7.1s  DVF mm-ish range x[-0.45,0.74] y[-1.45,0.84] z[-1.04,0.69]
[CV_P1_V_01] [56/100] identity 06_to_06_pair.npy
[CV_P1_V_01] [57/100] Elastix 06_to_07_pair.npy …
[CV_P1_V_01]     7.0s  DVF mm-ish range x[-0.81,0.51] y[-1.28,1.48] z[-0.51,0.97]
[CV_P1_V_01] [58/100] Elastix 06_to_08_pair.npy …
[CV_P1_V_01]     7.1s  DVF mm-ish range x[-1.72,0.82] y[-2.38,2.56] z[-0.98,1.85]
[CV_P1_V_01] [59/100] Elastix 06_to_09_pair.npy …
[CV_P1_V_01]     7.2s  DVF mm-ish range x[-1.48,1.83] y[-3.65,3.60] z[-2.27,2.74]
[CV_P1_V_01] [60/100] Elastix 06_to_10_pair.npy …
[CV_P1_V_01]     7.0s  DVF mm-ish range x[-1.98,1.87] y[-4.32,4.84] z[-3.17,3.75]
[CV_P1_V_01] [61/100] Elastix 07_to_01_pair.npy …
[CV_P1_V_01]     7.3s  DVF mm-ish range x[-1.71,2.14] y[-2.97,4.77] z[-2.86,3.65]
[CV_P1_V_01] [62/100] Elastix 07_to_02_pair.npy …
[CV_P1_V_01]     7.1s  DVF mm-ish range x[-2.67,1.84] y[-3.37,1.23] z[-6.82,1.25]
[CV_P1_V_01] [63/100] Elastix 07_to_03_pair.npy …
[CV_P1_V_01]     7.2s  DVF mm-ish range x[-3.61,1.73] y[-3.51,1.04] z[-5.74,1.85]
[CV_P1_V_01] [64/100] Elastix 07_to_04_pair.npy …
[CV_P1_V_01]     6.9s  DVF mm-ish range x[-3.00,1.74] y[-3.02,1.55] z[-4.06,1.37]
[CV_P1_V_01] [65/100] Elastix 07_to_05_pair.npy …
[CV_P1_V_01]     7.1s  DVF mm-ish range x[-1.16,1.51] y[-3.07,2.13] z[-2.13,1.21]
[CV_P1_V_01] [66/100] Elastix 07_to_06_pair.npy …
[CV_P1_V_01]     7.3s  DVF mm-ish range x[-0.48,1.03] y[-1.45,1.27] z[-0.89,0.69]
[CV_P1_V_01] [67/100] identity 07_to_07_pair.npy
[CV_P1_V_01] [68/100] Elastix 07_to_08_pair.npy …
[CV_P1_V_01]     7.4s  DVF mm-ish range x[-0.64,0.36] y[-0.97,1.20] z[-0.46,0.65]
[CV_P1_V_01] [69/100] Elastix 07_to_09_pair.npy …
[CV_P1_V_01]     7.3s  DVF mm-ish range x[-1.59,0.74] y[-2.36,2.66] z[-0.99,1.15]
[CV_P1_V_01] [70/100] Elastix 07_to_10_pair.npy …
[CV_P1_V_01]     7.4s  DVF mm-ish range x[-1.41,1.58] y[-2.97,3.71] z[-2.46,2.07]
[CV_P1_V_01] [71/100] Elastix 08_to_01_pair.npy …
[CV_P1_V_01]     7.3s  DVF mm-ish range x[-1.37,2.07] y[-2.17,3.54] z[-2.83,2.91]
[CV_P1_V_01] [72/100] Elastix 08_to_02_pair.npy …
[CV_P1_V_01]     7.4s  DVF mm-ish range x[-1.32,1.96] y[-3.53,1.09] z[-6.13,1.34]
[CV_P1_V_01] [73/100] Elastix 08_to_03_pair.npy …
[CV_P1_V_01]     7.4s  DVF mm-ish range x[-3.56,1.73] y[-4.25,1.09] z[-6.07,1.13]
[CV_P1_V_01] [74/100] Elastix 08_to_04_pair.npy …
[CV_P1_V_01]     7.2s  DVF mm-ish range x[-3.40,1.86] y[-4.05,2.59] z[-4.19,1.29]
[CV_P1_V_01] [75/100] Elastix 08_to_05_pair.npy …
[CV_P1_V_01]     7.4s  DVF mm-ish range x[-2.46,1.76] y[-3.78,3.55] z[-3.32,1.86]
[CV_P1_V_01] [76/100] Elastix 08_to_06_pair.npy …
[CV_P1_V_01]     6.9s  DVF mm-ish range x[-1.04,1.86] y[-2.79,2.44] z[-1.62,1.26]
[CV_P1_V_01] [77/100] Elastix 08_to_07_pair.npy …
[CV_P1_V_01]     7.4s  DVF mm-ish range x[-0.44,0.91] y[-1.23,0.98] z[-0.63,0.60]
[CV_P1_V_01] [78/100] identity 08_to_08_pair.npy
[CV_P1_V_01] [79/100] Elastix 08_to_09_pair.npy …
[CV_P1_V_01]     7.3s  DVF mm-ish range x[-0.67,0.43] y[-0.95,1.30] z[-0.48,0.68]
[CV_P1_V_01] [80/100] Elastix 08_to_10_pair.npy …
[CV_P1_V_01]     7.3s  DVF mm-ish range x[-1.74,0.78] y[-2.16,2.63] z[-1.22,1.45]
[CV_P1_V_01] [81/100] Elastix 09_to_01_pair.npy …
[CV_P1_V_01]     7.3s  DVF mm-ish range x[-1.40,1.25] y[-1.22,2.66] z[-1.23,1.87]
[CV_P1_V_01] [82/100] Elastix 09_to_02_pair.npy …
[CV_P1_V_01]     7.4s  DVF mm-ish range x[-1.88,2.25] y[-1.00,3.03] z[-2.09,3.85]
[CV_P1_V_01] [83/100] Elastix 09_to_03_pair.npy …
[CV_P1_V_01]     7.4s  DVF mm-ish range x[-2.56,1.85] y[-4.92,2.11] z[-6.00,2.40]
[CV_P1_V_01] [84/100] Elastix 09_to_04_pair.npy …
[CV_P1_V_01]     7.2s  DVF mm-ish range x[-3.37,1.77] y[-4.94,3.14] z[-5.11,2.07]
[CV_P1_V_01] [85/100] Elastix 09_to_05_pair.npy …
[CV_P1_V_01]     7.4s  DVF mm-ish range x[-2.98,2.03] y[-4.55,4.28] z[-4.20,1.98]
[CV_P1_V_01] [86/100] Elastix 09_to_06_pair.npy …
[CV_P1_V_01]     7.3s  DVF mm-ish range x[-2.21,1.55] y[-4.00,4.03] z[-3.07,2.39]
[CV_P1_V_01] [87/100] Elastix 09_to_07_pair.npy …
[CV_P1_V_01]     7.4s  DVF mm-ish range x[-1.03,1.86] y[-2.74,2.36] z[-1.14,1.31]
[CV_P1_V_01] [88/100] Elastix 09_to_08_pair.npy …
[CV_P1_V_01]     7.5s  DVF mm-ish range x[-0.45,1.12] y[-1.36,0.97] z[-0.65,0.63]
[CV_P1_V_01] [89/100] identity 09_to_09_pair.npy
[CV_P1_V_01] [90/100] Elastix 09_to_10_pair.npy …
[CV_P1_V_01]     7.0s  DVF mm-ish range x[-0.79,0.44] y[-0.89,1.16] z[-0.52,0.70]
[CV_P1_V_01] [91/100] Elastix 10_to_01_pair.npy …
[CV_P1_V_01]     6.9s  DVF mm-ish range x[-0.78,0.74] y[-0.59,1.30] z[-0.77,1.00]
[CV_P1_V_01] [92/100] Elastix 10_to_02_pair.npy …
[CV_P1_V_01]     7.2s  DVF mm-ish range x[-1.56,2.08] y[-0.95,2.08] z[-1.90,3.41]
[CV_P1_V_01] [93/100] Elastix 10_to_03_pair.npy …
[CV_P1_V_01]     7.4s  DVF mm-ish range x[-1.90,3.12] y[-1.41,3.17] z[-2.21,4.85]
[CV_P1_V_01] [94/100] Elastix 10_to_04_pair.npy …
[CV_P1_V_01]     7.1s  DVF mm-ish range x[-2.00,2.54] y[-3.37,4.48] z[-1.94,6.17]
[CV_P1_V_01] [95/100] Elastix 10_to_05_pair.npy …
[CV_P1_V_01]     7.2s  DVF mm-ish range x[-2.84,1.93] y[-5.39,4.83] z[-4.82,3.15]
[CV_P1_V_01] [96/100] Elastix 10_to_06_pair.npy …
[CV_P1_V_01]     7.3s  DVF mm-ish range x[-2.82,1.83] y[-5.09,4.51] z[-3.83,2.91]
[CV_P1_V_01] [97/100] Elastix 10_to_07_pair.npy …
[CV_P1_V_01]     7.4s  DVF mm-ish range x[-2.22,1.65] y[-3.76,3.24] z[-2.20,2.69]
[CV_P1_V_01] [98/100] Elastix 10_to_08_pair.npy …
[CV_P1_V_01]     7.2s  DVF mm-ish range x[-1.18,2.18] y[-2.68,2.28] z[-1.42,1.47]
[CV_P1_V_01] [99/100] Elastix 10_to_09_pair.npy …
[CV_P1_V_01]     6.9s  DVF mm-ish range x[-0.57,0.98] y[-1.25,0.85] z[-0.71,0.65]
[CV_P1_V_01] [100/100] identity 10_to_10_pair.npy
[CV_P1_V_01] DONE in 9.8 min  registered=80 identity=8 skipped=12  → /home/abhishek/Voxel_GAN/PopulationStudy/ClinicalExperiments/Experiment1/data/CV_P1_V_01/all
All requested scans finished.
