device=cuda pairs=100 (directed=90)
[run] EncoderCRB/5_9 ...
  directed negJ% full=0.001 lung=0.000 | leave-out full=0.001 lung=0.000 | max_lung=0.000
[run] EncoderCRB/3_6 ...
  directed negJ% full=0.000 lung=0.000 | leave-out full=0.000 lung=0.000 | max_lung=0.000
[run] EncoderCRB/3_6_8 ...
  directed negJ% full=0.006 lung=0.000 | leave-out full=0.005 lung=0.000 | max_lung=0.000
[run] DecoderCRB/5_9 ...
  directed negJ% full=0.002 lung=0.000 | leave-out full=0.002 lung=0.000 | max_lung=0.000
[run] DecoderCRB/3_6 ...
  directed negJ% full=0.001 lung=0.000 | leave-out full=0.001 lung=0.000 | max_lung=0.000
[run] DecoderCRB/3_6_8 ...
  directed negJ% full=0.002 lung=0.000 | leave-out full=0.002 lung=0.000 | max_lung=0.000
[run] BothCRB/5_9 ...
  directed negJ% full=0.001 lung=0.000 | leave-out full=0.001 lung=0.000 | max_lung=0.000
[run] BothCRB/3_6 ...
  directed negJ% full=0.000 lung=0.000 | leave-out full=0.001 lung=0.000 | max_lung=0.000
[run] BothCRB/3_6_8 ...
  directed negJ% full=0.000 lung=0.000 | leave-out full=0.000 lung=0.000 | max_lung=0.000
[run] DecoderFiLM/5_9 ...
  directed negJ% full=0.000 lung=0.000 | leave-out full=0.000 lung=0.000 | max_lung=0.000
[run] DecoderFiLM/3_6 ...
  directed negJ% full=0.000 lung=0.000 | leave-out full=0.000 lung=0.000 | max_lung=0.000
[run] DecoderFiLM/3_6_8 ...
  directed negJ% full=0.000 lung=0.000 | leave-out full=0.000 lung=0.000 | max_lung=0.000
[run] DecoderCRBBot/5_9 ...
  directed negJ% full=0.024 lung=0.000 | leave-out full=0.026 lung=0.000 | max_lung=0.000
[run] DecoderCRBBot/3_6 ...
  directed negJ% full=0.002 lung=0.000 | leave-out full=0.001 lung=0.000 | max_lung=0.000
[skip] DecoderCRBBot/3_6_8 missing /home/abhishek/Voxel_GAN/Dan2.0/DecoderCRBBot/LeaveOut_3_6_8/weights/crb_dec_bot_mse_lo_03_06_08_generator.pth
wrote jacobian_summary.tsv and jacobian_summary.md
