[crb_both_mse_linear_full128] network_module=/home/abhishek/Voxel_GAN/PopulationStudy/InitialExperiments/Experiment1/networks/generator_crb.py cond_dim=2 im_size=128
[crb_both_mse_linear_full128] device=cuda:1 | UNetCRBBoth params=1.08M | loss=lung-masked MSE | no D | CRB=both | linear | train 128³ | seed=20260824
[crb_both_mse_linear_full128] train 810 (810 pairs × 1) | val 90 (90 pairs × 1) | train patients=['P1', 'P2', 'P3', 'P4', 'P5', 'P6', 'P7', 'P8', 'P9']
Epoch: 1 | train MSE: 0.665844 | val MSE: 0.567984 | total time: 0 hours 4 minutes
Epoch: 2 | train MSE: 0.576652 | val MSE: 0.490768 | total time: 0 hours 8 minutes
Epoch: 3 | train MSE: 0.500155 | val MSE: 0.410418 | total time: 0 hours 12 minutes
Epoch: 4 | train MSE: 0.403513 | val MSE: 0.371111 | total time: 0 hours 16 minutes
Epoch: 5 | train MSE: 0.352106 | val MSE: 0.317010 | total time: 0 hours 20 minutes
Epoch: 6 | train MSE: 0.317125 | val MSE: 0.278152 | total time: 0 hours 24 minutes
Epoch: 7 | train MSE: 0.287401 | val MSE: 0.253759 | total time: 0 hours 28 minutes
Epoch: 8 | train MSE: 0.263715 | val MSE: 0.233526 | total time: 0 hours 32 minutes
Epoch: 9 | train MSE: 0.235800 | val MSE: 0.217300 | total time: 0 hours 36 minutes
Epoch: 10 | train MSE: 0.219115 | val MSE: 0.208367 | total time: 0 hours 40 minutes
Epoch: 11 | train MSE: 0.210160 | val MSE: 0.210871 | total time: 0 hours 44 minutes
Epoch: 12 | train MSE: 0.199741 | val MSE: 0.177899 | total time: 0 hours 49 minutes
Epoch: 13 | train MSE: 0.177392 | val MSE: 0.166958 | total time: 0 hours 53 minutes
Epoch: 14 | train MSE: 0.170779 | val MSE: 0.148338 | total time: 0 hours 57 minutes
Epoch: 15 | train MSE: 0.159424 | val MSE: 0.149428 | total time: 1 hours 1 minutes
Epoch: 16 | train MSE: 0.163225 | val MSE: 0.129313 | total time: 1 hours 5 minutes
Epoch: 17 | train MSE: 0.148566 | val MSE: 0.149669 | total time: 1 hours 9 minutes
Epoch: 18 | train MSE: 0.154236 | val MSE: 0.126756 | total time: 1 hours 13 minutes
Epoch: 19 | train MSE: 0.135260 | val MSE: 0.131454 | total time: 1 hours 17 minutes
Epoch: 20 | train MSE: 0.126983 | val MSE: 0.117779 | total time: 1 hours 21 minutes
Epoch: 21 | train MSE: 0.124261 | val MSE: 0.116297 | total time: 1 hours 25 minutes
Epoch: 22 | train MSE: 0.117484 | val MSE: 0.122339 | total time: 1 hours 29 minutes
Epoch: 23 | train MSE: 0.112795 | val MSE: 0.118061 | total time: 1 hours 33 minutes
Epoch: 24 | train MSE: 0.117414 | val MSE: 0.102536 | total time: 1 hours 38 minutes
Epoch: 25 | train MSE: 0.106470 | val MSE: 0.134058 | total time: 1 hours 43 minutes
Epoch: 26 | train MSE: 0.111270 | val MSE: 0.088495 | total time: 1 hours 47 minutes
Epoch: 27 | train MSE: 0.097570 | val MSE: 0.088362 | total time: 1 hours 52 minutes
Epoch: 28 | train MSE: 0.104899 | val MSE: 0.087048 | total time: 1 hours 56 minutes
Epoch: 29 | train MSE: 0.098176 | val MSE: 0.102739 | total time: 2 hours 0 minutes
Epoch: 30 | train MSE: 0.095621 | val MSE: 0.086872 | total time: 2 hours 6 minutes
Epoch: 31 | train MSE: 0.098594 | val MSE: 0.085136 | total time: 2 hours 11 minutes
Epoch: 32 | train MSE: 0.087371 | val MSE: 0.094075 | total time: 2 hours 17 minutes
Epoch: 33 | train MSE: 0.089774 | val MSE: 0.103822 | total time: 2 hours 22 minutes
Epoch: 34 | train MSE: 0.091580 | val MSE: 0.086243 | total time: 2 hours 27 minutes
Epoch: 35 | train MSE: 0.084659 | val MSE: 0.079922 | total time: 2 hours 33 minutes
Epoch: 36 | train MSE: 0.078989 | val MSE: 0.079855 | total time: 2 hours 38 minutes
Epoch: 37 | train MSE: 0.085101 | val MSE: 0.081868 | total time: 2 hours 44 minutes
Epoch: 38 | train MSE: 0.076405 | val MSE: 0.081327 | total time: 2 hours 49 minutes
Epoch: 39 | train MSE: 0.087170 | val MSE: 0.077475 | total time: 2 hours 54 minutes
Epoch: 40 | train MSE: 0.077307 | val MSE: 0.075475 | total time: 3 hours 0 minutes
Epoch: 41 | train MSE: 0.080472 | val MSE: 0.069350 | total time: 3 hours 5 minutes
Epoch: 42 | train MSE: 0.077793 | val MSE: 0.078816 | total time: 3 hours 10 minutes
Epoch: 43 | train MSE: 0.074034 | val MSE: 0.076052 | total time: 3 hours 16 minutes
Epoch: 44 | train MSE: 0.068745 | val MSE: 0.076254 | total time: 3 hours 21 minutes
Epoch: 45 | train MSE: 0.076871 | val MSE: 0.088691 | total time: 3 hours 27 minutes
Epoch: 46 | train MSE: 0.067828 | val MSE: 0.070128 | total time: 3 hours 32 minutes
Epoch: 47 | train MSE: 0.068598 | val MSE: 0.075926 | total time: 3 hours 37 minutes
Epoch: 48 | train MSE: 0.069240 | val MSE: 0.065847 | total time: 3 hours 43 minutes
Epoch: 49 | train MSE: 0.065408 | val MSE: 0.057738 | total time: 3 hours 48 minutes
Epoch: 50 | train MSE: 0.067494 | val MSE: 0.065053 | total time: 3 hours 54 minutes
Epoch: 51 | train MSE: 0.064763 | val MSE: 0.066161 | total time: 3 hours 59 minutes
Epoch: 52 | train MSE: 0.061477 | val MSE: 0.059473 | total time: 4 hours 4 minutes
Epoch: 53 | train MSE: 0.067565 | val MSE: 0.059164 | total time: 4 hours 10 minutes
Epoch: 54 | train MSE: 0.060947 | val MSE: 0.063089 | total time: 4 hours 15 minutes
Epoch: 55 | train MSE: 0.065551 | val MSE: 0.076159 | total time: 4 hours 21 minutes
Epoch: 56 | train MSE: 0.057811 | val MSE: 0.058350 | total time: 4 hours 26 minutes
Epoch: 57 | train MSE: 0.057155 | val MSE: 0.064893 | total time: 4 hours 31 minutes
Epoch: 58 | train MSE: 0.053694 | val MSE: 0.055263 | total time: 4 hours 37 minutes
Epoch: 59 | train MSE: 0.061152 | val MSE: 0.060782 | total time: 4 hours 42 minutes
Epoch: 60 | train MSE: 0.052326 | val MSE: 0.053927 | total time: 4 hours 48 minutes
Epoch: 61 | train MSE: 0.058658 | val MSE: 0.097996 | total time: 4 hours 53 minutes
Epoch: 62 | train MSE: 0.054800 | val MSE: 0.053743 | total time: 4 hours 59 minutes
Epoch: 63 | train MSE: 0.053117 | val MSE: 0.048408 | total time: 5 hours 4 minutes
Epoch: 64 | train MSE: 0.049362 | val MSE: 0.048388 | total time: 5 hours 9 minutes
Epoch: 65 | train MSE: 0.051485 | val MSE: 0.086216 | total time: 5 hours 15 minutes
Epoch: 66 | train MSE: 0.050342 | val MSE: 0.053060 | total time: 5 hours 20 minutes
Epoch: 67 | train MSE: 0.048801 | val MSE: 0.055245 | total time: 5 hours 26 minutes
Epoch: 68 | train MSE: 0.054978 | val MSE: 0.048368 | total time: 5 hours 31 minutes
Epoch: 69 | train MSE: 0.047901 | val MSE: 0.052953 | total time: 5 hours 36 minutes
Epoch: 70 | train MSE: 0.050100 | val MSE: 0.058461 | total time: 5 hours 42 minutes
Epoch: 71 | train MSE: 0.051177 | val MSE: 0.047545 | total time: 5 hours 47 minutes
Epoch: 72 | train MSE: 0.048346 | val MSE: 0.050010 | total time: 5 hours 53 minutes
Epoch: 73 | train MSE: 0.044693 | val MSE: 0.050364 | total time: 5 hours 58 minutes
Epoch: 74 | train MSE: 0.044946 | val MSE: 0.048989 | total time: 6 hours 4 minutes
Epoch: 75 | train MSE: 0.050072 | val MSE: 0.048265 | total time: 6 hours 9 minutes
Epoch: 76 | train MSE: 0.046187 | val MSE: 0.044425 | total time: 6 hours 14 minutes
Epoch: 77 | train MSE: 0.043038 | val MSE: 0.064270 | total time: 6 hours 20 minutes
Epoch: 78 | train MSE: 0.046618 | val MSE: 0.041812 | total time: 6 hours 25 minutes
Epoch: 79 | train MSE: 0.041028 | val MSE: 0.040654 | total time: 6 hours 31 minutes
Epoch: 80 | train MSE: 0.047706 | val MSE: 0.065245 | total time: 6 hours 36 minutes
Epoch: 81 | train MSE: 0.041145 | val MSE: 0.041551 | total time: 6 hours 42 minutes
Epoch: 82 | train MSE: 0.043814 | val MSE: 0.043979 | total time: 6 hours 47 minutes
Epoch: 83 | train MSE: 0.042208 | val MSE: 0.040508 | total time: 6 hours 52 minutes
Epoch: 84 | train MSE: 0.041096 | val MSE: 0.047947 | total time: 6 hours 58 minutes
Epoch: 85 | train MSE: 0.044318 | val MSE: 0.040264 | total time: 7 hours 3 minutes
Epoch: 86 | train MSE: 0.037560 | val MSE: 0.056847 | total time: 7 hours 9 minutes
Epoch: 87 | train MSE: 0.043483 | val MSE: 0.040766 | total time: 7 hours 14 minutes
Epoch: 88 | train MSE: 0.042282 | val MSE: 0.046881 | total time: 7 hours 20 minutes
Epoch: 89 | train MSE: 0.041090 | val MSE: 0.038266 | total time: 7 hours 25 minutes
Epoch: 90 | train MSE: 0.037104 | val MSE: 0.039786 | total time: 7 hours 30 minutes
Epoch: 91 | train MSE: 0.047717 | val MSE: 0.047655 | total time: 7 hours 36 minutes
Epoch: 92 | train MSE: 0.036341 | val MSE: 0.040562 | total time: 7 hours 41 minutes
Epoch: 93 | train MSE: 0.040828 | val MSE: 0.043489 | total time: 7 hours 47 minutes
Epoch: 94 | train MSE: 0.037676 | val MSE: 0.041446 | total time: 7 hours 52 minutes
Epoch: 95 | train MSE: 0.035229 | val MSE: 0.049586 | total time: 7 hours 57 minutes
Epoch: 96 | train MSE: 0.040143 | val MSE: 0.048100 | total time: 8 hours 3 minutes
Epoch: 97 | train MSE: 0.042578 | val MSE: 0.040485 | total time: 8 hours 7 minutes
Epoch: 98 | train MSE: 0.035275 | val MSE: 0.037086 | total time: 8 hours 12 minutes
Epoch: 99 | train MSE: 0.037199 | val MSE: 0.057702 | total time: 8 hours 16 minutes
Epoch: 100 | train MSE: 0.036539 | val MSE: 0.037842 | total time: 8 hours 20 minutes
finished best_val_mse=0.037086
