[both|elekta] scan=CE_P1_V_01 pairs=100 panels=100 ckpt=crb_both_mse_cyclic_fov_aug_generator.pth out=BothCRB/plots/qc_elekta/P1/CE_P1_V_01
[001/100] 01_to_01  L1=0.028  L1/zero=2775051.26  cos=nan  k=nan
[002/100] 01_to_02  L1=0.404  L1/zero=0.98  cos=0.26  k=0.17
[003/100] 01_to_03  L1=1.088  L1/zero=0.91  cos=0.50  k=0.35
[004/100] 01_to_04  L1=1.194  L1/zero=0.82  cos=0.68  k=0.42
[005/100] 01_to_05  L1=1.244  L1/zero=0.80  cos=0.69  k=0.52
[006/100] 01_to_06  L1=1.234  L1/zero=0.82  cos=0.69  k=0.55
[007/100] 01_to_07  L1=1.121  L1/zero=0.84  cos=0.65  k=0.47
[008/100] 01_to_08  L1=0.956  L1/zero=0.90  cos=0.59  k=0.32
[009/100] 01_to_09  L1=0.662  L1/zero=0.91  cos=0.59  k=0.19
[010/100] 01_to_10  L1=0.348  L1/zero=0.98  cos=0.35  k=0.08
[011/100] 02_to_01  L1=0.410  L1/zero=1.01  cos=-0.02  k=0.14
[012/100] 02_to_02  L1=0.036  L1/zero=3581906.86  cos=nan  k=nan
[013/100] 02_to_03  L1=0.431  L1/zero=0.86  cos=0.61  k=0.41
[014/100] 02_to_04  L1=0.619  L1/zero=0.78  cos=0.72  k=0.43
[015/100] 02_to_05  L1=0.788  L1/zero=0.76  cos=0.71  k=0.47
[016/100] 02_to_06  L1=0.885  L1/zero=0.81  cos=0.67  k=0.49
[017/100] 02_to_07  L1=0.838  L1/zero=0.82  cos=0.63  k=0.42
[018/100] 02_to_08  L1=0.771  L1/zero=0.86  cos=0.60  k=0.27
[019/100] 02_to_09  L1=0.678  L1/zero=0.96  cos=0.37  k=0.12
[020/100] 02_to_10  L1=0.452  L1/zero=1.03  cos=0.10  k=0.35
[021/100] 03_to_01  L1=1.058  L1/zero=0.89  cos=0.52  k=0.41
[022/100] 03_to_02  L1=0.432  L1/zero=0.86  cos=0.61  k=0.41
[023/100] 03_to_03  L1=0.040  L1/zero=3969510.64  cos=nan  k=nan
[024/100] 03_to_04  L1=0.244  L1/zero=0.83  cos=0.56  k=0.38
[025/100] 03_to_05  L1=0.432  L1/zero=0.82  cos=0.60  k=0.39
[026/100] 03_to_06  L1=0.539  L1/zero=0.85  cos=0.58  k=0.42
[027/100] 03_to_07  L1=0.655  L1/zero=0.93  cos=0.43  k=0.34
[028/100] 03_to_08  L1=0.740  L1/zero=0.96  cos=0.37  k=0.19
[029/100] 03_to_09  L1=0.801  L1/zero=0.91  cos=0.44  k=0.26
[030/100] 03_to_10  L1=0.973  L1/zero=0.91  cos=0.43  k=0.44
[031/100] 04_to_01  L1=1.217  L1/zero=0.86  cos=0.60  k=0.54
[032/100] 04_to_02  L1=0.604  L1/zero=0.77  cos=0.70  k=0.60
[033/100] 04_to_03  L1=0.237  L1/zero=0.83  cos=0.54  k=0.51
[034/100] 04_to_04  L1=0.023  L1/zero=2279282.73  cos=nan  k=nan
[035/100] 04_to_05  L1=0.212  L1/zero=0.84  cos=0.54  k=0.37
[036/100] 04_to_06  L1=0.340  L1/zero=0.88  cos=0.50  k=0.37
[037/100] 04_to_07  L1=0.500  L1/zero=0.97  cos=0.32  k=0.22
[038/100] 04_to_08  L1=0.681  L1/zero=0.95  cos=0.35  k=0.33
[039/100] 04_to_09  L1=0.824  L1/zero=0.88  cos=0.50  k=0.38
[040/100] 04_to_10  L1=1.021  L1/zero=0.85  cos=0.58  k=0.40
[041/100] 05_to_01  L1=1.188  L1/zero=0.80  cos=0.66  k=0.50
[042/100] 05_to_02  L1=0.828  L1/zero=0.79  cos=0.62  k=0.53
[043/100] 05_to_03  L1=0.423  L1/zero=0.82  cos=0.54  k=0.58
[044/100] 05_to_04  L1=0.217  L1/zero=0.85  cos=0.50  k=0.44
[045/100] 05_to_05  L1=0.023  L1/zero=2308538.00  cos=nan  k=nan
[046/100] 05_to_06  L1=0.173  L1/zero=0.99  cos=0.27  k=0.28
[047/100] 05_to_07  L1=0.354  L1/zero=0.97  cos=0.30  k=0.39
[048/100] 05_to_08  L1=0.581  L1/zero=0.91  cos=0.45  k=0.54
[049/100] 05_to_09  L1=0.820  L1/zero=0.89  cos=0.51  k=0.53
[050/100] 05_to_10  L1=1.033  L1/zero=0.84  cos=0.60  k=0.64
[051/100] 06_to_01  L1=1.214  L1/zero=0.84  cos=0.63  k=0.54
[052/100] 06_to_02  L1=0.882  L1/zero=0.83  cos=0.59  k=0.42
[053/100] 06_to_03  L1=0.542  L1/zero=0.87  cos=0.45  k=0.45
[054/100] 06_to_04  L1=0.361  L1/zero=0.93  cos=0.38  k=0.53
[055/100] 06_to_05  L1=0.177  L1/zero=0.98  cos=0.30  k=0.42
[056/100] 06_to_06  L1=0.025  L1/zero=2453797.31  cos=nan  k=nan
[057/100] 06_to_07  L1=0.269  L1/zero=0.97  cos=0.30  k=0.52
[058/100] 06_to_08  L1=0.609  L1/zero=1.07  cos=0.40  k=0.89
[059/100] 06_to_09  L1=0.800  L1/zero=0.93  cos=0.53  k=0.76
[060/100] 06_to_10  L1=1.025  L1/zero=0.88  cos=0.58  k=0.66
[061/100] 07_to_01  L1=1.121  L1/zero=0.89  cos=0.57  k=0.56
[062/100] 07_to_02  L1=0.795  L1/zero=0.83  cos=0.55  k=0.47
[063/100] 07_to_03  L1=0.679  L1/zero=0.96  cos=0.30  k=0.32
[064/100] 07_to_04  L1=0.522  L1/zero=1.00  cos=0.30  k=0.35
[065/100] 07_to_05  L1=0.346  L1/zero=0.94  cos=0.42  k=0.33
[066/100] 07_to_06  L1=0.248  L1/zero=0.91  cos=0.55  k=0.23
[067/100] 07_to_07  L1=0.030  L1/zero=3011968.36  cos=nan  k=nan
[068/100] 07_to_08  L1=0.278  L1/zero=0.97  cos=0.44  k=0.68
[069/100] 07_to_09  L1=0.596  L1/zero=0.99  cos=0.53  k=0.86
[070/100] 07_to_10  L1=0.879  L1/zero=0.93  cos=0.60  k=0.77
[071/100] 08_to_01  L1=0.900  L1/zero=0.89  cos=0.56  k=0.33
[072/100] 08_to_02  L1=0.748  L1/zero=0.84  cos=0.58  k=0.25
[073/100] 08_to_03  L1=0.753  L1/zero=0.97  cos=0.35  k=0.26
[074/100] 08_to_04  L1=0.670  L1/zero=0.93  cos=0.44  k=0.32
[075/100] 08_to_05  L1=0.546  L1/zero=0.85  cos=0.53  k=0.54
[076/100] 08_to_06  L1=0.496  L1/zero=0.87  cos=0.54  k=0.55
[077/100] 08_to_07  L1=0.287  L1/zero=0.96  cos=0.42  k=0.64
[078/100] 08_to_08  L1=0.024  L1/zero=2351074.11  cos=nan  k=nan
[079/100] 08_to_09  L1=0.343  L1/zero=1.05  cos=0.06  k=0.35
[080/100] 08_to_10  L1=0.610  L1/zero=0.90  cos=0.57  k=0.43
[081/100] 09_to_01  L1=0.690  L1/zero=0.99  cos=0.30  k=0.09
[082/100] 09_to_02  L1=0.808  L1/zero=1.18  cos=-0.20  k=0.27
[083/100] 09_to_03  L1=0.820  L1/zero=0.93  cos=0.36  k=0.33
[084/100] 09_to_04  L1=0.829  L1/zero=0.87  cos=0.51  k=0.41
[085/100] 09_to_05  L1=0.791  L1/zero=0.86  cos=0.55  k=0.64
[086/100] 09_to_06  L1=0.753  L1/zero=0.87  cos=0.59  k=0.74
[087/100] 09_to_07  L1=0.575  L1/zero=0.95  cos=0.54  k=0.73
[088/100] 09_to_08  L1=0.321  L1/zero=1.03  cos=0.18  k=0.38
[089/100] 09_to_09  L1=0.022  L1/zero=2228219.25  cos=nan  k=nan
[090/100] 09_to_10  L1=0.309  L1/zero=0.92  cos=0.56  k=0.27
[091/100] 10_to_01  L1=0.374  L1/zero=1.06  cos=-0.39  k=0.13
[092/100] 10_to_02  L1=0.464  L1/zero=1.08  cos=0.01  k=0.40
[093/100] 10_to_03  L1=0.992  L1/zero=0.92  cos=0.45  k=0.46
[094/100] 10_to_04  L1=1.050  L1/zero=0.85  cos=0.57  k=0.50
[095/100] 10_to_05  L1=1.060  L1/zero=0.84  cos=0.62  k=0.69
[096/100] 10_to_06  L1=1.014  L1/zero=0.85  cos=0.65  k=0.75
[097/100] 10_to_07  L1=0.850  L1/zero=0.88  cos=0.62  k=0.62
[098/100] 10_to_08  L1=0.632  L1/zero=0.94  cos=0.48  k=0.42
[099/100] 10_to_09  L1=0.332  L1/zero=0.94  cos=0.44  k=0.22
[100/100] 10_to_10  L1=0.035  L1/zero=3451814.13  cos=nan  k=nan

[both|elekta] Directed mean: L1=0.673  L1/zero=0.91  cos=0.47  k=0.43  beat_zero=90%
wrote BothCRB/plots/qc_elekta/P1/CE_P1_V_01 (100 pngs)
