ckpt=Dan'sPaperGan/weights/dans_crb_p1_full_warp_d_generator.pth pairs=100 out=P2/dans_gan/qc
[001/100] 01_to_01 L1=0.0143 cos=nan
[002/100] 01_to_02 L1=0.1537 cos=-0.0209
[003/100] 01_to_03 L1=0.8033 cos=0.6909
[004/100] 01_to_04 L1=1.0330 cos=0.7509
[005/100] 01_to_05 L1=1.2278 cos=0.7397
[006/100] 01_to_06 L1=1.3425 cos=0.7029
[007/100] 01_to_07 L1=1.1082 cos=0.6186
[008/100] 01_to_08 L1=0.8465 cos=0.6008
[009/100] 01_to_09 L1=0.5617 cos=0.6164
[010/100] 01_to_10 L1=0.2222 cos=0.5671
[011/100] 02_to_01 L1=0.1677 cos=0.2623
[012/100] 02_to_02 L1=0.0092 cos=nan
[013/100] 02_to_03 L1=0.2113 cos=0.5713
[014/100] 02_to_04 L1=0.6154 cos=0.7487
[015/100] 02_to_05 L1=0.8546 cos=0.7300
[016/100] 02_to_06 L1=0.9673 cos=0.6503
[017/100] 02_to_07 L1=0.8775 cos=0.5797
[018/100] 02_to_08 L1=0.8036 cos=0.4762
[019/100] 02_to_09 L1=0.6300 cos=0.3509
[020/100] 02_to_10 L1=0.4427 cos=0.3540
[021/100] 03_to_01 L1=0.7798 cos=0.6955
[022/100] 03_to_02 L1=0.2373 cos=0.6343
[023/100] 03_to_03 L1=0.0015 cos=nan
[024/100] 03_to_04 L1=0.2093 cos=0.0393
[025/100] 03_to_05 L1=0.4781 cos=0.5977
[026/100] 03_to_06 L1=0.6752 cos=0.5074
[027/100] 03_to_07 L1=0.6974 cos=0.3777
[028/100] 03_to_08 L1=0.8388 cos=0.0695
[029/100] 03_to_09 L1=0.8186 cos=0.2243
[030/100] 03_to_10 L1=0.7806 cos=0.5951
[031/100] 04_to_01 L1=1.0191 cos=0.7372
[032/100] 04_to_02 L1=0.4945 cos=0.7029
[033/100] 04_to_03 L1=0.2091 cos=0.1466
[034/100] 04_to_04 L1=0.0029 cos=nan
[035/100] 04_to_05 L1=0.1532 cos=-0.0098
[036/100] 04_to_06 L1=0.3965 cos=0.2959
[037/100] 04_to_07 L1=0.5531 cos=0.1822
[038/100] 04_to_08 L1=0.8113 cos=0.1437
[039/100] 04_to_09 L1=0.9209 cos=0.4091
[040/100] 04_to_10 L1=1.0072 cos=0.6963
[041/100] 05_to_01 L1=0.9322 cos=0.7598
[042/100] 05_to_02 L1=0.6577 cos=0.7126
[043/100] 05_to_03 L1=0.3407 cos=0.6948
[044/100] 05_to_04 L1=0.1626 cos=0.0552
[045/100] 05_to_05 L1=0.0015 cos=nan
[046/100] 05_to_06 L1=0.1611 cos=0.2728
[047/100] 05_to_07 L1=0.3907 cos=0.1813
[048/100] 05_to_08 L1=0.8336 cos=0.2312
[049/100] 05_to_09 L1=0.9979 cos=0.5549
[050/100] 05_to_10 L1=1.0771 cos=0.7394
[051/100] 06_to_01 L1=1.0746 cos=0.7220
[052/100] 06_to_02 L1=0.8047 cos=0.6678
[053/100] 06_to_03 L1=0.5515 cos=0.5835
[054/100] 06_to_04 L1=0.3551 cos=0.4184
[055/100] 06_to_05 L1=0.1540 cos=0.2861
[056/100] 06_to_06 L1=0.0023 cos=nan
[057/100] 06_to_07 L1=0.1710 cos=0.2305
[058/100] 06_to_08 L1=0.8395 cos=0.2372
[059/100] 06_to_09 L1=1.0735 cos=0.5451
[060/100] 06_to_10 L1=1.1979 cos=0.6992
[061/100] 07_to_01 L1=1.0478 cos=0.6407
[062/100] 07_to_02 L1=0.8578 cos=0.6036
[063/100] 07_to_03 L1=0.6769 cos=0.4438
[064/100] 07_to_04 L1=0.5298 cos=0.2384
[065/100] 07_to_05 L1=0.4008 cos=0.1006
[066/100] 07_to_06 L1=0.1607 cos=0.0877
[067/100] 07_to_07 L1=0.0076 cos=nan
[068/100] 07_to_08 L1=0.2950 cos=0.0222
[069/100] 07_to_09 L1=0.8412 cos=0.4518
[070/100] 07_to_10 L1=0.9964 cos=0.6466
[071/100] 08_to_01 L1=0.8640 cos=0.6061
[072/100] 08_to_02 L1=0.8886 cos=0.3819
[073/100] 08_to_03 L1=0.9633 cos=-0.0320
[074/100] 08_to_04 L1=0.9511 cos=0.0246
[075/100] 08_to_05 L1=1.0077 cos=0.1392
[076/100] 08_to_06 L1=0.9980 cos=0.1600
[077/100] 08_to_07 L1=0.2541 cos=0.1779
[078/100] 08_to_08 L1=0.0004 cos=nan
[079/100] 08_to_09 L1=0.3005 cos=0.5109
[080/100] 08_to_10 L1=0.6757 cos=0.5603
[081/100] 09_to_01 L1=0.5610 cos=0.6188
[082/100] 09_to_02 L1=0.7354 cos=0.1810
[083/100] 09_to_03 L1=0.9017 cos=0.1230
[084/100] 09_to_04 L1=1.0236 cos=0.3536
[085/100] 09_to_05 L1=1.2524 cos=0.4491
[086/100] 09_to_06 L1=1.3931 cos=0.4321
[087/100] 09_to_07 L1=1.0694 cos=0.3187
[088/100] 09_to_08 L1=0.3936 cos=0.2746
[089/100] 09_to_09 L1=0.0057 cos=nan
[090/100] 09_to_10 L1=0.3751 cos=0.5364
[091/100] 10_to_01 L1=0.2022 cos=0.5511
[092/100] 10_to_02 L1=0.6816 cos=0.1000
[093/100] 10_to_03 L1=1.1557 cos=0.3974
[094/100] 10_to_04 L1=1.4042 cos=0.5522
[095/100] 10_to_05 L1=1.7481 cos=0.5260
[096/100] 10_to_06 L1=2.0366 cos=0.4584
[097/100] 10_to_07 L1=1.9493 cos=0.3284
[098/100] 10_to_08 L1=0.8884 cos=0.3868
[099/100] 10_to_09 L1=0.3985 cos=0.5077
[100/100] 10_to_10 L1=0.0016 cos=nan
directed mean L1=0.7400 cos=0.4276
leave-out 5/9 mean L1=0.7302 cos=0.4181
