ckpt=weights/spare_mc_p2_warp_d_finetune_generator.pth  pairs=100  out=P2/our_warp_ft/qc  device=cuda
Frame: RAI (IEC 61217)
Plane: axial — slice ⊥ LR
Display: horizontal → SI, vertical → AP
Slice index: 52 / 127  (axis 0 = LR)
DVF arrows: u=SI, v=AP
Flip H: False  |  Flip V: False
[001/100] 01_to_01   L1=0.0158 zero=0.0000 cos=nan
[002/100] 01_to_02   L1=0.0661 zero=0.1534 cos=0.9221
[003/100] 01_to_03   L1=0.1092 zero=0.4175 cos=0.9735
[004/100] 01_to_04   L1=0.1428 zero=0.6800 cos=0.9810
[005/100] 01_to_05   L1=0.1865 zero=0.8665 cos=0.9823
[006/100] 01_to_06   L1=0.2037 zero=0.9577 cos=0.9839
[007/100] 01_to_07   L1=0.2087 zero=1.0164 cos=0.9854
[008/100] 01_to_08   L1=0.1880 zero=0.9552 cos=0.9862
[009/100] 01_to_09   L1=0.1707 zero=0.6434 cos=0.9708
[010/100] 01_to_10   L1=0.0848 zero=0.2358 cos=0.9629
[011/100] 02_to_01   L1=0.0656 zero=0.1571 cos=0.9369
[012/100] 02_to_02   L1=0.0141 zero=0.0000 cos=nan
[013/100] 02_to_03   L1=0.0749 zero=0.2242 cos=0.9632
[014/100] 02_to_04   L1=0.1131 zero=0.4947 cos=0.9799
[015/100] 02_to_05   L1=0.1627 zero=0.6909 cos=0.9796
[016/100] 02_to_06   L1=0.1769 zero=0.8086 cos=0.9814
[017/100] 02_to_07   L1=0.1883 zero=0.9010 cos=0.9832
[018/100] 02_to_08   L1=0.1773 zero=0.8844 cos=0.9852
[019/100] 02_to_09   L1=0.1722 zero=0.6546 cos=0.9698
[020/100] 02_to_10   L1=0.0912 zero=0.3223 cos=0.9646
[021/100] 03_to_01   L1=0.1088 zero=0.4088 cos=0.9724
[022/100] 03_to_02   L1=0.0703 zero=0.2238 cos=0.9639
[023/100] 03_to_03   L1=0.0149 zero=0.0000 cos=nan
[024/100] 03_to_04   L1=0.0692 zero=0.2079 cos=0.9594
[025/100] 03_to_05   L1=0.1114 zero=0.3992 cos=0.9723
[026/100] 03_to_06   L1=0.1209 zero=0.5384 cos=0.9810
[027/100] 03_to_07   L1=0.1425 zero=0.6469 cos=0.9807
[028/100] 03_to_08   L1=0.1393 zero=0.6797 cos=0.9840
[029/100] 03_to_09   L1=0.1532 zero=0.5420 cos=0.9624
[030/100] 03_to_10   L1=0.1206 zero=0.4155 cos=0.9627
[031/100] 04_to_01   L1=0.1328 zero=0.6781 cos=0.9840
[032/100] 04_to_02   L1=0.0989 zero=0.4868 cos=0.9836
[033/100] 04_to_03   L1=0.0631 zero=0.2105 cos=0.9662
[034/100] 04_to_04   L1=0.0149 zero=0.0000 cos=nan
[035/100] 04_to_05   L1=0.0691 zero=0.1522 cos=0.9264
[036/100] 04_to_06   L1=0.0857 zero=0.3047 cos=0.9705
[037/100] 04_to_07   L1=0.0957 zero=0.4400 cos=0.9803
[038/100] 04_to_08   L1=0.1140 zero=0.5126 cos=0.9803
[039/100] 04_to_09   L1=0.1716 zero=0.5145 cos=0.9365
[040/100] 04_to_10   L1=0.1472 zero=0.6140 cos=0.9741
[041/100] 05_to_01   L1=0.1643 zero=0.8538 cos=0.9849
[042/100] 05_to_02   L1=0.1481 zero=0.6833 cos=0.9832
[043/100] 05_to_03   L1=0.1166 zero=0.4059 cos=0.9748
[044/100] 05_to_04   L1=0.0682 zero=0.1591 cos=0.9357
[045/100] 05_to_05   L1=0.0168 zero=0.0000 cos=nan
[046/100] 05_to_06   L1=0.0602 zero=0.1361 cos=0.9198
[047/100] 05_to_07   L1=0.0735 zero=0.2704 cos=0.9674
[048/100] 05_to_08   L1=0.1077 zero=0.3898 cos=0.9679
[049/100] 05_to_09   L1=0.1849 zero=0.5400 cos=0.9237
[050/100] 05_to_10   L1=0.1706 zero=0.7647 cos=0.9777
[051/100] 06_to_01   L1=0.1725 zero=0.9377 cos=0.9869
[052/100] 06_to_02   L1=0.1606 zero=0.7939 cos=0.9853
[053/100] 06_to_03   L1=0.1321 zero=0.5450 cos=0.9802
[054/100] 06_to_04   L1=0.0923 zero=0.3128 cos=0.9682
[055/100] 06_to_05   L1=0.0580 zero=0.1351 cos=0.9276
[056/100] 06_to_06   L1=0.0151 zero=0.0000 cos=nan
[057/100] 06_to_07   L1=0.0508 zero=0.1105 cos=0.9259
[058/100] 06_to_08   L1=0.0890 zero=0.2584 cos=0.9532
[059/100] 06_to_09   L1=0.2004 zero=0.5297 cos=0.9167
[060/100] 06_to_10   L1=0.1661 zero=0.8061 cos=0.9816
[061/100] 07_to_01   L1=0.1851 zero=0.9954 cos=0.9874
[062/100] 07_to_02   L1=0.1707 zero=0.8823 cos=0.9862
[063/100] 07_to_03   L1=0.1432 zero=0.6502 cos=0.9821
[064/100] 07_to_04   L1=0.1073 zero=0.4445 cos=0.9751
[065/100] 07_to_05   L1=0.0754 zero=0.2766 cos=0.9674
[066/100] 07_to_06   L1=0.0484 zero=0.1071 cos=0.9293
[067/100] 07_to_07   L1=0.0151 zero=0.0000 cos=nan
[068/100] 07_to_08   L1=0.0710 zero=0.1543 cos=0.9047
[069/100] 07_to_09   L1=0.1796 zero=0.4841 cos=0.9282
[070/100] 07_to_10   L1=0.1579 zero=0.8143 cos=0.9841
[071/100] 08_to_01   L1=0.1753 zero=0.9591 cos=0.9885
[072/100] 08_to_02   L1=0.1633 zero=0.8824 cos=0.9881
[073/100] 08_to_03   L1=0.1471 zero=0.6835 cos=0.9813
[074/100] 08_to_04   L1=0.1296 zero=0.5096 cos=0.9748
[075/100] 08_to_05   L1=0.1202 zero=0.3895 cos=0.9611
[076/100] 08_to_06   L1=0.0999 zero=0.2556 cos=0.9425
[077/100] 08_to_07   L1=0.0719 zero=0.1513 cos=0.9036
[078/100] 08_to_08   L1=0.0158 zero=0.0000 cos=nan
[079/100] 08_to_09   L1=0.1321 zero=0.3056 cos=0.9164
[080/100] 08_to_10   L1=0.1443 zero=0.7046 cos=0.9839
[081/100] 09_to_01   L1=0.1765 zero=0.6544 cos=0.9672
[082/100] 09_to_02   L1=0.1788 zero=0.6672 cos=0.9689
[083/100] 09_to_03   L1=0.1568 zero=0.5412 cos=0.9607
[084/100] 09_to_04   L1=0.1682 zero=0.5096 cos=0.9427
[085/100] 09_to_05   L1=0.1839 zero=0.5345 cos=0.9306
[086/100] 09_to_06   L1=0.1813 zero=0.5202 cos=0.9364
[087/100] 09_to_07   L1=0.1850 zero=0.4825 cos=0.9291
[088/100] 09_to_08   L1=0.1427 zero=0.3018 cos=0.9005
[089/100] 09_to_09   L1=0.0141 zero=0.0000 cos=nan
[090/100] 09_to_10   L1=0.1383 zero=0.3452 cos=0.9513
[091/100] 10_to_01   L1=0.0774 zero=0.2339 cos=0.9673
[092/100] 10_to_02   L1=0.0901 zero=0.3231 cos=0.9679
[093/100] 10_to_03   L1=0.1122 zero=0.4108 cos=0.9648
[094/100] 10_to_04   L1=0.1499 zero=0.6235 cos=0.9712
[095/100] 10_to_05   L1=0.1835 zero=0.7696 cos=0.9742
[096/100] 10_to_06   L1=0.1814 zero=0.8206 cos=0.9786
[097/100] 10_to_07   L1=0.1745 zero=0.8265 cos=0.9821
[098/100] 10_to_08   L1=0.1540 zero=0.7059 cos=0.9836
[099/100] 10_to_09   L1=0.1434 zero=0.3451 cos=0.9559
[100/100] 10_to_10   L1=0.0147 zero=0.0000 cos=nan
done. non-identity mean L1=0.1324 mean cos=0.9635
metrics → P2/our_warp_ft/metrics.tsv
