ckpt=weights/spare_mc_p1_full_warp_d_generator.pth  pairs=100  out=P2/our_warp/qc  device=cuda
Frame: RAI (IEC 61217)
Plane: axial — slice ⊥ LR
Display: horizontal → SI, vertical → AP
Slice index: 52 / 127  (axis 0 = LR)
DVF arrows: u=SI, v=AP
Flip H: False  |  Flip V: False
[001/100] 01_to_01   L1=0.0226 zero=0.0000 cos=nan
[002/100] 01_to_02   L1=0.1646 zero=0.1534 cos=0.7469
[003/100] 01_to_03   L1=0.5631 zero=0.4175 cos=0.7350
[004/100] 01_to_04   L1=0.7457 zero=0.6800 cos=0.7797
[005/100] 01_to_05   L1=0.8674 zero=0.8665 cos=0.7856
[006/100] 01_to_06   L1=0.9743 zero=0.9577 cos=0.7487
[007/100] 01_to_07   L1=0.9371 zero=1.0164 cos=0.6735
[008/100] 01_to_08   L1=0.9063 zero=0.9552 cos=0.5346
[009/100] 01_to_09   L1=0.6438 zero=0.6434 cos=0.4696
[010/100] 01_to_10   L1=0.2496 zero=0.2358 cos=0.4102
[011/100] 02_to_01   L1=0.1873 zero=0.1571 cos=0.7528
[012/100] 02_to_02   L1=0.0258 zero=0.0000 cos=nan
[013/100] 02_to_03   L1=0.2838 zero=0.2242 cos=0.6245
[014/100] 02_to_04   L1=0.5016 zero=0.4947 cos=0.7066
[015/100] 02_to_05   L1=0.6511 zero=0.6909 cos=0.7248
[016/100] 02_to_06   L1=0.8109 zero=0.8086 cos=0.6722
[017/100] 02_to_07   L1=0.8506 zero=0.9010 cos=0.6049
[018/100] 02_to_08   L1=0.9140 zero=0.8844 cos=0.3786
[019/100] 02_to_09   L1=0.7084 zero=0.6546 cos=0.3289
[020/100] 02_to_10   L1=0.4188 zero=0.3223 cos=0.5118
[021/100] 03_to_01   L1=0.5541 zero=0.4088 cos=0.7549
[022/100] 03_to_02   L1=0.2794 zero=0.2238 cos=0.6567
[023/100] 03_to_03   L1=0.0197 zero=0.0000 cos=nan
[024/100] 03_to_04   L1=0.1620 zero=0.2079 cos=0.7749
[025/100] 03_to_05   L1=0.3442 zero=0.3992 cos=0.6959
[026/100] 03_to_06   L1=0.5434 zero=0.5384 cos=0.6143
[027/100] 03_to_07   L1=0.6526 zero=0.6469 cos=0.5178
[028/100] 03_to_08   L1=0.8329 zero=0.6797 cos=0.2160
[029/100] 03_to_09   L1=0.7537 zero=0.5420 cos=0.3647
[030/100] 03_to_10   L1=0.6295 zero=0.4155 cos=0.7397
[031/100] 04_to_01   L1=0.6876 zero=0.6781 cos=0.7959
[032/100] 04_to_02   L1=0.4766 zero=0.4868 cos=0.7273
[033/100] 04_to_03   L1=0.1565 zero=0.2105 cos=0.7784
[034/100] 04_to_04   L1=0.0174 zero=0.0000 cos=nan
[035/100] 04_to_05   L1=0.1631 zero=0.1522 cos=0.6011
[036/100] 04_to_06   L1=0.3791 zero=0.3047 cos=0.4653
[037/100] 04_to_07   L1=0.5172 zero=0.4400 cos=0.3708
[038/100] 04_to_08   L1=0.7715 zero=0.5126 cos=0.2370
[039/100] 04_to_09   L1=0.8100 zero=0.5145 cos=0.5169
[040/100] 04_to_10   L1=0.7574 zero=0.6140 cos=0.7965
[041/100] 05_to_01   L1=0.8181 zero=0.8538 cos=0.7871
[042/100] 05_to_02   L1=0.6291 zero=0.6833 cos=0.7278
[043/100] 05_to_03   L1=0.3265 zero=0.4059 cos=0.7093
[044/100] 05_to_04   L1=0.1630 zero=0.1591 cos=0.5736
[045/100] 05_to_05   L1=0.0186 zero=0.0000 cos=nan
[046/100] 05_to_06   L1=0.1826 zero=0.1361 cos=0.3789
[047/100] 05_to_07   L1=0.3686 zero=0.2704 cos=0.3464
[048/100] 05_to_08   L1=0.7751 zero=0.3898 cos=0.2911
[049/100] 05_to_09   L1=0.8798 zero=0.5400 cos=0.6219
[050/100] 05_to_10   L1=0.8621 zero=0.7647 cos=0.8006
[051/100] 06_to_01   L1=0.9158 zero=0.9377 cos=0.7556
[052/100] 06_to_02   L1=0.7557 zero=0.7939 cos=0.6931
[053/100] 06_to_03   L1=0.5096 zero=0.5450 cos=0.6205
[054/100] 06_to_04   L1=0.3543 zero=0.3128 cos=0.4764
[055/100] 06_to_05   L1=0.1772 zero=0.1351 cos=0.3442
[056/100] 06_to_06   L1=0.0205 zero=0.0000 cos=nan
[057/100] 06_to_07   L1=0.1937 zero=0.1105 cos=0.2689
[058/100] 06_to_08   L1=0.7885 zero=0.2584 cos=0.2870
[059/100] 06_to_09   L1=0.9465 zero=0.5297 cos=0.6205
[060/100] 06_to_10   L1=0.9601 zero=0.8061 cos=0.7660
[061/100] 07_to_01   L1=0.8850 zero=0.9954 cos=0.6855
[062/100] 07_to_02   L1=0.7807 zero=0.8823 cos=0.6128
[063/100] 07_to_03   L1=0.6303 zero=0.6502 cos=0.4821
[064/100] 07_to_04   L1=0.5127 zero=0.4445 cos=0.3400
[065/100] 07_to_05   L1=0.3863 zero=0.2766 cos=0.2786
[066/100] 07_to_06   L1=0.2080 zero=0.1071 cos=0.1878
[067/100] 07_to_07   L1=0.0215 zero=0.0000 cos=nan
[068/100] 07_to_08   L1=0.3049 zero=0.1543 cos=0.3032
[069/100] 07_to_09   L1=0.6993 zero=0.4841 cos=0.5929
[070/100] 07_to_10   L1=0.7899 zero=0.8143 cos=0.7228
[071/100] 08_to_01   L1=0.8852 zero=0.9591 cos=0.5022
[072/100] 08_to_02   L1=0.9003 zero=0.8824 cos=0.3325
[073/100] 08_to_03   L1=0.8857 zero=0.6835 cos=0.1479
[074/100] 08_to_04   L1=0.8489 zero=0.5096 cos=0.1571
[075/100] 08_to_05   L1=0.8499 zero=0.3895 cos=0.2108
[076/100] 08_to_06   L1=0.8401 zero=0.2556 cos=0.2220
[077/100] 08_to_07   L1=0.3461 zero=0.1513 cos=0.2793
[078/100] 08_to_08   L1=0.0217 zero=0.0000 cos=nan
[079/100] 08_to_09   L1=0.2655 zero=0.3056 cos=0.5493
[080/100] 08_to_10   L1=0.6224 zero=0.7046 cos=0.5607
[081/100] 09_to_01   L1=0.6117 zero=0.6544 cos=0.4912
[082/100] 09_to_02   L1=0.6907 zero=0.6672 cos=0.3327
[083/100] 09_to_03   L1=0.7725 zero=0.5412 cos=0.3259
[084/100] 09_to_04   L1=0.8451 zero=0.5096 cos=0.4684
[085/100] 09_to_05   L1=0.9507 zero=0.5345 cos=0.5589
[086/100] 09_to_06   L1=1.0144 zero=0.5202 cos=0.5661
[087/100] 09_to_07   L1=0.8059 zero=0.4825 cos=0.5194
[088/100] 09_to_08   L1=0.2912 zero=0.3018 cos=0.4981
[089/100] 09_to_09   L1=0.0252 zero=0.0000 cos=nan
[090/100] 09_to_10   L1=0.3199 zero=0.3452 cos=0.5867
[091/100] 10_to_01   L1=0.2268 zero=0.2339 cos=0.4629
[092/100] 10_to_02   L1=0.4081 zero=0.3231 cos=0.5168
[093/100] 10_to_03   L1=0.6591 zero=0.4108 cos=0.7003
[094/100] 10_to_04   L1=0.8061 zero=0.6235 cos=0.7680
[095/100] 10_to_05   L1=0.9217 zero=0.7696 cos=0.7810
[096/100] 10_to_06   L1=1.0021 zero=0.8206 cos=0.7514
[097/100] 10_to_07   L1=0.8837 zero=0.8265 cos=0.6980
[098/100] 10_to_08   L1=0.6375 zero=0.7059 cos=0.5766
[099/100] 10_to_09   L1=0.3267 zero=0.3451 cos=0.5835
[100/100] 10_to_10   L1=0.0309 zero=0.0000 cos=nan
done. non-identity mean L1=0.6141 mean cos=0.5471
metrics → P2/our_warp/metrics.tsv
