=== E2 encoder start Tue Aug 25 11:27:28 AM AEST 2026 ===
[crb_enc_mse_cyclic_full_spare] device=cuda:1 | UNetCRB params=1.06M | loss=lung-masked MSE | no D | CRB=encoder-only | cyclic(θ) cond_dim=4 | seed=20260824
[crb_enc_mse_cyclic_full_spare] train 12960 (810 pairs × 16) | val 720 (90 pairs × 8) | train patients=['P1', 'P2', 'P3', 'P4', 'P5', 'P6', 'P7', 'P8', 'P9']
Epoch: 1 | train MSE: 0.526906 | val MSE: 0.281346 | total time: 0 hours 4 minutes
Epoch: 2 | train MSE: 0.305542 | val MSE: 0.244253 | total time: 0 hours 8 minutes
Epoch: 3 | train MSE: 0.231844 | val MSE: 0.171051 | total time: 0 hours 13 minutes
Epoch: 4 | train MSE: 0.188843 | val MSE: 0.156037 | total time: 0 hours 17 minutes
Epoch: 5 | train MSE: 0.163353 | val MSE: 0.126725 | total time: 0 hours 22 minutes
Epoch: 6 | train MSE: 0.140670 | val MSE: 0.126385 | total time: 0 hours 26 minutes
Epoch: 7 | train MSE: 0.125718 | val MSE: 0.109572 | total time: 0 hours 31 minutes
Epoch: 8 | train MSE: 0.112889 | val MSE: 0.113648 | total time: 0 hours 35 minutes
Epoch: 9 | train MSE: 0.102507 | val MSE: 0.091022 | total time: 0 hours 40 minutes
Epoch: 10 | train MSE: 0.094422 | val MSE: 0.095497 | total time: 0 hours 44 minutes
Epoch: 11 | train MSE: 0.086383 | val MSE: 0.084408 | total time: 0 hours 49 minutes
Epoch: 12 | train MSE: 0.078677 | val MSE: 0.081292 | total time: 0 hours 53 minutes
Epoch: 13 | train MSE: 0.073425 | val MSE: 0.079095 | total time: 0 hours 57 minutes
Epoch: 14 | train MSE: 0.068957 | val MSE: 0.077697 | total time: 1 hours 1 minutes
Epoch: 15 | train MSE: 0.066504 | val MSE: 0.073799 | total time: 1 hours 5 minutes
Epoch: 16 | train MSE: 0.064277 | val MSE: 0.073279 | total time: 1 hours 9 minutes
Epoch: 17 | train MSE: 0.060112 | val MSE: 0.070377 | total time: 1 hours 13 minutes
Epoch: 18 | train MSE: 0.058153 | val MSE: 0.060149 | total time: 1 hours 17 minutes
Epoch: 19 | train MSE: 0.056255 | val MSE: 0.058391 | total time: 1 hours 21 minutes
Epoch: 20 | train MSE: 0.053771 | val MSE: 0.064288 | total time: 1 hours 25 minutes
Epoch: 21 | train MSE: 0.052030 | val MSE: 0.066792 | total time: 1 hours 29 minutes
Epoch: 22 | train MSE: 0.050838 | val MSE: 0.065116 | total time: 1 hours 34 minutes
Epoch: 23 | train MSE: 0.049270 | val MSE: 0.062229 | total time: 1 hours 38 minutes
Epoch: 24 | train MSE: 0.048260 | val MSE: 0.053874 | total time: 1 hours 42 minutes
Epoch: 25 | train MSE: 0.046793 | val MSE: 0.055322 | total time: 1 hours 47 minutes
Epoch: 26 | train MSE: 0.045475 | val MSE: 0.052015 | total time: 1 hours 51 minutes
Epoch: 27 | train MSE: 0.045222 | val MSE: 0.050435 | total time: 1 hours 55 minutes
Epoch: 28 | train MSE: 0.043862 | val MSE: 0.052976 | total time: 2 hours 0 minutes
Epoch: 29 | train MSE: 0.043086 | val MSE: 0.048878 | total time: 2 hours 4 minutes
Epoch: 30 | train MSE: 0.042056 | val MSE: 0.049633 | total time: 2 hours 9 minutes
Epoch: 31 | train MSE: 0.041702 | val MSE: 0.048784 | total time: 2 hours 13 minutes
Epoch: 32 | train MSE: 0.040711 | val MSE: 0.076289 | total time: 2 hours 17 minutes
Epoch: 33 | train MSE: 0.040599 | val MSE: 0.047074 | total time: 2 hours 22 minutes
Epoch: 34 | train MSE: 0.039713 | val MSE: 0.050596 | total time: 2 hours 26 minutes
Epoch: 35 | train MSE: 0.038772 | val MSE: 0.048516 | total time: 2 hours 30 minutes
Epoch: 36 | train MSE: 0.038308 | val MSE: 0.046346 | total time: 2 hours 35 minutes
Epoch: 37 | train MSE: 0.037977 | val MSE: 0.059240 | total time: 2 hours 39 minutes
Epoch: 38 | train MSE: 0.037420 | val MSE: 0.052234 | total time: 2 hours 43 minutes
Epoch: 39 | train MSE: 0.036734 | val MSE: 0.048600 | total time: 2 hours 48 minutes
Epoch: 40 | train MSE: 0.036482 | val MSE: 0.046611 | total time: 2 hours 52 minutes
Epoch: 41 | train MSE: 0.035955 | val MSE: 0.046894 | total time: 2 hours 57 minutes
Epoch: 42 | train MSE: 0.035511 | val MSE: 0.048314 | total time: 3 hours 1 minutes
Epoch: 43 | train MSE: 0.034376 | val MSE: 0.043315 | total time: 3 hours 5 minutes
Epoch: 44 | train MSE: 0.035380 | val MSE: 0.049673 | total time: 3 hours 10 minutes
Epoch: 45 | train MSE: 0.034470 | val MSE: 0.043173 | total time: 3 hours 14 minutes
Epoch: 46 | train MSE: 0.033574 | val MSE: 0.044522 | total time: 3 hours 18 minutes
Epoch: 47 | train MSE: 0.033629 | val MSE: 0.039513 | total time: 3 hours 23 minutes
Epoch: 48 | train MSE: 0.032912 | val MSE: 0.040798 | total time: 3 hours 27 minutes
Epoch: 49 | train MSE: 0.032746 | val MSE: 0.045095 | total time: 3 hours 31 minutes
Epoch: 50 | train MSE: 0.032535 | val MSE: 0.040653 | total time: 3 hours 36 minutes
Epoch: 51 | train MSE: 0.031938 | val MSE: 0.040056 | total time: 3 hours 40 minutes
Epoch: 52 | train MSE: 0.032378 | val MSE: 0.041390 | total time: 3 hours 45 minutes
Epoch: 53 | train MSE: 0.031911 | val MSE: 0.039376 | total time: 3 hours 49 minutes
Epoch: 54 | train MSE: 0.031605 | val MSE: 0.041499 | total time: 3 hours 53 minutes
Epoch: 55 | train MSE: 0.031032 | val MSE: 0.038745 | total time: 3 hours 58 minutes
Epoch: 56 | train MSE: 0.030786 | val MSE: 0.050899 | total time: 4 hours 2 minutes
Epoch: 57 | train MSE: 0.030494 | val MSE: 0.042731 | total time: 4 hours 6 minutes
Epoch: 58 | train MSE: 0.030529 | val MSE: 0.037414 | total time: 4 hours 11 minutes
Epoch: 59 | train MSE: 0.029746 | val MSE: 0.038557 | total time: 4 hours 15 minutes
Epoch: 60 | train MSE: 0.029426 | val MSE: 0.038879 | total time: 4 hours 19 minutes
Epoch: 61 | train MSE: 0.029319 | val MSE: 0.039467 | total time: 4 hours 24 minutes
Epoch: 62 | train MSE: 0.028945 | val MSE: 0.038999 | total time: 4 hours 28 minutes
Epoch: 63 | train MSE: 0.029022 | val MSE: 0.039602 | total time: 4 hours 32 minutes
Epoch: 64 | train MSE: 0.028921 | val MSE: 0.038257 | total time: 4 hours 37 minutes
Epoch: 65 | train MSE: 0.029563 | val MSE: 0.040980 | total time: 4 hours 41 minutes
Epoch: 66 | train MSE: 0.028020 | val MSE: 0.039770 | total time: 4 hours 45 minutes
Epoch: 67 | train MSE: 0.027885 | val MSE: 0.035466 | total time: 4 hours 50 minutes
Epoch: 68 | train MSE: 0.028358 | val MSE: 0.051230 | total time: 4 hours 54 minutes
Epoch: 69 | train MSE: 0.027776 | val MSE: 0.044734 | total time: 4 hours 58 minutes
Epoch: 70 | train MSE: 0.027617 | val MSE: 0.040323 | total time: 5 hours 3 minutes
Epoch: 71 | train MSE: 0.027755 | val MSE: 0.037709 | total time: 5 hours 7 minutes
Epoch: 72 | train MSE: 0.027110 | val MSE: 0.046428 | total time: 5 hours 11 minutes
Epoch: 73 | train MSE: 0.027140 | val MSE: 0.035766 | total time: 5 hours 16 minutes
Epoch: 74 | train MSE: 0.027114 | val MSE: 0.036942 | total time: 5 hours 20 minutes
Epoch: 75 | train MSE: 0.026833 | val MSE: 0.037038 | total time: 5 hours 24 minutes
Epoch: 76 | train MSE: 0.026331 | val MSE: 0.044034 | total time: 5 hours 29 minutes
Epoch: 77 | train MSE: 0.026819 | val MSE: 0.035152 | total time: 5 hours 33 minutes
Epoch: 78 | train MSE: 0.026521 | val MSE: 0.050397 | total time: 5 hours 37 minutes
Epoch: 79 | train MSE: 0.026007 | val MSE: 0.036835 | total time: 5 hours 42 minutes
Epoch: 80 | train MSE: 0.025873 | val MSE: 0.035077 | total time: 5 hours 46 minutes
Epoch: 81 | train MSE: 0.025953 | val MSE: 0.035035 | total time: 5 hours 50 minutes
Epoch: 82 | train MSE: 0.025817 | val MSE: 0.041117 | total time: 5 hours 55 minutes
Epoch: 83 | train MSE: 0.025340 | val MSE: 0.034660 | total time: 5 hours 59 minutes
Epoch: 84 | train MSE: 0.025780 | val MSE: 0.046302 | total time: 6 hours 3 minutes
Epoch: 85 | train MSE: 0.025199 | val MSE: 0.037822 | total time: 6 hours 7 minutes
Epoch: 86 | train MSE: 0.025495 | val MSE: 0.036843 | total time: 6 hours 11 minutes
Epoch: 87 | train MSE: 0.024963 | val MSE: 0.041384 | total time: 6 hours 15 minutes
Epoch: 88 | train MSE: 0.024915 | val MSE: 0.036265 | total time: 6 hours 19 minutes
Epoch: 89 | train MSE: 0.025160 | val MSE: 0.033906 | total time: 6 hours 22 minutes
Epoch: 90 | train MSE: 0.024938 | val MSE: 0.033778 | total time: 6 hours 26 minutes
Epoch: 91 | train MSE: 0.024703 | val MSE: 0.036275 | total time: 6 hours 30 minutes
Epoch: 92 | train MSE: 0.024396 | val MSE: 0.036993 | total time: 6 hours 34 minutes
Epoch: 93 | train MSE: 0.024789 | val MSE: 0.033521 | total time: 6 hours 37 minutes
Epoch: 94 | train MSE: 0.024110 | val MSE: 0.033419 | total time: 6 hours 41 minutes
Epoch: 95 | train MSE: 0.024428 | val MSE: 0.033428 | total time: 6 hours 45 minutes
Epoch: 96 | train MSE: 0.023765 | val MSE: 0.033494 | total time: 6 hours 49 minutes
Epoch: 97 | train MSE: 0.024025 | val MSE: 0.033567 | total time: 6 hours 52 minutes
Epoch: 98 | train MSE: 0.024141 | val MSE: 0.035301 | total time: 6 hours 56 minutes
Epoch: 99 | train MSE: 0.023645 | val MSE: 0.033275 | total time: 7 hours 0 minutes
Epoch: 100 | train MSE: 0.023239 | val MSE: 0.032882 | total time: 7 hours 4 minutes
finished best_val_mse=0.032882
=== E2 decoder start Tue Aug 25 06:31:47 PM AEST 2026 ===
[crb_dec_mse_cyclic_full_spare] device=cuda:1 | UNetCRBDecoder params=1.07M | loss=lung-masked MSE | no D | CRB=decoder-only | cyclic(θ) cond_dim=4 | seed=20260824
[crb_dec_mse_cyclic_full_spare] train 12960 (810 pairs × 16) | val 720 (90 pairs × 8) | train patients=['P1', 'P2', 'P3', 'P4', 'P5', 'P6', 'P7', 'P8', 'P9']
Epoch: 1 | train MSE: 0.420994 | val MSE: 0.238193 | total time: 0 hours 3 minutes
Epoch: 2 | train MSE: 0.243786 | val MSE: 0.196158 | total time: 0 hours 7 minutes
Epoch: 3 | train MSE: 0.168699 | val MSE: 0.123144 | total time: 0 hours 11 minutes
Epoch: 4 | train MSE: 0.127239 | val MSE: 0.105169 | total time: 0 hours 15 minutes
Epoch: 5 | train MSE: 0.103193 | val MSE: 0.096107 | total time: 0 hours 19 minutes
Epoch: 6 | train MSE: 0.084498 | val MSE: 0.082263 | total time: 0 hours 23 minutes
Epoch: 7 | train MSE: 0.072719 | val MSE: 0.069697 | total time: 0 hours 27 minutes
Epoch: 8 | train MSE: 0.063768 | val MSE: 0.078412 | total time: 0 hours 30 minutes
Epoch: 9 | train MSE: 0.056929 | val MSE: 0.066012 | total time: 0 hours 34 minutes
Epoch: 10 | train MSE: 0.053820 | val MSE: 0.067484 | total time: 0 hours 38 minutes
Epoch: 11 | train MSE: 0.049546 | val MSE: 0.061419 | total time: 0 hours 42 minutes
Epoch: 12 | train MSE: 0.046183 | val MSE: 0.054650 | total time: 0 hours 46 minutes
Epoch: 13 | train MSE: 0.043908 | val MSE: 0.051481 | total time: 0 hours 50 minutes
Epoch: 14 | train MSE: 0.042097 | val MSE: 0.050242 | total time: 0 hours 54 minutes
Epoch: 15 | train MSE: 0.040100 | val MSE: 0.048880 | total time: 0 hours 58 minutes
Epoch: 16 | train MSE: 0.039101 | val MSE: 0.045631 | total time: 1 hours 2 minutes
Epoch: 17 | train MSE: 0.036940 | val MSE: 0.049626 | total time: 1 hours 6 minutes
Epoch: 18 | train MSE: 0.036131 | val MSE: 0.048058 | total time: 1 hours 9 minutes
Epoch: 19 | train MSE: 0.034716 | val MSE: 0.043431 | total time: 1 hours 13 minutes
Epoch: 20 | train MSE: 0.033687 | val MSE: 0.041441 | total time: 1 hours 17 minutes
Epoch: 21 | train MSE: 0.032723 | val MSE: 0.044699 | total time: 1 hours 21 minutes
Epoch: 22 | train MSE: 0.031704 | val MSE: 0.050015 | total time: 1 hours 25 minutes
Epoch: 23 | train MSE: 0.031215 | val MSE: 0.044728 | total time: 1 hours 29 minutes
Epoch: 24 | train MSE: 0.030967 | val MSE: 0.043165 | total time: 1 hours 33 minutes
Epoch: 25 | train MSE: 0.029433 | val MSE: 0.039382 | total time: 1 hours 37 minutes
Epoch: 26 | train MSE: 0.029010 | val MSE: 0.040178 | total time: 1 hours 41 minutes
Epoch: 27 | train MSE: 0.028736 | val MSE: 0.040055 | total time: 1 hours 45 minutes
Epoch: 28 | train MSE: 0.028272 | val MSE: 0.040727 | total time: 1 hours 49 minutes
Epoch: 29 | train MSE: 0.027955 | val MSE: 0.042043 | total time: 1 hours 52 minutes
Epoch: 30 | train MSE: 0.026902 | val MSE: 0.039908 | total time: 1 hours 56 minutes
Epoch: 31 | train MSE: 0.026608 | val MSE: 0.037822 | total time: 2 hours 0 minutes
Epoch: 32 | train MSE: 0.026362 | val MSE: 0.039109 | total time: 2 hours 4 minutes
Epoch: 33 | train MSE: 0.026024 | val MSE: 0.037468 | total time: 2 hours 8 minutes
Epoch: 34 | train MSE: 0.025136 | val MSE: 0.041021 | total time: 2 hours 12 minutes
Epoch: 35 | train MSE: 0.025008 | val MSE: 0.036788 | total time: 2 hours 16 minutes
Epoch: 36 | train MSE: 0.024614 | val MSE: 0.035020 | total time: 2 hours 20 minutes
Epoch: 37 | train MSE: 0.024586 | val MSE: 0.035591 | total time: 2 hours 24 minutes
Epoch: 38 | train MSE: 0.024249 | val MSE: 0.036561 | total time: 2 hours 28 minutes
Epoch: 39 | train MSE: 0.024001 | val MSE: 0.037271 | total time: 2 hours 31 minutes
Epoch: 40 | train MSE: 0.024014 | val MSE: 0.035061 | total time: 2 hours 35 minutes
Epoch: 41 | train MSE: 0.023413 | val MSE: 0.033631 | total time: 2 hours 39 minutes
Epoch: 42 | train MSE: 0.022884 | val MSE: 0.034913 | total time: 2 hours 43 minutes
Epoch: 43 | train MSE: 0.022925 | val MSE: 0.032702 | total time: 2 hours 47 minutes
Epoch: 44 | train MSE: 0.022567 | val MSE: 0.033977 | total time: 2 hours 51 minutes
Epoch: 45 | train MSE: 0.022606 | val MSE: 0.031750 | total time: 2 hours 55 minutes
Epoch: 46 | train MSE: 0.021999 | val MSE: 0.032847 | total time: 2 hours 59 minutes
Epoch: 47 | train MSE: 0.022011 | val MSE: 0.032733 | total time: 3 hours 3 minutes
Epoch: 48 | train MSE: 0.021672 | val MSE: 0.032013 | total time: 3 hours 7 minutes
Epoch: 49 | train MSE: 0.021397 | val MSE: 0.032049 | total time: 3 hours 11 minutes
Epoch: 50 | train MSE: 0.021315 | val MSE: 0.031508 | total time: 3 hours 14 minutes
Epoch: 51 | train MSE: 0.021005 | val MSE: 0.033705 | total time: 3 hours 18 minutes
Epoch: 52 | train MSE: 0.021106 | val MSE: 0.029252 | total time: 3 hours 22 minutes
Epoch: 53 | train MSE: 0.020976 | val MSE: 0.030143 | total time: 3 hours 26 minutes
Epoch: 54 | train MSE: 0.020686 | val MSE: 0.032993 | total time: 3 hours 30 minutes
Epoch: 55 | train MSE: 0.020314 | val MSE: 0.030891 | total time: 3 hours 34 minutes
Epoch: 56 | train MSE: 0.020226 | val MSE: 0.032377 | total time: 3 hours 38 minutes
Epoch: 57 | train MSE: 0.020023 | val MSE: 0.030576 | total time: 3 hours 42 minutes
Epoch: 58 | train MSE: 0.020077 | val MSE: 0.030683 | total time: 3 hours 46 minutes
Epoch: 59 | train MSE: 0.019580 | val MSE: 0.029000 | total time: 3 hours 50 minutes
Epoch: 60 | train MSE: 0.019561 | val MSE: 0.028877 | total time: 3 hours 53 minutes
Epoch: 61 | train MSE: 0.019284 | val MSE: 0.030733 | total time: 3 hours 56 minutes
Epoch: 62 | train MSE: 0.019203 | val MSE: 0.029122 | total time: 4 hours 0 minutes
Epoch: 63 | train MSE: 0.019156 | val MSE: 0.029414 | total time: 4 hours 3 minutes
Epoch: 64 | train MSE: 0.018952 | val MSE: 0.029914 | total time: 4 hours 7 minutes
Epoch: 65 | train MSE: 0.018981 | val MSE: 0.034066 | total time: 4 hours 10 minutes
Epoch: 66 | train MSE: 0.018625 | val MSE: 0.031269 | total time: 4 hours 14 minutes
Epoch: 67 | train MSE: 0.018429 | val MSE: 0.028852 | total time: 4 hours 17 minutes
Epoch: 68 | train MSE: 0.018688 | val MSE: 0.029271 | total time: 4 hours 21 minutes
Epoch: 69 | train MSE: 0.018521 | val MSE: 0.032885 | total time: 4 hours 24 minutes
Epoch: 70 | train MSE: 0.018252 | val MSE: 0.029423 | total time: 4 hours 28 minutes
Epoch: 71 | train MSE: 0.018431 | val MSE: 0.028004 | total time: 4 hours 31 minutes
Epoch: 72 | train MSE: 0.017727 | val MSE: 0.027719 | total time: 4 hours 35 minutes
Epoch: 73 | train MSE: 0.018063 | val MSE: 0.029098 | total time: 4 hours 38 minutes
Epoch: 74 | train MSE: 0.017940 | val MSE: 0.029212 | total time: 4 hours 42 minutes
Epoch: 75 | train MSE: 0.017609 | val MSE: 0.027839 | total time: 4 hours 45 minutes
Epoch: 76 | train MSE: 0.017551 | val MSE: 0.027628 | total time: 4 hours 49 minutes
Epoch: 77 | train MSE: 0.017660 | val MSE: 0.028054 | total time: 4 hours 52 minutes
Epoch: 78 | train MSE: 0.017429 | val MSE: 0.029544 | total time: 4 hours 56 minutes
Epoch: 79 | train MSE: 0.017333 | val MSE: 0.028456 | total time: 4 hours 59 minutes
Epoch: 80 | train MSE: 0.017181 | val MSE: 0.029605 | total time: 5 hours 3 minutes
Epoch: 81 | train MSE: 0.017160 | val MSE: 0.027561 | total time: 5 hours 6 minutes
Epoch: 82 | train MSE: 0.017067 | val MSE: 0.030075 | total time: 5 hours 10 minutes
Epoch: 83 | train MSE: 0.016874 | val MSE: 0.028225 | total time: 5 hours 13 minutes
Epoch: 84 | train MSE: 0.016926 | val MSE: 0.027975 | total time: 5 hours 17 minutes
Epoch: 85 | train MSE: 0.016901 | val MSE: 0.027609 | total time: 5 hours 20 minutes
Epoch: 86 | train MSE: 0.016751 | val MSE: 0.026154 | total time: 5 hours 24 minutes
Epoch: 87 | train MSE: 0.016608 | val MSE: 0.029589 | total time: 5 hours 27 minutes
Epoch: 88 | train MSE: 0.016639 | val MSE: 0.027687 | total time: 5 hours 31 minutes
Epoch: 89 | train MSE: 0.016504 | val MSE: 0.024864 | total time: 5 hours 34 minutes
Epoch: 90 | train MSE: 0.016502 | val MSE: 0.028350 | total time: 5 hours 38 minutes
Epoch: 91 | train MSE: 0.016328 | val MSE: 0.027594 | total time: 5 hours 41 minutes
Epoch: 92 | train MSE: 0.016054 | val MSE: 0.025975 | total time: 5 hours 45 minutes
Epoch: 93 | train MSE: 0.016109 | val MSE: 0.026366 | total time: 5 hours 48 minutes
Epoch: 94 | train MSE: 0.015931 | val MSE: 0.028241 | total time: 5 hours 52 minutes
Epoch: 95 | train MSE: 0.016109 | val MSE: 0.027271 | total time: 5 hours 55 minutes
Epoch: 96 | train MSE: 0.015800 | val MSE: 0.027633 | total time: 5 hours 59 minutes
Epoch: 97 | train MSE: 0.015924 | val MSE: 0.027454 | total time: 6 hours 2 minutes
Epoch: 98 | train MSE: 0.015754 | val MSE: 0.025985 | total time: 6 hours 6 minutes
Epoch: 99 | train MSE: 0.015594 | val MSE: 0.026972 | total time: 6 hours 9 minutes
Epoch: 100 | train MSE: 0.015552 | val MSE: 0.026689 | total time: 6 hours 13 minutes
finished best_val_mse=0.024864
=== E2 enc+dec DONE Wed Aug 26 12:44:52 AM AEST 2026 ===
