DIR DVF library  n=10  packed=/home/abhishek/Voxel_GAN/PopulationStudy/DIR-Experiments/Experiment1/packed
[P1_DIR] packed CT (128, 128, 128)  mask_vox=826179
[P1_DIR] [4/100] Elastix 01_to_04_pair.npy …
[P1_DIR]     16s
[P1_DIR] [5/100] Elastix 01_to_05_pair.npy …
[P1_DIR]     8s
[P1_DIR] [6/100] Elastix 01_to_06_pair.npy …
[P1_DIR]     7s
[P1_DIR] [7/100] Elastix 01_to_07_pair.npy …
[P1_DIR]     8s
[P1_DIR] [8/100] Elastix 01_to_08_pair.npy …
[P1_DIR]     7s
[P1_DIR] [9/100] Elastix 01_to_09_pair.npy …
[P1_DIR]     8s
[P1_DIR] [10/100] Elastix 01_to_10_pair.npy …
[P1_DIR]     8s
[P1_DIR] [11/100] Elastix 02_to_01_pair.npy …
[P1_DIR]     8s
[P1_DIR] [12/100] identity 02_to_02_pair.npy
[P1_DIR] [13/100] Elastix 02_to_03_pair.npy …
[P1_DIR]     8s
[P1_DIR] [14/100] Elastix 02_to_04_pair.npy …
[P1_DIR]     8s
[P1_DIR] [15/100] Elastix 02_to_05_pair.npy …
[P1_DIR]     8s
[P1_DIR] [16/100] Elastix 02_to_06_pair.npy …
[P1_DIR]     8s
[P1_DIR] [17/100] Elastix 02_to_07_pair.npy …
[P1_DIR]     8s
[P1_DIR] [18/100] Elastix 02_to_08_pair.npy …
[P1_DIR]     8s
[P1_DIR] [19/100] Elastix 02_to_09_pair.npy …
[P1_DIR]     8s
[P1_DIR] [20/100] Elastix 02_to_10_pair.npy …
[P1_DIR]     8s
[P1_DIR] [21/100] Elastix 03_to_01_pair.npy …
[P1_DIR]     8s
[P1_DIR] [22/100] Elastix 03_to_02_pair.npy …
[P1_DIR]     7s
[P1_DIR] [23/100] identity 03_to_03_pair.npy
[P1_DIR] [24/100] Elastix 03_to_04_pair.npy …
[P1_DIR]     8s
[P1_DIR] [25/100] Elastix 03_to_05_pair.npy …
[P1_DIR]     8s
[P1_DIR] [26/100] Elastix 03_to_06_pair.npy …
[P1_DIR]     8s
[P1_DIR] [27/100] Elastix 03_to_07_pair.npy …
[P1_DIR]     8s
[P1_DIR] [28/100] Elastix 03_to_08_pair.npy …
[P1_DIR]     8s
[P1_DIR] [29/100] Elastix 03_to_09_pair.npy …
[P1_DIR]     8s
[P1_DIR] [30/100] Elastix 03_to_10_pair.npy …
[P1_DIR]     8s
[P1_DIR] [31/100] Elastix 04_to_01_pair.npy …
[P1_DIR]     8s
[P1_DIR] [32/100] Elastix 04_to_02_pair.npy …
[P1_DIR]     8s
[P1_DIR] [33/100] Elastix 04_to_03_pair.npy …
[P1_DIR]     7s
[P1_DIR] [34/100] identity 04_to_04_pair.npy
[P1_DIR] [35/100] Elastix 04_to_05_pair.npy …
[P1_DIR]     8s
[P1_DIR] [36/100] Elastix 04_to_06_pair.npy …
[P1_DIR]     8s
[P1_DIR] [37/100] Elastix 04_to_07_pair.npy …
[P1_DIR]     8s
[P1_DIR] [38/100] Elastix 04_to_08_pair.npy …
[P1_DIR]     8s
[P1_DIR] [39/100] Elastix 04_to_09_pair.npy …
[P1_DIR]     8s
[P1_DIR] [40/100] Elastix 04_to_10_pair.npy …
[P1_DIR]     8s
[P1_DIR] [41/100] Elastix 05_to_01_pair.npy …
[P1_DIR]     8s
[P1_DIR] [42/100] Elastix 05_to_02_pair.npy …
[P1_DIR]     8s
[P1_DIR] [43/100] Elastix 05_to_03_pair.npy …
[P1_DIR]     8s
[P1_DIR] [44/100] Elastix 05_to_04_pair.npy …
[P1_DIR]     7s
[P1_DIR] [45/100] identity 05_to_05_pair.npy
[P1_DIR] [46/100] Elastix 05_to_06_pair.npy …
[P1_DIR]     8s
[P1_DIR] [47/100] Elastix 05_to_07_pair.npy …
[P1_DIR]     8s
[P1_DIR] [48/100] Elastix 05_to_08_pair.npy …
[P1_DIR]     8s
[P1_DIR] [49/100] Elastix 05_to_09_pair.npy …
[P1_DIR]     8s
[P1_DIR] [50/100] Elastix 05_to_10_pair.npy …
[P1_DIR]     8s
[P1_DIR] [51/100] Elastix 06_to_01_pair.npy …
[P1_DIR]     8s
[P1_DIR] [52/100] Elastix 06_to_02_pair.npy …
[P1_DIR]     7s
[P1_DIR] [53/100] Elastix 06_to_03_pair.npy …
[P1_DIR]     8s
[P1_DIR] [54/100] Elastix 06_to_04_pair.npy …
[P1_DIR]     8s
[P1_DIR] [55/100] Elastix 06_to_05_pair.npy …
[P1_DIR]     8s
[P1_DIR] [56/100] identity 06_to_06_pair.npy
[P1_DIR] [57/100] Elastix 06_to_07_pair.npy …
[P1_DIR]     8s
[P1_DIR] [58/100] Elastix 06_to_08_pair.npy …
[P1_DIR]     8s
[P1_DIR] [59/100] Elastix 06_to_09_pair.npy …
[P1_DIR]     8s
[P1_DIR] [60/100] Elastix 06_to_10_pair.npy …
[P1_DIR]     8s
[P1_DIR] [61/100] Elastix 07_to_01_pair.npy …
[P1_DIR]     8s
[P1_DIR] [62/100] Elastix 07_to_02_pair.npy …
[P1_DIR]     8s
[P1_DIR] [63/100] Elastix 07_to_03_pair.npy …
[P1_DIR]     8s
[P1_DIR] [64/100] Elastix 07_to_04_pair.npy …
[P1_DIR]     8s
[P1_DIR] [65/100] Elastix 07_to_05_pair.npy …
[P1_DIR]     8s
[P1_DIR] [66/100] Elastix 07_to_06_pair.npy …
[P1_DIR]     8s
[P1_DIR] [67/100] identity 07_to_07_pair.npy
[P1_DIR] [68/100] Elastix 07_to_08_pair.npy …
[P1_DIR]     8s
[P1_DIR] [69/100] Elastix 07_to_09_pair.npy …
[P1_DIR]     8s
[P1_DIR] [70/100] Elastix 07_to_10_pair.npy …
[P1_DIR]     8s
[P1_DIR] [71/100] Elastix 08_to_01_pair.npy …
[P1_DIR]     8s
[P1_DIR] [72/100] Elastix 08_to_02_pair.npy …
[P1_DIR]     8s
[P1_DIR] [73/100] Elastix 08_to_03_pair.npy …
[P1_DIR]     7s
[P1_DIR] [74/100] Elastix 08_to_04_pair.npy …
[P1_DIR]     8s
[P1_DIR] [75/100] Elastix 08_to_05_pair.npy …
[P1_DIR]     8s
[P1_DIR] [76/100] Elastix 08_to_06_pair.npy …
[P1_DIR]     8s
[P1_DIR] [77/100] Elastix 08_to_07_pair.npy …
[P1_DIR]     8s
[P1_DIR] [78/100] identity 08_to_08_pair.npy
[P1_DIR] [79/100] Elastix 08_to_09_pair.npy …
[P1_DIR]     8s
[P1_DIR] [80/100] Elastix 08_to_10_pair.npy …
[P1_DIR]     7s
[P1_DIR] [81/100] Elastix 09_to_01_pair.npy …
[P1_DIR]     7s
[P1_DIR] [82/100] Elastix 09_to_02_pair.npy …
[P1_DIR]     8s
[P1_DIR] [83/100] Elastix 09_to_03_pair.npy …
[P1_DIR]     8s
[P1_DIR] [84/100] Elastix 09_to_04_pair.npy …
[P1_DIR]     8s
[P1_DIR] [85/100] Elastix 09_to_05_pair.npy …
[P1_DIR]     8s
[P1_DIR] [86/100] Elastix 09_to_06_pair.npy …
[P1_DIR]     8s
[P1_DIR] [87/100] Elastix 09_to_07_pair.npy …
[P1_DIR]     8s
[P1_DIR] [88/100] Elastix 09_to_08_pair.npy …
[P1_DIR]     8s
[P1_DIR] [89/100] identity 09_to_09_pair.npy
[P1_DIR] [90/100] Elastix 09_to_10_pair.npy …
[P1_DIR]     8s
[P1_DIR] [91/100] Elastix 10_to_01_pair.npy …
[P1_DIR]     7s
[P1_DIR] [92/100] Elastix 10_to_02_pair.npy …
[P1_DIR]     8s
[P1_DIR] [93/100] Elastix 10_to_03_pair.npy …
[P1_DIR]     8s
[P1_DIR] [94/100] Elastix 10_to_04_pair.npy …
[P1_DIR]     8s
[P1_DIR] [95/100] Elastix 10_to_05_pair.npy …
[P1_DIR]     8s
[P1_DIR] [96/100] Elastix 10_to_06_pair.npy …
[P1_DIR]     8s
[P1_DIR] [97/100] Elastix 10_to_07_pair.npy …
[P1_DIR]     8s
[P1_DIR] [98/100] Elastix 10_to_08_pair.npy …
[P1_DIR]     8s
[P1_DIR] [99/100] Elastix 10_to_09_pair.npy …
[P1_DIR]     8s
[P1_DIR] [100/100] identity 10_to_10_pair.npy
[P1_DIR] DONE 685s  reg=88 id=9 skip=3 → /home/abhishek/Voxel_GAN/PopulationStudy/DIR-Experiments/Experiment1/packed/P1_DIR/all
[P2_DIR] packed CT (128, 128, 128)  mask_vox=931311
[P2_DIR] [1/100] identity 01_to_01_pair.npy
[P2_DIR] [2/100] Elastix 01_to_02_pair.npy …
[P2_DIR]     8s
[P2_DIR] [3/100] Elastix 01_to_03_pair.npy …
[P2_DIR]     8s
[P2_DIR] [4/100] Elastix 01_to_04_pair.npy …
[P2_DIR]     8s
[P2_DIR] [5/100] Elastix 01_to_05_pair.npy …
[P2_DIR]     7s
[P2_DIR] [6/100] Elastix 01_to_06_pair.npy …
[P2_DIR]     8s
[P2_DIR] [7/100] Elastix 01_to_07_pair.npy …
[P2_DIR]     8s
[P2_DIR] [8/100] Elastix 01_to_08_pair.npy …
[P2_DIR]     8s
[P2_DIR] [9/100] Elastix 01_to_09_pair.npy …
[P2_DIR]     8s
[P2_DIR] [10/100] Elastix 01_to_10_pair.npy …
[P2_DIR]     8s
[P2_DIR] [11/100] Elastix 02_to_01_pair.npy …
[P2_DIR]     8s
[P2_DIR] [12/100] identity 02_to_02_pair.npy
[P2_DIR] [13/100] Elastix 02_to_03_pair.npy …
[P2_DIR]     8s
[P2_DIR] [14/100] Elastix 02_to_04_pair.npy …
[P2_DIR]     8s
[P2_DIR] [15/100] Elastix 02_to_05_pair.npy …
[P2_DIR]     8s
[P2_DIR] [16/100] Elastix 02_to_06_pair.npy …
[P2_DIR]     8s
[P2_DIR] [17/100] Elastix 02_to_07_pair.npy …
[P2_DIR]     8s
[P2_DIR] [18/100] Elastix 02_to_08_pair.npy …
[P2_DIR]     8s
[P2_DIR] [19/100] Elastix 02_to_09_pair.npy …
[P2_DIR]     8s
[P2_DIR] [20/100] Elastix 02_to_10_pair.npy …
[P2_DIR]     8s
[P2_DIR] [21/100] Elastix 03_to_01_pair.npy …
[P2_DIR]     8s
[P2_DIR] [22/100] Elastix 03_to_02_pair.npy …
[P2_DIR]     8s
[P2_DIR] [23/100] identity 03_to_03_pair.npy
[P2_DIR] [24/100] Elastix 03_to_04_pair.npy …
[P2_DIR]     7s
[P2_DIR] [25/100] Elastix 03_to_05_pair.npy …
[P2_DIR]     8s
[P2_DIR] [26/100] Elastix 03_to_06_pair.npy …
[P2_DIR]     8s
[P2_DIR] [27/100] Elastix 03_to_07_pair.npy …
[P2_DIR]     8s
[P2_DIR] [28/100] Elastix 03_to_08_pair.npy …
[P2_DIR]     8s
[P2_DIR] [29/100] Elastix 03_to_09_pair.npy …
[P2_DIR]     8s
[P2_DIR] [30/100] Elastix 03_to_10_pair.npy …
[P2_DIR]     8s
[P2_DIR] [31/100] Elastix 04_to_01_pair.npy …
[P2_DIR]     8s
[P2_DIR] [32/100] Elastix 04_to_02_pair.npy …
[P2_DIR]     8s
[P2_DIR] [33/100] Elastix 04_to_03_pair.npy …
[P2_DIR]     8s
[P2_DIR] [34/100] identity 04_to_04_pair.npy
[P2_DIR] [35/100] Elastix 04_to_05_pair.npy …
[P2_DIR]     8s
[P2_DIR] [36/100] Elastix 04_to_06_pair.npy …
[P2_DIR]     8s
[P2_DIR] [37/100] Elastix 04_to_07_pair.npy …
[P2_DIR]     8s
[P2_DIR] [38/100] Elastix 04_to_08_pair.npy …
[P2_DIR]     8s
[P2_DIR] [39/100] Elastix 04_to_09_pair.npy …
[P2_DIR]     8s
[P2_DIR] [40/100] Elastix 04_to_10_pair.npy …
[P2_DIR]     8s
[P2_DIR] [41/100] Elastix 05_to_01_pair.npy …
[P2_DIR]     8s
[P2_DIR] [42/100] Elastix 05_to_02_pair.npy …
[P2_DIR]     8s
[P2_DIR] [43/100] Elastix 05_to_03_pair.npy …
[P2_DIR]     8s
[P2_DIR] [44/100] Elastix 05_to_04_pair.npy …
[P2_DIR]     8s
[P2_DIR] [45/100] identity 05_to_05_pair.npy
[P2_DIR] [46/100] Elastix 05_to_06_pair.npy …
[P2_DIR]     8s
[P2_DIR] [47/100] Elastix 05_to_07_pair.npy …
[P2_DIR]     8s
[P2_DIR] [48/100] Elastix 05_to_08_pair.npy …
[P2_DIR]     8s
[P2_DIR] [49/100] Elastix 05_to_09_pair.npy …
[P2_DIR]     8s
[P2_DIR] [50/100] Elastix 05_to_10_pair.npy …
[P2_DIR]     8s
[P2_DIR] [51/100] Elastix 06_to_01_pair.npy …
[P2_DIR]     8s
[P2_DIR] [52/100] Elastix 06_to_02_pair.npy …
[P2_DIR]     8s
[P2_DIR] [53/100] Elastix 06_to_03_pair.npy …
[P2_DIR]     8s
[P2_DIR] [54/100] Elastix 06_to_04_pair.npy …
[P2_DIR]     8s
[P2_DIR] [55/100] Elastix 06_to_05_pair.npy …
[P2_DIR]     8s
[P2_DIR] [56/100] identity 06_to_06_pair.npy
[P2_DIR] [57/100] Elastix 06_to_07_pair.npy …
[P2_DIR]     8s
[P2_DIR] [58/100] Elastix 06_to_08_pair.npy …
[P2_DIR]     8s
[P2_DIR] [59/100] Elastix 06_to_09_pair.npy …
[P2_DIR]     8s
[P2_DIR] [60/100] Elastix 06_to_10_pair.npy …
[P2_DIR]     8s
[P2_DIR] [61/100] Elastix 07_to_01_pair.npy …
[P2_DIR]     8s
[P2_DIR] [62/100] Elastix 07_to_02_pair.npy …
[P2_DIR]     8s
[P2_DIR] [63/100] Elastix 07_to_03_pair.npy …
[P2_DIR]     8s
[P2_DIR] [64/100] Elastix 07_to_04_pair.npy …
[P2_DIR]     8s
[P2_DIR] [65/100] Elastix 07_to_05_pair.npy …
[P2_DIR]     8s
[P2_DIR] [66/100] Elastix 07_to_06_pair.npy …
[P2_DIR]     8s
[P2_DIR] [67/100] identity 07_to_07_pair.npy
[P2_DIR] [68/100] Elastix 07_to_08_pair.npy …
[P2_DIR]     8s
[P2_DIR] [69/100] Elastix 07_to_09_pair.npy …
[P2_DIR]     8s
[P2_DIR] [70/100] Elastix 07_to_10_pair.npy …
[P2_DIR]     8s
[P2_DIR] [71/100] Elastix 08_to_01_pair.npy …
[P2_DIR]     7s
[P2_DIR] [72/100] Elastix 08_to_02_pair.npy …
[P2_DIR]     8s
[P2_DIR] [73/100] Elastix 08_to_03_pair.npy …
[P2_DIR]     8s
[P2_DIR] [74/100] Elastix 08_to_04_pair.npy …
[P2_DIR]     8s
[P2_DIR] [75/100] Elastix 08_to_05_pair.npy …
[P2_DIR]     8s
[P2_DIR] [76/100] Elastix 08_to_06_pair.npy …
[P2_DIR]     8s
[P2_DIR] [77/100] Elastix 08_to_07_pair.npy …
[P2_DIR]     8s
[P2_DIR] [78/100] identity 08_to_08_pair.npy
[P2_DIR] [79/100] Elastix 08_to_09_pair.npy …
[P2_DIR]     8s
[P2_DIR] [80/100] Elastix 08_to_10_pair.npy …
[P2_DIR]     7s
[P2_DIR] [81/100] Elastix 09_to_01_pair.npy …
[P2_DIR]     8s
[P2_DIR] [82/100] Elastix 09_to_02_pair.npy …
[P2_DIR]     8s
[P2_DIR] [83/100] Elastix 09_to_03_pair.npy …
[P2_DIR]     8s
[P2_DIR] [84/100] Elastix 09_to_04_pair.npy …
[P2_DIR]     8s
[P2_DIR] [85/100] Elastix 09_to_05_pair.npy …
[P2_DIR]     8s
[P2_DIR] [86/100] Elastix 09_to_06_pair.npy …
[P2_DIR]     8s
[P2_DIR] [87/100] Elastix 09_to_07_pair.npy …
[P2_DIR]     8s
[P2_DIR] [88/100] Elastix 09_to_08_pair.npy …
[P2_DIR]     8s
[P2_DIR] [89/100] identity 09_to_09_pair.npy
[P2_DIR] [90/100] Elastix 09_to_10_pair.npy …
[P2_DIR]     7s
[P2_DIR] [91/100] Elastix 10_to_01_pair.npy …
[P2_DIR]     8s
[P2_DIR] [92/100] Elastix 10_to_02_pair.npy …
[P2_DIR]     8s
[P2_DIR] [93/100] Elastix 10_to_03_pair.npy …
[P2_DIR]     8s
[P2_DIR] [94/100] Elastix 10_to_04_pair.npy …
[P2_DIR]     8s
[P2_DIR] [95/100] Elastix 10_to_05_pair.npy …
[P2_DIR]     8s
[P2_DIR] [96/100] Elastix 10_to_06_pair.npy …
[P2_DIR]     8s
[P2_DIR] [97/100] Elastix 10_to_07_pair.npy …
[P2_DIR]     8s
[P2_DIR] [98/100] Elastix 10_to_08_pair.npy …
[P2_DIR]     8s
[P2_DIR] [99/100] Elastix 10_to_09_pair.npy …
[P2_DIR]     8s
[P2_DIR] [100/100] identity 10_to_10_pair.npy
[P2_DIR] DONE 700s  reg=90 id=10 skip=0 → /home/abhishek/Voxel_GAN/PopulationStudy/DIR-Experiments/Experiment1/packed/P2_DIR/all
[P3_DIR] packed CT (128, 128, 128)  mask_vox=861072
[P3_DIR] [1/100] identity 01_to_01_pair.npy
[P3_DIR] [2/100] Elastix 01_to_02_pair.npy …
[P3_DIR]     8s
[P3_DIR] [3/100] Elastix 01_to_03_pair.npy …
[P3_DIR]     8s
[P3_DIR] [4/100] Elastix 01_to_04_pair.npy …
[P3_DIR]     8s
[P3_DIR] [5/100] Elastix 01_to_05_pair.npy …
[P3_DIR]     8s
[P3_DIR] [6/100] Elastix 01_to_06_pair.npy …
[P3_DIR]     8s
[P3_DIR] [7/100] Elastix 01_to_07_pair.npy …
[P3_DIR]     8s
[P3_DIR] [8/100] Elastix 01_to_08_pair.npy …
[P3_DIR]     8s
[P3_DIR] [9/100] Elastix 01_to_09_pair.npy …
[P3_DIR]     8s
[P3_DIR] [10/100] Elastix 01_to_10_pair.npy …
[P3_DIR]     8s
[P3_DIR] [11/100] Elastix 02_to_01_pair.npy …
[P3_DIR]     8s
[P3_DIR] [12/100] identity 02_to_02_pair.npy
[P3_DIR] [13/100] Elastix 02_to_03_pair.npy …
[P3_DIR]     8s
[P3_DIR] [14/100] Elastix 02_to_04_pair.npy …
[P3_DIR]     8s
[P3_DIR] [15/100] Elastix 02_to_05_pair.npy …
[P3_DIR]     8s
[P3_DIR] [16/100] Elastix 02_to_06_pair.npy …
[P3_DIR]     8s
[P3_DIR] [17/100] Elastix 02_to_07_pair.npy …
[P3_DIR]     8s
[P3_DIR] [18/100] Elastix 02_to_08_pair.npy …
[P3_DIR]     8s
[P3_DIR] [19/100] Elastix 02_to_09_pair.npy …
[P3_DIR]     8s
[P3_DIR] [20/100] Elastix 02_to_10_pair.npy …
[P3_DIR]     8s
[P3_DIR] [21/100] Elastix 03_to_01_pair.npy …
[P3_DIR]     8s
[P3_DIR] [22/100] Elastix 03_to_02_pair.npy …
[P3_DIR]     8s
[P3_DIR] [23/100] identity 03_to_03_pair.npy
[P3_DIR] [24/100] Elastix 03_to_04_pair.npy …
[P3_DIR]     8s
[P3_DIR] [25/100] Elastix 03_to_05_pair.npy …
[P3_DIR]     8s
[P3_DIR] [26/100] Elastix 03_to_06_pair.npy …
[P3_DIR]     8s
[P3_DIR] [27/100] Elastix 03_to_07_pair.npy …
[P3_DIR]     8s
[P3_DIR] [28/100] Elastix 03_to_08_pair.npy …
[P3_DIR]     8s
[P3_DIR] [29/100] Elastix 03_to_09_pair.npy …
[P3_DIR]     8s
[P3_DIR] [30/100] Elastix 03_to_10_pair.npy …
[P3_DIR]     8s
[P3_DIR] [31/100] Elastix 04_to_01_pair.npy …
[P3_DIR]     8s
[P3_DIR] [32/100] Elastix 04_to_02_pair.npy …
[P3_DIR]     8s
[P3_DIR] [33/100] Elastix 04_to_03_pair.npy …
[P3_DIR]     8s
[P3_DIR] [34/100] identity 04_to_04_pair.npy
[P3_DIR] [35/100] Elastix 04_to_05_pair.npy …
[P3_DIR]     8s
[P3_DIR] [36/100] Elastix 04_to_06_pair.npy …
[P3_DIR]     8s
[P3_DIR] [37/100] Elastix 04_to_07_pair.npy …
[P3_DIR]     8s
[P3_DIR] [38/100] Elastix 04_to_08_pair.npy …
[P3_DIR]     8s
[P3_DIR] [39/100] Elastix 04_to_09_pair.npy …
[P3_DIR]     8s
[P3_DIR] [40/100] Elastix 04_to_10_pair.npy …
[P3_DIR]     8s
[P3_DIR] [41/100] Elastix 05_to_01_pair.npy …
[P3_DIR]     8s
[P3_DIR] [42/100] Elastix 05_to_02_pair.npy …
[P3_DIR]     8s
[P3_DIR] [43/100] Elastix 05_to_03_pair.npy …
[P3_DIR]     8s
[P3_DIR] [44/100] Elastix 05_to_04_pair.npy …
[P3_DIR]     8s
[P3_DIR] [45/100] identity 05_to_05_pair.npy
[P3_DIR] [46/100] Elastix 05_to_06_pair.npy …
[P3_DIR]     8s
[P3_DIR] [47/100] Elastix 05_to_07_pair.npy …
[P3_DIR]     8s
[P3_DIR] [48/100] Elastix 05_to_08_pair.npy …
[P3_DIR]     8s
[P3_DIR] [49/100] Elastix 05_to_09_pair.npy …
[P3_DIR]     8s
[P3_DIR] [50/100] Elastix 05_to_10_pair.npy …
[P3_DIR]     8s
[P3_DIR] [51/100] Elastix 06_to_01_pair.npy …
[P3_DIR]     8s
[P3_DIR] [52/100] Elastix 06_to_02_pair.npy …
[P3_DIR]     8s
[P3_DIR] [53/100] Elastix 06_to_03_pair.npy …
[P3_DIR]     8s
[P3_DIR] [54/100] Elastix 06_to_04_pair.npy …
[P3_DIR]     8s
[P3_DIR] [55/100] Elastix 06_to_05_pair.npy …
[P3_DIR]     8s
[P3_DIR] [56/100] identity 06_to_06_pair.npy
[P3_DIR] [57/100] Elastix 06_to_07_pair.npy …
[P3_DIR]     8s
[P3_DIR] [58/100] Elastix 06_to_08_pair.npy …
[P3_DIR]     8s
[P3_DIR] [59/100] Elastix 06_to_09_pair.npy …
[P3_DIR]     8s
[P3_DIR] [60/100] Elastix 06_to_10_pair.npy …
[P3_DIR]     8s
[P3_DIR] [61/100] Elastix 07_to_01_pair.npy …
[P3_DIR]     8s
[P3_DIR] [62/100] Elastix 07_to_02_pair.npy …
[P3_DIR]     8s
[P3_DIR] [63/100] Elastix 07_to_03_pair.npy …
[P3_DIR]     8s
[P3_DIR] [64/100] Elastix 07_to_04_pair.npy …
[P3_DIR]     8s
[P3_DIR] [65/100] Elastix 07_to_05_pair.npy …
[P3_DIR]     8s
[P3_DIR] [66/100] Elastix 07_to_06_pair.npy …
[P3_DIR]     8s
[P3_DIR] [67/100] identity 07_to_07_pair.npy
[P3_DIR] [68/100] Elastix 07_to_08_pair.npy …
[P3_DIR]     8s
[P3_DIR] [69/100] Elastix 07_to_09_pair.npy …
[P3_DIR]     8s
[P3_DIR] [70/100] Elastix 07_to_10_pair.npy …
[P3_DIR]     8s
[P3_DIR] [71/100] Elastix 08_to_01_pair.npy …
[P3_DIR]     8s
[P3_DIR] [72/100] Elastix 08_to_02_pair.npy …
[P3_DIR]     7s
[P3_DIR] [73/100] Elastix 08_to_03_pair.npy …
[P3_DIR]     8s
[P3_DIR] [74/100] Elastix 08_to_04_pair.npy …
[P3_DIR]     8s
[P3_DIR] [75/100] Elastix 08_to_05_pair.npy …
[P3_DIR]     8s
[P3_DIR] [76/100] Elastix 08_to_06_pair.npy …
[P3_DIR]     8s
[P3_DIR] [77/100] Elastix 08_to_07_pair.npy …
[P3_DIR]     8s
[P3_DIR] [78/100] identity 08_to_08_pair.npy
[P3_DIR] [79/100] Elastix 08_to_09_pair.npy …
[P3_DIR]     8s
[P3_DIR] [80/100] Elastix 08_to_10_pair.npy …
[P3_DIR]     8s
[P3_DIR] [81/100] Elastix 09_to_01_pair.npy …
[P3_DIR]     8s
[P3_DIR] [82/100] Elastix 09_to_02_pair.npy …
[P3_DIR]     8s
[P3_DIR] [83/100] Elastix 09_to_03_pair.npy …
[P3_DIR]     8s
[P3_DIR] [84/100] Elastix 09_to_04_pair.npy …
[P3_DIR]     8s
[P3_DIR] [85/100] Elastix 09_to_05_pair.npy …
[P3_DIR]     8s
[P3_DIR] [86/100] Elastix 09_to_06_pair.npy …
[P3_DIR]     8s
[P3_DIR] [87/100] Elastix 09_to_07_pair.npy …
[P3_DIR]     8s
[P3_DIR] [88/100] Elastix 09_to_08_pair.npy …
[P3_DIR]     8s
[P3_DIR] [89/100] identity 09_to_09_pair.npy
[P3_DIR] [90/100] Elastix 09_to_10_pair.npy …
[P3_DIR]     8s
[P3_DIR] [91/100] Elastix 10_to_01_pair.npy …
[P3_DIR]     8s
[P3_DIR] [92/100] Elastix 10_to_02_pair.npy …
[P3_DIR]     8s
[P3_DIR] [93/100] Elastix 10_to_03_pair.npy …
[P3_DIR]     8s
[P3_DIR] [94/100] Elastix 10_to_04_pair.npy …
[P3_DIR]     8s
[P3_DIR] [95/100] Elastix 10_to_05_pair.npy …
[P3_DIR]     8s
[P3_DIR] [96/100] Elastix 10_to_06_pair.npy …
[P3_DIR]     8s
[P3_DIR] [97/100] Elastix 10_to_07_pair.npy …
[P3_DIR]     8s
[P3_DIR] [98/100] Elastix 10_to_08_pair.npy …
[P3_DIR]     8s
[P3_DIR] [99/100] Elastix 10_to_09_pair.npy …
[P3_DIR]     8s
[P3_DIR] [100/100] identity 10_to_10_pair.npy
[P3_DIR] DONE 710s  reg=90 id=10 skip=0 → /home/abhishek/Voxel_GAN/PopulationStudy/DIR-Experiments/Experiment1/packed/P3_DIR/all
[P4_DIR] packed CT (128, 128, 128)  mask_vox=713630
[P4_DIR] [1/100] identity 01_to_01_pair.npy
[P4_DIR] [2/100] Elastix 01_to_02_pair.npy …
[P4_DIR]     8s
[P4_DIR] [3/100] Elastix 01_to_03_pair.npy …
[P4_DIR]     8s
[P4_DIR] [4/100] Elastix 01_to_04_pair.npy …
[P4_DIR]     8s
[P4_DIR] [5/100] Elastix 01_to_05_pair.npy …
[P4_DIR]     8s
[P4_DIR] [6/100] Elastix 01_to_06_pair.npy …
[P4_DIR]     8s
[P4_DIR] [7/100] Elastix 01_to_07_pair.npy …
[P4_DIR]     8s
[P4_DIR] [8/100] Elastix 01_to_08_pair.npy …
[P4_DIR]     8s
[P4_DIR] [9/100] Elastix 01_to_09_pair.npy …
[P4_DIR]     8s
[P4_DIR] [10/100] Elastix 01_to_10_pair.npy …
[P4_DIR]     8s
[P4_DIR] [11/100] Elastix 02_to_01_pair.npy …
[P4_DIR]     8s
[P4_DIR] [12/100] identity 02_to_02_pair.npy
[P4_DIR] [13/100] Elastix 02_to_03_pair.npy …
[P4_DIR]     8s
[P4_DIR] [14/100] Elastix 02_to_04_pair.npy …
[P4_DIR]     8s
[P4_DIR] [15/100] Elastix 02_to_05_pair.npy …
[P4_DIR]     8s
[P4_DIR] [16/100] Elastix 02_to_06_pair.npy …
[P4_DIR]     8s
[P4_DIR] [17/100] Elastix 02_to_07_pair.npy …
[P4_DIR]     8s
[P4_DIR] [18/100] Elastix 02_to_08_pair.npy …
[P4_DIR]     8s
[P4_DIR] [19/100] Elastix 02_to_09_pair.npy …
[P4_DIR]     8s
[P4_DIR] [20/100] Elastix 02_to_10_pair.npy …
[P4_DIR]     8s
[P4_DIR] [21/100] Elastix 03_to_01_pair.npy …
[P4_DIR]     8s
[P4_DIR] [22/100] Elastix 03_to_02_pair.npy …
[P4_DIR]     8s
[P4_DIR] [23/100] identity 03_to_03_pair.npy
[P4_DIR] [24/100] Elastix 03_to_04_pair.npy …
[P4_DIR]     8s
[P4_DIR] [25/100] Elastix 03_to_05_pair.npy …
[P4_DIR]     8s
[P4_DIR] [26/100] Elastix 03_to_06_pair.npy …
[P4_DIR]     8s
[P4_DIR] [27/100] Elastix 03_to_07_pair.npy …
[P4_DIR]     8s
[P4_DIR] [28/100] Elastix 03_to_08_pair.npy …
[P4_DIR]     8s
[P4_DIR] [29/100] Elastix 03_to_09_pair.npy …
[P4_DIR]     8s
[P4_DIR] [30/100] Elastix 03_to_10_pair.npy …
[P4_DIR]     8s
[P4_DIR] [31/100] Elastix 04_to_01_pair.npy …
[P4_DIR]     8s
[P4_DIR] [32/100] Elastix 04_to_02_pair.npy …
[P4_DIR]     8s
[P4_DIR] [33/100] Elastix 04_to_03_pair.npy …
[P4_DIR]     8s
[P4_DIR] [34/100] identity 04_to_04_pair.npy
[P4_DIR] [35/100] Elastix 04_to_05_pair.npy …
[P4_DIR]     8s
[P4_DIR] [36/100] Elastix 04_to_06_pair.npy …
[P4_DIR]     8s
[P4_DIR] [37/100] Elastix 04_to_07_pair.npy …
[P4_DIR]     8s
[P4_DIR] [38/100] Elastix 04_to_08_pair.npy …
[P4_DIR]     8s
[P4_DIR] [39/100] Elastix 04_to_09_pair.npy …
[P4_DIR]     8s
[P4_DIR] [40/100] Elastix 04_to_10_pair.npy …
[P4_DIR]     8s
[P4_DIR] [41/100] Elastix 05_to_01_pair.npy …
[P4_DIR]     8s
[P4_DIR] [42/100] Elastix 05_to_02_pair.npy …
[P4_DIR]     8s
[P4_DIR] [43/100] Elastix 05_to_03_pair.npy …
[P4_DIR]     8s
[P4_DIR] [44/100] Elastix 05_to_04_pair.npy …
[P4_DIR]     8s
[P4_DIR] [45/100] identity 05_to_05_pair.npy
[P4_DIR] [46/100] Elastix 05_to_06_pair.npy …
[P4_DIR]     8s
[P4_DIR] [47/100] Elastix 05_to_07_pair.npy …
[P4_DIR]     8s
[P4_DIR] [48/100] Elastix 05_to_08_pair.npy …
[P4_DIR]     8s
[P4_DIR] [49/100] Elastix 05_to_09_pair.npy …
[P4_DIR]     8s
[P4_DIR] [50/100] Elastix 05_to_10_pair.npy …
[P4_DIR]     8s
[P4_DIR] [51/100] Elastix 06_to_01_pair.npy …
[P4_DIR]     8s
[P4_DIR] [52/100] Elastix 06_to_02_pair.npy …
[P4_DIR]     8s
[P4_DIR] [53/100] Elastix 06_to_03_pair.npy …
[P4_DIR]     8s
[P4_DIR] [54/100] Elastix 06_to_04_pair.npy …
[P4_DIR]     8s
[P4_DIR] [55/100] Elastix 06_to_05_pair.npy …
[P4_DIR]     8s
[P4_DIR] [56/100] identity 06_to_06_pair.npy
[P4_DIR] [57/100] Elastix 06_to_07_pair.npy …
[P4_DIR]     8s
[P4_DIR] [58/100] Elastix 06_to_08_pair.npy …
[P4_DIR]     8s
[P4_DIR] [59/100] Elastix 06_to_09_pair.npy …
[P4_DIR]     8s
[P4_DIR] [60/100] Elastix 06_to_10_pair.npy …
[P4_DIR]     8s
[P4_DIR] [61/100] Elastix 07_to_01_pair.npy …
[P4_DIR]     8s
[P4_DIR] [62/100] Elastix 07_to_02_pair.npy …
[P4_DIR]     8s
[P4_DIR] [63/100] Elastix 07_to_03_pair.npy …
[P4_DIR]     8s
[P4_DIR] [64/100] Elastix 07_to_04_pair.npy …
[P4_DIR]     8s
[P4_DIR] [65/100] Elastix 07_to_05_pair.npy …
[P4_DIR]     8s
[P4_DIR] [66/100] Elastix 07_to_06_pair.npy …
[P4_DIR]     8s
[P4_DIR] [67/100] identity 07_to_07_pair.npy
[P4_DIR] [68/100] Elastix 07_to_08_pair.npy …
[P4_DIR]     8s
[P4_DIR] [69/100] Elastix 07_to_09_pair.npy …
[P4_DIR]     8s
[P4_DIR] [70/100] Elastix 07_to_10_pair.npy …
[P4_DIR]     8s
[P4_DIR] [71/100] Elastix 08_to_01_pair.npy …
[P4_DIR]     8s
[P4_DIR] [72/100] Elastix 08_to_02_pair.npy …
[P4_DIR]     8s
[P4_DIR] [73/100] Elastix 08_to_03_pair.npy …
[P4_DIR]     8s
[P4_DIR] [74/100] Elastix 08_to_04_pair.npy …
[P4_DIR]     8s
[P4_DIR] [75/100] Elastix 08_to_05_pair.npy …
[P4_DIR]     8s
[P4_DIR] [76/100] Elastix 08_to_06_pair.npy …
[P4_DIR]     8s
[P4_DIR] [77/100] Elastix 08_to_07_pair.npy …
[P4_DIR]     8s
[P4_DIR] [78/100] identity 08_to_08_pair.npy
[P4_DIR] [79/100] Elastix 08_to_09_pair.npy …
[P4_DIR]     8s
[P4_DIR] [80/100] Elastix 08_to_10_pair.npy …
[P4_DIR]     8s
[P4_DIR] [81/100] Elastix 09_to_01_pair.npy …
[P4_DIR]     8s
[P4_DIR] [82/100] Elastix 09_to_02_pair.npy …
[P4_DIR]     8s
[P4_DIR] [83/100] Elastix 09_to_03_pair.npy …
[P4_DIR]     8s
[P4_DIR] [84/100] Elastix 09_to_04_pair.npy …
[P4_DIR]     8s
[P4_DIR] [85/100] Elastix 09_to_05_pair.npy …
[P4_DIR]     8s
[P4_DIR] [86/100] Elastix 09_to_06_pair.npy …
[P4_DIR]     8s
[P4_DIR] [87/100] Elastix 09_to_07_pair.npy …
[P4_DIR]     8s
[P4_DIR] [88/100] Elastix 09_to_08_pair.npy …
[P4_DIR]     8s
[P4_DIR] [89/100] identity 09_to_09_pair.npy
[P4_DIR] [90/100] Elastix 09_to_10_pair.npy …
[P4_DIR]     8s
[P4_DIR] [91/100] Elastix 10_to_01_pair.npy …
[P4_DIR]     8s
[P4_DIR] [92/100] Elastix 10_to_02_pair.npy …
[P4_DIR]     8s
[P4_DIR] [93/100] Elastix 10_to_03_pair.npy …
[P4_DIR]     8s
[P4_DIR] [94/100] Elastix 10_to_04_pair.npy …
[P4_DIR]     8s
[P4_DIR] [95/100] Elastix 10_to_05_pair.npy …
[P4_DIR]     8s
[P4_DIR] [96/100] Elastix 10_to_06_pair.npy …
[P4_DIR]     8s
[P4_DIR] [97/100] Elastix 10_to_07_pair.npy …
[P4_DIR]     8s
[P4_DIR] [98/100] Elastix 10_to_08_pair.npy …
[P4_DIR]     8s
[P4_DIR] [99/100] Elastix 10_to_09_pair.npy …
[P4_DIR]     8s
[P4_DIR] [100/100] identity 10_to_10_pair.npy
[P4_DIR] DONE 716s  reg=90 id=10 skip=0 → /home/abhishek/Voxel_GAN/PopulationStudy/DIR-Experiments/Experiment1/packed/P4_DIR/all
[P5_DIR] packed CT (128, 128, 128)  mask_vox=736898
[P5_DIR] [1/100] identity 01_to_01_pair.npy
[P5_DIR] [2/100] Elastix 01_to_02_pair.npy …
[P5_DIR]     8s
[P5_DIR] [3/100] Elastix 01_to_03_pair.npy …
[P5_DIR]     8s
[P5_DIR] [4/100] Elastix 01_to_04_pair.npy …
[P5_DIR]     8s
[P5_DIR] [5/100] Elastix 01_to_05_pair.npy …
[P5_DIR]     8s
[P5_DIR] [6/100] Elastix 01_to_06_pair.npy …
[P5_DIR]     8s
[P5_DIR] [7/100] Elastix 01_to_07_pair.npy …
[P5_DIR]     8s
[P5_DIR] [8/100] Elastix 01_to_08_pair.npy …
[P5_DIR]     8s
[P5_DIR] [9/100] Elastix 01_to_09_pair.npy …
[P5_DIR]     8s
[P5_DIR] [10/100] Elastix 01_to_10_pair.npy …
[P5_DIR]     8s
[P5_DIR] [11/100] Elastix 02_to_01_pair.npy …
[P5_DIR]     8s
[P5_DIR] [12/100] identity 02_to_02_pair.npy
[P5_DIR] [13/100] Elastix 02_to_03_pair.npy …
[P5_DIR]     8s
[P5_DIR] [14/100] Elastix 02_to_04_pair.npy …
[P5_DIR]     8s
[P5_DIR] [15/100] Elastix 02_to_05_pair.npy …
[P5_DIR]     8s
[P5_DIR] [16/100] Elastix 02_to_06_pair.npy …
[P5_DIR]     8s
[P5_DIR] [17/100] Elastix 02_to_07_pair.npy …
[P5_DIR]     8s
[P5_DIR] [18/100] Elastix 02_to_08_pair.npy …
[P5_DIR]     8s
[P5_DIR] [19/100] Elastix 02_to_09_pair.npy …
[P5_DIR]     8s
[P5_DIR] [20/100] Elastix 02_to_10_pair.npy …
[P5_DIR]     8s
[P5_DIR] [21/100] Elastix 03_to_01_pair.npy …
[P5_DIR]     8s
[P5_DIR] [22/100] Elastix 03_to_02_pair.npy …
[P5_DIR]     8s
[P5_DIR] [23/100] identity 03_to_03_pair.npy
[P5_DIR] [24/100] Elastix 03_to_04_pair.npy …
[P5_DIR]     8s
[P5_DIR] [25/100] Elastix 03_to_05_pair.npy …
[P5_DIR]     8s
[P5_DIR] [26/100] Elastix 03_to_06_pair.npy …
[P5_DIR]     8s
[P5_DIR] [27/100] Elastix 03_to_07_pair.npy …
[P5_DIR]     8s
[P5_DIR] [28/100] Elastix 03_to_08_pair.npy …
[P5_DIR]     8s
[P5_DIR] [29/100] Elastix 03_to_09_pair.npy …
[P5_DIR]     8s
[P5_DIR] [30/100] Elastix 03_to_10_pair.npy …
[P5_DIR]     8s
[P5_DIR] [31/100] Elastix 04_to_01_pair.npy …
[P5_DIR]     8s
[P5_DIR] [32/100] Elastix 04_to_02_pair.npy …
[P5_DIR]     8s
[P5_DIR] [33/100] Elastix 04_to_03_pair.npy …
[P5_DIR]     8s
[P5_DIR] [34/100] identity 04_to_04_pair.npy
[P5_DIR] [35/100] Elastix 04_to_05_pair.npy …
[P5_DIR]     8s
[P5_DIR] [36/100] Elastix 04_to_06_pair.npy …
[P5_DIR]     8s
[P5_DIR] [37/100] Elastix 04_to_07_pair.npy …
[P5_DIR]     8s
[P5_DIR] [38/100] Elastix 04_to_08_pair.npy …
[P5_DIR]     8s
[P5_DIR] [39/100] Elastix 04_to_09_pair.npy …
[P5_DIR]     8s
[P5_DIR] [40/100] Elastix 04_to_10_pair.npy …
[P5_DIR]     8s
[P5_DIR] [41/100] Elastix 05_to_01_pair.npy …
[P5_DIR]     8s
[P5_DIR] [42/100] Elastix 05_to_02_pair.npy …
[P5_DIR]     8s
[P5_DIR] [43/100] Elastix 05_to_03_pair.npy …
[P5_DIR]     8s
[P5_DIR] [44/100] Elastix 05_to_04_pair.npy …
[P5_DIR]     8s
[P5_DIR] [45/100] identity 05_to_05_pair.npy
[P5_DIR] [46/100] Elastix 05_to_06_pair.npy …
[P5_DIR]     8s
[P5_DIR] [47/100] Elastix 05_to_07_pair.npy …
[P5_DIR]     8s
[P5_DIR] [48/100] Elastix 05_to_08_pair.npy …
[P5_DIR]     8s
[P5_DIR] [49/100] Elastix 05_to_09_pair.npy …
[P5_DIR]     8s
[P5_DIR] [50/100] Elastix 05_to_10_pair.npy …
[P5_DIR]     8s
[P5_DIR] [51/100] Elastix 06_to_01_pair.npy …
[P5_DIR]     8s
[P5_DIR] [52/100] Elastix 06_to_02_pair.npy …
[P5_DIR]     8s
[P5_DIR] [53/100] Elastix 06_to_03_pair.npy …
[P5_DIR]     8s
[P5_DIR] [54/100] Elastix 06_to_04_pair.npy …
[P5_DIR]     8s
[P5_DIR] [55/100] Elastix 06_to_05_pair.npy …
[P5_DIR]     8s
[P5_DIR] [56/100] identity 06_to_06_pair.npy
[P5_DIR] [57/100] Elastix 06_to_07_pair.npy …
[P5_DIR]     8s
[P5_DIR] [58/100] Elastix 06_to_08_pair.npy …
[P5_DIR]     8s
[P5_DIR] [59/100] Elastix 06_to_09_pair.npy …
[P5_DIR]     8s
[P5_DIR] [60/100] Elastix 06_to_10_pair.npy …
[P5_DIR]     8s
[P5_DIR] [61/100] Elastix 07_to_01_pair.npy …
[P5_DIR]     8s
[P5_DIR] [62/100] Elastix 07_to_02_pair.npy …
[P5_DIR]     8s
[P5_DIR] [63/100] Elastix 07_to_03_pair.npy …
[P5_DIR]     8s
[P5_DIR] [64/100] Elastix 07_to_04_pair.npy …
[P5_DIR]     8s
[P5_DIR] [65/100] Elastix 07_to_05_pair.npy …
[P5_DIR]     8s
[P5_DIR] [66/100] Elastix 07_to_06_pair.npy …
[P5_DIR]     8s
[P5_DIR] [67/100] identity 07_to_07_pair.npy
[P5_DIR] [68/100] Elastix 07_to_08_pair.npy …
[P5_DIR]     8s
[P5_DIR] [69/100] Elastix 07_to_09_pair.npy …
[P5_DIR]     8s
[P5_DIR] [70/100] Elastix 07_to_10_pair.npy …
[P5_DIR]     8s
[P5_DIR] [71/100] Elastix 08_to_01_pair.npy …
[P5_DIR]     8s
[P5_DIR] [72/100] Elastix 08_to_02_pair.npy …
[P5_DIR]     8s
[P5_DIR] [73/100] Elastix 08_to_03_pair.npy …
[P5_DIR]     8s
[P5_DIR] [74/100] Elastix 08_to_04_pair.npy …
[P5_DIR]     8s
[P5_DIR] [75/100] Elastix 08_to_05_pair.npy …
[P5_DIR]     8s
[P5_DIR] [76/100] Elastix 08_to_06_pair.npy …
[P5_DIR]     8s
[P5_DIR] [77/100] Elastix 08_to_07_pair.npy …
[P5_DIR]     8s
[P5_DIR] [78/100] identity 08_to_08_pair.npy
[P5_DIR] [79/100] Elastix 08_to_09_pair.npy …
[P5_DIR]     8s
[P5_DIR] [80/100] Elastix 08_to_10_pair.npy …
[P5_DIR]     8s
[P5_DIR] [81/100] Elastix 09_to_01_pair.npy …
[P5_DIR]     8s
[P5_DIR] [82/100] Elastix 09_to_02_pair.npy …
[P5_DIR]     8s
[P5_DIR] [83/100] Elastix 09_to_03_pair.npy …
[P5_DIR]     8s
[P5_DIR] [84/100] Elastix 09_to_04_pair.npy …
[P5_DIR]     8s
[P5_DIR] [85/100] Elastix 09_to_05_pair.npy …
[P5_DIR]     8s
[P5_DIR] [86/100] Elastix 09_to_06_pair.npy …
[P5_DIR]     8s
[P5_DIR] [87/100] Elastix 09_to_07_pair.npy …
[P5_DIR]     8s
[P5_DIR] [88/100] Elastix 09_to_08_pair.npy …
[P5_DIR]     8s
[P5_DIR] [89/100] identity 09_to_09_pair.npy
[P5_DIR] [90/100] Elastix 09_to_10_pair.npy …
[P5_DIR]     8s
[P5_DIR] [91/100] Elastix 10_to_01_pair.npy …
[P5_DIR]     8s
[P5_DIR] [92/100] Elastix 10_to_02_pair.npy …
[P5_DIR]     8s
[P5_DIR] [93/100] Elastix 10_to_03_pair.npy …
[P5_DIR]     8s
[P5_DIR] [94/100] Elastix 10_to_04_pair.npy …
[P5_DIR]     8s
[P5_DIR] [95/100] Elastix 10_to_05_pair.npy …
[P5_DIR]     8s
[P5_DIR] [96/100] Elastix 10_to_06_pair.npy …
[P5_DIR]     8s
[P5_DIR] [97/100] Elastix 10_to_07_pair.npy …
[P5_DIR]     8s
[P5_DIR] [98/100] Elastix 10_to_08_pair.npy …
[P5_DIR]     8s
[P5_DIR] [99/100] Elastix 10_to_09_pair.npy …
[P5_DIR]     8s
[P5_DIR] [100/100] identity 10_to_10_pair.npy
[P5_DIR] DONE 704s  reg=90 id=10 skip=0 → /home/abhishek/Voxel_GAN/PopulationStudy/DIR-Experiments/Experiment1/packed/P5_DIR/all
[P6_DIR] packed CT (128, 128, 128)  mask_vox=511362
[P6_DIR] [1/100] identity 01_to_01_pair.npy
[P6_DIR] [2/100] Elastix 01_to_02_pair.npy …
[P6_DIR]     8s
[P6_DIR] [3/100] Elastix 01_to_03_pair.npy …
[P6_DIR]     8s
[P6_DIR] [4/100] Elastix 01_to_04_pair.npy …
[P6_DIR]     8s
[P6_DIR] [5/100] Elastix 01_to_05_pair.npy …
[P6_DIR]     8s
[P6_DIR] [6/100] Elastix 01_to_06_pair.npy …
[P6_DIR]     8s
[P6_DIR] [7/100] Elastix 01_to_07_pair.npy …
[P6_DIR]     8s
[P6_DIR] [8/100] Elastix 01_to_08_pair.npy …
[P6_DIR]     8s
[P6_DIR] [9/100] Elastix 01_to_09_pair.npy …
[P6_DIR]     8s
[P6_DIR] [10/100] Elastix 01_to_10_pair.npy …
[P6_DIR]     8s
[P6_DIR] [11/100] Elastix 02_to_01_pair.npy …
[P6_DIR]     8s
[P6_DIR] [12/100] identity 02_to_02_pair.npy
[P6_DIR] [13/100] Elastix 02_to_03_pair.npy …
[P6_DIR]     8s
[P6_DIR] [14/100] Elastix 02_to_04_pair.npy …
[P6_DIR]     8s
[P6_DIR] [15/100] Elastix 02_to_05_pair.npy …
[P6_DIR]     8s
[P6_DIR] [16/100] Elastix 02_to_06_pair.npy …
[P6_DIR]     8s
[P6_DIR] [17/100] Elastix 02_to_07_pair.npy …
[P6_DIR]     8s
[P6_DIR] [18/100] Elastix 02_to_08_pair.npy …
[P6_DIR]     8s
[P6_DIR] [19/100] Elastix 02_to_09_pair.npy …
[P6_DIR]     8s
[P6_DIR] [20/100] Elastix 02_to_10_pair.npy …
[P6_DIR]     8s
[P6_DIR] [21/100] Elastix 03_to_01_pair.npy …
[P6_DIR]     8s
[P6_DIR] [22/100] Elastix 03_to_02_pair.npy …
[P6_DIR]     8s
[P6_DIR] [23/100] identity 03_to_03_pair.npy
[P6_DIR] [24/100] Elastix 03_to_04_pair.npy …
[P6_DIR]     8s
[P6_DIR] [25/100] Elastix 03_to_05_pair.npy …
[P6_DIR]     8s
[P6_DIR] [26/100] Elastix 03_to_06_pair.npy …
[P6_DIR]     8s
[P6_DIR] [27/100] Elastix 03_to_07_pair.npy …
[P6_DIR]     8s
[P6_DIR] [28/100] Elastix 03_to_08_pair.npy …
[P6_DIR]     8s
[P6_DIR] [29/100] Elastix 03_to_09_pair.npy …
[P6_DIR]     8s
[P6_DIR] [30/100] Elastix 03_to_10_pair.npy …
[P6_DIR]     8s
[P6_DIR] [31/100] Elastix 04_to_01_pair.npy …
[P6_DIR]     8s
[P6_DIR] [32/100] Elastix 04_to_02_pair.npy …
[P6_DIR]     8s
[P6_DIR] [33/100] Elastix 04_to_03_pair.npy …
[P6_DIR]     8s
[P6_DIR] [34/100] identity 04_to_04_pair.npy
[P6_DIR] [35/100] Elastix 04_to_05_pair.npy …
[P6_DIR]     8s
[P6_DIR] [36/100] Elastix 04_to_06_pair.npy …
[P6_DIR]     8s
[P6_DIR] [37/100] Elastix 04_to_07_pair.npy …
[P6_DIR]     8s
[P6_DIR] [38/100] Elastix 04_to_08_pair.npy …
[P6_DIR]     8s
[P6_DIR] [39/100] Elastix 04_to_09_pair.npy …
[P6_DIR]     8s
[P6_DIR] [40/100] Elastix 04_to_10_pair.npy …
[P6_DIR]     8s
[P6_DIR] [41/100] Elastix 05_to_01_pair.npy …
[P6_DIR]     8s
[P6_DIR] [42/100] Elastix 05_to_02_pair.npy …
[P6_DIR]     8s
[P6_DIR] [43/100] Elastix 05_to_03_pair.npy …
[P6_DIR]     8s
[P6_DIR] [44/100] Elastix 05_to_04_pair.npy …
[P6_DIR]     8s
[P6_DIR] [45/100] identity 05_to_05_pair.npy
[P6_DIR] [46/100] Elastix 05_to_06_pair.npy …
[P6_DIR]     8s
[P6_DIR] [47/100] Elastix 05_to_07_pair.npy …
[P6_DIR]     8s
[P6_DIR] [48/100] Elastix 05_to_08_pair.npy …
[P6_DIR]     8s
[P6_DIR] [49/100] Elastix 05_to_09_pair.npy …
[P6_DIR]     8s
[P6_DIR] [50/100] Elastix 05_to_10_pair.npy …
[P6_DIR]     8s
[P6_DIR] [51/100] Elastix 06_to_01_pair.npy …
[P6_DIR]     8s
[P6_DIR] [52/100] Elastix 06_to_02_pair.npy …
[P6_DIR]     8s
[P6_DIR] [53/100] Elastix 06_to_03_pair.npy …
[P6_DIR]     8s
[P6_DIR] [54/100] Elastix 06_to_04_pair.npy …
[P6_DIR]     8s
[P6_DIR] [55/100] Elastix 06_to_05_pair.npy …
[P6_DIR]     8s
[P6_DIR] [56/100] identity 06_to_06_pair.npy
[P6_DIR] [57/100] Elastix 06_to_07_pair.npy …
[P6_DIR]     8s
[P6_DIR] [58/100] Elastix 06_to_08_pair.npy …
[P6_DIR]     8s
[P6_DIR] [59/100] Elastix 06_to_09_pair.npy …
[P6_DIR]     8s
[P6_DIR] [60/100] Elastix 06_to_10_pair.npy …
[P6_DIR]     8s
[P6_DIR] [61/100] Elastix 07_to_01_pair.npy …
[P6_DIR]     8s
[P6_DIR] [62/100] Elastix 07_to_02_pair.npy …
[P6_DIR]     8s
[P6_DIR] [63/100] Elastix 07_to_03_pair.npy …
[P6_DIR]     8s
[P6_DIR] [64/100] Elastix 07_to_04_pair.npy …
[P6_DIR]     8s
[P6_DIR] [65/100] Elastix 07_to_05_pair.npy …
[P6_DIR]     8s
[P6_DIR] [66/100] Elastix 07_to_06_pair.npy …
[P6_DIR]     8s
[P6_DIR] [67/100] identity 07_to_07_pair.npy
[P6_DIR] [68/100] Elastix 07_to_08_pair.npy …
[P6_DIR]     7s
[P6_DIR] [69/100] Elastix 07_to_09_pair.npy …
[P6_DIR]     7s
[P6_DIR] [70/100] Elastix 07_to_10_pair.npy …
[P6_DIR]     7s
[P6_DIR] [71/100] Elastix 08_to_01_pair.npy …
[P6_DIR]     8s
[P6_DIR] [72/100] Elastix 08_to_02_pair.npy …
[P6_DIR]     7s
[P6_DIR] [73/100] Elastix 08_to_03_pair.npy …
[P6_DIR]     8s
[P6_DIR] [74/100] Elastix 08_to_04_pair.npy …
[P6_DIR]     8s
[P6_DIR] [75/100] Elastix 08_to_05_pair.npy …
[P6_DIR]     8s
[P6_DIR] [76/100] Elastix 08_to_06_pair.npy …
[P6_DIR]     8s
[P6_DIR] [77/100] Elastix 08_to_07_pair.npy …
[P6_DIR]     7s
[P6_DIR] [78/100] identity 08_to_08_pair.npy
[P6_DIR] [79/100] Elastix 08_to_09_pair.npy …
[P6_DIR]     7s
[P6_DIR] [80/100] Elastix 08_to_10_pair.npy …
[P6_DIR]     7s
[P6_DIR] [81/100] Elastix 09_to_01_pair.npy …
[P6_DIR]     7s
[P6_DIR] [82/100] Elastix 09_to_02_pair.npy …
[P6_DIR]     7s
[P6_DIR] [83/100] Elastix 09_to_03_pair.npy …
[P6_DIR]     7s
[P6_DIR] [84/100] Elastix 09_to_04_pair.npy …
[P6_DIR]     7s
[P6_DIR] [85/100] Elastix 09_to_05_pair.npy …
[P6_DIR]     8s
[P6_DIR] [86/100] Elastix 09_to_06_pair.npy …
[P6_DIR]     7s
[P6_DIR] [87/100] Elastix 09_to_07_pair.npy …
[P6_DIR]     7s
[P6_DIR] [88/100] Elastix 09_to_08_pair.npy …
[P6_DIR]     8s
[P6_DIR] [89/100] identity 09_to_09_pair.npy
[P6_DIR] [90/100] Elastix 09_to_10_pair.npy …
[P6_DIR]     8s
[P6_DIR] [91/100] Elastix 10_to_01_pair.npy …
[P6_DIR]     7s
[P6_DIR] [92/100] Elastix 10_to_02_pair.npy …
[P6_DIR]     8s
[P6_DIR] [93/100] Elastix 10_to_03_pair.npy …
[P6_DIR]     7s
[P6_DIR] [94/100] Elastix 10_to_04_pair.npy …
[P6_DIR]     8s
[P6_DIR] [95/100] Elastix 10_to_05_pair.npy …
[P6_DIR]     7s
[P6_DIR] [96/100] Elastix 10_to_06_pair.npy …
[P6_DIR]     7s
[P6_DIR] [97/100] Elastix 10_to_07_pair.npy …
[P6_DIR]     7s
[P6_DIR] [98/100] Elastix 10_to_08_pair.npy …
[P6_DIR]     7s
[P6_DIR] [99/100] Elastix 10_to_09_pair.npy …
[P6_DIR]     7s
[P6_DIR] [100/100] identity 10_to_10_pair.npy
[P6_DIR] DONE 696s  reg=90 id=10 skip=0 → /home/abhishek/Voxel_GAN/PopulationStudy/DIR-Experiments/Experiment1/packed/P6_DIR/all
[P7_DIR] packed CT (128, 128, 128)  mask_vox=583056
[P7_DIR] [1/100] identity 01_to_01_pair.npy
[P7_DIR] [2/100] Elastix 01_to_02_pair.npy …
[P7_DIR]     7s
[P7_DIR] [3/100] Elastix 01_to_03_pair.npy …
[P7_DIR]     7s
[P7_DIR] [4/100] Elastix 01_to_04_pair.npy …
[P7_DIR]     8s
[P7_DIR] [5/100] Elastix 01_to_05_pair.npy …
[P7_DIR]     7s
[P7_DIR] [6/100] Elastix 01_to_06_pair.npy …
[P7_DIR]     7s
[P7_DIR] [7/100] Elastix 01_to_07_pair.npy …
[P7_DIR]     7s
[P7_DIR] [8/100] Elastix 01_to_08_pair.npy …
[P7_DIR]     7s
[P7_DIR] [9/100] Elastix 01_to_09_pair.npy …
[P7_DIR]     7s
[P7_DIR] [10/100] Elastix 01_to_10_pair.npy …
[P7_DIR]     8s
[P7_DIR] [11/100] Elastix 02_to_01_pair.npy …
[P7_DIR]     7s
[P7_DIR] [12/100] identity 02_to_02_pair.npy
[P7_DIR] [13/100] Elastix 02_to_03_pair.npy …
[P7_DIR]     7s
[P7_DIR] [14/100] Elastix 02_to_04_pair.npy …
[P7_DIR]     7s
[P7_DIR] [15/100] Elastix 02_to_05_pair.npy …
[P7_DIR]     8s
[P7_DIR] [16/100] Elastix 02_to_06_pair.npy …
[P7_DIR]     7s
[P7_DIR] [17/100] Elastix 02_to_07_pair.npy …
[P7_DIR]     8s
[P7_DIR] [18/100] Elastix 02_to_08_pair.npy …
[P7_DIR]     7s
[P7_DIR] [19/100] Elastix 02_to_09_pair.npy …
[P7_DIR]     8s
[P7_DIR] [20/100] Elastix 02_to_10_pair.npy …
[P7_DIR]     8s
[P7_DIR] [21/100] Elastix 03_to_01_pair.npy …
[P7_DIR]     7s
[P7_DIR] [22/100] Elastix 03_to_02_pair.npy …
[P7_DIR]     7s
[P7_DIR] [23/100] identity 03_to_03_pair.npy
[P7_DIR] [24/100] Elastix 03_to_04_pair.npy …
[P7_DIR]     7s
[P7_DIR] [25/100] Elastix 03_to_05_pair.npy …
[P7_DIR]     7s
[P7_DIR] [26/100] Elastix 03_to_06_pair.npy …
[P7_DIR]     8s
[P7_DIR] [27/100] Elastix 03_to_07_pair.npy …
[P7_DIR]     7s
[P7_DIR] [28/100] Elastix 03_to_08_pair.npy …
[P7_DIR]     8s
[P7_DIR] [29/100] Elastix 03_to_09_pair.npy …
[P7_DIR]     8s
[P7_DIR] [30/100] Elastix 03_to_10_pair.npy …
[P7_DIR]     7s
[P7_DIR] [31/100] Elastix 04_to_01_pair.npy …
[P7_DIR]     7s
[P7_DIR] [32/100] Elastix 04_to_02_pair.npy …
[P7_DIR]     7s
[P7_DIR] [33/100] Elastix 04_to_03_pair.npy …
[P7_DIR]     7s
[P7_DIR] [34/100] identity 04_to_04_pair.npy
[P7_DIR] [35/100] Elastix 04_to_05_pair.npy …
[P7_DIR]     7s
[P7_DIR] [36/100] Elastix 04_to_06_pair.npy …
[P7_DIR]     7s
[P7_DIR] [37/100] Elastix 04_to_07_pair.npy …
[P7_DIR]     7s
[P7_DIR] [38/100] Elastix 04_to_08_pair.npy …
[P7_DIR]     7s
[P7_DIR] [39/100] Elastix 04_to_09_pair.npy …
[P7_DIR]     8s
[P7_DIR] [40/100] Elastix 04_to_10_pair.npy …
[P7_DIR]     7s
[P7_DIR] [41/100] Elastix 05_to_01_pair.npy …
[P7_DIR]     7s
[P7_DIR] [42/100] Elastix 05_to_02_pair.npy …
[P7_DIR]     7s
[P7_DIR] [43/100] Elastix 05_to_03_pair.npy …
[P7_DIR]     8s
[P7_DIR] [44/100] Elastix 05_to_04_pair.npy …
[P7_DIR]     7s
[P7_DIR] [45/100] identity 05_to_05_pair.npy
[P7_DIR] [46/100] Elastix 05_to_06_pair.npy …
[P7_DIR]     7s
[P7_DIR] [47/100] Elastix 05_to_07_pair.npy …
[P7_DIR]     7s
[P7_DIR] [48/100] Elastix 05_to_08_pair.npy …
[P7_DIR]     7s
[P7_DIR] [49/100] Elastix 05_to_09_pair.npy …
[P7_DIR]     7s
[P7_DIR] [50/100] Elastix 05_to_10_pair.npy …
[P7_DIR]     7s
[P7_DIR] [51/100] Elastix 06_to_01_pair.npy …
[P7_DIR]     7s
[P7_DIR] [52/100] Elastix 06_to_02_pair.npy …
[P7_DIR]     8s
[P7_DIR] [53/100] Elastix 06_to_03_pair.npy …
[P7_DIR]     7s
[P7_DIR] [54/100] Elastix 06_to_04_pair.npy …
[P7_DIR]     7s
[P7_DIR] [55/100] Elastix 06_to_05_pair.npy …
[P7_DIR]     8s
[P7_DIR] [56/100] identity 06_to_06_pair.npy
[P7_DIR] [57/100] Elastix 06_to_07_pair.npy …
[P7_DIR]     7s
[P7_DIR] [58/100] Elastix 06_to_08_pair.npy …
[P7_DIR]     7s
[P7_DIR] [59/100] Elastix 06_to_09_pair.npy …
[P7_DIR]     7s
[P7_DIR] [60/100] Elastix 06_to_10_pair.npy …
[P7_DIR]     7s
[P7_DIR] [61/100] Elastix 07_to_01_pair.npy …
[P7_DIR]     7s
[P7_DIR] [62/100] Elastix 07_to_02_pair.npy …
[P7_DIR]     7s
[P7_DIR] [63/100] Elastix 07_to_03_pair.npy …
[P7_DIR]     8s
[P7_DIR] [64/100] Elastix 07_to_04_pair.npy …
[P7_DIR]     8s
[P7_DIR] [65/100] Elastix 07_to_05_pair.npy …
[P7_DIR]     7s
[P7_DIR] [66/100] Elastix 07_to_06_pair.npy …
[P7_DIR]     8s
[P7_DIR] [67/100] identity 07_to_07_pair.npy
[P7_DIR] [68/100] Elastix 07_to_08_pair.npy …
[P7_DIR]     7s
[P7_DIR] [69/100] Elastix 07_to_09_pair.npy …
[P7_DIR]     7s
[P7_DIR] [70/100] Elastix 07_to_10_pair.npy …
[P7_DIR]     7s
[P7_DIR] [71/100] Elastix 08_to_01_pair.npy …
[P7_DIR]     8s
[P7_DIR] [72/100] Elastix 08_to_02_pair.npy …
[P7_DIR]     7s
[P7_DIR] [73/100] Elastix 08_to_03_pair.npy …
[P7_DIR]     7s
[P7_DIR] [74/100] Elastix 08_to_04_pair.npy …
[P7_DIR]     8s
[P7_DIR] [75/100] Elastix 08_to_05_pair.npy …
[P7_DIR]     7s
[P7_DIR] [76/100] Elastix 08_to_06_pair.npy …
[P7_DIR]     7s
[P7_DIR] [77/100] Elastix 08_to_07_pair.npy …
[P7_DIR]     8s
[P7_DIR] [78/100] identity 08_to_08_pair.npy
[P7_DIR] [79/100] Elastix 08_to_09_pair.npy …
[P7_DIR]     8s
[P7_DIR] [80/100] Elastix 08_to_10_pair.npy …
[P7_DIR]     8s
[P7_DIR] [81/100] Elastix 09_to_01_pair.npy …
[P7_DIR]     7s
[P7_DIR] [82/100] Elastix 09_to_02_pair.npy …
[P7_DIR]     7s
[P7_DIR] [83/100] Elastix 09_to_03_pair.npy …
[P7_DIR]     7s
[P7_DIR] [84/100] Elastix 09_to_04_pair.npy …
[P7_DIR]     8s
[P7_DIR] [85/100] Elastix 09_to_05_pair.npy …
[P7_DIR]     7s
[P7_DIR] [86/100] Elastix 09_to_06_pair.npy …
[P7_DIR]     8s
[P7_DIR] [87/100] Elastix 09_to_07_pair.npy …
[P7_DIR]     7s
[P7_DIR] [88/100] Elastix 09_to_08_pair.npy …
[P7_DIR]     7s
[P7_DIR] [89/100] identity 09_to_09_pair.npy
[P7_DIR] [90/100] Elastix 09_to_10_pair.npy …
[P7_DIR]     7s
[P7_DIR] [91/100] Elastix 10_to_01_pair.npy …
[P7_DIR]     8s
[P7_DIR] [92/100] Elastix 10_to_02_pair.npy …
[P7_DIR]     7s
[P7_DIR] [93/100] Elastix 10_to_03_pair.npy …
[P7_DIR]     8s
[P7_DIR] [94/100] Elastix 10_to_04_pair.npy …
[P7_DIR]     7s
[P7_DIR] [95/100] Elastix 10_to_05_pair.npy …
[P7_DIR]     7s
[P7_DIR] [96/100] Elastix 10_to_06_pair.npy …
[P7_DIR]     7s
[P7_DIR] [97/100] Elastix 10_to_07_pair.npy …
[P7_DIR]     7s
[P7_DIR] [98/100] Elastix 10_to_08_pair.npy …
[P7_DIR]     8s
[P7_DIR] [99/100] Elastix 10_to_09_pair.npy …
[P7_DIR]     8s
[P7_DIR] [100/100] identity 10_to_10_pair.npy
[P7_DIR] DONE 667s  reg=90 id=10 skip=0 → /home/abhishek/Voxel_GAN/PopulationStudy/DIR-Experiments/Experiment1/packed/P7_DIR/all
[P8_DIR] packed CT (128, 128, 128)  mask_vox=797602
[P8_DIR] [1/100] identity 01_to_01_pair.npy
[P8_DIR] [2/100] Elastix 01_to_02_pair.npy …
[P8_DIR]     7s
[P8_DIR] [3/100] Elastix 01_to_03_pair.npy …
[P8_DIR]     7s
[P8_DIR] [4/100] Elastix 01_to_04_pair.npy …
[P8_DIR]     7s
[P8_DIR] [5/100] Elastix 01_to_05_pair.npy …
[P8_DIR]     7s
[P8_DIR] [6/100] Elastix 01_to_06_pair.npy …
[P8_DIR]     7s
[P8_DIR] [7/100] Elastix 01_to_07_pair.npy …
[P8_DIR]     8s
[P8_DIR] [8/100] Elastix 01_to_08_pair.npy …
[P8_DIR]     8s
[P8_DIR] [9/100] Elastix 01_to_09_pair.npy …
[P8_DIR]     7s
[P8_DIR] [10/100] Elastix 01_to_10_pair.npy …
[P8_DIR]     7s
[P8_DIR] [11/100] Elastix 02_to_01_pair.npy …
[P8_DIR]     7s
[P8_DIR] [12/100] identity 02_to_02_pair.npy
[P8_DIR] [13/100] Elastix 02_to_03_pair.npy …
[P8_DIR]     7s
[P8_DIR] [14/100] Elastix 02_to_04_pair.npy …
[P8_DIR]     7s
[P8_DIR] [15/100] Elastix 02_to_05_pair.npy …
[P8_DIR]     7s
[P8_DIR] [16/100] Elastix 02_to_06_pair.npy …
[P8_DIR]     8s
[P8_DIR] [17/100] Elastix 02_to_07_pair.npy …
[P8_DIR]     8s
[P8_DIR] [18/100] Elastix 02_to_08_pair.npy …
[P8_DIR]     8s
[P8_DIR] [19/100] Elastix 02_to_09_pair.npy …
[P8_DIR]     7s
[P8_DIR] [20/100] Elastix 02_to_10_pair.npy …
[P8_DIR]     7s
[P8_DIR] [21/100] Elastix 03_to_01_pair.npy …
[P8_DIR]     8s
[P8_DIR] [22/100] Elastix 03_to_02_pair.npy …
[P8_DIR]     8s
[P8_DIR] [23/100] identity 03_to_03_pair.npy
[P8_DIR] [24/100] Elastix 03_to_04_pair.npy …
[P8_DIR]     7s
[P8_DIR] [25/100] Elastix 03_to_05_pair.npy …
[P8_DIR]     7s
[P8_DIR] [26/100] Elastix 03_to_06_pair.npy …
[P8_DIR]     7s
[P8_DIR] [27/100] Elastix 03_to_07_pair.npy …
[P8_DIR]     7s
[P8_DIR] [28/100] Elastix 03_to_08_pair.npy …
[P8_DIR]     8s
[P8_DIR] [29/100] Elastix 03_to_09_pair.npy …
[P8_DIR]     7s
[P8_DIR] [30/100] Elastix 03_to_10_pair.npy …
[P8_DIR]     7s
[P8_DIR] [31/100] Elastix 04_to_01_pair.npy …
[P8_DIR]     7s
[P8_DIR] [32/100] Elastix 04_to_02_pair.npy …
[P8_DIR]     7s
[P8_DIR] [33/100] Elastix 04_to_03_pair.npy …
[P8_DIR]     7s
[P8_DIR] [34/100] identity 04_to_04_pair.npy
[P8_DIR] [35/100] Elastix 04_to_05_pair.npy …
[P8_DIR]     7s
[P8_DIR] [36/100] Elastix 04_to_06_pair.npy …
[P8_DIR]     7s
[P8_DIR] [37/100] Elastix 04_to_07_pair.npy …
[P8_DIR]     7s
[P8_DIR] [38/100] Elastix 04_to_08_pair.npy …
[P8_DIR]     7s
[P8_DIR] [39/100] Elastix 04_to_09_pair.npy …
[P8_DIR]     7s
[P8_DIR] [40/100] Elastix 04_to_10_pair.npy …
[P8_DIR]     8s
[P8_DIR] [41/100] Elastix 05_to_01_pair.npy …
[P8_DIR]     7s
[P8_DIR] [42/100] Elastix 05_to_02_pair.npy …
[P8_DIR]     8s
[P8_DIR] [43/100] Elastix 05_to_03_pair.npy …
[P8_DIR]     7s
[P8_DIR] [44/100] Elastix 05_to_04_pair.npy …
[P8_DIR]     7s
[P8_DIR] [45/100] identity 05_to_05_pair.npy
[P8_DIR] [46/100] Elastix 05_to_06_pair.npy …
[P8_DIR]     7s
[P8_DIR] [47/100] Elastix 05_to_07_pair.npy …
[P8_DIR]     7s
[P8_DIR] [48/100] Elastix 05_to_08_pair.npy …
[P8_DIR]     7s
[P8_DIR] [49/100] Elastix 05_to_09_pair.npy …
[P8_DIR]     7s
[P8_DIR] [50/100] Elastix 05_to_10_pair.npy …
[P8_DIR]     7s
[P8_DIR] [51/100] Elastix 06_to_01_pair.npy …
[P8_DIR]     7s
[P8_DIR] [52/100] Elastix 06_to_02_pair.npy …
[P8_DIR]     7s
[P8_DIR] [53/100] Elastix 06_to_03_pair.npy …
[P8_DIR]     7s
[P8_DIR] [54/100] Elastix 06_to_04_pair.npy …
[P8_DIR]     7s
[P8_DIR] [55/100] Elastix 06_to_05_pair.npy …
[P8_DIR]     8s
[P8_DIR] [56/100] identity 06_to_06_pair.npy
[P8_DIR] [57/100] Elastix 06_to_07_pair.npy …
[P8_DIR]     8s
[P8_DIR] [58/100] Elastix 06_to_08_pair.npy …
[P8_DIR]     8s
[P8_DIR] [59/100] Elastix 06_to_09_pair.npy …
[P8_DIR]     7s
[P8_DIR] [60/100] Elastix 06_to_10_pair.npy …
[P8_DIR]     7s
[P8_DIR] [61/100] Elastix 07_to_01_pair.npy …
[P8_DIR]     7s
[P8_DIR] [62/100] Elastix 07_to_02_pair.npy …
[P8_DIR]     7s
[P8_DIR] [63/100] Elastix 07_to_03_pair.npy …
[P8_DIR]     7s
[P8_DIR] [64/100] Elastix 07_to_04_pair.npy …
[P8_DIR]     7s
[P8_DIR] [65/100] Elastix 07_to_05_pair.npy …
[P8_DIR]     7s
[P8_DIR] [66/100] Elastix 07_to_06_pair.npy …
[P8_DIR]     7s
[P8_DIR] [67/100] identity 07_to_07_pair.npy
[P8_DIR] [68/100] Elastix 07_to_08_pair.npy …
[P8_DIR]     7s
[P8_DIR] [69/100] Elastix 07_to_09_pair.npy …
[P8_DIR]     7s
[P8_DIR] [70/100] Elastix 07_to_10_pair.npy …
[P8_DIR]     8s
[P8_DIR] [71/100] Elastix 08_to_01_pair.npy …
[P8_DIR]     8s
[P8_DIR] [72/100] Elastix 08_to_02_pair.npy …
[P8_DIR]     8s
[P8_DIR] [73/100] Elastix 08_to_03_pair.npy …
[P8_DIR]     8s
[P8_DIR] [74/100] Elastix 08_to_04_pair.npy …
[P8_DIR]     8s
[P8_DIR] [75/100] Elastix 08_to_05_pair.npy …
[P8_DIR]     8s
[P8_DIR] [76/100] Elastix 08_to_06_pair.npy …
[P8_DIR]     8s
[P8_DIR] [77/100] Elastix 08_to_07_pair.npy …
[P8_DIR]     7s
[P8_DIR] [78/100] identity 08_to_08_pair.npy
[P8_DIR] [79/100] Elastix 08_to_09_pair.npy …
[P8_DIR]     7s
[P8_DIR] [80/100] Elastix 08_to_10_pair.npy …
[P8_DIR]     7s
[P8_DIR] [81/100] Elastix 09_to_01_pair.npy …
[P8_DIR]     7s
[P8_DIR] [82/100] Elastix 09_to_02_pair.npy …
[P8_DIR]     7s
[P8_DIR] [83/100] Elastix 09_to_03_pair.npy …
[P8_DIR]     8s
[P8_DIR] [84/100] Elastix 09_to_04_pair.npy …
[P8_DIR]     7s
[P8_DIR] [85/100] Elastix 09_to_05_pair.npy …
[P8_DIR]     7s
[P8_DIR] [86/100] Elastix 09_to_06_pair.npy …
[P8_DIR]     7s
[P8_DIR] [87/100] Elastix 09_to_07_pair.npy …
[P8_DIR]     7s
[P8_DIR] [88/100] Elastix 09_to_08_pair.npy …
[P8_DIR]     7s
[P8_DIR] [89/100] identity 09_to_09_pair.npy
[P8_DIR] [90/100] Elastix 09_to_10_pair.npy …
[P8_DIR]     7s
[P8_DIR] [91/100] Elastix 10_to_01_pair.npy …
[P8_DIR]     7s
[P8_DIR] [92/100] Elastix 10_to_02_pair.npy …
[P8_DIR]     7s
[P8_DIR] [93/100] Elastix 10_to_03_pair.npy …
[P8_DIR]     7s
[P8_DIR] [94/100] Elastix 10_to_04_pair.npy …
[P8_DIR]     7s
[P8_DIR] [95/100] Elastix 10_to_05_pair.npy …
[P8_DIR]     7s
[P8_DIR] [96/100] Elastix 10_to_06_pair.npy …
[P8_DIR]     8s
[P8_DIR] [97/100] Elastix 10_to_07_pair.npy …
[P8_DIR]     7s
[P8_DIR] [98/100] Elastix 10_to_08_pair.npy …
[P8_DIR]     7s
[P8_DIR] [99/100] Elastix 10_to_09_pair.npy …
[P8_DIR]     7s
[P8_DIR] [100/100] identity 10_to_10_pair.npy
[P8_DIR] DONE 661s  reg=90 id=10 skip=0 → /home/abhishek/Voxel_GAN/PopulationStudy/DIR-Experiments/Experiment1/packed/P8_DIR/all
[P9_DIR] packed CT (128, 128, 128)  mask_vox=595736
[P9_DIR] [1/100] identity 01_to_01_pair.npy
[P9_DIR] [2/100] Elastix 01_to_02_pair.npy …
[P9_DIR]     7s
[P9_DIR] [3/100] Elastix 01_to_03_pair.npy …
[P9_DIR]     7s
[P9_DIR] [4/100] Elastix 01_to_04_pair.npy …
[P9_DIR]     8s
[P9_DIR] [5/100] Elastix 01_to_05_pair.npy …
[P9_DIR]     8s
[P9_DIR] [6/100] Elastix 01_to_06_pair.npy …
[P9_DIR]     8s
[P9_DIR] [7/100] Elastix 01_to_07_pair.npy …
[P9_DIR]     8s
[P9_DIR] [8/100] Elastix 01_to_08_pair.npy …
[P9_DIR]     8s
[P9_DIR] [9/100] Elastix 01_to_09_pair.npy …
[P9_DIR]     7s
[P9_DIR] [10/100] Elastix 01_to_10_pair.npy …
[P9_DIR]     7s
[P9_DIR] [11/100] Elastix 02_to_01_pair.npy …
[P9_DIR]     7s
[P9_DIR] [12/100] identity 02_to_02_pair.npy
[P9_DIR] [13/100] Elastix 02_to_03_pair.npy …
[P9_DIR]     7s
[P9_DIR] [14/100] Elastix 02_to_04_pair.npy …
[P9_DIR]     7s
[P9_DIR] [15/100] Elastix 02_to_05_pair.npy …
[P9_DIR]     8s
[P9_DIR] [16/100] Elastix 02_to_06_pair.npy …
[P9_DIR]     8s
[P9_DIR] [17/100] Elastix 02_to_07_pair.npy …
[P9_DIR]     7s
[P9_DIR] [18/100] Elastix 02_to_08_pair.npy …
[P9_DIR]     7s
[P9_DIR] [19/100] Elastix 02_to_09_pair.npy …
[P9_DIR]     7s
[P9_DIR] [20/100] Elastix 02_to_10_pair.npy …
[P9_DIR]     8s
[P9_DIR] [21/100] Elastix 03_to_01_pair.npy …
[P9_DIR]     8s
[P9_DIR] [22/100] Elastix 03_to_02_pair.npy …
[P9_DIR]     8s
[P9_DIR] [23/100] identity 03_to_03_pair.npy
[P9_DIR] [24/100] Elastix 03_to_04_pair.npy …
[P9_DIR]     7s
[P9_DIR] [25/100] Elastix 03_to_05_pair.npy …
[P9_DIR]     7s
[P9_DIR] [26/100] Elastix 03_to_06_pair.npy …
[P9_DIR]     7s
[P9_DIR] [27/100] Elastix 03_to_07_pair.npy …
[P9_DIR]     8s
[P9_DIR] [28/100] Elastix 03_to_08_pair.npy …
[P9_DIR]     7s
[P9_DIR] [29/100] Elastix 03_to_09_pair.npy …
[P9_DIR]     7s
[P9_DIR] [30/100] Elastix 03_to_10_pair.npy …
[P9_DIR]     7s
[P9_DIR] [31/100] Elastix 04_to_01_pair.npy …
[P9_DIR]     7s
[P9_DIR] [32/100] Elastix 04_to_02_pair.npy …
[P9_DIR]     8s
[P9_DIR] [33/100] Elastix 04_to_03_pair.npy …
[P9_DIR]     8s
[P9_DIR] [34/100] identity 04_to_04_pair.npy
[P9_DIR] [35/100] Elastix 04_to_05_pair.npy …
[P9_DIR]     8s
[P9_DIR] [36/100] Elastix 04_to_06_pair.npy …
[P9_DIR]     7s
[P9_DIR] [37/100] Elastix 04_to_07_pair.npy …
[P9_DIR]     7s
[P9_DIR] [38/100] Elastix 04_to_08_pair.npy …
[P9_DIR]     7s
[P9_DIR] [39/100] Elastix 04_to_09_pair.npy …
[P9_DIR]     7s
[P9_DIR] [40/100] Elastix 04_to_10_pair.npy …
[P9_DIR]     7s
[P9_DIR] [41/100] Elastix 05_to_01_pair.npy …
[P9_DIR]     7s
[P9_DIR] [42/100] Elastix 05_to_02_pair.npy …
[P9_DIR]     7s
[P9_DIR] [43/100] Elastix 05_to_03_pair.npy …
[P9_DIR]     8s
[P9_DIR] [44/100] Elastix 05_to_04_pair.npy …
[P9_DIR]     7s
[P9_DIR] [45/100] identity 05_to_05_pair.npy
[P9_DIR] [46/100] Elastix 05_to_06_pair.npy …
[P9_DIR]     8s
[P9_DIR] [47/100] Elastix 05_to_07_pair.npy …
[P9_DIR]     8s
[P9_DIR] [48/100] Elastix 05_to_08_pair.npy …
[P9_DIR]     7s
[P9_DIR] [49/100] Elastix 05_to_09_pair.npy …
[P9_DIR]     7s
[P9_DIR] [50/100] Elastix 05_to_10_pair.npy …
[P9_DIR]     7s
[P9_DIR] [51/100] Elastix 06_to_01_pair.npy …
[P9_DIR]     7s
[P9_DIR] [52/100] Elastix 06_to_02_pair.npy …
[P9_DIR]     7s
[P9_DIR] [53/100] Elastix 06_to_03_pair.npy …
[P9_DIR]     7s
[P9_DIR] [54/100] Elastix 06_to_04_pair.npy …
[P9_DIR]     7s
[P9_DIR] [55/100] Elastix 06_to_05_pair.npy …
[P9_DIR]     7s
[P9_DIR] [56/100] identity 06_to_06_pair.npy
[P9_DIR] [57/100] Elastix 06_to_07_pair.npy …
[P9_DIR]     7s
[P9_DIR] [58/100] Elastix 06_to_08_pair.npy …
[P9_DIR]     7s
[P9_DIR] [59/100] Elastix 06_to_09_pair.npy …
[P9_DIR]     7s
[P9_DIR] [60/100] Elastix 06_to_10_pair.npy …
[P9_DIR]     7s
[P9_DIR] [61/100] Elastix 07_to_01_pair.npy …
[P9_DIR]     8s
[P9_DIR] [62/100] Elastix 07_to_02_pair.npy …
[P9_DIR]     7s
[P9_DIR] [63/100] Elastix 07_to_03_pair.npy …
[P9_DIR]     7s
[P9_DIR] [64/100] Elastix 07_to_04_pair.npy …
[P9_DIR]     8s
[P9_DIR] [65/100] Elastix 07_to_05_pair.npy …
[P9_DIR]     7s
[P9_DIR] [66/100] Elastix 07_to_06_pair.npy …
[P9_DIR]     8s
[P9_DIR] [67/100] identity 07_to_07_pair.npy
[P9_DIR] [68/100] Elastix 07_to_08_pair.npy …
[P9_DIR]     8s
[P9_DIR] [69/100] Elastix 07_to_09_pair.npy …
[P9_DIR]     7s
[P9_DIR] [70/100] Elastix 07_to_10_pair.npy …
[P9_DIR]     8s
[P9_DIR] [71/100] Elastix 08_to_01_pair.npy …
[P9_DIR]     8s
[P9_DIR] [72/100] Elastix 08_to_02_pair.npy …
[P9_DIR]     8s
[P9_DIR] [73/100] Elastix 08_to_03_pair.npy …
[P9_DIR]     7s
[P9_DIR] [74/100] Elastix 08_to_04_pair.npy …
[P9_DIR]     7s
[P9_DIR] [75/100] Elastix 08_to_05_pair.npy …
[P9_DIR]     7s
[P9_DIR] [76/100] Elastix 08_to_06_pair.npy …
[P9_DIR]     7s
[P9_DIR] [77/100] Elastix 08_to_07_pair.npy …
[P9_DIR]     7s
[P9_DIR] [78/100] identity 08_to_08_pair.npy
[P9_DIR] [79/100] Elastix 08_to_09_pair.npy …
[P9_DIR]     8s
[P9_DIR] [80/100] Elastix 08_to_10_pair.npy …
[P9_DIR]     8s
[P9_DIR] [81/100] Elastix 09_to_01_pair.npy …
[P9_DIR]     7s
[P9_DIR] [82/100] Elastix 09_to_02_pair.npy …
[P9_DIR]     7s
[P9_DIR] [83/100] Elastix 09_to_03_pair.npy …
[P9_DIR]     7s
[P9_DIR] [84/100] Elastix 09_to_04_pair.npy …
[P9_DIR]     7s
[P9_DIR] [85/100] Elastix 09_to_05_pair.npy …
[P9_DIR]     7s
[P9_DIR] [86/100] Elastix 09_to_06_pair.npy …
[P9_DIR]     7s
[P9_DIR] [87/100] Elastix 09_to_07_pair.npy …
[P9_DIR]     8s
[P9_DIR] [88/100] Elastix 09_to_08_pair.npy …
[P9_DIR]     7s
[P9_DIR] [89/100] identity 09_to_09_pair.npy
[P9_DIR] [90/100] Elastix 09_to_10_pair.npy …
[P9_DIR]     7s
[P9_DIR] [91/100] Elastix 10_to_01_pair.npy …
[P9_DIR]     7s
[P9_DIR] [92/100] Elastix 10_to_02_pair.npy …
[P9_DIR]     7s
[P9_DIR] [93/100] Elastix 10_to_03_pair.npy …
[P9_DIR]     7s
[P9_DIR] [94/100] Elastix 10_to_04_pair.npy …
[P9_DIR]     8s
[P9_DIR] [95/100] Elastix 10_to_05_pair.npy …
[P9_DIR]     7s
[P9_DIR] [96/100] Elastix 10_to_06_pair.npy …
[P9_DIR]     8s
[P9_DIR] [97/100] Elastix 10_to_07_pair.npy …
[P9_DIR]     7s
[P9_DIR] [98/100] Elastix 10_to_08_pair.npy …
[P9_DIR]     7s
[P9_DIR] [99/100] Elastix 10_to_09_pair.npy …
[P9_DIR]     7s
[P9_DIR] [100/100] identity 10_to_10_pair.npy
[P9_DIR] DONE 668s  reg=90 id=10 skip=0 → /home/abhishek/Voxel_GAN/PopulationStudy/DIR-Experiments/Experiment1/packed/P9_DIR/all
[P10_DIR] packed CT (128, 128, 128)  mask_vox=666023
[P10_DIR] [1/100] identity 01_to_01_pair.npy
[P10_DIR] [2/100] Elastix 01_to_02_pair.npy …
[P10_DIR]     8s
[P10_DIR] [3/100] Elastix 01_to_03_pair.npy …
[P10_DIR]     8s
[P10_DIR] [4/100] Elastix 01_to_04_pair.npy …
[P10_DIR]     7s
[P10_DIR] [5/100] Elastix 01_to_05_pair.npy …
[P10_DIR]     7s
[P10_DIR] [6/100] Elastix 01_to_06_pair.npy …
[P10_DIR]     8s
[P10_DIR] [7/100] Elastix 01_to_07_pair.npy …
[P10_DIR]     8s
[P10_DIR] [8/100] Elastix 01_to_08_pair.npy …
[P10_DIR]     7s
[P10_DIR] [9/100] Elastix 01_to_09_pair.npy …
[P10_DIR]     7s
[P10_DIR] [10/100] Elastix 01_to_10_pair.npy …
[P10_DIR]     7s
[P10_DIR] [11/100] Elastix 02_to_01_pair.npy …
[P10_DIR]     8s
[P10_DIR] [12/100] identity 02_to_02_pair.npy
[P10_DIR] [13/100] Elastix 02_to_03_pair.npy …
[P10_DIR]     7s
[P10_DIR] [14/100] Elastix 02_to_04_pair.npy …
[P10_DIR]     7s
[P10_DIR] [15/100] Elastix 02_to_05_pair.npy …
[P10_DIR]     8s
[P10_DIR] [16/100] Elastix 02_to_06_pair.npy …
[P10_DIR]     7s
[P10_DIR] [17/100] Elastix 02_to_07_pair.npy …
[P10_DIR]     8s
[P10_DIR] [18/100] Elastix 02_to_08_pair.npy …
[P10_DIR]     7s
[P10_DIR] [19/100] Elastix 02_to_09_pair.npy …
[P10_DIR]     7s
[P10_DIR] [20/100] Elastix 02_to_10_pair.npy …
[P10_DIR]     7s
[P10_DIR] [21/100] Elastix 03_to_01_pair.npy …
[P10_DIR]     8s
[P10_DIR] [22/100] Elastix 03_to_02_pair.npy …
[P10_DIR]     7s
[P10_DIR] [23/100] identity 03_to_03_pair.npy
[P10_DIR] [24/100] Elastix 03_to_04_pair.npy …
[P10_DIR]     8s
[P10_DIR] [25/100] Elastix 03_to_05_pair.npy …
[P10_DIR]     7s
[P10_DIR] [26/100] Elastix 03_to_06_pair.npy …
[P10_DIR]     7s
[P10_DIR] [27/100] Elastix 03_to_07_pair.npy …
[P10_DIR]     8s
[P10_DIR] [28/100] Elastix 03_to_08_pair.npy …
[P10_DIR]     8s
[P10_DIR] [29/100] Elastix 03_to_09_pair.npy …
[P10_DIR]     7s
[P10_DIR] [30/100] Elastix 03_to_10_pair.npy …
[P10_DIR]     7s
[P10_DIR] [31/100] Elastix 04_to_01_pair.npy …
[P10_DIR]     7s
[P10_DIR] [32/100] Elastix 04_to_02_pair.npy …
[P10_DIR]     8s
[P10_DIR] [33/100] Elastix 04_to_03_pair.npy …
[P10_DIR]     7s
[P10_DIR] [34/100] identity 04_to_04_pair.npy
[P10_DIR] [35/100] Elastix 04_to_05_pair.npy …
[P10_DIR]     7s
[P10_DIR] [36/100] Elastix 04_to_06_pair.npy …
[P10_DIR]     7s
[P10_DIR] [37/100] Elastix 04_to_07_pair.npy …
[P10_DIR]     7s
[P10_DIR] [38/100] Elastix 04_to_08_pair.npy …
[P10_DIR]     7s
[P10_DIR] [39/100] Elastix 04_to_09_pair.npy …
[P10_DIR]     7s
[P10_DIR] [40/100] Elastix 04_to_10_pair.npy …
[P10_DIR]     7s
[P10_DIR] [41/100] Elastix 05_to_01_pair.npy …
[P10_DIR]     7s
[P10_DIR] [42/100] Elastix 05_to_02_pair.npy …
[P10_DIR]     7s
[P10_DIR] [43/100] Elastix 05_to_03_pair.npy …
[P10_DIR]     7s
[P10_DIR] [44/100] Elastix 05_to_04_pair.npy …
[P10_DIR]     7s
[P10_DIR] [45/100] identity 05_to_05_pair.npy
[P10_DIR] [46/100] Elastix 05_to_06_pair.npy …
[P10_DIR]     7s
[P10_DIR] [47/100] Elastix 05_to_07_pair.npy …
[P10_DIR]     8s
[P10_DIR] [48/100] Elastix 05_to_08_pair.npy …
[P10_DIR]     8s
[P10_DIR] [49/100] Elastix 05_to_09_pair.npy …
[P10_DIR]     7s
[P10_DIR] [50/100] Elastix 05_to_10_pair.npy …
[P10_DIR]     7s
[P10_DIR] [51/100] Elastix 06_to_01_pair.npy …
[P10_DIR]     7s
[P10_DIR] [52/100] Elastix 06_to_02_pair.npy …
[P10_DIR]     8s
[P10_DIR] [53/100] Elastix 06_to_03_pair.npy …
[P10_DIR]     7s
[P10_DIR] [54/100] Elastix 06_to_04_pair.npy …
[P10_DIR]     7s
[P10_DIR] [55/100] Elastix 06_to_05_pair.npy …
[P10_DIR]     7s
[P10_DIR] [56/100] identity 06_to_06_pair.npy
[P10_DIR] [57/100] Elastix 06_to_07_pair.npy …
[P10_DIR]     7s
[P10_DIR] [58/100] Elastix 06_to_08_pair.npy …
[P10_DIR]     7s
[P10_DIR] [59/100] Elastix 06_to_09_pair.npy …
[P10_DIR]     7s
[P10_DIR] [60/100] Elastix 06_to_10_pair.npy …
[P10_DIR]     7s
[P10_DIR] [61/100] Elastix 07_to_01_pair.npy …
[P10_DIR]     7s
[P10_DIR] [62/100] Elastix 07_to_02_pair.npy …
[P10_DIR]     7s
[P10_DIR] [63/100] Elastix 07_to_03_pair.npy …
[P10_DIR]     7s
[P10_DIR] [64/100] Elastix 07_to_04_pair.npy …
[P10_DIR]     8s
[P10_DIR] [65/100] Elastix 07_to_05_pair.npy …
[P10_DIR]     7s
[P10_DIR] [66/100] Elastix 07_to_06_pair.npy …
[P10_DIR]     7s
[P10_DIR] [67/100] identity 07_to_07_pair.npy
[P10_DIR] [68/100] Elastix 07_to_08_pair.npy …
[P10_DIR]     7s
[P10_DIR] [69/100] Elastix 07_to_09_pair.npy …
[P10_DIR]     7s
[P10_DIR] [70/100] Elastix 07_to_10_pair.npy …
[P10_DIR]     7s
[P10_DIR] [71/100] Elastix 08_to_01_pair.npy …
[P10_DIR]     8s
[P10_DIR] [72/100] Elastix 08_to_02_pair.npy …
[P10_DIR]     8s
[P10_DIR] [73/100] Elastix 08_to_03_pair.npy …
[P10_DIR]     7s
[P10_DIR] [74/100] Elastix 08_to_04_pair.npy …
[P10_DIR]     7s
[P10_DIR] [75/100] Elastix 08_to_05_pair.npy …
[P10_DIR]     7s
[P10_DIR] [76/100] Elastix 08_to_06_pair.npy …
[P10_DIR]     8s
[P10_DIR] [77/100] Elastix 08_to_07_pair.npy …
[P10_DIR]     8s
[P10_DIR] [78/100] identity 08_to_08_pair.npy
[P10_DIR] [79/100] Elastix 08_to_09_pair.npy …
[P10_DIR]     8s
[P10_DIR] [80/100] Elastix 08_to_10_pair.npy …
[P10_DIR]     7s
[P10_DIR] [81/100] Elastix 09_to_01_pair.npy …
[P10_DIR]     7s
[P10_DIR] [82/100] Elastix 09_to_02_pair.npy …
[P10_DIR]     7s
[P10_DIR] [83/100] Elastix 09_to_03_pair.npy …
[P10_DIR]     8s
[P10_DIR] [84/100] Elastix 09_to_04_pair.npy …
[P10_DIR]     7s
[P10_DIR] [85/100] Elastix 09_to_05_pair.npy …
[P10_DIR]     7s
[P10_DIR] [86/100] Elastix 09_to_06_pair.npy …
[P10_DIR]     8s
[P10_DIR] [87/100] Elastix 09_to_07_pair.npy …
[P10_DIR]     7s
[P10_DIR] [88/100] Elastix 09_to_08_pair.npy …
[P10_DIR]     7s
[P10_DIR] [89/100] identity 09_to_09_pair.npy
[P10_DIR] [90/100] Elastix 09_to_10_pair.npy …
[P10_DIR]     7s
[P10_DIR] [91/100] Elastix 10_to_01_pair.npy …
[P10_DIR]     7s
[P10_DIR] [92/100] Elastix 10_to_02_pair.npy …
[P10_DIR]     8s
[P10_DIR] [93/100] Elastix 10_to_03_pair.npy …
[P10_DIR]     7s
[P10_DIR] [94/100] Elastix 10_to_04_pair.npy …
[P10_DIR]     7s
[P10_DIR] [95/100] Elastix 10_to_05_pair.npy …
[P10_DIR]     8s
[P10_DIR] [96/100] Elastix 10_to_06_pair.npy …
[P10_DIR]     7s
[P10_DIR] [97/100] Elastix 10_to_07_pair.npy …
[P10_DIR]     7s
[P10_DIR] [98/100] Elastix 10_to_08_pair.npy …
[P10_DIR]     7s
[P10_DIR] [99/100] Elastix 10_to_09_pair.npy …
[P10_DIR]     7s
[P10_DIR] [100/100] identity 10_to_10_pair.npy
[P10_DIR] DONE 662s  reg=90 id=10 skip=0 → /home/abhishek/Voxel_GAN/PopulationStudy/DIR-Experiments/Experiment1/packed/P10_DIR/all
All requested patients finished.
